Welcome to Ubuntu 16.04.4 LTS (GNU/Linux 4.13.0-36-generic x86_64)

 * Documentation:  https://help.ubuntu.com
 * Management:     https://landscape.canonical.com
 * Support:        https://ubuntu.com/advantage

10 packages can be updated.
10 updates are security updates.

Last login: Tue Apr 17 09:48:43 2018 from 172.25.26.113
alex@Docker-Ubuntu:~$ d
d: command not found
alex@Docker-Ubuntu:~$ 
Welcome to Ubuntu 16.04.4 LTS (GNU/Linux 4.13.0-36-generic x86_64)

 * Documentation:  https://help.ubuntu.com
 * Management:     https://landscape.canonical.com
 * Support:        https://ubuntu.com/advantage

10 packages can be updated.
10 updates are security updates.

Last login: Tue Apr 17 09:49:01 2018 from 172.25.26.113
alex@Docker-Ubuntu:~$ 
alex@Docker-Ubuntu:~$ 
alex@Docker-Ubuntu:~$ 
alex@Docker-Ubuntu:~$ 
alex@Docker-Ubuntu:~$ cd ..
alex@Docker-Ubuntu:/home$ 
alex@Docker-Ubuntu:/home$ 
alex@Docker-Ubuntu:/home$ sudo su
[sudo] password for alex: 
root@Docker-Ubuntu:/home# 
root@Docker-Ubuntu:/home# 
root@Docker-Ubuntu:/home# 
root@Docker-Ubuntu:/home# 
root@Docker-Ubuntu:/home# 
root@Docker-Ubuntu:/home# 
root@Docker-Ubuntu:/home# sudo apt-get update
Hit:1 http://gb.archive.ubuntu.com/ubuntu xenial InRelease
Get:2 http://security.ubuntu.com/ubuntu xenial-security InRelease [102 kB]   
Get:3 http://gb.archive.ubuntu.com/ubuntu xenial-updates InRelease [102 kB]                         
Get:4 http://gb.archive.ubuntu.com/ubuntu xenial-backports InRelease [102 kB]                       
Hit:5 http://archive.canonical.com/ubuntu xenial InRelease
Fetched 306 kB in 0s (454 kB/s)                              
Reading package lists... Done
root@Docker-Ubuntu:/home# service docker.io status
â— docker.io.service
   Loaded: not-found (Reason: No such file or directory)
   Active: inactive (dead)
root@Docker-Ubuntu:/home# 
root@Docker-Ubuntu:/home# 
root@Docker-Ubuntu:/home# 
root@Docker-Ubuntu:/home# 
root@Docker-Ubuntu:/home# uname -a
Linux Docker-Ubuntu 4.13.0-36-generic #40~16.04.1-Ubuntu SMP Fri Feb 16 23:25:58 UTC 2018 x86_64 x86_64 x86_64 GNU/Linux
root@Docker-Ubuntu:/home# 
root@Docker-Ubuntu:/home# 
root@Docker-Ubuntu:/home# 
root@Docker-Ubuntu:/home# 
root@Docker-Ubuntu:/home# apt-get install -y docker.io
Reading package lists... Done
Building dependency tree       
Reading state information... Done
The following additional packages will be installed:
  bridge-utils cgroupfs-mount containerd git git-man liberror-perl runc ubuntu-fan
Suggested packages:
  aufs-tools btrfs-tools debootstrap docker-doc rinse zfs-fuse | zfsutils git-daemon-run
  | git-daemon-sysvinit git-doc git-el git-email git-gui gitk gitweb git-arch git-cvs git-mediawiki
  git-svn
The following NEW packages will be installed
  bridge-utils cgroupfs-mount containerd docker.io git git-man liberror-perl runc ubuntu-fan
0 to upgrade, 9 to newly install, 0 to remove and 5 not to upgrade.
Need to get 21.4 MB of archives.
After this operation, 116 MB of additional disk space will be used.
Get:1 http://gb.archive.ubuntu.com/ubuntu xenial/main amd64 bridge-utils amd64 1.5-9ubuntu1 [28.6 kB]
Get:2 http://gb.archive.ubuntu.com/ubuntu xenial/universe amd64 cgroupfs-mount all 1.2 [4,970 B]
Get:3 http://gb.archive.ubuntu.com/ubuntu xenial-updates/universe amd64 runc amd64 1.0.0~rc2+docker1.13.1-0ubuntu1~16.04.1 [1,488 kB]
Get:4 http://gb.archive.ubuntu.com/ubuntu xenial-updates/universe amd64 containerd amd64 0.2.5-0ubuntu1~16.04.1 [4,041 kB]
Get:5 http://gb.archive.ubuntu.com/ubuntu xenial-updates/universe amd64 docker.io amd64 1.13.1-0ubuntu1~16.04.2 [11.9 MB]
Get:6 http://gb.archive.ubuntu.com/ubuntu xenial/main amd64 liberror-perl all 0.17-1.2 [19.6 kB]    
Get:7 http://gb.archive.ubuntu.com/ubuntu xenial-updates/main amd64 git-man all 1:2.7.4-0ubuntu1.3 [736 kB]
Get:8 http://gb.archive.ubuntu.com/ubuntu xenial-updates/main amd64 git amd64 1:2.7.4-0ubuntu1.3 [3,102 kB]
Get:9 http://gb.archive.ubuntu.com/ubuntu xenial-updates/main amd64 ubuntu-fan all 0.12.8~16.04.2 [35.6 kB]
Fetched 21.4 MB in 17s (1,244 kB/s)                                                                 
Selecting previously unselected package bridge-utils.
(Reading database ... 178952 files and directories currently installed.)
Preparing to unpack .../bridge-utils_1.5-9ubuntu1_amd64.deb ...
Unpacking bridge-utils (1.5-9ubuntu1) ...
Selecting previously unselected package cgroupfs-mount.
Preparing to unpack .../cgroupfs-mount_1.2_all.deb ...
Unpacking cgroupfs-mount (1.2) ...
Selecting previously unselected package runc.
Preparing to unpack .../runc_1.0.0~rc2+docker1.13.1-0ubuntu1~16.04.1_amd64.deb ...
Unpacking runc (1.0.0~rc2+docker1.13.1-0ubuntu1~16.04.1) ...
Selecting previously unselected package containerd.
Preparing to unpack .../containerd_0.2.5-0ubuntu1~16.04.1_amd64.deb ...
Unpacking containerd (0.2.5-0ubuntu1~16.04.1) ...
Selecting previously unselected package docker.io.
Preparing to unpack .../docker.io_1.13.1-0ubuntu1~16.04.2_amd64.deb ...
Unpacking docker.io (1.13.1-0ubuntu1~16.04.2) ...
Selecting previously unselected package liberror-perl.
Preparing to unpack .../liberror-perl_0.17-1.2_all.deb ...
Unpacking liberror-perl (0.17-1.2) ...
Selecting previously unselected package git-man.
Preparing to unpack .../git-man_1%3a2.7.4-0ubuntu1.3_all.deb ...
Unpacking git-man (1:2.7.4-0ubuntu1.3) ...
Selecting previously unselected package git.
Preparing to unpack .../git_1%3a2.7.4-0ubuntu1.3_amd64.deb ...
Unpacking git (1:2.7.4-0ubuntu1.3) ...
Selecting previously unselected package ubuntu-fan.
Preparing to unpack .../ubuntu-fan_0.12.8~16.04.2_all.deb ...
Unpacking ubuntu-fan (0.12.8~16.04.2) ...
Processing triggers for man-db (2.7.5-1) ...
Processing triggers for ureadahead (0.100.0-19) ...
Processing triggers for systemd (229-4ubuntu21.2) ...
Setting up bridge-utils (1.5-9ubuntu1) ...
Setting up cgroupfs-mount (1.2) ...
Setting up runc (1.0.0~rc2+docker1.13.1-0ubuntu1~16.04.1) ...
Setting up containerd (0.2.5-0ubuntu1~16.04.1) ...
Setting up docker.io (1.13.1-0ubuntu1~16.04.2) ...
Adding group `docker' (GID 129) ...
Done.
Setting up liberror-perl (0.17-1.2) ...
Setting up git-man (1:2.7.4-0ubuntu1.3) ...
Setting up git (1:2.7.4-0ubuntu1.3) ...
Setting up ubuntu-fan (0.12.8~16.04.2) ...
Processing triggers for systemd (229-4ubuntu21.2) ...
Processing triggers for ureadahead (0.100.0-19) ...
root@Docker-Ubuntu:/home# 
root@Docker-Ubuntu:/home# 
root@Docker-Ubuntu:/home# 
root@Docker-Ubuntu:/home# service docker.io status
â— docker.io.service
   Loaded: not-found (Reason: No such file or directory)
   Active: inactive (dead)
root@Docker-Ubuntu:/home# 
root@Docker-Ubuntu:/home# 
root@Docker-Ubuntu:/home# service docker.io status
â— docker.io.service
   Loaded: not-found (Reason: No such file or directory)
   Active: inactive (dead)
root@Docker-Ubuntu:/home# 
root@Docker-Ubuntu:/home# 
root@Docker-Ubuntu:/home# service docker.io start
Failed to start docker.io.service: Unit docker.io.service not found.
root@Docker-Ubuntu:/home# 
root@Docker-Ubuntu:/home# 
root@Docker-Ubuntu:/home# 
root@Docker-Ubuntu:/home# apt-get install -y docker.io
Reading package lists... Done
Building dependency tree       
Reading state information... Done
docker.io is already the newest version (1.13.1-0ubuntu1~16.04.2).
0 to upgrade, 0 to newly install, 0 to remove and 5 not to upgrade.
root@Docker-Ubuntu:/home# 
root@Docker-Ubuntu:/home# 
root@Docker-Ubuntu:/home# 
root@Docker-Ubuntu:/home# 
root@Docker-Ubuntu:/home# service docker.io start
Failed to start docker.io.service: Unit docker.io.service not found.
root@Docker-Ubuntu:/home# 
root@Docker-Ubuntu:/home# 
root@Docker-Ubuntu:/home# service docker start
root@Docker-Ubuntu:/home# service docker status
â— docker.service - Docker Application Container Engine
   Loaded: loaded (/lib/systemd/system/docker.service; enabled; vendor preset: enabled)
   Active: active (running) since Tue 2018-04-17 10:41:07 BST; 1min 46s ago
     Docs: https://docs.docker.com
 Main PID: 8466 (dockerd)
    Tasks: 18
   Memory: 17.0M
      CPU: 567ms
   CGroup: /system.slice/docker.service
           â”œâ”€8466 /usr/bin/dockerd -H fd://
           â””â”€8470 containerd -l unix:///var/run/docker/libcontainerd/docker-containerd.sock --metrics

Apr 17 10:41:06 Docker-Ubuntu dockerd[8466]: time="2018-04-17T10:41:06.161697230+01:00" level=info ms
Apr 17 10:41:06 Docker-Ubuntu dockerd[8466]: time="2018-04-17T10:41:06.508106427+01:00" level=info ms
Apr 17 10:41:06 Docker-Ubuntu dockerd[8466]: time="2018-04-17T10:41:06.526364306+01:00" level=warning
Apr 17 10:41:07 Docker-Ubuntu dockerd[8466]: time="2018-04-17T10:41:07.069249652+01:00" level=warning
Apr 17 10:41:07 Docker-Ubuntu dockerd[8466]: time="2018-04-17T10:41:07.071912264+01:00" level=warning
Apr 17 10:41:07 Docker-Ubuntu dockerd[8466]: time="2018-04-17T10:41:07.077343087+01:00" level=info ms
Apr 17 10:41:07 Docker-Ubuntu dockerd[8466]: time="2018-04-17T10:41:07.079505796+01:00" level=info ms
Apr 17 10:41:07 Docker-Ubuntu systemd[1]: Started Docker Application Container Engine.
Apr 17 10:41:07 Docker-Ubuntu dockerd[8466]: time="2018-04-17T10:41:07.107627618+01:00" level=info ms
Apr 17 10:42:47 Docker-Ubuntu systemd[1]: Started Docker Application Container Engine.
â— docker.service - Docker Application Container Engine
   Loaded: loaded (/lib/systemd/system/docker.service; enabled; vendor preset: enabled)
   Active: active (running) since Tue 2018-04-17 10:41:07 BST; 1min 46s ago
     Docs: https://docs.docker.com
 Main PID: 8466 (dockerd)
    Tasks: 18
   Memory: 17.0M
      CPU: 567ms
   CGroup: /system.slice/docker.service
           â”œâ”€8466 /usr/bin/dockerd -H fd://
           â””â”€8470 containerd -l unix:///var/run/docker/libcontainerd/docker-containerd.sock --metrics-interval=0 --start-timeout 2m --stat

Apr 17 10:41:06 Docker-Ubuntu dockerd[8466]: time="2018-04-17T10:41:06.161697230+01:00" level=info msg="Default bridge (docker0) is assign
Apr 17 10:41:06 Docker-Ubuntu dockerd[8466]: time="2018-04-17T10:41:06.508106427+01:00" level=info msg="Loading containers: done."
Apr 17 10:41:06 Docker-Ubuntu dockerd[8466]: time="2018-04-17T10:41:06.526364306+01:00" level=warning msg="Couldn't run auplink before unm
Apr 17 10:41:07 Docker-Ubuntu dockerd[8466]: time="2018-04-17T10:41:07.069249652+01:00" level=warning msg="failed to retrieve runc version
Apr 17 10:41:07 Docker-Ubuntu dockerd[8466]: time="2018-04-17T10:41:07.071912264+01:00" level=warning msg="failed to retrieve docker-init 
Apr 17 10:41:07 Docker-Ubuntu dockerd[8466]: time="2018-04-17T10:41:07.077343087+01:00" level=info msg="Daemon has completed initializatio
Apr 17 10:41:07 Docker-Ubuntu dockerd[8466]: time="2018-04-17T10:41:07.079505796+01:00" level=info msg="Docker daemon" commit=092cba3 grap
Apr 17 10:41:07 Docker-Ubuntu systemd[1]: Started Docker Application Container Engine.
Apr 17 10:41:07 Docker-Ubuntu dockerd[8466]: time="2018-04-17T10:41:07.107627618+01:00" level=info msg="API listen on /var/run/docker.sock
Apr 17 10:42:47 Docker-Ubuntu systemd[1]: Started Docker Application Container Engine.
~
~
~
~
~
~
~
~
~
~
~
~
~
~
~
~
~
~
~
~
~
~
~
~
~
~
~
~
~
~
~
~
~
~
~
~
~
~
~
~
~
~
~
~
lines 1-22/22 (END)
root@Docker-Ubuntu:/home# ^C
root@Docker-Ubuntu:/home# 
root@Docker-Ubuntu:/home# 
root@Docker-Ubuntu:/home# service docker status
â— docker.service - Docker Application Container Engine
   Loaded: loaded (/lib/systemd/system/docker.service; enabled; vendor preset: enabled)
   Active: active (running) since Tue 2018-04-17 10:41:07 BST; 2min 0s ago
     Docs: https://docs.docker.com
 Main PID: 8466 (dockerd)
    Tasks: 18
   Memory: 17.2M
      CPU: 617ms
   CGroup: /system.slice/docker.service
           â”œâ”€8466 /usr/bin/dockerd -H fd://
           â””â”€8470 containerd -l unix:///var/run/docker/libcontainerd/docker-containerd.sock --metrics-interval=0 --start-timeout 2m --stat

Apr 17 10:41:06 Docker-Ubuntu dockerd[8466]: time="2018-04-17T10:41:06.161697230+01:00" level=info msg="Default bridge (docker0) is assign
Apr 17 10:41:06 Docker-Ubuntu dockerd[8466]: time="2018-04-17T10:41:06.508106427+01:00" level=info msg="Loading containers: done."
Apr 17 10:41:06 Docker-Ubuntu dockerd[8466]: time="2018-04-17T10:41:06.526364306+01:00" level=warning msg="Couldn't run auplink before unm
Apr 17 10:41:07 Docker-Ubuntu dockerd[8466]: time="2018-04-17T10:41:07.069249652+01:00" level=warning msg="failed to retrieve runc version
Apr 17 10:41:07 Docker-Ubuntu dockerd[8466]: time="2018-04-17T10:41:07.071912264+01:00" level=warning msg="failed to retrieve docker-init 
Apr 17 10:41:07 Docker-Ubuntu dockerd[8466]: time="2018-04-17T10:41:07.077343087+01:00" level=info msg="Daemon has completed initializatio
Apr 17 10:41:07 Docker-Ubuntu dockerd[8466]: time="2018-04-17T10:41:07.079505796+01:00" level=info msg="Docker daemon" commit=092cba3 grap
Apr 17 10:41:07 Docker-Ubuntu systemd[1]: Started Docker Application Container Engine.
Apr 17 10:41:07 Docker-Ubuntu dockerd[8466]: time="2018-04-17T10:41:07.107627618+01:00" level=info msg="API listen on /var/run/docker.sock
Apr 17 10:42:47 Docker-Ubuntu systemd[1]: Started Docker Application Container Engine.
lines 1-22/22 (END)
root@Docker-Ubuntu:/home# 
root@Docker-Ubuntu:/home# 
root@Docker-Ubuntu:/home# 
root@Docker-Ubuntu:/home# 
root@Docker-Ubuntu:/home# 
root@Docker-Ubuntu:/home# 
root@Docker-Ubuntu:/home# 
root@Docker-Ubuntu:/home# 
root@Docker-Ubuntu:/home# 
root@Docker-Ubuntu:/home# exit
exit
alex@Docker-Ubuntu:/home$ exit
logout
Welcome to Ubuntu 16.04.4 LTS (GNU/Linux 4.13.0-36-generic x86_64)

 * Documentation:  https://help.ubuntu.com
 * Management:     https://landscape.canonical.com
 * Support:        https://ubuntu.com/advantage

10 packages can be updated.
10 updates are security updates.

Last login: Tue Apr 17 10:10:46 2018 from 172.25.26.113
alex@Docker-Ubuntu:~$ 
alex@Docker-Ubuntu:~$ docker -v 

Docker version 1.13.1, build 092cba3
alex@Docker-Ubuntu:~$ 
alex@Docker-Ubuntu:~$ 
alex@Docker-Ubuntu:~$ 
alex@Docker-Ubuntu:~$ 
alex@Docker-Ubuntu:~$ 
alex@Docker-Ubuntu:~$ 
alex@Docker-Ubuntu:~$ docker version
Client:
 Version:      1.13.1
 API version:  1.26
 Go version:   go1.6.2
 Git commit:   092cba3
 Built:        Thu Nov  2 20:40:23 2017
 OS/Arch:      linux/amd64
Got permission denied while trying to connect to the Docker daemon socket at unix:///var/run/docker.sock: Get http://%2Fvar%2Frun%2Fdocker.sock/v1.26/version: dial unix /var/run/docker.sock: connect: permission denied
alex@Docker-Ubuntu:~$ 
alex@Docker-Ubuntu:~$ docker info
Got permission denied while trying to connect to the Docker daemon socket at unix:///var/run/docker.sock: Get http://%2Fvar%2Frun%2Fdocker.sock/v1.26/info: dial unix /var/run/docker.sock: connect: permission denied
alex@Docker-Ubuntu:~$ 
alex@Docker-Ubuntu:~$ 
alex@Docker-Ubuntu:~$ 
alex@Docker-Ubuntu:~$ 
alex@Docker-Ubuntu:~$ 
alex@Docker-Ubuntu:~$ 
alex@Docker-Ubuntu:~$ 
alex@Docker-Ubuntu:~$ 
alex@Docker-Ubuntu:~$ su sudo
No passwd entry for user 'sudo'
alex@Docker-Ubuntu:~$ su
Password: 
su: Authentication failure
alex@Docker-Ubuntu:~$ 
alex@Docker-Ubuntu:~$ ls -l /run
total 36
-rw-r--r--  1 root  root      4 Apr 17 09:25 acpid.pid
srw-rw-rw-  1 root  root      0 Apr 17 09:25 acpid.socket
-rw-------  1 root  root      0 Apr 17 09:25 agetty.reload
drwxr-xr-x  2 avahi avahi    80 Apr 17 10:41 avahi-daemon
-rw-r--r--  1 root  root      4 Apr 17 09:25 crond.pid
----------  1 root  root      0 Apr 17 09:25 crond.reboot
drwxr-xr-x  3 root  lp      120 Apr 17 09:30 cups
drwxr-xr-x  2 root  root     60 Apr 17 09:25 dbus
-rw-r--r--  1 root  root      5 Apr 17 10:45 dhclient-eth0.pid
drwx------  6 root  root    120 Apr 17 10:41 docker
-rw-r--r--  1 root  root      4 Apr 17 10:41 docker.pid
srw-rw----  1 root  docker    0 Apr 17 10:41 docker.sock
drwxr-xr-x  2 root  root     40 Apr 17 09:25 fsck
lrwxrwxrwx  1 root  root     25 Apr 17 09:25 initctl -> /run/systemd/initctl/fifo
drwxr-xr-x  2 root  root     80 Apr 17 09:25 initramfs
drwx--x--x  3 root  root     60 Apr 17 09:25 lightdm
-rw-r--r--  1 root  root      4 Apr 17 09:25 lightdm.pid
drwxrwxrwt  4 root  root     80 Apr 17 09:25 lock
drwxr-xr-x  3 root  root     60 Apr 17 09:25 log
-rw-r--r--  1 root  root      0 Apr 17 09:30 mlocate.daily.lock
-rw-r--r--  1 root  root    273 Apr 17 10:43 motd.dynamic
drwxr-xr-x  2 root  root     60 Apr 17 09:25 mount
drwxr-xr-x  2 root  root    100 Apr 17 09:25 network
drwxr-xr-x  2 root  root    100 Apr 17 09:25 NetworkManager
drwxr-xr-x  2 root  root     40 Apr 17 09:25 plymouth
drwxr-xr-x  2 root  root     40 Apr 17 09:25 pppconfig
drwxr-xr-x  3 root  root    100 Apr 17 09:25 resolvconf
-rw-r--r--  1 root  root      3 Apr 17 09:25 rsyslogd.pid
drwxr-xr-x  2 root  root     40 Apr 17 09:25 sendsigs.omit.d
lrwxrwxrwx  1 root  root      8 Apr 17 09:25 shm -> /dev/shm
drwxr-xr-x  2 root  root     40 Apr 17 09:44 sshd
-rw-r--r--  1 root  root      5 Apr 17 10:41 sshd.pid
drwx--x--x  3 root  root     60 Apr 17 09:25 sudo
drwxr-xr-x 17 root  root    400 Apr 17 10:41 systemd
drwxr-xr-x  2 root  root     40 Apr 17 09:25 thermald
drwxr-xr-x  2 root  root     60 Apr 17 09:25 tmpfiles.d
drwxr-xr-x  7 root  root    180 Apr 17 10:46 udev
drwx------  2 root  root     40 Apr 17 09:25 udisks2
drwxr-xr-x  3 root  root     60 Apr 17 09:25 user
-rw-rw-r--  1 root  utmp   2304 Apr 17 10:43 utmp
drwxr-xr-x  2 root  root     60 Apr 17 09:25 uuidd
-rw-------  1 root  root      0 Apr 17 10:41 xtables.lock
alex@Docker-Ubuntu:~$ 
alex@Docker-Ubuntu:~$ 
alex@Docker-Ubuntu:~$ 
alex@Docker-Ubuntu:~$ 
alex@Docker-Ubuntu:~$ 
alex@Docker-Ubuntu:~$ 
alex@Docker-Ubuntu:~$ 
alex@Docker-Ubuntu:~$ 
alex@Docker-Ubuntu:~$ 
alex@Docker-Ubuntu:~$ docker run -it ubuntu /bin/bash
docker: Got permission denied while trying to connect to the Docker daemon socket at unix:///var/run/docker.sock: Post http://%2Fvar%2Frun%2Fdocker.sock/v1.26/containers/create: dial unix /var/run/docker.sock: connect: permission denied.
See 'docker run --help'.
alex@Docker-Ubuntu:~$ 
alex@Docker-Ubuntu:~$ cat /etc/
cat: /etc/: Is a directory
alex@Docker-Ubuntu:~$ cat /etc/groups
cat: /etc/groups: No such file or directory
alex@Docker-Ubuntu:~$ 
alex@Docker-Ubuntu:~$ cd /etc/
alex@Docker-Ubuntu:/etc$ ls
acpi                    dbus-1               host.conf        logcheck        popularity-contest.conf  skel
adduser.conf            dconf                hostname         login.defs      ppp                      speech-dispatcher
alternatives            debconf.conf         hosts            logrotate.conf  profile                  ssh
anacrontab              debian_version       hosts.allow      logrotate.d     profile.d                ssl
apg.conf                default              hosts.deny       lsb-release     protocols                subgid
apm                     deluser.conf         hp               ltrace.conf     pulse                    subgid-
apparmor                depmod.d             ifplugd          machine-id      python                   subuid
apparmor.d              dhcp                 iftab            magic           python2.7                subuid-
apport                  dictionaries-common  ImageMagick-6    magic.mime      python3                  sudoers
appstream.conf          dnsmasq.d            init             mailcap         python3.5                sudoers.d
apt                     doc-base             init.d           mailcap.order   rc0.d                    sysctl.conf
aptdaemon               docker               initramfs-tools  manpath.config  rc1.d                    sysctl.d
at-spi2                 dpkg                 inputrc          mime.types      rc2.d                    systemd
avahi                   drirc                insserv          mke2fs.conf     rc3.d                    terminfo
bash.bashrc             emacs                insserv.conf     modprobe.d      rc4.d                    thermald
bash_completion         environment          insserv.conf.d   modules         rc5.d                    thunderbird
bash_completion.d       firefox              iproute2         modules-load.d  rc6.d                    timezone
bindresvport.blacklist  fonts                issue            mtab            rc.local                 tmpfiles.d
binfmt.d                fstab                issue.net        mtools.conf     rcS.d                    ucf.conf
bluetooth               fuse.conf            kbd              nanorc          resolvconf               udev
brlapi.key              fwupd.conf           kernel           network         resolv.conf              udisks2
brltty                  gai.conf             kernel-img.conf  NetworkManager  rmt                      ufw
brltty.conf             gconf                kerneloops.conf  networks        rpc                      updatedb.conf
ca-certificates         gdb                  ldap             newt            rsyslog.conf             update-manager
ca-certificates.conf    ghostscript          ld.so.cache      nsswitch.conf   rsyslog.d                update-motd.d
calendar                gnome                ld.so.conf       opt             sane.d                   update-notifier
chatscripts             gnome-app-install    ld.so.conf.d     os-release      securetty                UPower
compizconfig            groff                legal            pam.conf        security                 upstart-xsessions
console-setup           group                libao.conf       pam.d           selinux                  usb_modeswitch.conf
cracklib                group-               libaudit.conf    papersize       sensors3.conf            usb_modeswitch.d
cron.d                  grub.d               libnl-3          passwd          sensors.d                vim
cron.daily              gshadow              libpaper.d       passwd-         services                 vtrgb
cron.hourly             gshadow-             libreoffice      pcmcia          sgml                     wgetrc
cron.monthly            gss                  lightdm          perl            shadow                   wpa_supplicant
crontab                 gtk-2.0              lintianrc        pki             shadow-                  X11
cron.weekly             gtk-3.0              locale.alias     pm              shells                   xdg
cups                    guest-session        locale.gen       pnm2ppa.conf    signond.conf             xml
cupshelpers             hdparm.conf          localtime        polkit-1        signon-ui                zsh_command_not_found
alex@Docker-Ubuntu:/etc$ cat group
root:x:0:
daemon:x:1:
bin:x:2:
sys:x:3:
adm:x:4:syslog,alex
tty:x:5:
disk:x:6:
lp:x:7:
mail:x:8:
news:x:9:
uucp:x:10:
man:x:12:
proxy:x:13:
kmem:x:15:
dialout:x:20:
fax:x:21:
voice:x:22:
cdrom:x:24:alex
floppy:x:25:
tape:x:26:
sudo:x:27:alex
audio:x:29:pulse
dip:x:30:alex
www-data:x:33:
backup:x:34:
operator:x:37:
list:x:38:
irc:x:39:
src:x:40:
gnats:x:41:
shadow:x:42:
utmp:x:43:
video:x:44:
sasl:x:45:
plugdev:x:46:alex
staff:x:50:
games:x:60:
users:x:100:
nogroup:x:65534:
systemd-journal:x:101:
systemd-timesync:x:102:
systemd-network:x:103:
systemd-resolve:x:104:
systemd-bus-proxy:x:105:
input:x:106:
crontab:x:107:
syslog:x:108:
netdev:x:109:
messagebus:x:110:
uuidd:x:111:
ssl-cert:x:112:
lpadmin:x:113:alex
lightdm:x:114:
nopasswdlogin:x:115:
ssh:x:116:
whoopsie:x:117:
mlocate:x:118:
avahi-autoipd:x:119:
avahi:x:120:
bluetooth:x:121:
scanner:x:122:saned
colord:x:123:
pulse:x:124:
pulse-access:x:125:
rtkit:x:126:
saned:x:127:
alex:x:1000:
sambashare:x:128:alex
docker:x:129:
alex@Docker-Ubuntu:/etc$ 
alex@Docker-Ubuntu:/etc$ 
alex@Docker-Ubuntu:/etc$ sudo gpasswd -a alex docker
[sudo] password for alex: 
Adding user alex to group docker
alex@Docker-Ubuntu:/etc$ 
alex@Docker-Ubuntu:/etc$ 
alex@Docker-Ubuntu:/etc$ cat group
root:x:0:
daemon:x:1:
bin:x:2:
sys:x:3:
adm:x:4:syslog,alex
tty:x:5:
disk:x:6:
lp:x:7:
mail:x:8:
news:x:9:
uucp:x:10:
man:x:12:
proxy:x:13:
kmem:x:15:
dialout:x:20:
fax:x:21:
voice:x:22:
cdrom:x:24:alex
floppy:x:25:
tape:x:26:
sudo:x:27:alex
audio:x:29:pulse
dip:x:30:alex
www-data:x:33:
backup:x:34:
operator:x:37:
list:x:38:
irc:x:39:
src:x:40:
gnats:x:41:
shadow:x:42:
utmp:x:43:
video:x:44:
sasl:x:45:
plugdev:x:46:alex
staff:x:50:
games:x:60:
users:x:100:
nogroup:x:65534:
systemd-journal:x:101:
systemd-timesync:x:102:
systemd-network:x:103:
systemd-resolve:x:104:
systemd-bus-proxy:x:105:
input:x:106:
crontab:x:107:
syslog:x:108:
netdev:x:109:
messagebus:x:110:
uuidd:x:111:
ssl-cert:x:112:
lpadmin:x:113:alex
lightdm:x:114:
nopasswdlogin:x:115:
ssh:x:116:
whoopsie:x:117:
mlocate:x:118:
avahi-autoipd:x:119:
avahi:x:120:
bluetooth:x:121:
scanner:x:122:saned
colord:x:123:
pulse:x:124:
pulse-access:x:125:
rtkit:x:126:
saned:x:127:
alex:x:1000:
sambashare:x:128:alex
docker:x:129:alex
alex@Docker-Ubuntu:/etc$ 
alex@Docker-Ubuntu:/etc$ 
alex@Docker-Ubuntu:/etc$ docker run -it ubuntu /bin/bash
docker: Got permission denied while trying to connect to the Docker daemon socket at unix:///var/run/docker.sock: Post http://%2Fvar%2Frun%2Fdocker.sock/v1.26/containers/create: dial unix /var/run/docker.sock: connect: permission denied.
See 'docker run --help'.
alex@Docker-Ubuntu:/etc$ exit
logout
Welcome to Ubuntu 16.04.4 LTS (GNU/Linux 4.13.0-36-generic x86_64)

 * Documentation:  https://help.ubuntu.com
 * Management:     https://landscape.canonical.com
 * Support:        https://ubuntu.com/advantage

10 packages can be updated.
10 updates are security updates.

Last login: Tue Apr 17 10:43:56 2018 from 172.25.26.113
alex@Docker-Ubuntu:~$ 
alex@Docker-Ubuntu:~$ 
alex@Docker-Ubuntu:~$ docker run -it ubuntu /bin/bash
Unable to find image 'ubuntu:latest' locally

latest: Pulling from library/ubuntu





Digest: sha256:9ee3b83bcaa383e5e3b657f042f4034c92cdd50c03f73166c145c9ceaea9ba7c
Status: Downloaded newer image for ubuntu:latest

docker info

docker info

root@56c988837f95:/# 
root@56c988837f95:/# 
root@56c988837f95:/# docker info
bash: docker: command not found
root@56c988837f95:/# 
root@56c988837f95:/# 
root@56c988837f95:/# 
root@56c988837f95:/# ls
bin  boot  dev  etc  home  lib  lib64  media  mnt  opt  proc  root  run  sbin  srv  sys  tmp  usr  var
root@56c988837f95:/# ls
bin  boot  dev  etc  home  lib  lib64  media  mnt  opt  proc  root  run  sbin  srv  sys  tmp  usr  var
root@56c988837f95:/# 
root@56c988837f95:/# 
root@56c988837f95:/# 
root@56c988837f95:/# pwd
/
root@56c988837f95:/# 
root@56c988837f95:/# 
root@56c988837f95:/# exit
exit
alex@Docker-Ubuntu:~$ 
alex@Docker-Ubuntu:~$ 
alex@Docker-Ubuntu:~$ 
alex@Docker-Ubuntu:~$ 
alex@Docker-Ubuntu:~$ 
alex@Docker-Ubuntu:~$ ^C
alex@Docker-Ubuntu:~$ 
alex@Docker-Ubuntu:~$ 
alex@Docker-Ubuntu:~$ 
alex@Docker-Ubuntu:~$ 
alex@Docker-Ubuntu:~$ apt-get -y install docker-engine
E: Could not open lock file /var/lib/dpkg/lock - open (13: Permission denied)
E: Unable to lock the administration directory (/var/lib/dpkg/), are you root?
alex@Docker-Ubuntu:~$ 
alex@Docker-Ubuntu:~$ sudo 
usage: sudo -h | -K | -k | -V
usage: sudo -v [-AknS] [-g group] [-h host] [-p prompt] [-u user]
usage: sudo -l [-AknS] [-g group] [-h host] [-p prompt] [-U user] [-u user] [command]
usage: sudo [-AbEHknPS] [-r role] [-t type] [-C num] [-g group] [-h host] [-p prompt] [-u user] [VAR=value] [-i|-s] [<command>]
usage: sudo -e [-AknS] [-r role] [-t type] [-C num] [-g group] [-h host] [-p prompt] [-u user] file ...
alex@Docker-Ubuntu:~$ sudo apt-get -y install docker-engine
[sudo] password for alex: 
Reading package lists... Done
Building dependency tree       
Reading state information... Done
Package docker-engine is not available, but is referred to by another package.
This may mean that the package is missing, has been obsoleted, or
is only available from another source

E: Package 'docker-engine' has no installation candidate
alex@Docker-Ubuntu:~$ 
alex@Docker-Ubuntu:~$ 
alex@Docker-Ubuntu:~$ 
alex@Docker-Ubuntu:~$ 
alex@Docker-Ubuntu:~$ docker info
Containers: 1
 Running: 0
 Paused: 0
 Stopped: 1
Images: 1
Server Version: 1.13.1
Storage Driver: aufs
 Root Dir: /var/lib/docker/aufs
 Backing Filesystem: extfs
 Dirs: 7
 Dirperm1 Supported: true
Logging Driver: json-file
Cgroup Driver: cgroupfs
Plugins: 
 Volume: local
 Network: bridge host macvlan null overlay
Swarm: inactive
Runtimes: runc
Default Runtime: runc
Init Binary: docker-init
containerd version:  (expected: aa8187dbd3b7ad67d8e5e3a15115d3eef43a7ed1)
runc version: N/A (expected: 9df8b306d01f59d3a8029be411de015b7304dd8f)
init version: N/A (expected: 949e6facb77383876aeff8a6944dde66b3089574)
Security Options:
 apparmor
 seccomp
  Profile: default
Kernel Version: 4.13.0-36-generic
Operating System: Ubuntu 16.04.4 LTS
OSType: linux
Architecture: x86_64
CPUs: 1
Total Memory: 3.81 GiB
Name: Docker-Ubuntu
ID: WKFD:JBU5:LF54:76SG:5HAX:QZNM:3EUW:33ZJ:CXPU:A7AD:BPKS:MMJ5
Docker Root Dir: /var/lib/docker
Debug Mode (client): false
Debug Mode (server): false
Registry: https://index.docker.io/v1/
WARNING: No swap limit support
Experimental: false
Insecure Registries:
 127.0.0.0/8
Live Restore Enabled: false
alex@Docker-Ubuntu:~$ 
alex@Docker-Ubuntu:~$ 
alex@Docker-Ubuntu:~$ 
alex@Docker-Ubuntu:~$ 
alex@Docker-Ubuntu:~$ 
alex@Docker-Ubuntu:~$ 
alex@Docker-Ubuntu:~$ wget -q0- https://get.docker.com/gpg | apt-key add -
wget: invalid option -- '0'
wget: invalid option -- '-'
Usage: wget [OPTION]... [URL]...

Try `wget --help' for more options.
ERROR: This command can only be used by root.
alex@Docker-Ubuntu:~$ 
alex@Docker-Ubuntu:~$ wget -q0- https://get.docker.com/gpg | apt-key add -
wget: invalid option -- '0'
wget: invalid option -- '-'
Usage: wget [OPTION]... [URL]...

Try `wget --help' for more options.
ERROR: This command can only be used by root.
alex@Docker-Ubuntu:~$ wget -qO- https://get.docker.com/gpg | apt-key add -
ERROR: This command can only be used by root.
alex@Docker-Ubuntu:~$ 
alex@Docker-Ubuntu:~$ 
alex@Docker-Ubuntu:~$ sudo wget -qO- https://get.docker.com/gpg | apt-key add -
ERROR: This command can only be used by root.
alex@Docker-Ubuntu:~$ su
Password: 
root@Docker-Ubuntu:/home/alex# 
root@Docker-Ubuntu:/home/alex# 
root@Docker-Ubuntu:/home/alex# sudo wget -qO- https://get.docker.com/gpg | apt-key add -
OK
root@Docker-Ubuntu:/home/alex# echo deb http://get.docker.com/ubuntu docker main > /etc/apt/sources.list.d/docker.list
root@Docker-Ubuntu:/home/alex# 
root@Docker-Ubuntu:/home/alex# 
root@Docker-Ubuntu:/home/alex# 
root@Docker-Ubuntu:/home/alex# cat /etc/apt/sources.list.d/docker.list
deb http://get.docker.com/ubuntu docker main
root@Docker-Ubuntu:/home/alex# 
root@Docker-Ubuntu:/home/alex# 
root@Docker-Ubuntu:/home/alex# apt-get update
Get:1 http://security.ubuntu.com/ubuntu xenial-security InRelease [102 kB]
Hit:2 http://archive.canonical.com/ubuntu xenial InRelease                                                
Hit:3 http://gb.archive.ubuntu.com/ubuntu xenial InRelease                                                
Get:4 http://gb.archive.ubuntu.com/ubuntu xenial-updates InRelease [102 kB]                               
Get:6 http://gb.archive.ubuntu.com/ubuntu xenial-backports InRelease [102 kB]                             
Ign:5 https://get.docker.com/ubuntu docker InRelease         
Get:7 https://get.docker.com/ubuntu docker Release [1,525 B]
Get:8 https://get.docker.com/ubuntu docker Release.gpg [473 B]
Get:9 https://get.docker.com/ubuntu docker/main amd64 Packages [6,507 B]
Fetched 315 kB in 1s (209 kB/s)
Reading package lists... Done
W: http://get.docker.com/ubuntu/dists/docker/Release.gpg: Signature by key 36A1D7869245C8950F966E92D8576A8BA88D21E9 uses weak digest algorithm (SHA1)
root@Docker-Ubuntu:/home/alex# 
root@Docker-Ubuntu:/home/alex# 
root@Docker-Ubuntu:/home/alex# docker info
Containers: 1
 Running: 0
 Paused: 0
 Stopped: 1
Images: 1
Server Version: 1.13.1
Storage Driver: aufs
 Root Dir: /var/lib/docker/aufs
 Backing Filesystem: extfs
 Dirs: 7
 Dirperm1 Supported: true
Logging Driver: json-file
Cgroup Driver: cgroupfs
Plugins: 
 Volume: local
 Network: bridge host macvlan null overlay
Swarm: inactive
Runtimes: runc
Default Runtime: runc
Init Binary: docker-init
containerd version:  (expected: aa8187dbd3b7ad67d8e5e3a15115d3eef43a7ed1)
runc version: N/A (expected: 9df8b306d01f59d3a8029be411de015b7304dd8f)
init version: N/A (expected: 949e6facb77383876aeff8a6944dde66b3089574)
Security Options:
 apparmor
 seccomp
  Profile: default
Kernel Version: 4.13.0-36-generic
Operating System: Ubuntu 16.04.4 LTS
OSType: linux
Architecture: x86_64
CPUs: 1
Total Memory: 3.81 GiB
Name: Docker-Ubuntu
ID: WKFD:JBU5:LF54:76SG:5HAX:QZNM:3EUW:33ZJ:CXPU:A7AD:BPKS:MMJ5
Docker Root Dir: /var/lib/docker
Debug Mode (client): false
Debug Mode (server): false
Registry: https://index.docker.io/v1/
WARNING: No swap limit support
Experimental: false
Insecure Registries:
 127.0.0.0/8
Live Restore Enabled: false
root@Docker-Ubuntu:/home/alex# apt-get update
Hit:1 http://archive.canonical.com/ubuntu xenial InRelease
Get:2 http://security.ubuntu.com/ubuntu xenial-security InRelease [102 kB]                          
Hit:3 http://gb.archive.ubuntu.com/ubuntu xenial InRelease                                                
Get:5 http://gb.archive.ubuntu.com/ubuntu xenial-updates InRelease [102 kB]                               
Get:6 http://gb.archive.ubuntu.com/ubuntu xenial-backports InRelease [102 kB]                  
Ign:4 https://get.docker.com/ubuntu docker InRelease        
Hit:7 https://get.docker.com/ubuntu docker Release
Fetched 306 kB in 0s (338 kB/s)
Reading package lists... Done
W: http://get.docker.com/ubuntu/dists/docker/Release.gpg: Signature by key 36A1D7869245C8950F966E92D8576A8BA88D21E9 uses weak digest algorithm (SHA1)
root@Docker-Ubuntu:/home/alex# 
root@Docker-Ubuntu:/home/alex# 
root@Docker-Ubuntu:/home/alex# apt-get lxc-docker
E: Invalid operation lxc-docker
root@Docker-Ubuntu:/home/alex# docker version
Client:
 Version:      1.13.1
 API version:  1.26
 Go version:   go1.6.2
 Git commit:   092cba3
 Built:        Thu Nov  2 20:40:23 2017
 OS/Arch:      linux/amd64

Server:
 Version:      1.13.1
 API version:  1.26 (minimum version 1.12)
 Go version:   go1.6.2
 Git commit:   092cba3
 Built:        Thu Nov  2 20:40:23 2017
 OS/Arch:      linux/amd64
 Experimental: false
root@Docker-Ubuntu:/home/alex# 
root@Docker-Ubuntu:/home/alex# 
root@Docker-Ubuntu:/home/alex# 
root@Docker-Ubuntu:/home/alex# 
root@Docker-Ubuntu:/home/alex# 
root@Docker-Ubuntu:/home/alex# docker -v
Docker version 1.13.1, build 092cba3
root@Docker-Ubuntu:/home/alex# 
root@Docker-Ubuntu:/home/alex# service docker stop
root@Docker-Ubuntu:/home/alex# service docker -H 172.25.26.126:2375 -d &
[1] 11633
root@Docker-Ubuntu:/home/alex# Usage: service docker {start|stop|restart|status}

[1]+  Exit 1                  service docker -H 172.25.26.126:2375 -d
root@Docker-Ubuntu:/home/alex# netstat -tlp
Active Internet connections (only servers)
Proto Recv-Q Send-Q Local Address           Foreign Address         State       PID/Program name
tcp        0      0 Docker-Ubuntu:domain    *:*                     LISTEN      806/dnsmasq     
tcp        0      0 *:ssh                   *:*                     LISTEN      3865/sshd       
tcp        0      0 localhost:ipp           *:*                     LISTEN      2208/cupsd      
tcp6       0      0 [::]:ssh                [::]:*                  LISTEN      3865/sshd       
tcp6       0      0 ip6-localhost:ipp       [::]:*                  LISTEN      2208/cupsd      
root@Docker-Ubuntu:/home/alex# 
root@Docker-Ubuntu:/home/alex# 
root@Docker-Ubuntu:/home/alex#   
root@Docker-Ubuntu:/home/alex# 
root@Docker-Ubuntu:/home/alex# 
root@Docker-Ubuntu:/home/alex# 
root@Docker-Ubuntu:/home/alex# 
root@Docker-Ubuntu:/home/alex# netstat -tlp
Active Internet connections (only servers)
Proto Recv-Q Send-Q Local Address           Foreign Address         State       PID/Program name
tcp        0      0 Docker-Ubuntu:domain    *:*                     LISTEN      806/dnsmasq     
tcp        0      0 *:ssh                   *:*                     LISTEN      3865/sshd       
tcp        0      0 localhost:ipp           *:*                     LISTEN      2208/cupsd      
tcp6       0      0 [::]:ssh                [::]:*                  LISTEN      3865/sshd       
tcp6       0      0 ip6-localhost:ipp       [::]:*                  LISTEN      2208/cupsd      
root@Docker-Ubuntu:/home/alex# 
root@Docker-Ubuntu:/home/alex# 
root@Docker-Ubuntu:/home/alex# 
root@Docker-Ubuntu:/home/alex# 
root@Docker-Ubuntu:/home/alex# 
root@Docker-Ubuntu:/home/alex# service docker -H 172.25.26.126:2375 -d &
[1] 15425
root@Docker-Ubuntu:/home/alex# Usage: service docker {start|stop|restart|status}

[1]+  Exit 1                  service docker -H 172.25.26.126:2375 -d
root@Docker-Ubuntu:/home/alex# 
root@Docker-Ubuntu:/home/alex# 
root@Docker-Ubuntu:/home/alex# 
root@Docker-Ubuntu:/home/alex# netstat -tlp
Active Internet connections (only servers)
Proto Recv-Q Send-Q Local Address           Foreign Address         State       PID/Program name
tcp        0      0 Docker-Ubuntu:domain    *:*                     LISTEN      806/dnsmasq     
tcp        0      0 *:ssh                   *:*                     LISTEN      3865/sshd       
tcp        0      0 localhost:ipp           *:*                     LISTEN      2208/cupsd      
tcp6       0      0 [::]:ssh                [::]:*                  LISTEN      3865/sshd       
tcp6       0      0 ip6-localhost:ipp       [::]:*                  LISTEN      2208/cupsd      
root@Docker-Ubuntu:/home/alex# service docker stop
root@Docker-Ubuntu:/home/alex# service docker -H 172.25.26.126:2375 -d &
[1] 15487
root@Docker-Ubuntu:/home/alex# Usage: service docker {start|stop|restart|status}

[1]+  Exit 1                  service docker -H 172.25.26.126:2375 -d
root@Docker-Ubuntu:/home/alex# 
root@Docker-Ubuntu:/home/alex# 
root@Docker-Ubuntu:/home/alex# netstat -tlp
Active Internet connections (only servers)
Proto Recv-Q Send-Q Local Address           Foreign Address         State       PID/Program name
tcp        0      0 Docker-Ubuntu:domain    *:*                     LISTEN      806/dnsmasq     
tcp        0      0 *:ssh                   *:*                     LISTEN      3865/sshd       
tcp        0      0 localhost:ipp           *:*                     LISTEN      2208/cupsd      
tcp6       0      0 [::]:ssh                [::]:*                  LISTEN      3865/sshd       
tcp6       0      0 ip6-localhost:ipp       [::]:*                  LISTEN      2208/cupsd      
root@Docker-Ubuntu:/home/alex# docker -H 172.25.26.126:2375 -d &
[1] 15574
root@Docker-Ubuntu:/home/alex# unknown shorthand flag: 'd' in -d
See 'docker --help'.

Usage:  docker COMMAND

A self-sufficient runtime for containers

Options:
      --config string      Location of client config files (default "/root/.docker")
  -D, --debug              Enable debug mode
      --help               Print usage
  -H, --host list          Daemon socket(s) to connect to (default [])
  -l, --log-level string   Set the logging level ("debug", "info", "warn", "error", "fatal") (default "info")
      --tls                Use TLS; implied by --tlsverify
      --tlscacert string   Trust certs signed only by this CA (default "/root/.docker/ca.pem")
      --tlscert string     Path to TLS certificate file (default "/root/.docker/cert.pem")
      --tlskey string      Path to TLS key file (default "/root/.docker/key.pem")
      --tlsverify          Use TLS and verify the remote
  -v, --version            Print version information and quit

Management Commands:
  checkpoint  Manage checkpoints
  container   Manage containers
  image       Manage images
  network     Manage networks
  node        Manage Swarm nodes
  plugin      Manage plugins
  secret      Manage Docker secrets
  service     Manage services
  stack       Manage Docker stacks
  swarm       Manage Swarm
  system      Manage Docker
  volume      Manage volumes

Commands:
  attach      Attach to a running container
  build       Build an image from a Dockerfile
  commit      Create a new image from a container's changes
  cp          Copy files/folders between a container and the local filesystem
  create      Create a new container
  deploy      Deploy a new stack or update an existing stack
  diff        Inspect changes on a container's filesystem
  events      Get real time events from the server
  exec        Run a command in a running container
  export      Export a container's filesystem as a tar archive
  history     Show the history of an image
  images      List images
  import      Import the contents from a tarball to create a filesystem image
  info        Display system-wide information
  inspect     Return low-level information on Docker objects
  kill        Kill one or more running containers
  load        Load an image from a tar archive or STDIN
  login       Log in to a Docker registry
  logout      Log out from a Docker registry
  logs        Fetch the logs of a container
  pause       Pause all processes within one or more containers
  port        List port mappings or a specific mapping for the container
  ps          List containers
  pull        Pull an image or a repository from a registry
  push        Push an image or a repository to a registry
  rename      Rename a container
  restart     Restart one or more containers
  rm          Remove one or more containers
  rmi         Remove one or more images
  run         Run a command in a new container
  save        Save one or more images to a tar archive (streamed to STDOUT by default)
  search      Search the Docker Hub for images
  start       Start one or more stopped containers
  stats       Display a live stream of container(s) resource usage statistics
  stop        Stop one or more running containers
  tag         Create a tag TARGET_IMAGE that refers to SOURCE_IMAGE
  top         Display the running processes of a container
  unpause     Unpause all processes within one or more containers
  update      Update configuration of one or more containers
  version     Show the Docker version information
  wait        Block until one or more containers stop, then print their exit codes

Run 'docker COMMAND --help' for more information on a command.


[1]+  Exit 125                docker -H 172.25.26.126:2375 -d
root@Docker-Ubuntu:/home/alex# 
root@Docker-Ubuntu:/home/alex# 
root@Docker-Ubuntu:/home/alex# netstat -tlp
Active Internet connections (only servers)
Proto Recv-Q Send-Q Local Address           Foreign Address         State       PID/Program name
tcp        0      0 Docker-Ubuntu:domain    *:*                     LISTEN      806/dnsmasq     
tcp        0      0 *:ssh                   *:*                     LISTEN      3865/sshd       
tcp        0      0 localhost:ipp           *:*                     LISTEN      2208/cupsd      
tcp6       0      0 [::]:ssh                [::]:*                  LISTEN      3865/sshd       
tcp6       0      0 ip6-localhost:ipp       [::]:*                  LISTEN      2208/cupsd      
root@Docker-Ubuntu:/home/alex# docker -H 172.25.26.126:2375 -d &
[1] 15579
root@Docker-Ubuntu:/home/alex# unknown shorthand flag: 'd' in -d
See 'docker --help'.

Usage:  docker COMMAND

A self-sufficient runtime for containers

Options:
      --config string      Location of client config files (default "/root/.docker")
  -D, --debug              Enable debug mode
      --help               Print usage
  -H, --host list          Daemon socket(s) to connect to (default [])
  -l, --log-level string   Set the logging level ("debug", "info", "warn", "error", "fatal") (default "info")
      --tls                Use TLS; implied by --tlsverify
      --tlscacert string   Trust certs signed only by this CA (default "/root/.docker/ca.pem")
      --tlscert string     Path to TLS certificate file (default "/root/.docker/cert.pem")
      --tlskey string      Path to TLS key file (default "/root/.docker/key.pem")
      --tlsverify          Use TLS and verify the remote
  -v, --version            Print version information and quit

Management Commands:
  checkpoint  Manage checkpoints
  container   Manage containers
  image       Manage images
  network     Manage networks
  node        Manage Swarm nodes
  plugin      Manage plugins
  secret      Manage Docker secrets
  service     Manage services
  stack       Manage Docker stacks
  swarm       Manage Swarm
  system      Manage Docker
  volume      Manage volumes

Commands:
  attach      Attach to a running container
  build       Build an image from a Dockerfile
  commit      Create a new image from a container's changes
  cp          Copy files/folders between a container and the local filesystem
  create      Create a new container
  deploy      Deploy a new stack or update an existing stack
  diff        Inspect changes on a container's filesystem
  events      Get real time events from the server
  exec        Run a command in a running container
  export      Export a container's filesystem as a tar archive
  history     Show the history of an image
  images      List images
  import      Import the contents from a tarball to create a filesystem image
  info        Display system-wide information
  inspect     Return low-level information on Docker objects
  kill        Kill one or more running containers
  load        Load an image from a tar archive or STDIN
  login       Log in to a Docker registry
  logout      Log out from a Docker registry
  logs        Fetch the logs of a container
  pause       Pause all processes within one or more containers
  port        List port mappings or a specific mapping for the container
  ps          List containers
  pull        Pull an image or a repository from a registry
  push        Push an image or a repository to a registry
  rename      Rename a container
  restart     Restart one or more containers
  rm          Remove one or more containers
  rmi         Remove one or more images
  run         Run a command in a new container
  save        Save one or more images to a tar archive (streamed to STDOUT by default)
  search      Search the Docker Hub for images
  start       Start one or more stopped containers
  stats       Display a live stream of container(s) resource usage statistics
  stop        Stop one or more running containers
  tag         Create a tag TARGET_IMAGE that refers to SOURCE_IMAGE
  top         Display the running processes of a container
  unpause     Unpause all processes within one or more containers
  update      Update configuration of one or more containers
  version     Show the Docker version information
  wait        Block until one or more containers stop, then print their exit codes

Run 'docker COMMAND --help' for more information on a command.


[1]+  Exit 125                docker -H 172.25.26.126:2375 -d
root@Docker-Ubuntu:/home/alex# docker -H 172.25.26.126:2375 &
[1] 15585
root@Docker-Ubuntu:/home/alex# 
Usage:  docker COMMAND

A self-sufficient runtime for containers

Options:
      --config string      Location of client config files (default "/root/.docker")
  -D, --debug              Enable debug mode
      --help               Print usage
  -H, --host list          Daemon socket(s) to connect to (default [])
  -l, --log-level string   Set the logging level ("debug", "info", "warn", "error", "fatal") (default "info")
      --tls                Use TLS; implied by --tlsverify
      --tlscacert string   Trust certs signed only by this CA (default "/root/.docker/ca.pem")
      --tlscert string     Path to TLS certificate file (default "/root/.docker/cert.pem")
      --tlskey string      Path to TLS key file (default "/root/.docker/key.pem")
      --tlsverify          Use TLS and verify the remote
  -v, --version            Print version information and quit

Management Commands:
  container   Manage containers
  image       Manage images
  network     Manage networks
  node        Manage Swarm nodes
  plugin      Manage plugins
  secret      Manage Docker secrets
  service     Manage services
  stack       Manage Docker stacks
  swarm       Manage Swarm
  system      Manage Docker
  volume      Manage volumes

Commands:
  attach      Attach to a running container
  build       Build an image from a Dockerfile
  commit      Create a new image from a container's changes
  cp          Copy files/folders between a container and the local filesystem
  create      Create a new container
  diff        Inspect changes on a container's filesystem
  events      Get real time events from the server
  exec        Run a command in a running container
  export      Export a container's filesystem as a tar archive
  history     Show the history of an image
  images      List images
  import      Import the contents from a tarball to create a filesystem image
  info        Display system-wide information
  inspect     Return low-level information on Docker objects
  kill        Kill one or more running containers
  load        Load an image from a tar archive or STDIN
  login       Log in to a Docker registry
  logout      Log out from a Docker registry
  logs        Fetch the logs of a container
  pause       Pause all processes within one or more containers
  port        List port mappings or a specific mapping for the container
  ps          List containers
  pull        Pull an image or a repository from a registry
  push        Push an image or a repository to a registry
  rename      Rename a container
  restart     Restart one or more containers
  rm          Remove one or more containers
  rmi         Remove one or more images
  run         Run a command in a new container
  save        Save one or more images to a tar archive (streamed to STDOUT by default)
  search      Search the Docker Hub for images
  start       Start one or more stopped containers
  stats       Display a live stream of container(s) resource usage statistics
  stop        Stop one or more running containers
  tag         Create a tag TARGET_IMAGE that refers to SOURCE_IMAGE
  top         Display the running processes of a container
  unpause     Unpause all processes within one or more containers
  update      Update configuration of one or more containers
  version     Show the Docker version information
  wait        Block until one or more containers stop, then print their exit codes

Run 'docker COMMAND --help' for more information on a command.

[1]+  Done                    docker -H 172.25.26.126:2375
root@Docker-Ubuntu:/home/alex# 
root@Docker-Ubuntu:/home/alex# 
root@Docker-Ubuntu:/home/alex# netstat -tlp
Active Internet connections (only servers)
Proto Recv-Q Send-Q Local Address           Foreign Address         State       PID/Program name
tcp        0      0 Docker-Ubuntu:domain    *:*                     LISTEN      806/dnsmasq     
tcp        0      0 *:ssh                   *:*                     LISTEN      3865/sshd       
tcp        0      0 localhost:ipp           *:*                     LISTEN      2208/cupsd      
tcp6       0      0 [::]:ssh                [::]:*                  LISTEN      3865/sshd       
tcp6       0      0 ip6-localhost:ipp       [::]:*                  LISTEN      2208/cupsd      
root@Docker-Ubuntu:/home/alex# 
root@Docker-Ubuntu:/home/alex# 
root@Docker-Ubuntu:/home/alex# 
root@Docker-Ubuntu:/home/alex# sudo docker -H 172.25.26.126:2375 &
[1] 15623
root@Docker-Ubuntu:/home/alex# 
Usage:  docker COMMAND

A self-sufficient runtime for containers

Options:
      --config string      Location of client config files (default "/root/.docker")
  -D, --debug              Enable debug mode
      --help               Print usage
  -H, --host list          Daemon socket(s) to connect to (default [])
  -l, --log-level string   Set the logging level ("debug", "info", "warn", "error", "fatal") (default "info")
      --tls                Use TLS; implied by --tlsverify
      --tlscacert string   Trust certs signed only by this CA (default "/root/.docker/ca.pem")
      --tlscert string     Path to TLS certificate file (default "/root/.docker/cert.pem")
      --tlskey string      Path to TLS key file (default "/root/.docker/key.pem")
      --tlsverify          Use TLS and verify the remote
  -v, --version            Print version information and quit

Management Commands:
  container   Manage containers
  image       Manage images
  network     Manage networks
  node        Manage Swarm nodes
  plugin      Manage plugins
  secret      Manage Docker secrets
  service     Manage services
  stack       Manage Docker stacks
  swarm       Manage Swarm
  system      Manage Docker
  volume      Manage volumes

Commands:
  attach      Attach to a running container
  build       Build an image from a Dockerfile
  commit      Create a new image from a container's changes
  cp          Copy files/folders between a container and the local filesystem
  create      Create a new container
  diff        Inspect changes on a container's filesystem
  events      Get real time events from the server
  exec        Run a command in a running container
  export      Export a container's filesystem as a tar archive
  history     Show the history of an image
  images      List images
  import      Import the contents from a tarball to create a filesystem image
  info        Display system-wide information
  inspect     Return low-level information on Docker objects
  kill        Kill one or more running containers
  load        Load an image from a tar archive or STDIN
  login       Log in to a Docker registry
  logout      Log out from a Docker registry
  logs        Fetch the logs of a container
  pause       Pause all processes within one or more containers
  port        List port mappings or a specific mapping for the container
  ps          List containers
  pull        Pull an image or a repository from a registry
  push        Push an image or a repository to a registry
  rename      Rename a container
  restart     Restart one or more containers
  rm          Remove one or more containers
  rmi         Remove one or more images
  run         Run a command in a new container
  save        Save one or more images to a tar archive (streamed to STDOUT by default)
  search      Search the Docker Hub for images
  start       Start one or more stopped containers
  stats       Display a live stream of container(s) resource usage statistics
  stop        Stop one or more running containers
  tag         Create a tag TARGET_IMAGE that refers to SOURCE_IMAGE
  top         Display the running processes of a container
  unpause     Unpause all processes within one or more containers
  update      Update configuration of one or more containers
  version     Show the Docker version information
  wait        Block until one or more containers stop, then print their exit codes

Run 'docker COMMAND --help' for more information on a command.

[1]+  Done                    sudo docker -H 172.25.26.126:2375
root@Docker-Ubuntu:/home/alex# sudo docker -H 172.25.26.126:2375 -d &
[1] 15629
root@Docker-Ubuntu:/home/alex# unknown shorthand flag: 'd' in -d
See 'docker --help'.

Usage:  docker COMMAND

A self-sufficient runtime for containers

Options:
      --config string      Location of client config files (default "/root/.docker")
  -D, --debug              Enable debug mode
      --help               Print usage
  -H, --host list          Daemon socket(s) to connect to (default [])
  -l, --log-level string   Set the logging level ("debug", "info", "warn", "error", "fatal") (default "info")
      --tls                Use TLS; implied by --tlsverify
      --tlscacert string   Trust certs signed only by this CA (default "/root/.docker/ca.pem")
      --tlscert string     Path to TLS certificate file (default "/root/.docker/cert.pem")
      --tlskey string      Path to TLS key file (default "/root/.docker/key.pem")
      --tlsverify          Use TLS and verify the remote
  -v, --version            Print version information and quit

Management Commands:
  checkpoint  Manage checkpoints
  container   Manage containers
  image       Manage images
  network     Manage networks
  node        Manage Swarm nodes
  plugin      Manage plugins
  secret      Manage Docker secrets
  service     Manage services
  stack       Manage Docker stacks
  swarm       Manage Swarm
  system      Manage Docker
  volume      Manage volumes

Commands:
  attach      Attach to a running container
  build       Build an image from a Dockerfile
  commit      Create a new image from a container's changes
  cp          Copy files/folders between a container and the local filesystem
  create      Create a new container
  deploy      Deploy a new stack or update an existing stack
  diff        Inspect changes on a container's filesystem
  events      Get real time events from the server
  exec        Run a command in a running container
  export      Export a container's filesystem as a tar archive
  history     Show the history of an image
  images      List images
  import      Import the contents from a tarball to create a filesystem image
  info        Display system-wide information
  inspect     Return low-level information on Docker objects
  kill        Kill one or more running containers
  load        Load an image from a tar archive or STDIN
  login       Log in to a Docker registry
  logout      Log out from a Docker registry
  logs        Fetch the logs of a container
  pause       Pause all processes within one or more containers
  port        List port mappings or a specific mapping for the container
  ps          List containers
  pull        Pull an image or a repository from a registry
  push        Push an image or a repository to a registry
  rename      Rename a container
  restart     Restart one or more containers
  rm          Remove one or more containers
  rmi         Remove one or more images
  run         Run a command in a new container
  save        Save one or more images to a tar archive (streamed to STDOUT by default)
  search      Search the Docker Hub for images
  start       Start one or more stopped containers
  stats       Display a live stream of container(s) resource usage statistics
  stop        Stop one or more running containers
  tag         Create a tag TARGET_IMAGE that refers to SOURCE_IMAGE
  top         Display the running processes of a container
  unpause     Unpause all processes within one or more containers
  update      Update configuration of one or more containers
  version     Show the Docker version information
  wait        Block until one or more containers stop, then print their exit codes

Run 'docker COMMAND --help' for more information on a command.


[1]+  Exit 125                sudo docker -H 172.25.26.126:2375 -d
root@Docker-Ubuntu:/home/alex# sudo docker -H 172.25.26.126:2375 &
[1] 15634
root@Docker-Ubuntu:/home/alex# 
Usage:  docker COMMAND

A self-sufficient runtime for containers

Options:
      --config string      Location of client config files (default "/root/.docker")
  -D, --debug              Enable debug mode
      --help               Print usage
  -H, --host list          Daemon socket(s) to connect to (default [])
  -l, --log-level string   Set the logging level ("debug", "info", "warn", "error", "fatal") (default "info")
      --tls                Use TLS; implied by --tlsverify
      --tlscacert string   Trust certs signed only by this CA (default "/root/.docker/ca.pem")
      --tlscert string     Path to TLS certificate file (default "/root/.docker/cert.pem")
      --tlskey string      Path to TLS key file (default "/root/.docker/key.pem")
      --tlsverify          Use TLS and verify the remote
  -v, --version            Print version information and quit

Management Commands:
  container   Manage containers
  image       Manage images
  network     Manage networks
  node        Manage Swarm nodes
  plugin      Manage plugins
  secret      Manage Docker secrets
  service     Manage services
  stack       Manage Docker stacks
  swarm       Manage Swarm
  system      Manage Docker
  volume      Manage volumes

Commands:
  attach      Attach to a running container
  build       Build an image from a Dockerfile
  commit      Create a new image from a container's changes
  cp          Copy files/folders between a container and the local filesystem
  create      Create a new container
  diff        Inspect changes on a container's filesystem
  events      Get real time events from the server
  exec        Run a command in a running container
  export      Export a container's filesystem as a tar archive
  history     Show the history of an image
  images      List images
  import      Import the contents from a tarball to create a filesystem image
  info        Display system-wide information
  inspect     Return low-level information on Docker objects
  kill        Kill one or more running containers
  load        Load an image from a tar archive or STDIN
  login       Log in to a Docker registry
  logout      Log out from a Docker registry
  logs        Fetch the logs of a container
  pause       Pause all processes within one or more containers
  port        List port mappings or a specific mapping for the container
  ps          List containers
  pull        Pull an image or a repository from a registry
  push        Push an image or a repository to a registry
  rename      Rename a container
  restart     Restart one or more containers
  rm          Remove one or more containers
  rmi         Remove one or more images
  run         Run a command in a new container
  save        Save one or more images to a tar archive (streamed to STDOUT by default)
  search      Search the Docker Hub for images
  start       Start one or more stopped containers
  stats       Display a live stream of container(s) resource usage statistics
  stop        Stop one or more running containers
  tag         Create a tag TARGET_IMAGE that refers to SOURCE_IMAGE
  top         Display the running processes of a container
  unpause     Unpause all processes within one or more containers
  update      Update configuration of one or more containers
  version     Show the Docker version information
  wait        Block until one or more containers stop, then print their exit codes

Run 'docker COMMAND --help' for more information on a command.

[1]+  Done                    sudo docker -H 172.25.26.126:2375
root@Docker-Ubuntu:/home/alex# docker -H 172.25.26.126:2375 &
[1] 15640
root@Docker-Ubuntu:/home/alex# 
Usage:  docker COMMAND

A self-sufficient runtime for containers

Options:
      --config string      Location of client config files (default "/root/.docker")
  -D, --debug              Enable debug mode
      --help               Print usage
  -H, --host list          Daemon socket(s) to connect to (default [])
  -l, --log-level string   Set the logging level ("debug", "info", "warn", "error", "fatal") (default "info")
      --tls                Use TLS; implied by --tlsverify
      --tlscacert string   Trust certs signed only by this CA (default "/root/.docker/ca.pem")
      --tlscert string     Path to TLS certificate file (default "/root/.docker/cert.pem")
      --tlskey string      Path to TLS key file (default "/root/.docker/key.pem")
      --tlsverify          Use TLS and verify the remote
  -v, --version            Print version information and quit

Management Commands:
  container   Manage containers
  image       Manage images
  network     Manage networks
  node        Manage Swarm nodes
  plugin      Manage plugins
  secret      Manage Docker secrets
  service     Manage services
  stack       Manage Docker stacks
  swarm       Manage Swarm
  system      Manage Docker
  volume      Manage volumes

Commands:
  attach      Attach to a running container
  build       Build an image from a Dockerfile
  commit      Create a new image from a container's changes
  cp          Copy files/folders between a container and the local filesystem
  create      Create a new container
  diff        Inspect changes on a container's filesystem
  events      Get real time events from the server
  exec        Run a command in a running container
  export      Export a container's filesystem as a tar archive
  history     Show the history of an image
  images      List images
  import      Import the contents from a tarball to create a filesystem image
  info        Display system-wide information
  inspect     Return low-level information on Docker objects
  kill        Kill one or more running containers
  load        Load an image from a tar archive or STDIN
  login       Log in to a Docker registry
  logout      Log out from a Docker registry
  logs        Fetch the logs of a container
  pause       Pause all processes within one or more containers
  port        List port mappings or a specific mapping for the container
  ps          List containers
  pull        Pull an image or a repository from a registry
  push        Push an image or a repository to a registry
  rename      Rename a container
  restart     Restart one or more containers
  rm          Remove one or more containers
  rmi         Remove one or more images
  run         Run a command in a new container
  save        Save one or more images to a tar archive (streamed to STDOUT by default)
  search      Search the Docker Hub for images
  start       Start one or more stopped containers
  stats       Display a live stream of container(s) resource usage statistics
  stop        Stop one or more running containers
  tag         Create a tag TARGET_IMAGE that refers to SOURCE_IMAGE
  top         Display the running processes of a container
  unpause     Unpause all processes within one or more containers
  update      Update configuration of one or more containers
  version     Show the Docker version information
  wait        Block until one or more containers stop, then print their exit codes

Run 'docker COMMAND --help' for more information on a command.

[1]+  Done                    docker -H 172.25.26.126:2375
root@Docker-Ubuntu:/home/alex# 
root@Docker-Ubuntu:/home/alex# ifconfig
docker0   Link encap:Ethernet  HWaddr 02:42:ad:36:e4:30  
          inet addr:172.17.0.1  Bcast:0.0.0.0  Mask:255.255.0.0
          inet6 addr: fe80::42:adff:fe36:e430/64 Scope:Link
          UP BROADCAST MULTICAST  MTU:1500  Metric:1
          RX packets:8 errors:0 dropped:0 overruns:0 frame:0
          TX packets:28 errors:0 dropped:0 overruns:0 carrier:0
          collisions:0 txqueuelen:0 
          RX bytes:544 (544.0 B)  TX bytes:3898 (3.8 KB)

eth0      Link encap:Ethernet  HWaddr 00:15:5d:88:45:17  
          inet addr:172.25.26.126  Bcast:172.25.26.127  Mask:255.255.255.240
          inet6 addr: fe80::1028:a235:e50:eaaa/64 Scope:Link
          UP BROADCAST RUNNING MULTICAST  MTU:1500  Metric:1
          RX packets:58468 errors:0 dropped:0 overruns:0 frame:0
          TX packets:40946 errors:0 dropped:0 overruns:0 carrier:0
          collisions:0 txqueuelen:1000 
          RX bytes:74006805 (74.0 MB)  TX bytes:3514152 (3.5 MB)

lo        Link encap:Local Loopback  
          inet addr:127.0.0.1  Mask:255.0.0.0
          inet6 addr: ::1/128 Scope:Host
          UP LOOPBACK RUNNING  MTU:65536  Metric:1
          RX packets:458 errors:0 dropped:0 overruns:0 frame:0
          TX packets:458 errors:0 dropped:0 overruns:0 carrier:0
          collisions:0 txqueuelen:1000 
          RX bytes:44194 (44.1 KB)  TX bytes:44194 (44.1 KB)

root@Docker-Ubuntu:/home/alex# docker -H 172.25.26.126:2375 &
[1] 15647
root@Docker-Ubuntu:/home/alex# 
Usage:  docker COMMAND

A self-sufficient runtime for containers

Options:
      --config string      Location of client config files (default "/root/.docker")
  -D, --debug              Enable debug mode
      --help               Print usage
  -H, --host list          Daemon socket(s) to connect to (default [])
  -l, --log-level string   Set the logging level ("debug", "info", "warn", "error", "fatal") (default "info")
      --tls                Use TLS; implied by --tlsverify
      --tlscacert string   Trust certs signed only by this CA (default "/root/.docker/ca.pem")
      --tlscert string     Path to TLS certificate file (default "/root/.docker/cert.pem")
      --tlskey string      Path to TLS key file (default "/root/.docker/key.pem")
      --tlsverify          Use TLS and verify the remote
  -v, --version            Print version information and quit

Management Commands:
  container   Manage containers
  image       Manage images
  network     Manage networks
  node        Manage Swarm nodes
  plugin      Manage plugins
  secret      Manage Docker secrets
  service     Manage services
  stack       Manage Docker stacks
  swarm       Manage Swarm
  system      Manage Docker
  volume      Manage volumes

Commands:
  attach      Attach to a running container
  build       Build an image from a Dockerfile
  commit      Create a new image from a container's changes
  cp          Copy files/folders between a container and the local filesystem
  create      Create a new container
  diff        Inspect changes on a container's filesystem
  events      Get real time events from the server
  exec        Run a command in a running container
  export      Export a container's filesystem as a tar archive
  history     Show the history of an image
  images      List images
  import      Import the contents from a tarball to create a filesystem image
  info        Display system-wide information
  inspect     Return low-level information on Docker objects
  kill        Kill one or more running containers
  load        Load an image from a tar archive or STDIN
  login       Log in to a Docker registry
  logout      Log out from a Docker registry
  logs        Fetch the logs of a container
  pause       Pause all processes within one or more containers
  port        List port mappings or a specific mapping for the container
  ps          List containers
  pull        Pull an image or a repository from a registry
  push        Push an image or a repository to a registry
  rename      Rename a container
  restart     Restart one or more containers
  rm          Remove one or more containers
  rmi         Remove one or more images
  run         Run a command in a new container
  save        Save one or more images to a tar archive (streamed to STDOUT by default)
  search      Search the Docker Hub for images
  start       Start one or more stopped containers
  stats       Display a live stream of container(s) resource usage statistics
  stop        Stop one or more running containers
  tag         Create a tag TARGET_IMAGE that refers to SOURCE_IMAGE
  top         Display the running processes of a container
  unpause     Unpause all processes within one or more containers
  update      Update configuration of one or more containers
  version     Show the Docker version information
  wait        Block until one or more containers stop, then print their exit codes

Run 'docker COMMAND --help' for more information on a command.

[1]+  Done                    docker -H 172.25.26.126:2375
root@Docker-Ubuntu:/home/alex# 
root@Docker-Ubuntu:/home/alex# 
root@Docker-Ubuntu:/home/alex# 
root@Docker-Ubuntu:/home/alex# docker info
Cannot connect to the Docker daemon at unix:///var/run/docker.sock. Is the docker daemon running?
root@Docker-Ubuntu:/home/alex# 
root@Docker-Ubuntu:/home/alex# 
root@Docker-Ubuntu:/home/alex# 
root@Docker-Ubuntu:/home/alex# netstat -tlp
Active Internet connections (only servers)
Proto Recv-Q Send-Q Local Address           Foreign Address         State       PID/Program name
tcp        0      0 Docker-Ubuntu:domain    *:*                     LISTEN      806/dnsmasq     
tcp        0      0 *:ssh                   *:*                     LISTEN      3865/sshd       
tcp        0      0 localhost:ipp           *:*                     LISTEN      2208/cupsd      
tcp6       0      0 [::]:ssh                [::]:*                  LISTEN      3865/sshd       
tcp6       0      0 ip6-localhost:ipp       [::]:*                  LISTEN      2208/cupsd      
root@Docker-Ubuntu:/home/alex# 
root@Docker-Ubuntu:/home/alex# 
root@Docker-Ubuntu:/home/alex# ping 172.25.26.126
PING 172.25.26.126 (172.25.26.126) 56(84) bytes of data.
64 bytes from 172.25.26.126: icmp_seq=1 ttl=64 time=0.038 ms
64 bytes from 172.25.26.126: icmp_seq=2 ttl=64 time=0.075 ms
+6664 bytes from 172.25.26.126: icmp_seq=3 ttl=64 time=0.070 ms
64 bytes from 172.25.26.126: icmp_seq=4 ttl=64 time=0.044 ms
664 bytes from 172.25.26.126: icmp_seq=5 ttl=64 time=0.067 ms
64 bytes from 172.25.26.126: icmp_seq=6 ttl=64 time=0.041 ms
64 bytes from 172.25.26.126: icmp_seq=7 ttl=64 time=0.073 ms
^C
--- 172.25.26.126 ping statistics ---
7 packets transmitted, 7 received, 0% packet loss, time 6135ms
rtt min/avg/max/mdev = 0.038/0.058/0.075/0.016 ms
root@Docker-Ubuntu:/home/alex# ping 172.25.26.113
PING 172.25.26.113 (172.25.26.113) 56(84) bytes of data.
64 bytes from 172.25.26.113: icmp_seq=1 ttl=128 time=0.684 ms
64 bytes from 172.25.26.113: icmp_seq=2 ttl=128 time=0.563 ms
^C
--- 172.25.26.113 ping statistics ---
2 packets transmitted, 2 received, 0% packet loss, time 1002ms
rtt min/avg/max/mdev = 0.563/0.623/0.684/0.065 ms
root@Docker-Ubuntu:/home/alex# ping 172.25.26.122
PING 172.25.26.122 (172.25.26.122) 56(84) bytes of data.
64 bytes from 172.25.26.122: icmp_seq=1 ttl=64 time=4.26 ms
64 bytes from 172.25.26.122: icmp_seq=2 ttl=64 time=0.298 ms
64 bytes from 172.25.26.122: icmp_seq=3 ttl=64 time=0.449 ms
^C
--- 172.25.26.122 ping statistics ---
3 packets transmitted, 3 received, 0% packet loss, time 2016ms
rtt min/avg/max/mdev = 0.298/1.670/4.263/1.834 ms
root@Docker-Ubuntu:/home/alex# 
root@Docker-Ubuntu:/home/alex# 
root@Docker-Ubuntu:/home/alex# docker -H 172.25.26.126:2375 &
[1] 15737
root@Docker-Ubuntu:/home/alex# 
Usage:  docker COMMAND

A self-sufficient runtime for containers

Options:
      --config string      Location of client config files (default "/root/.docker")
  -D, --debug              Enable debug mode
      --help               Print usage
  -H, --host list          Daemon socket(s) to connect to (default [])
  -l, --log-level string   Set the logging level ("debug", "info", "warn", "error", "fatal") (default "info")
      --tls                Use TLS; implied by --tlsverify
      --tlscacert string   Trust certs signed only by this CA (default "/root/.docker/ca.pem")
      --tlscert string     Path to TLS certificate file (default "/root/.docker/cert.pem")
      --tlskey string      Path to TLS key file (default "/root/.docker/key.pem")
      --tlsverify          Use TLS and verify the remote
  -v, --version            Print version information and quit

Management Commands:
  container   Manage containers
  image       Manage images
  network     Manage networks
  node        Manage Swarm nodes
  plugin      Manage plugins
  secret      Manage Docker secrets
  service     Manage services
  stack       Manage Docker stacks
  swarm       Manage Swarm
  system      Manage Docker
  volume      Manage volumes

Commands:
  attach      Attach to a running container
  build       Build an image from a Dockerfile
  commit      Create a new image from a container's changes
  cp          Copy files/folders between a container and the local filesystem
  create      Create a new container
  diff        Inspect changes on a container's filesystem
  events      Get real time events from the server
  exec        Run a command in a running container
  export      Export a container's filesystem as a tar archive
  history     Show the history of an image
  images      List images
  import      Import the contents from a tarball to create a filesystem image
  info        Display system-wide information
  inspect     Return low-level information on Docker objects
  kill        Kill one or more running containers
  load        Load an image from a tar archive or STDIN
  login       Log in to a Docker registry
  logout      Log out from a Docker registry
  logs        Fetch the logs of a container
  pause       Pause all processes within one or more containers
  port        List port mappings or a specific mapping for the container
  ps          List containers
  pull        Pull an image or a repository from a registry
  push        Push an image or a repository to a registry
  rename      Rename a container
  restart     Restart one or more containers
  rm          Remove one or more containers
  rmi         Remove one or more images
  run         Run a command in a new container
  save        Save one or more images to a tar archive (streamed to STDOUT by default)
  search      Search the Docker Hub for images
  start       Start one or more stopped containers
  stats       Display a live stream of container(s) resource usage statistics
  stop        Stop one or more running containers
  tag         Create a tag TARGET_IMAGE that refers to SOURCE_IMAGE
  top         Display the running processes of a container
  unpause     Unpause all processes within one or more containers
  update      Update configuration of one or more containers
  version     Show the Docker version information
  wait        Block until one or more containers stop, then print their exit codes

Run 'docker COMMAND --help' for more information on a command.

[1]+  Done                    docker -H 172.25.26.126:2375
root@Docker-Ubuntu:/home/alex# 
root@Docker-Ubuntu:/home/alex# 
root@Docker-Ubuntu:/home/alex# 
root@Docker-Ubuntu:/home/alex# docker -H 0.0.0.0:2375 &
[1] 15789
root@Docker-Ubuntu:/home/alex# 
Usage:  docker COMMAND

A self-sufficient runtime for containers

Options:
      --config string      Location of client config files (default "/root/.docker")
  -D, --debug              Enable debug mode
      --help               Print usage
  -H, --host list          Daemon socket(s) to connect to (default [])
  -l, --log-level string   Set the logging level ("debug", "info", "warn", "error", "fatal") (default "info")
      --tls                Use TLS; implied by --tlsverify
      --tlscacert string   Trust certs signed only by this CA (default "/root/.docker/ca.pem")
      --tlscert string     Path to TLS certificate file (default "/root/.docker/cert.pem")
      --tlskey string      Path to TLS key file (default "/root/.docker/key.pem")
      --tlsverify          Use TLS and verify the remote
  -v, --version            Print version information and quit

Management Commands:
  container   Manage containers
  image       Manage images
  network     Manage networks
  node        Manage Swarm nodes
  plugin      Manage plugins
  secret      Manage Docker secrets
  service     Manage services
  stack       Manage Docker stacks
  swarm       Manage Swarm
  system      Manage Docker
  volume      Manage volumes

Commands:
  attach      Attach to a running container
  build       Build an image from a Dockerfile
  commit      Create a new image from a container's changes
  cp          Copy files/folders between a container and the local filesystem
  create      Create a new container
  diff        Inspect changes on a container's filesystem
  events      Get real time events from the server
  exec        Run a command in a running container
  export      Export a container's filesystem as a tar archive
  history     Show the history of an image
  images      List images
  import      Import the contents from a tarball to create a filesystem image
  info        Display system-wide information
  inspect     Return low-level information on Docker objects
  kill        Kill one or more running containers
  load        Load an image from a tar archive or STDIN
  login       Log in to a Docker registry
  logout      Log out from a Docker registry
  logs        Fetch the logs of a container
  pause       Pause all processes within one or more containers
  port        List port mappings or a specific mapping for the container
  ps          List containers
  pull        Pull an image or a repository from a registry
  push        Push an image or a repository to a registry
  rename      Rename a container
  restart     Restart one or more containers
  rm          Remove one or more containers
  rmi         Remove one or more images
  run         Run a command in a new container
  save        Save one or more images to a tar archive (streamed to STDOUT by default)
  search      Search the Docker Hub for images
  start       Start one or more stopped containers
  stats       Display a live stream of container(s) resource usage statistics
  stop        Stop one or more running containers
  tag         Create a tag TARGET_IMAGE that refers to SOURCE_IMAGE
  top         Display the running processes of a container
  unpause     Unpause all processes within one or more containers
  update      Update configuration of one or more containers
  version     Show the Docker version information
  wait        Block until one or more containers stop, then print their exit codes

Run 'docker COMMAND --help' for more information on a command.

[1]+  Done                    docker -H 0.0.0.0:2375
root@Docker-Ubuntu:/home/alex# 
root@Docker-Ubuntu:/home/alex# docker sto
docker: 'sto' is not a docker command.
See 'docker --help'
root@Docker-Ubuntu:/home/alex# docker stop
"docker stop" requires at least 1 argument(s).
See 'docker stop --help'.

Usage:  docker stop [OPTIONS] CONTAINER [CONTAINER...]

Stop one or more running containers
root@Docker-Ubuntu:/home/alex# 
root@Docker-Ubuntu:/home/alex# 
root@Docker-Ubuntu:/home/alex# docker -H 0.0.0.0:2375 -d &
[1] 15800
root@Docker-Ubuntu:/home/alex# unknown shorthand flag: 'd' in -d
See 'docker --help'.

Usage:  docker COMMAND

A self-sufficient runtime for containers

Options:
      --config string      Location of client config files (default "/root/.docker")
  -D, --debug              Enable debug mode
      --help               Print usage
  -H, --host list          Daemon socket(s) to connect to (default [])
  -l, --log-level string   Set the logging level ("debug", "info", "warn", "error", "fatal") (default "info")
      --tls                Use TLS; implied by --tlsverify
      --tlscacert string   Trust certs signed only by this CA (default "/root/.docker/ca.pem")
      --tlscert string     Path to TLS certificate file (default "/root/.docker/cert.pem")
      --tlskey string      Path to TLS key file (default "/root/.docker/key.pem")
      --tlsverify          Use TLS and verify the remote
  -v, --version            Print version information and quit

Management Commands:
  checkpoint  Manage checkpoints
  container   Manage containers
  image       Manage images
  network     Manage networks
  node        Manage Swarm nodes
  plugin      Manage plugins
  secret      Manage Docker secrets
  service     Manage services
  stack       Manage Docker stacks
  swarm       Manage Swarm
  system      Manage Docker
  volume      Manage volumes

Commands:
  attach      Attach to a running container
  build       Build an image from a Dockerfile
  commit      Create a new image from a container's changes
  cp          Copy files/folders between a container and the local filesystem
  create      Create a new container
  deploy      Deploy a new stack or update an existing stack
  diff        Inspect changes on a container's filesystem
  events      Get real time events from the server
  exec        Run a command in a running container
  export      Export a container's filesystem as a tar archive
  history     Show the history of an image
  images      List images
  import      Import the contents from a tarball to create a filesystem image
  info        Display system-wide information
  inspect     Return low-level information on Docker objects
  kill        Kill one or more running containers
  load        Load an image from a tar archive or STDIN
  login       Log in to a Docker registry
  logout      Log out from a Docker registry
  logs        Fetch the logs of a container
  pause       Pause all processes within one or more containers
  port        List port mappings or a specific mapping for the container
  ps          List containers
  pull        Pull an image or a repository from a registry
  push        Push an image or a repository to a registry
  rename      Rename a container
  restart     Restart one or more containers
  rm          Remove one or more containers
  rmi         Remove one or more images
  run         Run a command in a new container
  save        Save one or more images to a tar archive (streamed to STDOUT by default)
  search      Search the Docker Hub for images
  start       Start one or more stopped containers
  stats       Display a live stream of container(s) resource usage statistics
  stop        Stop one or more running containers
  tag         Create a tag TARGET_IMAGE that refers to SOURCE_IMAGE
  top         Display the running processes of a container
  unpause     Unpause all processes within one or more containers
  update      Update configuration of one or more containers
  version     Show the Docker version information
  wait        Block until one or more containers stop, then print their exit codes

Run 'docker COMMAND --help' for more information on a command.


[1]+  Exit 125                docker -H 0.0.0.0:2375 -d
root@Docker-Ubuntu:/home/alex# 
root@Docker-Ubuntu:/home/alex# 
root@Docker-Ubuntu:/home/alex# netstat -tlp
Active Internet connections (only servers)
Proto Recv-Q Send-Q Local Address           Foreign Address         State       PID/Program name
tcp        0      0 Docker-Ubuntu:domain    *:*                     LISTEN      806/dnsmasq     
tcp        0      0 *:ssh                   *:*                     LISTEN      3865/sshd       
tcp        0      0 localhost:ipp           *:*                     LISTEN      2208/cupsd      
tcp6       0      0 [::]:ssh                [::]:*                  LISTEN      3865/sshd       
tcp6       0      0 ip6-localhost:ipp       [::]:*                  LISTEN      2208/cupsd      
root@Docker-Ubuntu:/home/alex# 
root@Docker-Ubuntu:/home/alex# 
root@Docker-Ubuntu:/home/alex# 
root@Docker-Ubuntu:/home/alex# dockerd -H 0.0.0.0:2375 -d &
[1] 15886
root@Docker-Ubuntu:/home/alex# Status: unknown shorthand flag: 'd' in -d
See 'dockerd --help'.

Usage:  dockerd COMMAND

A self-sufficient runtime for containers.

Options:
      --add-runtime runtime                   Register an additional OCI compatible runtime (default [])
      --api-cors-header string                Set CORS headers in the Engine API
      --authorization-plugin list             Authorization plugins to load (default [])
      --bip string                            Specify network bridge IP
  -b, --bridge string                         Attach containers to a network bridge
      --cgroup-parent string                  Set parent cgroup for all containers
      --cluster-advertise string              Address or interface name to advertise
      --cluster-store string                  URL of the distributed storage backend
      --cluster-store-opt map                 Set cluster store options (default map[])
      --config-file string                    Daemon configuration file (default "/etc/docker/daemon.json")
      --containerd string                     Path to containerd socket
      --cpu-rt-period int                     Limit the CPU real-time period in microseconds
      --cpu-rt-runtime int                    Limit the CPU real-time runtime in microseconds
  -D, --debug                                 Enable debug mode
      --default-gateway ip                    Container default gateway IPv4 address
      --default-gateway-v6 ip                 Container default gateway IPv6 address
      --default-runtime string                Default OCI runtime for containers (default "runc")
      --default-ulimit ulimit                 Default ulimits for containers (default [])
      --disable-legacy-registry               Disable contacting legacy registries
      --dns list                              DNS server to use (default [])
      --dns-opt list                          DNS options to use (default [])
      --dns-search list                       DNS search domains to use (default [])
      --exec-opt list                         Runtime execution options (default [])
      --exec-root string                      Root directory for execution state files (default "/var/run/docker")
      --experimental                          Enable experimental features
      --fixed-cidr string                     IPv4 subnet for fixed IPs
      --fixed-cidr-v6 string                  IPv6 subnet for fixed IPs
  -g, --graph string                          Root of the Docker runtime (default "/var/lib/docker")
  -G, --group string                          Group for the unix socket (default "docker")
      --help                                  Print usage
  -H, --host list                             Daemon socket(s) to connect to (default [])
      --icc                                   Enable inter-container communication (default true)
      --init                                  Run an init in the container to forward signals and reap processes
      --init-path string                      Path to the docker-init binary
      --insecure-registry list                Enable insecure registry communication (default [])
      --ip ip                                 Default IP when binding container ports (default 0.0.0.0)
      --ip-forward                            Enable net.ipv4.ip_forward (default true)
      --ip-masq                               Enable IP masquerading (default true)
      --iptables                              Enable addition of iptables rules (default true)
      --ipv6                                  Enable IPv6 networking
      --label list                            Set key=value labels to the daemon (default [])
      --live-restore                          Enable live restore of docker when containers are still running
      --log-driver string                     Default driver for container logs (default "json-file")
  -l, --log-level string                      Set the logging level ("debug", "info", "warn", "error", "fatal") (default "info")
      --log-opt map                           Default log driver options for containers (default map[])
      --max-concurrent-downloads int          Set the max concurrent downloads for each pull (default 3)
      --max-concurrent-uploads int            Set the max concurrent uploads for each push (default 5)
      --metrics-addr string                   Set default address and port to serve the metrics api on
      --mtu int                               Set the containers network MTU
      --oom-score-adjust int                  Set the oom_score_adj for the daemon (default -500)
  -p, --pidfile string                        Path to use for daemon PID file (default "/var/run/docker.pid")
      --raw-logs                              Full timestamps without ANSI coloring
      --registry-mirror list                  Preferred Docker registry mirror (default [])
      --seccomp-profile string                Path to seccomp profile
      --selinux-enabled                       Enable selinux support
      --shutdown-timeout int                  Set the default shutdown timeout (default 15)
  -s, --storage-driver string                 Storage driver to use
      --storage-opt list                      Storage driver options (default [])
      --swarm-default-advertise-addr string   Set default address or interface for swarm advertised address
      --tls                                   Use TLS; implied by --tlsverify
      --tlscacert string                      Trust certs signed only by this CA (default "/root/.docker/ca.pem")
      --tlscert string                        Path to TLS certificate file (default "/root/.docker/cert.pem")
      --tlskey string                         Path to TLS key file (default "/root/.docker/key.pem")
      --tlsverify                             Use TLS and verify the remote
      --userland-proxy                        Use userland proxy for loopback traffic (default true)
      --userland-proxy-path string            Path to the userland proxy binary
      --userns-remap string                   User/Group setting for user namespaces
  -v, --version                               Print version information and quit

Run 'dockerd COMMAND --help' for more information on a command.
, Code: 125

[1]+  Exit 1                  dockerd -H 0.0.0.0:2375 -d
root@Docker-Ubuntu:/home/alex# dockerd -H 172.25.26.126:2375 -d &
[1] 15892
root@Docker-Ubuntu:/home/alex# Status: unknown shorthand flag: 'd' in -d
See 'dockerd --help'.

Usage:  dockerd COMMAND

A self-sufficient runtime for containers.

Options:
      --add-runtime runtime                   Register an additional OCI compatible runtime (default [])
      --api-cors-header string                Set CORS headers in the Engine API
      --authorization-plugin list             Authorization plugins to load (default [])
      --bip string                            Specify network bridge IP
  -b, --bridge string                         Attach containers to a network bridge
      --cgroup-parent string                  Set parent cgroup for all containers
      --cluster-advertise string              Address or interface name to advertise
      --cluster-store string                  URL of the distributed storage backend
      --cluster-store-opt map                 Set cluster store options (default map[])
      --config-file string                    Daemon configuration file (default "/etc/docker/daemon.json")
      --containerd string                     Path to containerd socket
      --cpu-rt-period int                     Limit the CPU real-time period in microseconds
      --cpu-rt-runtime int                    Limit the CPU real-time runtime in microseconds
  -D, --debug                                 Enable debug mode
      --default-gateway ip                    Container default gateway IPv4 address
      --default-gateway-v6 ip                 Container default gateway IPv6 address
      --default-runtime string                Default OCI runtime for containers (default "runc")
      --default-ulimit ulimit                 Default ulimits for containers (default [])
      --disable-legacy-registry               Disable contacting legacy registries
      --dns list                              DNS server to use (default [])
      --dns-opt list                          DNS options to use (default [])
      --dns-search list                       DNS search domains to use (default [])
      --exec-opt list                         Runtime execution options (default [])
      --exec-root string                      Root directory for execution state files (default "/var/run/docker")
      --experimental                          Enable experimental features
      --fixed-cidr string                     IPv4 subnet for fixed IPs
      --fixed-cidr-v6 string                  IPv6 subnet for fixed IPs
  -g, --graph string                          Root of the Docker runtime (default "/var/lib/docker")
  -G, --group string                          Group for the unix socket (default "docker")
      --help                                  Print usage
  -H, --host list                             Daemon socket(s) to connect to (default [])
      --icc                                   Enable inter-container communication (default true)
      --init                                  Run an init in the container to forward signals and reap processes
      --init-path string                      Path to the docker-init binary
      --insecure-registry list                Enable insecure registry communication (default [])
      --ip ip                                 Default IP when binding container ports (default 0.0.0.0)
      --ip-forward                            Enable net.ipv4.ip_forward (default true)
      --ip-masq                               Enable IP masquerading (default true)
      --iptables                              Enable addition of iptables rules (default true)
      --ipv6                                  Enable IPv6 networking
      --label list                            Set key=value labels to the daemon (default [])
      --live-restore                          Enable live restore of docker when containers are still running
      --log-driver string                     Default driver for container logs (default "json-file")
  -l, --log-level string                      Set the logging level ("debug", "info", "warn", "error", "fatal") (default "info")
      --log-opt map                           Default log driver options for containers (default map[])
      --max-concurrent-downloads int          Set the max concurrent downloads for each pull (default 3)
      --max-concurrent-uploads int            Set the max concurrent uploads for each push (default 5)
      --metrics-addr string                   Set default address and port to serve the metrics api on
      --mtu int                               Set the containers network MTU
      --oom-score-adjust int                  Set the oom_score_adj for the daemon (default -500)
  -p, --pidfile string                        Path to use for daemon PID file (default "/var/run/docker.pid")
      --raw-logs                              Full timestamps without ANSI coloring
      --registry-mirror list                  Preferred Docker registry mirror (default [])
      --seccomp-profile string                Path to seccomp profile
      --selinux-enabled                       Enable selinux support
      --shutdown-timeout int                  Set the default shutdown timeout (default 15)
  -s, --storage-driver string                 Storage driver to use
      --storage-opt list                      Storage driver options (default [])
      --swarm-default-advertise-addr string   Set default address or interface for swarm advertised address
      --tls                                   Use TLS; implied by --tlsverify
      --tlscacert string                      Trust certs signed only by this CA (default "/root/.docker/ca.pem")
      --tlscert string                        Path to TLS certificate file (default "/root/.docker/cert.pem")
      --tlskey string                         Path to TLS key file (default "/root/.docker/key.pem")
      --tlsverify                             Use TLS and verify the remote
      --userland-proxy                        Use userland proxy for loopback traffic (default true)
      --userland-proxy-path string            Path to the userland proxy binary
      --userns-remap string                   User/Group setting for user namespaces
  -v, --version                               Print version information and quit

Run 'dockerd COMMAND --help' for more information on a command.
, Code: 125

[1]+  Exit 1                  dockerd -H 172.25.26.126:2375 -d
root@Docker-Ubuntu:/home/alex# 
root@Docker-Ubuntu:/home/alex# 
root@Docker-Ubuntu:/home/alex# service docker stop
root@Docker-Ubuntu:/home/alex# 
root@Docker-Ubuntu:/home/alex# 
root@Docker-Ubuntu:/home/alex# 
root@Docker-Ubuntu:/home/alex# docker info
Cannot connect to the Docker daemon at unix:///var/run/docker.sock. Is the docker daemon running?
root@Docker-Ubuntu:/home/alex# 
root@Docker-Ubuntu:/home/alex# 
root@Docker-Ubuntu:/home/alex# docker -H 172.25.26.126:2375 -d &
[1] 15937
root@Docker-Ubuntu:/home/alex# unknown shorthand flag: 'd' in -d
See 'docker --help'.

Usage:  docker COMMAND

A self-sufficient runtime for containers

Options:
      --config string      Location of client config files (default "/root/.docker")
  -D, --debug              Enable debug mode
      --help               Print usage
  -H, --host list          Daemon socket(s) to connect to (default [])
  -l, --log-level string   Set the logging level ("debug", "info", "warn", "error", "fatal") (default "info")
      --tls                Use TLS; implied by --tlsverify
      --tlscacert string   Trust certs signed only by this CA (default "/root/.docker/ca.pem")
      --tlscert string     Path to TLS certificate file (default "/root/.docker/cert.pem")
      --tlskey string      Path to TLS key file (default "/root/.docker/key.pem")
      --tlsverify          Use TLS and verify the remote
  -v, --version            Print version information and quit

Management Commands:
  checkpoint  Manage checkpoints
  container   Manage containers
  image       Manage images
  network     Manage networks
  node        Manage Swarm nodes
  plugin      Manage plugins
  secret      Manage Docker secrets
  service     Manage services
  stack       Manage Docker stacks
  swarm       Manage Swarm
  system      Manage Docker
  volume      Manage volumes

Commands:
  attach      Attach to a running container
  build       Build an image from a Dockerfile
  commit      Create a new image from a container's changes
  cp          Copy files/folders between a container and the local filesystem
  create      Create a new container
  deploy      Deploy a new stack or update an existing stack
  diff        Inspect changes on a container's filesystem
  events      Get real time events from the server
  exec        Run a command in a running container
  export      Export a container's filesystem as a tar archive
  history     Show the history of an image
  images      List images
  import      Import the contents from a tarball to create a filesystem image
  info        Display system-wide information
  inspect     Return low-level information on Docker objects
  kill        Kill one or more running containers
  load        Load an image from a tar archive or STDIN
  login       Log in to a Docker registry
  logout      Log out from a Docker registry
  logs        Fetch the logs of a container
  pause       Pause all processes within one or more containers
  port        List port mappings or a specific mapping for the container
  ps          List containers
  pull        Pull an image or a repository from a registry
  push        Push an image or a repository to a registry
  rename      Rename a container
  restart     Restart one or more containers
  rm          Remove one or more containers
  rmi         Remove one or more images
  run         Run a command in a new container
  save        Save one or more images to a tar archive (streamed to STDOUT by default)
  search      Search the Docker Hub for images
  start       Start one or more stopped containers
  stats       Display a live stream of container(s) resource usage statistics
  stop        Stop one or more running containers
  tag         Create a tag TARGET_IMAGE that refers to SOURCE_IMAGE
  top         Display the running processes of a container
  unpause     Unpause all processes within one or more containers
  update      Update configuration of one or more containers
  version     Show the Docker version information
  wait        Block until one or more containers stop, then print their exit codes

Run 'docker COMMAND --help' for more information on a command.


[1]+  Exit 125                docker -H 172.25.26.126:2375 -d
root@Docker-Ubuntu:/home/alex# dockerd -H 172.25.26.126:2375 -d &
[1] 15941
root@Docker-Ubuntu:/home/alex# Status: unknown shorthand flag: 'd' in -d
See 'dockerd --help'.

Usage:  dockerd COMMAND

A self-sufficient runtime for containers.

Options:
      --add-runtime runtime                   Register an additional OCI compatible runtime (default [])
      --api-cors-header string                Set CORS headers in the Engine API
      --authorization-plugin list             Authorization plugins to load (default [])
      --bip string                            Specify network bridge IP
  -b, --bridge string                         Attach containers to a network bridge
      --cgroup-parent string                  Set parent cgroup for all containers
      --cluster-advertise string              Address or interface name to advertise
      --cluster-store string                  URL of the distributed storage backend
      --cluster-store-opt map                 Set cluster store options (default map[])
      --config-file string                    Daemon configuration file (default "/etc/docker/daemon.json")
      --containerd string                     Path to containerd socket
      --cpu-rt-period int                     Limit the CPU real-time period in microseconds
      --cpu-rt-runtime int                    Limit the CPU real-time runtime in microseconds
  -D, --debug                                 Enable debug mode
      --default-gateway ip                    Container default gateway IPv4 address
      --default-gateway-v6 ip                 Container default gateway IPv6 address
      --default-runtime string                Default OCI runtime for containers (default "runc")
      --default-ulimit ulimit                 Default ulimits for containers (default [])
      --disable-legacy-registry               Disable contacting legacy registries
      --dns list                              DNS server to use (default [])
      --dns-opt list                          DNS options to use (default [])
      --dns-search list                       DNS search domains to use (default [])
      --exec-opt list                         Runtime execution options (default [])
      --exec-root string                      Root directory for execution state files (default "/var/run/docker")
      --experimental                          Enable experimental features
      --fixed-cidr string                     IPv4 subnet for fixed IPs
      --fixed-cidr-v6 string                  IPv6 subnet for fixed IPs
  -g, --graph string                          Root of the Docker runtime (default "/var/lib/docker")
  -G, --group string                          Group for the unix socket (default "docker")
      --help                                  Print usage
  -H, --host list                             Daemon socket(s) to connect to (default [])
      --icc                                   Enable inter-container communication (default true)
      --init                                  Run an init in the container to forward signals and reap processes
      --init-path string                      Path to the docker-init binary
      --insecure-registry list                Enable insecure registry communication (default [])
      --ip ip                                 Default IP when binding container ports (default 0.0.0.0)
      --ip-forward                            Enable net.ipv4.ip_forward (default true)
      --ip-masq                               Enable IP masquerading (default true)
      --iptables                              Enable addition of iptables rules (default true)
      --ipv6                                  Enable IPv6 networking
      --label list                            Set key=value labels to the daemon (default [])
      --live-restore                          Enable live restore of docker when containers are still running
      --log-driver string                     Default driver for container logs (default "json-file")
  -l, --log-level string                      Set the logging level ("debug", "info", "warn", "error", "fatal") (default "info")
      --log-opt map                           Default log driver options for containers (default map[])
      --max-concurrent-downloads int          Set the max concurrent downloads for each pull (default 3)
      --max-concurrent-uploads int            Set the max concurrent uploads for each push (default 5)
      --metrics-addr string                   Set default address and port to serve the metrics api on
      --mtu int                               Set the containers network MTU
      --oom-score-adjust int                  Set the oom_score_adj for the daemon (default -500)
  -p, --pidfile string                        Path to use for daemon PID file (default "/var/run/docker.pid")
      --raw-logs                              Full timestamps without ANSI coloring
      --registry-mirror list                  Preferred Docker registry mirror (default [])
      --seccomp-profile string                Path to seccomp profile
      --selinux-enabled                       Enable selinux support
      --shutdown-timeout int                  Set the default shutdown timeout (default 15)
  -s, --storage-driver string                 Storage driver to use
      --storage-opt list                      Storage driver options (default [])
      --swarm-default-advertise-addr string   Set default address or interface for swarm advertised address
      --tls                                   Use TLS; implied by --tlsverify
      --tlscacert string                      Trust certs signed only by this CA (default "/root/.docker/ca.pem")
      --tlscert string                        Path to TLS certificate file (default "/root/.docker/cert.pem")
      --tlskey string                         Path to TLS key file (default "/root/.docker/key.pem")
      --tlsverify                             Use TLS and verify the remote
      --userland-proxy                        Use userland proxy for loopback traffic (default true)
      --userland-proxy-path string            Path to the userland proxy binary
      --userns-remap string                   User/Group setting for user namespaces
  -v, --version                               Print version information and quit

Run 'dockerd COMMAND --help' for more information on a command.
, Code: 125

[1]+  Exit 1                  dockerd -H 172.25.26.126:2375 -d
root@Docker-Ubuntu:/home/alex# 
root@Docker-Ubuntu:/home/alex# 
root@Docker-Ubuntu:/home/alex# 
root@Docker-Ubuntu:/home/alex# netstat -tlp
Active Internet connections (only servers)
Proto Recv-Q Send-Q Local Address           Foreign Address         State       PID/Program name
tcp        0      0 Docker-Ubuntu:domain    *:*                     LISTEN      806/dnsmasq     
tcp        0      0 *:ssh                   *:*                     LISTEN      3865/sshd       
tcp        0      0 localhost:ipp           *:*                     LISTEN      2208/cupsd      
tcp6       0      0 [::]:ssh                [::]:*                  LISTEN      3865/sshd       
tcp6       0      0 ip6-localhost:ipp       [::]:*                  LISTEN      2208/cupsd      
root@Docker-Ubuntu:/home/alex# 
root@Docker-Ubuntu:/home/alex# 
root@Docker-Ubuntu:/home/alex# netstat -tlp ?
Active Internet connections (only servers)
Proto Recv-Q Send-Q Local Address           Foreign Address         State       PID/Program name
tcp        0      0 Docker-Ubuntu:domain    *:*                     LISTEN      806/dnsmasq     
tcp        0      0 *:ssh                   *:*                     LISTEN      3865/sshd       
tcp        0      0 localhost:ipp           *:*                     LISTEN      2208/cupsd      
tcp6       0      0 [::]:ssh                [::]:*                  LISTEN      3865/sshd       
tcp6       0      0 ip6-localhost:ipp       [::]:*                  LISTEN      2208/cupsd      
root@Docker-Ubuntu:/home/alex# 
root@Docker-Ubuntu:/home/alex# 
root@Docker-Ubuntu:/home/alex# dockerd
INFO[0000] libcontainerd: new containerd process, pid: 16238 
WARN[0000] containerd: low RLIMIT_NOFILE changing to max  current=1024 max=1048576
INFO[0001] [graphdriver] using prior storage driver: aufs 
INFO[0001] Graph migration to content-addressability took 0.00 seconds 
WARN[0001] Your kernel does not support swap memory limit 
WARN[0001] Your kernel does not support cgroup rt period 
WARN[0001] Your kernel does not support cgroup rt runtime 
INFO[0001] Loading containers: start.                   
INFO[0001] Firewalld running: false                     
INFO[0001] Default bridge (docker0) is assigned with an IP address 172.17.0.0/16. Daemon option --bip can be used to set a preferred IP address 
INFO[0001] Loading containers: done.                    
WARN[0001] Couldn't run auplink before unmount /var/lib/docker/tmp/docker-aufs-union434021928: exec: "auplink": executable file not found in $PATH 
WARN[0001] failed to retrieve runc version: unknown output format: runc version spec: 1.0.0-rc2-dev
 
WARN[0001] failed to retrieve docker-init version: unknown output format: tini version 0.13.0
 
INFO[0001] Daemon has completed initialization          
INFO[0001] Docker daemon                                 commit=092cba3 graphdriver=aufs version=1.13.1
INFO[0001] API listen on /var/run/docker.sock           




^CINFO[0025] Processing signal 'interrupt'                
INFO[0025] stopping containerd after receiving terminated 
root@Docker-Ubuntu:/home/alex# dockerd &
[1] 16328
root@Docker-Ubuntu:/home/alex# INFO[0000] libcontainerd: new containerd process, pid: 16331 
WARN[0000] containerd: low RLIMIT_NOFILE changing to max  current=1024 max=1048576
INFO[0001] [graphdriver] using prior storage driver: aufs 
INFO[0001] Graph migration to content-addressability took 0.00 seconds 
WARN[0001] Your kernel does not support swap memory limit 
WARN[0001] Your kernel does not support cgroup rt period 
WARN[0001] Your kernel does not support cgroup rt runtime 
INFO[0001] Loading containers: start.                   
INFO[0001] Firewalld running: false                     
INFO[0001] Default bridge (docker0) is assigned with an IP address 172.17.0.0/16. Daemon option --bip can be used to set a preferred IP address 
INFO[0001] Loading containers: done.                    
WARN[0001] Couldn't run auplink before unmount /var/lib/docker/tmp/docker-aufs-union527276565: exec: "auplink": executable file not found in $PATH 
WARN[0001] failed to retrieve runc version: unknown output format: runc version spec: 1.0.0-rc2-dev
 
WARN[0001] failed to retrieve docker-init version: unknown output format: tini version 0.13.0
 
INFO[0001] Daemon has completed initialization          
INFO[0001] Docker daemon                                 commit=092cba3 graphdriver=aufs version=1.13.1
INFO[0001] API listen on /var/run/docker.sock           

root@Docker-Ubuntu:/home/alex# 
root@Docker-Ubuntu:/home/alex# 
root@Docker-Ubuntu:/home/alex# netstat -tlp 
Active Internet connections (only servers)
Proto Recv-Q Send-Q Local Address           Foreign Address         State       PID/Program name
tcp        0      0 Docker-Ubuntu:domain    *:*                     LISTEN      806/dnsmasq     
tcp        0      0 *:ssh                   *:*                     LISTEN      3865/sshd       
tcp        0      0 localhost:ipp           *:*                     LISTEN      2208/cupsd      
tcp6       0      0 [::]:ssh                [::]:*                  LISTEN      3865/sshd       
tcp6       0      0 ip6-localhost:ipp       [::]:*                  LISTEN      2208/cupsd      
root@Docker-Ubuntu:/home/alex# docker info
WARN[0019] failed to retrieve runc version: unknown output format: runc version spec: 1.0.0-rc2-dev
 
WARN[0019] failed to retrieve docker-init version: unknown output format: tini version 0.13.0
 
Containers: 1
 Running: 0
 Paused: 0
 Stopped: 1
Images: 1
Server Version: 1.13.1
Storage Driver: aufs
 Root Dir: /var/lib/docker/aufs
 Backing Filesystem: extfs
 Dirs: 7
 Dirperm1 Supported: true
Logging Driver: json-file
Cgroup Driver: cgroupfs
Plugins: 
 Volume: local
 Network: bridge host macvlan null overlay
Swarm: inactive
Runtimes: runc
Default Runtime: runc
Init Binary: docker-init
containerd version:  (expected: aa8187dbd3b7ad67d8e5e3a15115d3eef43a7ed1)
runc version: N/A (expected: 9df8b306d01f59d3a8029be411de015b7304dd8f)
init version: N/A (expected: 949e6facb77383876aeff8a6944dde66b3089574)
Security Options:
 apparmor
 seccomp
  Profile: default
Kernel Version: 4.13.0-36-generic
Operating System: Ubuntu 16.04.4 LTS
OSType: linux
Architecture: x86_64
CPUs: 1
Total Memory: 3.81 GiB
Name: Docker-Ubuntu
ID: WKFD:JBU5:LF54:76SG:5HAX:QZNM:3EUW:33ZJ:CXPU:A7AD:BPKS:MMJ5
Docker Root Dir: /var/lib/docker
Debug Mode (client): false
Debug Mode (server): false
Registry: https://index.docker.io/v1/
WARNING: No swap limit support
Experimental: false
Insecure Registries:
 127.0.0.0/8
Live Restore Enabled: false
root@Docker-Ubuntu:/home/alex# 
root@Docker-Ubuntu:/home/alex# 
root@Docker-Ubuntu:/home/alex# docker ps
CONTAINER ID        IMAGE               COMMAND             CREATED             STATUS              PORTS               NAMES
root@Docker-Ubuntu:/home/alex# 
root@Docker-Ubuntu:/home/alex# 
root@Docker-Ubuntu:/home/alex# docker ps -a
CONTAINER ID        IMAGE               COMMAND             CREATED             STATUS                   PORTS               NAMES
56c988837f95        ubuntu              "/bin/bash"         3 hours ago         Exited (0) 3 hours ago                       sharp_ritchie
root@Docker-Ubuntu:/home/alex# 
root@Docker-Ubuntu:/home/alex# 
root@Docker-Ubuntu:/home/alex# 
root@Docker-Ubuntu:/home/alex# 
root@Docker-Ubuntu:/home/alex# cat /etc/dock
cat: /etc/dock: No such file or directory
root@Docker-Ubuntu:/home/alex# 
root@Docker-Ubuntu:/home/alex# cat /etc/docker/deamon.jso
cat: /etc/docker/deamon.jso: No such file or directory
root@Docker-Ubuntu:/home/alex# cat /etc/docker/deamon.json
cat: /etc/docker/deamon.json: No such file or directory
root@Docker-Ubuntu:/home/alex# cd /etc/docker/
root@Docker-Ubuntu:/etc/docker# ls
key.json
root@Docker-Ubuntu:/etc/docker# 
root@Docker-Ubuntu:/etc/docker# 
root@Docker-Ubuntu:/etc/docker# cat key.json
{"crv":"P-256","d":"JYovL5qLsU5N3K8IdJc-ORVRYnJt1rXEOSb5hPPRWXA","kid":"WKFD:JBU5:LF54:76SG:5HAX:QZNM:3EUW:33ZJ:CXPU:A7AD:BPKS:MMJ5","kty":"EC","x":"EnAeX9djVrdY7MECaq32fg76vAbgeEJ2uhrIsddqDwQ","y":"Zh01cVkEKyegeAwO_5ca6DoHVpevTGq8iIynKPyKpC8"}root@Docker-Ubuntu:/etc/docker# 
root@Docker-Ubuntu:/etc/docker# 
root@Docker-Ubuntu:/etc/docker# 
root@Docker-Ubuntu:/etc/docker# 
root@Docker-Ubuntu:/etc/docker# 
root@Docker-Ubuntu:/etc/docker# docker -v
Docker version 1.13.1, build 092cba3
root@Docker-Ubuntu:/etc/docker# 
root@Docker-Ubuntu:/etc/docker# 
root@Docker-Ubuntu:/etc/docker# docker -version
unknown shorthand flag: 'e' in -ersion
See 'docker --help'.

Usage:  docker COMMAND

A self-sufficient runtime for containers

Options:
      --config string      Location of client config files (default "/root/.docker")
  -D, --debug              Enable debug mode
      --help               Print usage
  -H, --host list          Daemon socket(s) to connect to (default [])
  -l, --log-level string   Set the logging level ("debug", "info", "warn", "error", "fatal") (default "info")
      --tls                Use TLS; implied by --tlsverify
      --tlscacert string   Trust certs signed only by this CA (default "/root/.docker/ca.pem")
      --tlscert string     Path to TLS certificate file (default "/root/.docker/cert.pem")
      --tlskey string      Path to TLS key file (default "/root/.docker/key.pem")
      --tlsverify          Use TLS and verify the remote
  -v, --version            Print version information and quit

Management Commands:
  checkpoint  Manage checkpoints
  container   Manage containers
  image       Manage images
  network     Manage networks
  node        Manage Swarm nodes
  plugin      Manage plugins
  secret      Manage Docker secrets
  service     Manage services
  stack       Manage Docker stacks
  swarm       Manage Swarm
  system      Manage Docker
  volume      Manage volumes

Commands:
  attach      Attach to a running container
  build       Build an image from a Dockerfile
  commit      Create a new image from a container's changes
  cp          Copy files/folders between a container and the local filesystem
  create      Create a new container
  deploy      Deploy a new stack or update an existing stack
  diff        Inspect changes on a container's filesystem
  events      Get real time events from the server
  exec        Run a command in a running container
  export      Export a container's filesystem as a tar archive
  history     Show the history of an image
  images      List images
  import      Import the contents from a tarball to create a filesystem image
  info        Display system-wide information
  inspect     Return low-level information on Docker objects
  kill        Kill one or more running containers
  load        Load an image from a tar archive or STDIN
  login       Log in to a Docker registry
  logout      Log out from a Docker registry
  logs        Fetch the logs of a container
  pause       Pause all processes within one or more containers
  port        List port mappings or a specific mapping for the container
  ps          List containers
  pull        Pull an image or a repository from a registry
  push        Push an image or a repository to a registry
  rename      Rename a container
  restart     Restart one or more containers
  rm          Remove one or more containers
  rmi         Remove one or more images
  run         Run a command in a new container
  save        Save one or more images to a tar archive (streamed to STDOUT by default)
  search      Search the Docker Hub for images
  start       Start one or more stopped containers
  stats       Display a live stream of container(s) resource usage statistics
  stop        Stop one or more running containers
  tag         Create a tag TARGET_IMAGE that refers to SOURCE_IMAGE
  top         Display the running processes of a container
  unpause     Unpause all processes within one or more containers
  update      Update configuration of one or more containers
  version     Show the Docker version information
  wait        Block until one or more containers stop, then print their exit codes

Run 'docker COMMAND --help' for more information on a command.

root@Docker-Ubuntu:/etc/docker# docker version
Client:
 Version:      1.13.1
 API version:  1.26
 Go version:   go1.6.2
 Git commit:   092cba3
 Built:        Thu Nov  2 20:40:23 2017
 OS/Arch:      linux/amd64

Server:
 Version:      1.13.1
 API version:  1.26 (minimum version 1.12)
 Go version:   go1.6.2
 Git commit:   092cba3
 Built:        Thu Nov  2 20:40:23 2017
 OS/Arch:      linux/amd64
 Experimental: false
root@Docker-Ubuntu:/etc/docker# 
root@Docker-Ubuntu:/etc/docker# 
root@Docker-Ubuntu:/etc/docker# 
root@Docker-Ubuntu:/etc/docker# 
root@Docker-Ubuntu:/etc/docker# docker update
"docker update" requires at least 1 argument(s).
See 'docker update --help'.

Usage:  docker update [OPTIONS] CONTAINER [CONTAINER...]

Update configuration of one or more containers
root@Docker-Ubuntu:/etc/docker# apt-get updated
E: Invalid operation updated
root@Docker-Ubuntu:/etc/docker# apt-get update
Hit:1 http://archive.canonical.com/ubuntu xenial InRelease
Get:2 http://security.ubuntu.com/ubuntu xenial-security InRelease [102 kB]                                
Hit:3 http://gb.archive.ubuntu.com/ubuntu xenial InRelease                                                
Get:4 http://gb.archive.ubuntu.com/ubuntu xenial-updates InRelease [102 kB]                               
Get:6 http://gb.archive.ubuntu.com/ubuntu xenial-backports InRelease [102 kB]                             
Ign:5 https://get.docker.com/ubuntu docker InRelease        
Hit:7 https://get.docker.com/ubuntu docker Release
Get:8 http://gb.archive.ubuntu.com/ubuntu xenial-updates/main amd64 DEP-11 Metadata [319 kB]
Get:9 http://security.ubuntu.com/ubuntu xenial-security/main amd64 DEP-11 Metadata [67.5 kB]
Get:11 http://security.ubuntu.com/ubuntu xenial-security/main DEP-11 64x64 Icons [77.2 kB]                
Get:12 http://security.ubuntu.com/ubuntu xenial-security/universe amd64 DEP-11 Metadata [107 kB]          
Get:13 http://security.ubuntu.com/ubuntu xenial-security/universe DEP-11 64x64 Icons [147 kB]             
Get:14 http://gb.archive.ubuntu.com/ubuntu xenial-updates/main DEP-11 64x64 Icons [231 kB]       
Get:15 http://gb.archive.ubuntu.com/ubuntu xenial-updates/universe amd64 DEP-11 Metadata [242 kB]        
Get:16 http://gb.archive.ubuntu.com/ubuntu xenial-updates/universe DEP-11 64x64 Icons [328 kB]            
Get:17 http://gb.archive.ubuntu.com/ubuntu xenial-updates/multiverse amd64 DEP-11 Metadata [5,972 B]
Get:18 http://gb.archive.ubuntu.com/ubuntu xenial-backports/main amd64 DEP-11 Metadata [3,328 B]
Get:19 http://gb.archive.ubuntu.com/ubuntu xenial-backports/universe amd64 DEP-11 Metadata [5,088 B]
Fetched 1,839 kB in 1s (1,009 kB/s)     


Reading package lists... Done
W: http://get.docker.com/ubuntu/dists/docker/Release.gpg: Signature by key 36A1D7869245C8950F966E92D8576A8BA88D21E9 uses weak digest algorithm (SHA1)
root@Docker-Ubuntu:/etc/docker# 
root@Docker-Ubuntu:/etc/docker# 
root@Docker-Ubuntu:/etc/docker# 
root@Docker-Ubuntu:/etc/docker# sudo apt-get remove docker docker-engine docker-ce docker.io
Reading package lists... Done
Building dependency tree       
Reading state information... Done
Package 'docker-engine' is not installed, so not removed
Package 'docker-ce' is not installed, so not removed
Package 'docker' is not installed, so not removed
The following packages were automatically installed and are no longer required:
  bridge-utils cgroupfs-mount containerd runc ubuntu-fan
Use 'sudo apt autoremove' to remove them.
The following packages will be REMOVED
  docker.io
0 to upgrade, 0 to newly install, 1 to remove and 5 not to upgrade.
After this operation, 62.7 MB disk space will be freed.
Do you want to continue? [Y/n] 

(Reading database ... 179956 files and directories currently installed.)
Removing docker.io (1.13.1-0ubuntu1~16.04.2) ...
'/usr/share/docker.io/contrib/nuke-graph-directory.sh' -> '/var/lib/docker/nuke-graph-directory.sh'
Processing triggers for man-db (2.7.5-1) ...
root@Docker-Ubuntu:/etc/docker# 
root@Docker-Ubuntu:/etc/docker# sudo apt-get remove docker docker-engine docker-ce docker.io
Reading package lists... Done
Building dependency tree       
Reading state information... Done

Package 'docker-engine' is not installed, so not removed
Package 'docker-ce' is not installed, so not removed
Package 'docker' is not installed, so not removed
Package 'docker.io' is not installed, so not removed


The following packages were automatically installed and are no longer required:
  bridge-utils cgroupfs-mount containerd runc ubuntu-fan
Use 'sudo apt autoremove' to remove them.
0 to upgrade, 0 to newly install, 0 to remove and 5 not to upgrade.
root@Docker-Ubuntu:/etc/docker# 
root@Docker-Ubuntu:/etc/docker# 
root@Docker-Ubuntu:/etc/docker# 
root@Docker-Ubuntu:/etc/docker# 
root@Docker-Ubuntu:/etc/docker# 
root@Docker-Ubuntu:/etc/docker# sudo apt-get remove docker docker-engine docker-ce docker.io
Reading package lists... Done
Building dependency tree       
Reading state information... Done
Package 'docker-engine' is not installed, so not removed
Package 'docker-ce' is not installed, so not removed
Package 'docker' is not installed, so not removed
Package 'docker.io' is not installed, so not removed
The following packages were automatically installed and are no longer required:
  bridge-utils cgroupfs-mount containerd runc ubuntu-fan
Use 'sudo apt autoremove' to remove them.
0 to upgrade, 0 to newly install, 0 to remove and 5 not to upgrade.
root@Docker-Ubuntu:/etc/docker# 
root@Docker-Ubuntu:/etc/docker# 
root@Docker-Ubuntu:/etc/docker# 
root@Docker-Ubuntu:/etc/docker# 
root@Docker-Ubuntu:/etc/docker# sudo apt-get install \
>     apt-transport-https \
>     ca-certificates \
>     curl \
>     software-properties-common
Reading package lists... Done
Building dependency tree       
Reading state information... Done
apt-transport-https is already the newest version (1.2.26).
ca-certificates is already the newest version (20170717~16.04.1).
software-properties-common is already the newest version (0.96.20.7).
The following packages were automatically installed and are no longer required:
  bridge-utils cgroupfs-mount containerd runc ubuntu-fan
Use 'sudo apt autoremove' to remove them.
The following NEW packages will be installed
  curl
0 to upgrade, 1 to newly install, 0 to remove and 5 not to upgrade.
Need to get 138 kB of archives.
After this operation, 339 kB of additional disk space will be used.
Do you want to continue? [Y/n] y
Get:1 http://gb.archive.ubuntu.com/ubuntu xenial-updates/main amd64 curl amd64 7.47.0-1ubuntu2.7 [138 kB]
Fetched 138 kB in 0s (545 kB/s)
Selecting previously unselected package curl.
(Reading database ... 179864 files and directories currently installed.)
Preparing to unpack .../curl_7.47.0-1ubuntu2.7_amd64.deb ...
Unpacking curl (7.47.0-1ubuntu2.7) ...
Processing triggers for man-db (2.7.5-1) ...
Setting up curl (7.47.0-1ubuntu2.7) ...
root@Docker-Ubuntu:/etc/docker# 
root@Docker-Ubuntu:/etc/docker# 
root@Docker-Ubuntu:/etc/docker# 
root@Docker-Ubuntu:/etc/docker# https://storebits.docker.com/ee/ubuntu/sub-0595528c-2a52-4079-b441-6dfef702root@Docker-Ubuntu:/etc/docker# Dhttps://storebits.docker.com/ee/ubuntu/sub-0595528c-2a52-4079-b441-6dfef70root@Docker-Ubuntu:/etc/docker# DOhttps://storebits.docker.com/ee/ubuntu/sub-0595528c-2a52-4079-b441-6dfef7root@Docker-Ubuntu:/etc/docker# DOChttps://storebits.docker.com/ee/ubuntu/sub-0595528c-2a52-4079-b441-6dfefroot@Docker-Ubuntu:/etc/docker# DOCKhttps://storebits.docker.com/ee/ubuntu/sub-0595528c-2a52-4079-b441-6dferoot@Docker-Ubuntu:/etc/docker# DOCKEhttps://storebits.docker.com/ee/ubuntu/sub-0595528c-2a52-4079-b441-6dfroot@Docker-Ubuntu:/etc/docker# DOCKERhttps://storebits.docker.com/ee/ubuntu/sub-0595528c-2a52-4079-b441-6droot@Docker-Ubuntu:/etc/docker# DOCKER_https://storebits.docker.com/ee/ubuntu/sub-0595528c-2a52-4079-b441-6root@Docker-Ubuntu:/etc/docker# DOCKER_Ehttps://storebits.docker.com/ee/ubuntu/sub-0595528c-2a52-4079-b441-root@Docker-Ubuntu:/etc/docker# DOCKER_EEhttps://storebits.docker.com/ee/ubuntu/sub-0595528c-2a52-4079-b441root@Docker-Ubuntu:/etc/docker# DOCKER_EE_https://storebits.docker.com/ee/ubuntu/sub-0595528c-2a52-4079-b44root@Docker-Ubuntu:/etc/docker# DOCKER_EE_Uhttps://storebits.docker.com/ee/ubuntu/sub-0595528c-2a52-4079-b4root@Docker-Ubuntu:/etc/docker# DOCKER_EE_URhttps://storebits.docker.com/ee/ubuntu/sub-0595528c-2a52-4079-broot@Docker-Ubuntu:/etc/docker# DOCKER_EE_URLhttps://storebits.docker.com/ee/ubuntu/sub-0595528c-2a52-4079-root@Docker-Ubuntu:/etc/docker# DOCKER_EE_URL=https://storebits.docker.com/ee/ubuntu/sub-0595528c-2a52-4079root@Docker-Ubuntu:/etc/docker# DOCKER_EE_URL="https://storebits.docker.com/ee/ubuntu/sub-0595528c-2a52-407root@Docker-Ubuntu:/etc/docker# DOCKER_EE_URL="https://storebits.docker.com/ee/ubuntu/sub-0595528c-2a52-4079-b441-6dfef702f28f"
root@Docker-Ubuntu:/etc/docker# curl -fsSL "${https://storebits.docker.com/ee/ubuntu/sub-0595528c-2a52-4079-b441-6dfef702f28f}/ubuntu/gpg" | sudo apt-key add -
curl: (3) <url> malformed
gpg: no valid OpenPGP data found.
root@Docker-Ubuntu:/etc/docker# curl -fsSL "${https://storebits.docker.com/ee/ubuntu/sub-0595528c-2a52-4079root@Docker-Ubuntu:/etc/docker# curl -fsSL "$https://storebits.docker.com/ee/ubuntu/sub-0595528c-2a52-4079-root@Docker-Ubuntu:/etc/docker# curl -fsSL "$https://storebits.docker.com/ee/ubuntu/sub-0595528c-2a52-4079-b441-6dfef702f28f/ubuntu/gpg" | sudo apt-key add -
curl: (6) Could not resolve host: 
gpg: no valid OpenPGP data found.
root@Docker-Ubuntu:/etc/docker# 
root@Docker-Ubuntu:/etc/docker# curl -fsSL "$https://storebits.docker.com/ee/ubuntu/sub-0595528c-2a52-4079-root@Docker-Ubuntu:/etc/docker# curl -fsSL "${https://storebits.docker.com/ee/ubuntu/sub-0595528c-2a52-4079root@Docker-Ubuntu:/etc/docker# curl -fsSL "$https://storebits.docker.com/ee/ubuntu/sub-0595528c-2a52-4079-root@Docker-Ubuntu:/etc/docker# curl -fsSL "${https://storebits.docker.com/ee/ubuntu/sub-0595528c-2a52-4079-b441-6dfef702f28f}/ubuntu/gpg" | sudo apt-key add -
curl: (3) <url> malformed
gpg: no valid OpenPGP data found.
root@Docker-Ubuntu:/etc/docker# 
root@Docker-Ubuntu:/etc/docker# 
root@Docker-Ubuntu:/etc/docker# curl -fsSL "${https://storebits.docker.com/ee/ubuntu/sub-0595528c-2a52-4079-b441-6dfef702f28f}/ubuntu/gpg" | sudo apt-key add 
curl: (3) <url> malformed
gpg: no valid OpenPGP data found.
root@Docker-Ubuntu:/etc/docker# 
root@Docker-Ubuntu:/etc/docker# 
root@Docker-Ubuntu:/etc/docker# curl -fsSL "${https://storebits.docker.com/ee/ubuntu/sub-0595528c-2a52-4079-b441-6dfef702f28f}/ubuntu/gpg" | sudo apt-key add -
curl: (3) <url> malformed
gpg: no valid OpenPGP data found.
root@Docker-Ubuntu:/etc/docker# 
root@Docker-Ubuntu:/etc/docker# 
root@Docker-Ubuntu:/etc/docker# curl -fsSL "${DOCKER_EE_URL}/ubuntu/gpg" | sudo apt-key add -
OK
root@Docker-Ubuntu:/etc/docker# sudo apt-key fingerprint 6D085F96
pub   4096R/6D085F96 2017-02-22
      Key fingerprint = DD91 1E99 5A64 A202 E859  07D6 BC14 F10B 6D08 5F96
uid                  Docker Release (EE deb) <docker@docker.com>
sub   4096R/91A29FA3 2017-02-22

root@Docker-Ubuntu:/etc/docker# 
root@Docker-Ubuntu:/etc/docker# 
root@Docker-Ubuntu:/etc/docker# 
root@Docker-Ubuntu:/etc/docker# sudo add-apt-repository \
>    "deb [arch=amd64] $DOCKER_EE_URL/ubuntu \
>    $(lsb_release -cs) \
>    stable-17.06"
root@Docker-Ubuntu:/etc/docker# 
root@Docker-Ubuntu:/etc/docker# 
root@Docker-Ubuntu:/etc/docker# sudo apt-get update
Hit:1 http://archive.canonical.com/ubuntu xenial InRelease
Hit:2 http://gb.archive.ubuntu.com/ubuntu xenial InRelease                                                
Get:3 http://gb.archive.ubuntu.com/ubuntu xenial-updates InRelease [102 kB]                               
Get:5 http://gb.archive.ubuntu.com/ubuntu xenial-backports InRelease [102 kB]                             
Hit:6 http://security.ubuntu.com/ubuntu xenial-security InRelease                  
Ign:4 https://get.docker.com/ubuntu docker InRelease                               
Get:7 http://gb.archive.ubuntu.com/ubuntu xenial-updates/main amd64 Packages [757 kB]
Hit:8 https://get.docker.com/ubuntu docker Release          
Get:10 https://storebits.docker.com/ee/ubuntu/sub-0595528c-2a52-4079-b441-6dfef702f28f/ubuntu xenial InRelease [634 B]
Get:11 http://gb.archive.ubuntu.com/ubuntu xenial-updates/main i386 Packages [701 kB]
Get:12 http://gb.archive.ubuntu.com/ubuntu xenial-updates/main amd64 DEP-11 Metadata [319 kB]
Get:13 https://storebits.docker.com/ee/ubuntu/sub-0595528c-2a52-4079-b441-6dfef702f28f/ubuntu xenial/stable-17.06 amd64 Packages [2,778 B]
Get:14 http://gb.archive.ubuntu.com/ubuntu xenial-updates/main DEP-11 64x64 Icons [237 kB]
Get:15 http://gb.archive.ubuntu.com/ubuntu xenial-updates/universe amd64 Packages [620 kB]
Get:16 http://gb.archive.ubuntu.com/ubuntu xenial-updates/universe i386 Packages [574 kB]
Get:17 http://gb.archive.ubuntu.com/ubuntu xenial-updates/universe amd64 DEP-11 Metadata [242 kB]
Get:18 http://gb.archive.ubuntu.com/ubuntu xenial-updates/universe DEP-11 64x64 Icons [328 kB]
Get:19 http://gb.archive.ubuntu.com/ubuntu xenial-updates/multiverse amd64 DEP-11 Metadata [5,972 B]
Get:20 http://gb.archive.ubuntu.com/ubuntu xenial-backports/main amd64 DEP-11 Metadata [3,328 B]
Get:21 http://gb.archive.ubuntu.com/ubuntu xenial-backports/universe amd64 DEP-11 Metadata [5,088 B]
Fetched 4,090 kB in 3s (1,223 kB/s)                                          
Reading package lists... Done
W: http://get.docker.com/ubuntu/dists/docker/Release.gpg: Signature by key 36A1D7869245C8950F966E92D8576A8BA88D21E9 uses weak digest algorithm (SHA1)
root@Docker-Ubuntu:/etc/docker# sudo apt-get install docker-ee
Reading package lists... Done
Building dependency tree       
Reading state information... Done
The following packages were automatically installed and are no longer required:
  bridge-utils containerd runc ubuntu-fan
Use 'sudo apt autoremove' to remove them.
The following additional packages will be installed:
  aufs-tools
The following NEW packages will be installed
  aufs-tools docker-ee
0 to upgrade, 2 to newly install, 0 to remove and 5 not to upgrade.
Need to get 25.5 MB of archives.
After this operation, 101 MB of additional disk space will be used.
Do you want to continue? [Y/n] y
Get:1 http://gb.archive.ubuntu.com/ubuntu xenial/universe amd64 aufs-tools amd64 1:3.2+20130722-1.1ubuntu1 [92.9 kB]
Get:2 https://storebits.docker.com/ee/ubuntu/sub-0595528c-2a52-4079-b441-6dfef702f28f/ubuntu xenial/stable-17.06 amd64 docker-ee amd64 3:17.06.2~ee~8~3-0~ubuntu [25.4 MB]
Fetched 25.5 MB in 16s (1,560 kB/s)                                                                       
Selecting previously unselected package aufs-tools.
(Reading database ... 179871 files and directories currently installed.)
Preparing to unpack .../aufs-tools_1%3a3.2+20130722-1.1ubuntu1_amd64.deb ...
Unpacking aufs-tools (1:3.2+20130722-1.1ubuntu1) ...
Selecting previously unselected package docker-ee.
Preparing to unpack .../docker-ee_3%3a17.06.2~ee~8~3-0~ubuntu_amd64.deb ...
Unpacking docker-ee (3:17.06.2~ee~8~3-0~ubuntu) ...
Processing triggers for libc-bin (2.23-0ubuntu10) ...
Processing triggers for man-db (2.7.5-1) ...
Processing triggers for ureadahead (0.100.0-19) ...
Processing triggers for systemd (229-4ubuntu21.2) ...
Setting up aufs-tools (1:3.2+20130722-1.1ubuntu1) ...
Setting up docker-ee (3:17.06.2~ee~8~3-0~ubuntu) ...
Installing new version of config file /etc/default/docker ...
Installing new version of config file /etc/init.d/docker ...
Installing new version of config file /etc/init/docker.conf ...
Job for docker.service failed because the control process exited with error code. See "systemctl status docker.service" and "journalctl -xe" for details.
invoke-rc.d: initscript docker, action "start" failed.
â— docker.service - Docker Application Container Engine
   Loaded: loaded (/lib/systemd/system/docker.service; enabled; vendor preset: enabled)
   Active: activating (auto-restart) (Result: exit-code) since Tue 2018-04-17 14:46:17 BST; 61ms ago
     Docs: https://docs.docker.com
  Process: 20990 ExecStart=/usr/bin/dockerd -H fd:// (code=exited, status=1/FAILURE)
 Main PID: 20990 (code=exited, status=1/FAILURE)
    Tasks: 0
   Memory: 0B
      CPU: 0
   CGroup: /system.slice/docker.service

Apr 17 14:46:17 Docker-Ubuntu systemd[1]: docker.service: Main process exited, code=exited, status=1...LURE
Apr 17 14:46:17 Docker-Ubuntu systemd[1]: Failed to start Docker Application Container Engine.
Apr 17 14:46:17 Docker-Ubuntu systemd[1]: docker.service: Unit entered failed state.
Apr 17 14:46:17 Docker-Ubuntu systemd[1]: docker.service: Failed with result 'exit-code'.
Hint: Some lines were ellipsized, use -l to show in full.
dpkg: error processing package docker-ee (--configure):
 subprocess installed post-installation script returned error exit status 1
Processing triggers for libc-bin (2.23-0ubuntu10) ...
Processing triggers for systemd (229-4ubuntu21.2) ...
Processing triggers for ureadahead (0.100.0-19) ...
Errors were encountered while processing:
 docker-ee
E: Sub-process /usr/bin/dpkg returned an error code (1)
root@Docker-Ubuntu:/etc/docker# 
root@Docker-Ubuntu:/etc/docker# 
root@Docker-Ubuntu:/etc/docker# 
root@Docker-Ubuntu:/etc/docker# 
root@Docker-Ubuntu:/etc/docker# docker info
Cannot connect to the Docker daemon at unix:///var/run/docker.sock. Is the docker daemon running?
root@Docker-Ubuntu:/etc/docker# 
root@Docker-Ubuntu:/etc/docker# 
root@Docker-Ubuntu:/etc/docker# service docker start
Job for docker.service failed because the control process exited with error code. See "systemctl status docker.service" and "journalctl -xe" for details.
root@Docker-Ubuntu:/etc/docker# 
root@Docker-Ubuntu:/etc/docker# 
root@Docker-Ubuntu:/etc/docker# 
root@Docker-Ubuntu:/etc/docker# 
root@Docker-Ubuntu:/etc/docker# service docker stop
root@Docker-Ubuntu:/etc/docker# service docker start
Job for docker.service failed because the control process exited with error code. See "systemctl status docker.service" and "journalctl -xe" for details.
root@Docker-Ubuntu:/etc/docker# 
root@Docker-Ubuntu:/etc/docker# 
root@Docker-Ubuntu:/etc/docker# docker info
Cannot connect to the Docker daemon at unix:///var/run/docker.sock. Is the docker daemon running?
root@Docker-Ubuntu:/etc/docker# 
root@Docker-Ubuntu:/etc/docker# 
root@Docker-Ubuntu:/etc/docker# docker service restart

Usage:  docker service COMMAND

Manage services

Options:
      --help   Print usage

Commands:
  create      Create a new service
  inspect     Display detailed information on one or more services
  logs        Fetch the logs of a service or task
  ls          List services
  ps          List the tasks of one or more services
  rm          Remove one or more services
  scale       Scale one or multiple replicated services
  update      Update a service

Run 'docker service COMMAND --help' for more information on a command.
root@Docker-Ubuntu:/etc/docker# 
root@Docker-Ubuntu:/etc/docker# 
root@Docker-Ubuntu:/etc/docker# 
root@Docker-Ubuntu:/etc/docker# service docker restart
Job for docker.service failed because the control process exited with error code. See "systemctl status docker.service" and "journalctl -xe" for details.
root@Docker-Ubuntu:/etc/docker# docker run hello-world
docker: Cannot connect to the Docker daemon at unix:///var/run/docker.sock. Is the docker daemon running?.
See 'docker run --help'.
root@Docker-Ubuntu:/etc/docker# 
root@Docker-Ubuntu:/etc/docker# netstat -tlp
Active Internet connections (only servers)
Proto Recv-Q Send-Q Local Address           Foreign Address         State       PID/Program name
tcp        0      0 Docker-Ubuntu:domain    *:*                     LISTEN      806/dnsmasq     
tcp        0      0 *:ssh                   *:*                     LISTEN      3865/sshd       
tcp        0      0 localhost:ipp           *:*                     LISTEN      2208/cupsd      
tcp6       0      0 [::]:ssh                [::]:*                  LISTEN      3865/sshd       
tcp6       0      0 ip6-localhost:ipp       [::]:*                  LISTEN      2208/cupsd      
root@Docker-Ubuntu:/etc/docker# 
root@Docker-Ubuntu:/etc/docker# 
root@Docker-Ubuntu:/etc/docker# 
root@Docker-Ubuntu:/etc/docker# 
root@Docker-Ubuntu:/etc/docker# sudo apt-get install docker-ee
Reading package lists... Done
Building dependency tree       
Reading state information... Done
docker-ee is already the newest version (3:17.06.2~ee~8~3-0~ubuntu).
The following packages were automatically installed and are no longer required:
  bridge-utils containerd runc ubuntu-fan
Use 'sudo apt autoremove' to remove them.
0 to upgrade, 0 to newly install, 0 to remove and 5 not to upgrade.
1 not fully installed or removed.
After this operation, 0 B of additional disk space will be used.
Do you want to continue? [Y/n] y
Setting up docker-ee (3:17.06.2~ee~8~3-0~ubuntu) ...
Job for docker.service failed because the control process exited with error code. See "systemctl status docker.service" and "journalctl -xe" for details.
invoke-rc.d: initscript docker, action "start" failed.
â— docker.service - Docker Application Container Engine
   Loaded: loaded (/lib/systemd/system/docker.service; enabled; vendor preset: enabled)
   Active: activating (auto-restart) (Result: exit-code) since Tue 2018-04-17 14:49:11 BST; 20ms ago
     Docs: https://docs.docker.com
  Process: 21794 ExecStart=/usr/bin/dockerd -H fd:// (code=exited, status=1/FAILURE)
 Main PID: 21794 (code=exited, status=1/FAILURE)
    Tasks: 0
   Memory: 0B
      CPU: 0
   CGroup: /system.slice/docker.service

Apr 17 14:49:11 Docker-Ubuntu systemd[1]: docker.service: Main process exited, code=exited, status=1...LURE
Apr 17 14:49:11 Docker-Ubuntu systemd[1]: Failed to start Docker Application Container Engine.
Apr 17 14:49:11 Docker-Ubuntu systemd[1]: docker.service: Unit entered failed state.
Apr 17 14:49:11 Docker-Ubuntu systemd[1]: docker.service: Failed with result 'exit-code'.
Hint: Some lines were ellipsized, use -l to show in full.
dpkg: error processing package docker-ee (--configure):
 subprocess installed post-installation script returned error exit status 1
Errors were encountered while processing:
 docker-ee
E: Sub-process /usr/bin/dpkg returned an error code (1)
root@Docker-Ubuntu:/etc/docker# sudo apt autoremove
Reading package lists... Done
Building dependency tree       
Reading state information... Done
The following packages will be REMOVED
  bridge-utils containerd runc ubuntu-fan
0 to upgrade, 0 to newly install, 4 to remove and 5 not to upgrade.
1 not fully installed or removed.
After this operation, 27.7 MB disk space will be freed.
Do you want to continue? [Y/n] y

(Reading database ... 180142 files and directories currently installed.)
Removing ubuntu-fan (0.12.8~16.04.2) ...
ubuntu-fan: removing default /etc/network/fan configuration
Removing bridge-utils (1.5-9ubuntu1) ...
Removing containerd (0.2.5-0ubuntu1~16.04.1) ...
Removing runc (1.0.0~rc2+docker1.13.1-0ubuntu1~16.04.1) ...
Processing triggers for man-db (2.7.5-1) ...
Setting up docker-ee (3:17.06.2~ee~8~3-0~ubuntu) ...
Job for docker.service failed because the control process exited with error code. See "systemctl status docker.service" and "journalctl -xe" for details.
invoke-rc.d: initscript docker, action "start" failed.
â— docker.service - Docker Application Container Engine
   Loaded: loaded (/lib/systemd/system/docker.service; enabled; vendor preset: enabled)
   Active: activating (auto-restart) (Result: exit-code) since Tue 2018-04-17 14:49:37 BST; 71ms ago
     Docs: https://docs.docker.com
  Process: 22492 ExecStart=/usr/bin/dockerd -H fd:// (code=exited, status=1/FAILURE)
 Main PID: 22492 (code=exited, status=1/FAILURE)
    Tasks: 0
   Memory: 0B
      CPU: 0
   CGroup: /system.slice/docker.service

Apr 17 14:49:37 Docker-Ubuntu systemd[1]: docker.service: Main process exited, code=exited, status=1...LURE
Apr 17 14:49:37 Docker-Ubuntu systemd[1]: Failed to start Docker Application Container Engine.
Apr 17 14:49:37 Docker-Ubuntu systemd[1]: docker.service: Unit entered failed state.
Apr 17 14:49:37 Docker-Ubuntu systemd[1]: docker.service: Failed with result 'exit-code'.
Hint: Some lines were ellipsized, use -l to show in full.
dpkg: error processing package docker-ee (--configure):
 subprocess installed post-installation script returned error exit status 1
Errors were encountered while processing:
 docker-ee

E: Sub-process /usr/bin/dpkg returned an error code (1)
root@Docker-Ubuntu:/etc/docker# 
root@Docker-Ubuntu:/etc/docker# 
root@Docker-Ubuntu:/etc/docker# 
root@Docker-Ubuntu:/etc/docker# 
root@Docker-Ubuntu:/etc/docker# sudo apt-get install docker-ee
Reading package lists... Done
Building dependency tree       
Reading state information... Done
docker-ee is already the newest version (3:17.06.2~ee~8~3-0~ubuntu).
0 to upgrade, 0 to newly install, 0 to remove and 5 not to upgrade.
1 not fully installed or removed.
After this operation, 0 B of additional disk space will be used.
Do you want to continue? [Y/n] y
Setting up docker-ee (3:17.06.2~ee~8~3-0~ubuntu) ...

Job for docker.service failed because the control process exited with error code. See "systemctl status docker.service" and "journalctl -xe" for details.
invoke-rc.d: initscript docker, action "start" failed.
â— docker.service - Docker Application Container Engine
   Loaded: loaded (/lib/systemd/system/docker.service; enabled; vendor preset: enabled)
   Active: activating (auto-restart) (Result: exit-code) since Tue 2018-04-17 14:50:01 BST; 46ms ago
     Docs: https://docs.docker.com
  Process: 22774 ExecStart=/usr/bin/dockerd -H fd:// (code=exited, status=1/FAILURE)
 Main PID: 22774 (code=exited, status=1/FAILURE)
    Tasks: 0
   Memory: 0B
      CPU: 0
   CGroup: /system.slice/docker.service

Apr 17 14:50:01 Docker-Ubuntu systemd[1]: docker.service: Main process exited, code=exited, status=1...LURE
Apr 17 14:50:01 Docker-Ubuntu systemd[1]: Failed to start Docker Application Container Engine.
Apr 17 14:50:01 Docker-Ubuntu systemd[1]: docker.service: Unit entered failed state.
Apr 17 14:50:01 Docker-Ubuntu systemd[1]: docker.service: Failed with result 'exit-code'.
Hint: Some lines were ellipsized, use -l to show in full.
dpkg: error processing package docker-ee (--configure):
 subprocess installed post-installation script returned error exit status 1
Errors were encountered while processing:
 docker-ee
E: Sub-process /usr/bin/dpkg returned an error code (1)
root@Docker-Ubuntu:/etc/docker# 
root@Docker-Ubuntu:/etc/docker# 
root@Docker-Ubuntu:/etc/docker# 
root@Docker-Ubuntu:/etc/docker# 
root@Docker-Ubuntu:/etc/docker# 
root@Docker-Ubuntu:/etc/docker# 
root@Docker-Ubuntu:/etc/docker# 
root@Docker-Ubuntu:/etc/docker# 
root@Docker-Ubuntu:/etc/docker# 
root@Docker-Ubuntu:/etc/docker# docker info
Cannot connect to the Docker daemon at unix:///var/run/docker.sock. Is the docker daemon running?
root@Docker-Ubuntu:/etc/docker# service dockeree start
Failed to start dockeree.service: Unit dockeree.service not found.
root@Docker-Ubuntu:/etc/docker# service docker-ee start
Failed to start docker-ee.service: Unit docker-ee.service not found.
root@Docker-Ubuntu:/etc/docker# service docker start
Job for docker.service failed because the control process exited with error code. See "systemctl status docker.service" and "journalctl -xe" for details.
root@Docker-Ubuntu:/etc/docker# 
root@Docker-Ubuntu:/etc/docker# systemctl status docker.service
â— docker.service - Docker Application Container Engine
   Loaded: loaded (/lib/systemd/system/docker.service; enabled; vendor preset: enabled)
   Active: inactive (dead) (Result: exit-code) since Tue 2018-04-17 14:54:30 BST; 18s ago
     Docs: https://docs.docker.com
  Process: 23263 ExecStart=/usr/bin/dockerd -H fd:// (code=exited, status=1/FAILURE)
 Main PID: 23263 (code=exited, status=1/FAILURE)

Apr 17 14:54:30 Docker-Ubuntu systemd[1]: docker.service: Main process exited, code=exited, status=1/FAILUR
Apr 17 14:54:30 Docker-Ubuntu systemd[1]: Failed to start Docker Application Container Engine.
Apr 17 14:54:30 Docker-Ubuntu systemd[1]: docker.service: Unit entered failed state.
Apr 17 14:54:30 Docker-Ubuntu systemd[1]: docker.service: Failed with result 'exit-code'.
Apr 17 14:54:30 Docker-Ubuntu systemd[1]: docker.service: Service hold-off time over, scheduling restart.
Apr 17 14:54:30 Docker-Ubuntu systemd[1]: Stopped Docker Application Container Engine.
Apr 17 14:54:30 Docker-Ubuntu systemd[1]: docker.service: Start request repeated too quickly.
Apr 17 14:54:30 Docker-Ubuntu systemd[1]: Failed to start Docker Application Container Engine.

root@Docker-Ubuntu:/etc/docker# 
root@Docker-Ubuntu:/etc/docker# 
root@Docker-Ubuntu:/etc/docker# 
root@Docker-Ubuntu:/etc/docker# 
root@Docker-Ubuntu:/etc/docker# 
root@Docker-Ubuntu:/etc/docker# 
root@Docker-Ubuntu:/etc/docker# 
root@Docker-Ubuntu:/etc/docker# service docker stop
root@Docker-Ubuntu:/etc/docker# 
root@Docker-Ubuntu:/etc/docker# 
root@Docker-Ubuntu:/etc/docker# systemctl status docker.service
â— docker.service - Docker Application Container Engine
   Loaded: loaded (/lib/systemd/system/docker.service; enabled; vendor preset: enabled)
   Active: inactive (dead) (Result: exit-code) since Tue 2018-04-17 14:54:30 BST; 1min 15s ago
     Docs: https://docs.docker.com
  Process: 23263 ExecStart=/usr/bin/dockerd -H fd:// (code=exited, status=1/FAILURE)
 Main PID: 23263 (code=exited, status=1/FAILURE)

Apr 17 14:54:30 Docker-Ubuntu systemd[1]: docker.service: Main process exited, code=exited, status=1/FAILURE
Apr 17 14:54:30 Docker-Ubuntu systemd[1]: Failed to start Docker Application Container Engine.
Apr 17 14:54:30 Docker-Ubuntu systemd[1]: docker.service: Unit entered failed state.
Apr 17 14:54:30 Docker-Ubuntu systemd[1]: docker.service: Failed with result 'exit-code'.
Apr 17 14:54:30 Docker-Ubuntu systemd[1]: docker.service: Service hold-off time over, scheduling restart.
Apr 17 14:54:30 Docker-Ubuntu systemd[1]: Stopped Docker Application Container Engine.
Apr 17 14:54:30 Docker-Ubuntu systemd[1]: docker.service: Start request repeated too quickly.
Apr 17 14:54:30 Docker-Ubuntu systemd[1]: Failed to start Docker Application Container Engine.
Apr 17 14:55:44 Docker-Ubuntu systemd[1]: Stopped Docker Application Container Engine.
root@Docker-Ubuntu:/etc/docker# 
root@Docker-Ubuntu:/etc/docker# 
root@Docker-Ubuntu:/etc/docker# service docker start
Job for docker.service failed because the control process exited with error code. See "systemctl status docker.service" and "journalctl -xe" for details.
root@Docker-Ubuntu:/etc/docker# 
root@Docker-Ubuntu:/etc/docker# 
root@Docker-Ubuntu:/etc/docker# 
root@Docker-Ubuntu:/etc/docker# journalctl -xe
Apr 17 14:55:57 Docker-Ubuntu systemd[1]: Failed to start Docker Application Container Engine.
-- Subject: Unit docker.service has failed
-- Defined-By: systemd
-- Support: http://lists.freedesktop.org/mailman/listinfo/systemd-devel
-- 
-- Unit docker.service has failed.
-- 
-- The result is failed.
Apr 17 14:55:57 Docker-Ubuntu systemd[1]: docker.socket: Unit entered failed state.
Apr 17 14:55:57 Docker-Ubuntu docker-telemetry-plugin[23478]: error during connect: Get http://%2Fvar%2Frun%2Fdocker.sock/v1.30/plugins: read
Apr 17 14:55:57 Docker-Ubuntu docker-telemetry-plugin[23478]: + plugin_name=
Apr 17 14:55:57 Docker-Ubuntu docker-telemetry-plugin[23478]: + docker inspect
Apr 17 14:55:57 Docker-Ubuntu docker-telemetry-plugin[23478]: + case "$1" in
Apr 17 14:55:57 Docker-Ubuntu docker-telemetry-plugin[23478]: + check_init
Apr 17 14:55:57 Docker-Ubuntu docker-telemetry-plugin[23478]: + '[' -e /usr/share/docker/plugin/tar/.edition-information ']'
Apr 17 14:55:57 Docker-Ubuntu docker-telemetry-plugin[23478]: + source /usr/share/docker/plugin/tar/.edition-information
Apr 17 14:55:57 Docker-Ubuntu docker-telemetry-plugin[23478]: ++ EDITION_TYPE=ee
Apr 17 14:55:57 Docker-Ubuntu docker-telemetry-plugin[23478]: ++ EDITION_NAME=ubuntu
Apr 17 14:55:57 Docker-Ubuntu docker-telemetry-plugin[23478]: ++ EDITION_VERSION=17.06.2-ee-8
Apr 17 14:55:57 Docker-Ubuntu docker-telemetry-plugin[23478]: ++ PLUGIN_FILENAME=telemetry_1.0.0.linux-x86_64-stable.tgz
Apr 17 14:55:57 Docker-Ubuntu docker-telemetry-plugin[23478]: + DOCKER_SOCKET=
Apr 17 14:55:57 Docker-Ubuntu docker-telemetry-plugin[23478]: + grep -qE -e '-H|--host'
Apr 17 14:55:57 Docker-Ubuntu docker-telemetry-plugin[23478]: + printf %s ''
Apr 17 14:55:57 Docker-Ubuntu docker-telemetry-plugin[23478]: + DOCKER_SOCKET=/var/run/docker.sock
Apr 17 14:55:57 Docker-Ubuntu docker-telemetry-plugin[23478]: + timeout=5
Apr 17 14:55:57 Docker-Ubuntu docker-telemetry-plugin[23478]: + '[' -n /var/run/docker.sock ']'
Apr 17 14:55:57 Docker-Ubuntu docker-telemetry-plugin[23478]: + '[' -e /var/run/docker.sock ']'
Apr 17 14:55:57 Docker-Ubuntu docker-telemetry-plugin[23478]: + fail_unless_root
Apr 17 14:55:57 Docker-Ubuntu docker-telemetry-plugin[23478]: ++ id -u
Apr 17 14:55:57 Docker-Ubuntu docker-telemetry-plugin[23478]: + '[' 0 '!=' 0 ']'
Apr 17 14:55:57 Docker-Ubuntu docker-telemetry-plugin[23478]: ++ cut -d_ -f2-
Apr 17 14:55:57 Docker-Ubuntu docker-telemetry-plugin[23478]: ++ echo telemetry_1.0.0.linux-x86_64-stable.tgz
Apr 17 14:55:57 Docker-Ubuntu docker-telemetry-plugin[23478]: + plugin_tag=1.0.0.linux-x86_64-stable.tgz
Apr 17 14:55:57 Docker-Ubuntu docker-telemetry-plugin[23478]: + plugin_tag=1.0.0.linux-x86_64-stable
Apr 17 14:55:57 Docker-Ubuntu docker-telemetry-plugin[23478]: + plugin_name=docker/telemetry:1.0.0.linux-x86_64-stable
Apr 17 14:55:57 Docker-Ubuntu docker-telemetry-plugin[23478]: + docker inspect docker/telemetry:1.0.0.linux-x86_64-stable
Apr 17 14:55:57 Docker-Ubuntu docker-telemetry-plugin[23478]: + check_plugin_integrity sha256sum /usr/share/docker/plugin/tar/telemetry_1.0.0
Apr 17 14:55:57 Docker-Ubuntu docker-telemetry-plugin[23478]: + hash_algo=sha256sum
Apr 17 14:55:57 Docker-Ubuntu docker-telemetry-plugin[23478]: + tgz_path=/usr/share/docker/plugin/tar/telemetry_1.0.0.linux-x86_64-stable.tgz
Apr 17 14:55:57 Docker-Ubuntu docker-telemetry-plugin[23478]: ++ awk '{print $1}'
Apr 17 14:55:57 Docker-Ubuntu docker-telemetry-plugin[23478]: ++ sha256sum /usr/share/docker/plugin/tar/telemetry_1.0.0.linux-x86_64-stable.t
Apr 17 14:55:57 Docker-Ubuntu docker-telemetry-plugin[23478]: ++ cat /usr/share/docker/plugin/tar/telemetry_1.0.0.linux-x86_64-stable.tgz.sha
Apr 17 14:55:57 Docker-Ubuntu docker-telemetry-plugin[23478]: + '[' 7e0962c102b75bc60efa5f498661e36dc9e0fea7f658f8fc551e751f3fc8bdb1 '!=' 7e0
Apr 17 14:55:57 Docker-Ubuntu docker-telemetry-plugin[23478]: ++ awk '{print $2}'
Apr 17 14:55:57 Docker-Ubuntu docker-telemetry-plugin[23478]: ++ grep docker/telemetry
Apr 17 14:55:57 Docker-Ubuntu docker-telemetry-plugin[23478]: ++ docker plugin ls
Apr 17 14:55:57 Docker-Ubuntu docker-telemetry-plugin[23478]: Cannot connect to the Docker daemon at unix:///var/run/docker.sock. Is the dock
Apr 17 14:55:57 Docker-Ubuntu docker-telemetry-plugin[23478]: + docker plugin rm -f ''
Apr 17 14:55:57 Docker-Ubuntu docker-telemetry-plugin[23478]: + cd /usr/share/docker/plugin/tar/
Apr 17 14:55:57 Docker-Ubuntu docker-telemetry-plugin[23478]: + tar -zxf telemetry_1.0.0.linux-x86_64-stable.tgz -C /tmp
Apr 17 14:55:57 Docker-Ubuntu docker-telemetry-plugin[23478]: + docker plugin create docker/telemetry:1.0.0.linux-x86_64-stable /tmp/plugin
Apr 17 14:55:57 Docker-Ubuntu docker-telemetry-plugin[23478]: + rm -rf /tmp/plugin
Apr 17 14:55:57 Docker-Ubuntu docker-telemetry-plugin[23478]: + docker plugin set docker/telemetry:1.0.0.linux-x86_64-stable edition_name=ubu
Apr 17 14:55:57 Docker-Ubuntu docker-telemetry-plugin[23478]: + '[' -e /usr/share/docker/plugin/tar/.enabled ']'
Apr 17 14:55:57 Docker-Ubuntu docker-telemetry-plugin[23478]: + docker plugin enable docker/telemetry:1.0.0.linux-x86_64-stable
Apr 17 14:55:57 Docker-Ubuntu systemd[1]: docker-telemetry.service: Main process exited, code=exited, status=1/FAILURE
Apr 17 14:55:57 Docker-Ubuntu systemd[1]: Failed to start Docker Telemetry Plugin.
-- Subject: Unit docker-telemetry.service has failed
-- Defined-By: systemd
-- Support: http://lists.freedesktop.org/mailman/listinfo/systemd-devel
-- 
-- Unit docker-telemetry.service has failed.
-- 
-- The result is failed.
Apr 17 14:55:57 Docker-Ubuntu systemd[1]: docker-telemetry.service: Unit entered failed state.
Apr 17 14:55:57 Docker-Ubuntu systemd[1]: docker-telemetry.service: Failed with result 'exit-code'.
root@Docker-Ubuntu:/etc/docker# 
root@Docker-Ubuntu:/etc/docker# 
root@Docker-Ubuntu:/etc/docker# sudo service docker start
Job for docker.service failed because the control process exited with error code. See "systemctl status docker.service" and "journalctl -xe" for details.
root@Docker-Ubuntu:/etc/docker# 
root@Docker-Ubuntu:/etc/docker# 
root@Docker-Ubuntu:/etc/docker# 
root@Docker-Ubuntu:/etc/docker# 
root@Docker-Ubuntu:/etc/docker# journalctl -xe
Apr 17 14:57:13 Docker-Ubuntu systemd[1]: Failed to start Docker Application Container Engine.
-- Subject: Unit docker.service has failed
-- Defined-By: systemd
-- Support: http://lists.freedesktop.org/mailman/listinfo/systemd-devel
-- 
-- Unit docker.service has failed.
-- 
-- The result is failed.
Apr 17 14:57:13 Docker-Ubuntu systemd[1]: docker.socket: Unit entered failed state.
Apr 17 14:57:13 Docker-Ubuntu docker-telemetry-plugin[23664]: error during connect: Get http://%2Fvar%2Frun%2Fdocker.sock/v1.30/plugins: read
Apr 17 14:57:13 Docker-Ubuntu docker-telemetry-plugin[23664]: + plugin_name=
Apr 17 14:57:13 Docker-Ubuntu docker-telemetry-plugin[23664]: + docker inspect
Apr 17 14:57:13 Docker-Ubuntu docker-telemetry-plugin[23664]: + case "$1" in
Apr 17 14:57:13 Docker-Ubuntu docker-telemetry-plugin[23664]: + check_init
Apr 17 14:57:13 Docker-Ubuntu docker-telemetry-plugin[23664]: + '[' -e /usr/share/docker/plugin/tar/.edition-information ']'
Apr 17 14:57:13 Docker-Ubuntu docker-telemetry-plugin[23664]: + source /usr/share/docker/plugin/tar/.edition-information
Apr 17 14:57:13 Docker-Ubuntu docker-telemetry-plugin[23664]: ++ EDITION_TYPE=ee
Apr 17 14:57:13 Docker-Ubuntu docker-telemetry-plugin[23664]: ++ EDITION_NAME=ubuntu
Apr 17 14:57:13 Docker-Ubuntu docker-telemetry-plugin[23664]: ++ EDITION_VERSION=17.06.2-ee-8
Apr 17 14:57:13 Docker-Ubuntu docker-telemetry-plugin[23664]: ++ PLUGIN_FILENAME=telemetry_1.0.0.linux-x86_64-stable.tgz
Apr 17 14:57:13 Docker-Ubuntu docker-telemetry-plugin[23664]: + DOCKER_SOCKET=
Apr 17 14:57:13 Docker-Ubuntu docker-telemetry-plugin[23664]: + grep -qE -e '-H|--host'
Apr 17 14:57:13 Docker-Ubuntu docker-telemetry-plugin[23664]: + printf %s ''
Apr 17 14:57:13 Docker-Ubuntu docker-telemetry-plugin[23664]: + DOCKER_SOCKET=/var/run/docker.sock
Apr 17 14:57:13 Docker-Ubuntu docker-telemetry-plugin[23664]: + timeout=5
Apr 17 14:57:13 Docker-Ubuntu docker-telemetry-plugin[23664]: + '[' -n /var/run/docker.sock ']'
Apr 17 14:57:13 Docker-Ubuntu docker-telemetry-plugin[23664]: + '[' -e /var/run/docker.sock ']'
Apr 17 14:57:13 Docker-Ubuntu docker-telemetry-plugin[23664]: + fail_unless_root
Apr 17 14:57:13 Docker-Ubuntu docker-telemetry-plugin[23664]: ++ id -u
Apr 17 14:57:13 Docker-Ubuntu docker-telemetry-plugin[23664]: + '[' 0 '!=' 0 ']'
Apr 17 14:57:13 Docker-Ubuntu docker-telemetry-plugin[23664]: ++ cut -d_ -f2-
Apr 17 14:57:13 Docker-Ubuntu docker-telemetry-plugin[23664]: ++ echo telemetry_1.0.0.linux-x86_64-stable.tgz
Apr 17 14:57:13 Docker-Ubuntu docker-telemetry-plugin[23664]: + plugin_tag=1.0.0.linux-x86_64-stable.tgz
Apr 17 14:57:13 Docker-Ubuntu docker-telemetry-plugin[23664]: + plugin_tag=1.0.0.linux-x86_64-stable
Apr 17 14:57:13 Docker-Ubuntu docker-telemetry-plugin[23664]: + plugin_name=docker/telemetry:1.0.0.linux-x86_64-stable
Apr 17 14:57:13 Docker-Ubuntu docker-telemetry-plugin[23664]: + docker inspect docker/telemetry:1.0.0.linux-x86_64-stable
Apr 17 14:57:13 Docker-Ubuntu docker-telemetry-plugin[23664]: + check_plugin_integrity sha256sum /usr/share/docker/plugin/tar/telemetry_1.0.0
Apr 17 14:57:13 Docker-Ubuntu docker-telemetry-plugin[23664]: + hash_algo=sha256sum
Apr 17 14:57:13 Docker-Ubuntu docker-telemetry-plugin[23664]: + tgz_path=/usr/share/docker/plugin/tar/telemetry_1.0.0.linux-x86_64-stable.tgz
Apr 17 14:57:13 Docker-Ubuntu docker-telemetry-plugin[23664]: ++ awk '{print $1}'
Apr 17 14:57:13 Docker-Ubuntu docker-telemetry-plugin[23664]: ++ sha256sum /usr/share/docker/plugin/tar/telemetry_1.0.0.linux-x86_64-stable.t
Apr 17 14:57:13 Docker-Ubuntu docker-telemetry-plugin[23664]: ++ cat /usr/share/docker/plugin/tar/telemetry_1.0.0.linux-x86_64-stable.tgz.sha
Apr 17 14:57:13 Docker-Ubuntu docker-telemetry-plugin[23664]: + '[' 7e0962c102b75bc60efa5f498661e36dc9e0fea7f658f8fc551e751f3fc8bdb1 '!=' 7e0
Apr 17 14:57:13 Docker-Ubuntu docker-telemetry-plugin[23664]: ++ awk '{print $2}'
Apr 17 14:57:13 Docker-Ubuntu docker-telemetry-plugin[23664]: ++ grep docker/telemetry
Apr 17 14:57:13 Docker-Ubuntu docker-telemetry-plugin[23664]: ++ docker plugin ls
Apr 17 14:57:13 Docker-Ubuntu docker-telemetry-plugin[23664]: Cannot connect to the Docker daemon at unix:///var/run/docker.sock. Is the dock
Apr 17 14:57:13 Docker-Ubuntu docker-telemetry-plugin[23664]: + docker plugin rm -f ''
Apr 17 14:57:13 Docker-Ubuntu docker-telemetry-plugin[23664]: + cd /usr/share/docker/plugin/tar/
Apr 17 14:57:13 Docker-Ubuntu docker-telemetry-plugin[23664]: + tar -zxf telemetry_1.0.0.linux-x86_64-stable.tgz -C /tmp
Apr 17 14:57:13 Docker-Ubuntu docker-telemetry-plugin[23664]: + docker plugin create docker/telemetry:1.0.0.linux-x86_64-stable /tmp/plugin
Apr 17 14:57:13 Docker-Ubuntu docker-telemetry-plugin[23664]: + rm -rf /tmp/plugin
Apr 17 14:57:14 Docker-Ubuntu docker-telemetry-plugin[23664]: + docker plugin set docker/telemetry:1.0.0.linux-x86_64-stable edition_name=ubu
Apr 17 14:57:14 Docker-Ubuntu docker-telemetry-plugin[23664]: + '[' -e /usr/share/docker/plugin/tar/.enabled ']'
Apr 17 14:57:14 Docker-Ubuntu docker-telemetry-plugin[23664]: + docker plugin enable docker/telemetry:1.0.0.linux-x86_64-stable
Apr 17 14:57:14 Docker-Ubuntu systemd[1]: docker-telemetry.service: Main process exited, code=exited, status=1/FAILURE
Apr 17 14:57:14 Docker-Ubuntu systemd[1]: Failed to start Docker Telemetry Plugin.
-- Subject: Unit docker-telemetry.service has failed
-- Defined-By: systemd
-- Support: http://lists.freedesktop.org/mailman/listinfo/systemd-devel
-- 
-- Unit docker-telemetry.service has failed.
-- 
-- The result is failed.
Apr 17 14:57:14 Docker-Ubuntu systemd[1]: docker-telemetry.service: Unit entered failed state.
Apr 17 14:57:14 Docker-Ubuntu systemd[1]: docker-telemetry.service: Failed with result 'exit-code'.
root@Docker-Ubuntu:/etc/docker# sudo apt-get remove docker docker-engine docker-ce docker.io
Reading package lists... Done
Building dependency tree       
Reading state information... Done
Package 'docker-engine' is not installed, so not removed
Package 'docker-ce' is not installed, so not removed
Package 'docker' is not installed, so not removed
Package 'docker.io' is not installed, so not removed
0 to upgrade, 0 to newly install, 0 to remove and 5 not to upgrade.
1 not fully installed or removed.
After this operation, 0 B of additional disk space will be used.
Setting up docker-ee (3:17.06.2~ee~8~3-0~ubuntu) ...
Job for docker.service failed because the control process exited with error code. See "systemctl status docker.service" and "journalctl -xe" for details.
invoke-rc.d: initscript docker, action "start" failed.
â— docker.service - Docker Application Container Engine
   Loaded: loaded (/lib/systemd/system/docker.service; enabled; vendor preset: enabled)
   Active: activating (auto-restart) (Result: exit-code) since Tue 2018-04-17 15:00:15 BST; 16ms ago
     Docs: https://docs.docker.com
  Process: 23892 ExecStart=/usr/bin/dockerd -H fd:// (code=exited, status=1/FAILURE)
 Main PID: 23892 (code=exited, status=1/FAILURE)
    Tasks: 0
   Memory: 0B
      CPU: 0
   CGroup: /system.slice/docker.service

Apr 17 15:00:15 Docker-Ubuntu systemd[1]: docker.service: Main process exited, code=exited, status=1/FAILURE
Apr 17 15:00:15 Docker-Ubuntu systemd[1]: Failed to start Docker Application Container Engine.
Apr 17 15:00:15 Docker-Ubuntu systemd[1]: docker.service: Unit entered failed state.
Apr 17 15:00:15 Docker-Ubuntu systemd[1]: docker.service: Failed with result 'exit-code'.
dpkg: error processing package docker-ee (--configure):
 subprocess installed post-installation script returned error exit status 1
Errors were encountered while processing:
 docker-ee
E: Sub-process /usr/bin/dpkg returned an error code (1)
root@Docker-Ubuntu:/etc/docker# 
root@Docker-Ubuntu:/etc/docker# 
root@Docker-Ubuntu:/etc/docker# 
root@Docker-Ubuntu:/etc/docker# sudo apt-get remove docker docker-engine docker-ce docker.io
Reading package lists... Done
Building dependency tree       
Reading state information... Done
Package 'docker-engine' is not installed, so not removed
Package 'docker-ce' is not installed, so not removed
Package 'docker' is not installed, so not removed
Package 'docker.io' is not installed, so not removed
0 to upgrade, 0 to newly install, 0 to remove and 5 not to upgrade.
1 not fully installed or removed.
After this operation, 0 B of additional disk space will be used.
Setting up docker-ee (3:17.06.2~ee~8~3-0~ubuntu) ...
Job for docker.service failed because the control process exited with error code. See "systemctl status docker.service" and "journalctl -xe" for details.
invoke-rc.d: initscript docker, action "start" failed.
â— docker.service - Docker Application Container Engine
   Loaded: loaded (/lib/systemd/system/docker.service; enabled; vendor preset: enabled)
   Active: activating (auto-restart) (Result: exit-code) since Tue 2018-04-17 15:00:23 BST; 49ms ago
     Docs: https://docs.docker.com
  Process: 24122 ExecStart=/usr/bin/dockerd -H fd:// (code=exited, status=1/FAILURE)
 Main PID: 24122 (code=exited, status=1/FAILURE)
    Tasks: 0
   Memory: 0B
      CPU: 0
   CGroup: /system.slice/docker.service

Apr 17 15:00:23 Docker-Ubuntu systemd[1]: docker.service: Main process exited, code=exited, status=1/FAILURE
Apr 17 15:00:23 Docker-Ubuntu systemd[1]: Failed to start Docker Application Container Engine.
Apr 17 15:00:23 Docker-Ubuntu systemd[1]: docker.service: Unit entered failed state.
Apr 17 15:00:23 Docker-Ubuntu systemd[1]: docker.service: Failed with result 'exit-code'.
dpkg: error processing package docker-ee (--configure):
 subprocess installed post-installation script returned error exit status 1
Errors were encountered while processing:
 docker-ee
E: Sub-process /usr/bin/dpkg returned an error code (1)
root@Docker-Ubuntu:/etc/docker# 
root@Docker-Ubuntu:/etc/docker# 
root@Docker-Ubuntu:/etc/docker# ls
key.json
root@Docker-Ubuntu:/etc/docker#  cd..
cd..: command not found
root@Docker-Ubuntu:/etc/docker# ls
key.json
root@Docker-Ubuntu:/etc/docker# cd ..
root@Docker-Ubuntu:/etc# cd ..
root@Docker-Ubuntu:/# cd ..
root@Docker-Ubuntu:/# ls
bin   cdrom  etc   initrd.img  lib64       media  opt   root  sbin  sys  usr  vmlinuz
boot  dev    home  lib         lost+found  mnt    proc  run   srv   tmp  var
root@Docker-Ubuntu:/# 
root@Docker-Ubuntu:/# 
root@Docker-Ubuntu:/# 
root@Docker-Ubuntu:/# reboot
Welcome to Ubuntu 16.04.4 LTS (GNU/Linux 4.13.0-36-generic x86_64)

 * Documentation:  https://help.ubuntu.com
 * Management:     https://landscape.canonical.com
 * Support:        https://ubuntu.com/advantage

10 packages can be updated.
10 updates are security updates.

Last login: Tue Apr 17 10:50:36 2018 from 172.25.26.113
alex@Docker-Ubuntu:~$ 
alex@Docker-Ubuntu:~$ 
alex@Docker-Ubuntu:~$ docker info
Containers: 1
 Running: 0
 Paused: 0
 Stopped: 1
Images: 1
Server Version: 17.06.2-ee-8
Storage Driver: aufs
 Root Dir: /var/lib/docker/aufs
 Backing Filesystem: extfs
 Dirs: 7
 Dirperm1 Supported: true
Logging Driver: json-file
Cgroup Driver: cgroupfs
Plugins: 
 Volume: local
 Network: bridge host macvlan null overlay
 Log: awslogs fluentd gcplogs gelf journald json-file logentries splunk syslog
Swarm: inactive
Runtimes: runc
Default Runtime: runc
Init Binary: docker-init
containerd version: 6e23458c129b551d5c9871e5174f6b1b7f6d1170
runc version: 462c82662200a17ee39e74692f536067a3576a50
init version: 949e6fa
Security Options:
 apparmor
 seccomp
  Profile: default
Kernel Version: 4.13.0-36-generic
Operating System: Ubuntu 16.04.4 LTS
OSType: linux
Architecture: x86_64
CPUs: 1
Total Memory: 3.81GiB
Name: Docker-Ubuntu
ID: WKFD:JBU5:LF54:76SG:5HAX:QZNM:3EUW:33ZJ:CXPU:A7AD:BPKS:MMJ5
Docker Root Dir: /var/lib/docker
Debug Mode (client): false
Debug Mode (server): false
Registry: https://index.docker.io/v1/
Experimental: false
Insecure Registries:
 127.0.0.0/8
Live Restore Enabled: false

WARNING: No swap limit support
alex@Docker-Ubuntu:~$ 
alex@Docker-Ubuntu:~$ 
alex@Docker-Ubuntu:~$ 
alex@Docker-Ubuntu:~$ 
alex@Docker-Ubuntu:~$ 
alex@Docker-Ubuntu:~$ docker version
Client: Docker Enterprise Edition (EE) 2.0
 Version:       17.06.2-ee-8
 API version:   1.30
 Go version:    go1.8.7
 Git commit:    4e8ed51
 Built: Fri Mar 30 01:35:48 2018
 OS/Arch:       linux/amd64

Server: Docker Enterprise Edition (EE) 2.0
 Engine:
  Version:      17.06.2-ee-8
  API version:  1.30 (minimum version 1.12)
  Go version:   go1.8.7
  Git commit:   4e8ed51
  Built:        Fri Mar 30 01:34:39 2018
  OS/Arch:      linux/amd64
  Experimental: false
alex@Docker-Ubuntu:~$ 
alex@Docker-Ubuntu:~$ 
alex@Docker-Ubuntu:~$ 
alex@Docker-Ubuntu:~$ 
alex@Docker-Ubuntu:~$ 
alex@Docker-Ubuntu:~$ service docker status
â— docker.service - Docker Application Container Engine
   Loaded: loaded (/lib/systemd/system/docker.service; enabled; vendor preset: enabled)
   Active: active (running) since Tue 2018-04-17 15:01:50 BST; 1min 24s ago
     Docs: https://docs.docker.com
  Process: 1932 ExecStartPost=/bin/sh -e -c dir="$(docker info -f '{{.DockerRootDir}}/{{.Driver}}')"; info=$(grep -F " $dir $dir " /proc/self
 Main PID: 1478 (dockerd)
    Tasks: 35
   Memory: 101.5M
      CPU: 2.687s
   CGroup: /system.slice/docker.service
           â”œâ”€1478 /usr/bin/dockerd -H fd://
           â”œâ”€1533 docker-containerd -l unix:///var/run/docker/libcontainerd/docker-containerd.sock --metrics-interval=0 --start-timeout 2m --
           â”œâ”€2302 docker-containerd-shim 6d649db210a0aed5aead227b1b326fe05fb5bdfc937400e954c20dcfbf4f7255 /var/run/docker/libcontainerd/6d649
           â””â”€6d649db210a0aed5aead227b1b326fe05fb5bdfc937400e954c20dcfbf4f7255
             â””â”€2319 /telemetry

Apr 17 15:01:45 Docker-Ubuntu dockerd[1478]: time="2018-04-17T15:01:45.500835100+01:00" level=warning msg="Your kernel does not support cgrou
Apr 17 15:01:45 Docker-Ubuntu dockerd[1478]: time="2018-04-17T15:01:45.501351700+01:00" level=warning msg="Your kernel does not support cgrou
Apr 17 15:01:45 Docker-Ubuntu dockerd[1478]: time="2018-04-17T15:01:45.504959900+01:00" level=info msg="Loading containers: start."
Apr 17 15:01:47 Docker-Ubuntu dockerd[1478]: time="2018-04-17T15:01:47.962930300+01:00" level=info msg="Default bridge (docker0) is assigned 
Apr 17 15:01:48 Docker-Ubuntu dockerd[1478]: time="2018-04-17T15:01:48.562721700+01:00" level=info msg="Loading containers: done."
Apr 17 15:01:49 Docker-Ubuntu dockerd[1478]: time="2018-04-17T15:01:49.852953700+01:00" level=info msg="Daemon has completed initialization"
Apr 17 15:01:49 Docker-Ubuntu dockerd[1478]: time="2018-04-17T15:01:49.853923800+01:00" level=info msg="Docker daemon" commit=4e8ed51 graphdr
Apr 17 15:01:49 Docker-Ubuntu dockerd[1478]: time="2018-04-17T15:01:49.917783500+01:00" level=info msg="API listen on /var/run/docker.sock"
Apr 17 15:01:50 Docker-Ubuntu systemd[1]: Started Docker Application Container Engine.
Apr 17 15:01:59 Docker-Ubuntu dockerd[1478]: time="2018-04-17T15:01:59+01:00" level=info msg="time=\"2018-04-17T14:01:59Z\" level=info msg=\"
lines 1-26/26 (END)
alex@Docker-Ubuntu:~$ 
alex@Docker-Ubuntu:~$ 
alex@Docker-Ubuntu:~$ 
alex@Docker-Ubuntu:~$ 
alex@Docker-Ubuntu:~$ docker run hello-world
Unable to find image 'hello-world:latest' locally
latest: Pulling from library/hello-world

Digest: sha256:f5233545e43561214ca4891fd1157e1c3c563316ed8e237750d59bde73361e77
Status: Downloaded newer image for hello-world:latest

Hello from Docker!
This message shows that your installation appears to be working correctly.

To generate this message, Docker took the following steps:
 1. The Docker client contacted the Docker daemon.
 2. The Docker daemon pulled the "hello-world" image from the Docker Hub.
    (amd64)
 3. The Docker daemon created a new container from that image which runs the
    executable that produces the output you are currently reading.
 4. The Docker daemon streamed that output to the Docker client, which sent it
    to your terminal.

To try something more ambitious, you can run an Ubuntu container with:
 $ docker run -it ubuntu bash

Share images, automate workflows, and more with a free Docker ID:
 https://hub.docker.com/

For more examples and ideas, visit:
 https://docs.docker.com/engine/userguide/

alex@Docker-Ubuntu:~$ 
alex@Docker-Ubuntu:~$ 
alex@Docker-Ubuntu:~$ 
alex@Docker-Ubuntu:~$ 
alex@Docker-Ubuntu:~$ 
alex@Docker-Ubuntu:~$ 
alex@Docker-Ubuntu:~$ 
alex@Docker-Ubuntu:~$ 
alex@Docker-Ubuntu:~$ 
alex@Docker-Ubuntu:~$ 
alex@Docker-Ubuntu:~$ 
alex@Docker-Ubuntu:~$ 
alex@Docker-Ubuntu:~$ service docker st
Usage: service docker {start|stop|restart|status}
alex@Docker-Ubuntu:~$ 
alex@Docker-Ubuntu:~$ 
alex@Docker-Ubuntu:~$ service docker stop
==== AUTHENTICATING FOR org.freedesktop.systemd1.manage-units ===
Authentication is required to stop 'docker.socket'.
Authenticating as: Alex,,, (alex)
Password: 
polkit-agent-helper-1: pam_authenticate failed: Authentication failure
==== AUTHENTICATION FAILED ===
Failed to stop docker.socket: Access denied
See system logs and 'systemctl status docker.socket' for details.
==== AUTHENTICATING FOR org.freedesktop.systemd1.manage-units ===
Authentication is required to stop 'docker.service'.
Authenticating as: Alex,,, (alex)
Password: 
==== AUTHENTICATION COMPLETE ===
alex@Docker-Ubuntu:~$ 
alex@Docker-Ubuntu:~$ 
alex@Docker-Ubuntu:~$ 
alex@Docker-Ubuntu:~$ cd /etc/group
-bash: cd: /etc/group: Not a directory
alex@Docker-Ubuntu:~$ cd /etc/
alex@Docker-Ubuntu:/etc$ ls
acpi                    dbus-1               host.conf        logcheck        popularity-contest.conf  skel
adduser.conf            dconf                hostname         login.defs      ppp                      speech-dispatcher
alternatives            debconf.conf         hosts            logrotate.conf  profile                  ssh
anacrontab              debian_version       hosts.allow      logrotate.d     profile.d                ssl
apg.conf                default              hosts.deny       lsb-release     protocols                subgid
apm                     deluser.conf         hp               ltrace.conf     pulse                    subgid-
apparmor                depmod.d             ifplugd          machine-id      python                   subuid
apparmor.d              dhcp                 iftab            magic           python2.7                subuid-
apport                  dictionaries-common  ImageMagick-6    magic.mime      python3                  sudoers
appstream.conf          dnsmasq.d            init             mailcap         python3.5                sudoers.d
apt                     doc-base             init.d           mailcap.order   rc0.d                    sysctl.conf
aptdaemon               docker               initramfs-tools  manpath.config  rc1.d                    sysctl.d
at-spi2                 dpkg                 inputrc          mime.types      rc2.d                    systemd
avahi                   drirc                insserv          mke2fs.conf     rc3.d                    terminfo
bash.bashrc             emacs                insserv.conf     modprobe.d      rc4.d                    thermald
bash_completion         environment          insserv.conf.d   modules         rc5.d                    thunderbird
bash_completion.d       firefox              iproute2         modules-load.d  rc6.d                    timezone
bindresvport.blacklist  fonts                issue            mtab            rc.local                 tmpfiles.d
binfmt.d                fstab                issue.net        mtools.conf     rcS.d                    ucf.conf
bluetooth               fuse.conf            kbd              nanorc          resolvconf               udev
brlapi.key              fwupd.conf           kernel           network         resolv.conf              udisks2
brltty                  gai.conf             kernel-img.conf  NetworkManager  rmt                      ufw
brltty.conf             gconf                kerneloops.conf  networks        rpc                      updatedb.conf
ca-certificates         gdb                  ldap             newt            rsyslog.conf             update-manager
ca-certificates.conf    ghostscript          ld.so.cache      nsswitch.conf   rsyslog.d                update-motd.d
calendar                gnome                ld.so.conf       opt             sane.d                   update-notifier
chatscripts             gnome-app-install    ld.so.conf.d     os-release      securetty                UPower
compizconfig            groff                legal            pam.conf        security                 upstart-xsessions
console-setup           group                libao.conf       pam.d           selinux                  usb_modeswitch.conf
cracklib                group-               libaudit.conf    papersize       sensors3.conf            usb_modeswitch.d
cron.d                  grub.d               libnl-3          passwd          sensors.d                vim
cron.daily              gshadow              libpaper.d       passwd-         services                 vtrgb
cron.hourly             gshadow-             libreoffice      pcmcia          sgml                     wgetrc
cron.monthly            gss                  lightdm          perl            shadow                   wpa_supplicant
crontab                 gtk-2.0              lintianrc        pki             shadow-                  X11
cron.weekly             gtk-3.0              locale.alias     pm              shells                   xdg
cups                    guest-session        locale.gen       pnm2ppa.conf    signond.conf             xml
cupshelpers             hdparm.conf          localtime        polkit-1        signon-ui                zsh_command_not_found
alex@Docker-Ubuntu:/etc$ cat group
root:x:0:
daemon:x:1:
bin:x:2:
sys:x:3:
adm:x:4:syslog,alex
tty:x:5:
disk:x:6:
lp:x:7:
mail:x:8:
news:x:9:
uucp:x:10:
man:x:12:
proxy:x:13:
kmem:x:15:
dialout:x:20:
fax:x:21:
voice:x:22:
cdrom:x:24:alex
floppy:x:25:
tape:x:26:
sudo:x:27:alex
audio:x:29:pulse
dip:x:30:alex
www-data:x:33:
backup:x:34:
operator:x:37:
list:x:38:
irc:x:39:
src:x:40:
gnats:x:41:
shadow:x:42:
utmp:x:43:
video:x:44:
sasl:x:45:
plugdev:x:46:alex
staff:x:50:
games:x:60:
users:x:100:
nogroup:x:65534:
systemd-journal:x:101:
systemd-timesync:x:102:
systemd-network:x:103:
systemd-resolve:x:104:
systemd-bus-proxy:x:105:
input:x:106:
crontab:x:107:
syslog:x:108:
netdev:x:109:
messagebus:x:110:
uuidd:x:111:
ssl-cert:x:112:
lpadmin:x:113:alex
lightdm:x:114:
nopasswdlogin:x:115:
ssh:x:116:
whoopsie:x:117:
mlocate:x:118:
avahi-autoipd:x:119:
avahi:x:120:
bluetooth:x:121:
scanner:x:122:saned
colord:x:123:
pulse:x:124:
pulse-access:x:125:
rtkit:x:126:
saned:x:127:
alex:x:1000:
sambashare:x:128:alex
docker:x:129:alex
alex@Docker-Ubuntu:/etc$ 
alex@Docker-Ubuntu:/etc$ 
alex@Docker-Ubuntu:/etc$ exit
logout
Welcome to Ubuntu 16.04.4 LTS (GNU/Linux 4.13.0-36-generic x86_64)

 * Documentation:  https://help.ubuntu.com
 * Management:     https://landscape.canonical.com
 * Support:        https://ubuntu.com/advantage

10 packages can be updated.
10 updates are security updates.

Last login: Tue Apr 17 15:02:27 2018 from 172.25.26.113
alex@Docker-Ubuntu:~$ 
alex@Docker-Ubuntu:~$ 
alex@Docker-Ubuntu:~$ docker -H 172.25.26.126:2375 -d &
[1] 3106
alex@Docker-Ubuntu:~$ unknown shorthand flag: 'd' in -d
See 'docker --help'.

Usage:  docker COMMAND

A self-sufficient runtime for containers

Options:
      --config string      Location of client config files (default "/home/alex/.docker")
  -D, --debug              Enable debug mode
      --help               Print usage
  -H, --host list          Daemon socket(s) to connect to (default )
  -l, --log-level string   Set the logging level ("debug"|"info"|"warn"|"error"|"fatal") (default "info")
      --tls                Use TLS; implied by --tlsverify
      --tlscacert string   Trust certs signed only by this CA (default "/home/alex/.docker/ca.pem")
      --tlscert string     Path to TLS certificate file (default "/home/alex/.docker/cert.pem")
      --tlskey string      Path to TLS key file (default "/home/alex/.docker/key.pem")
      --tlsverify          Use TLS and verify the remote
  -v, --version            Print version information and quit

Management Commands:
  checkpoint  Manage checkpoints
  config      Manage Docker configs
  container   Manage containers
  image       Manage images
  network     Manage networks
  node        Manage Swarm nodes
  plugin      Manage plugins
  secret      Manage Docker secrets
  service     Manage services
  stack       Manage Docker stacks
  swarm       Manage Swarm
  system      Manage Docker
  volume      Manage volumes

Commands:
  attach      Attach local standard input, output, and error streams to a running container
  build       Build an image from a Dockerfile
  commit      Create a new image from a container's changes
  cp          Copy files/folders between a container and the local filesystem
  create      Create a new container
  deploy      Deploy a new stack or update an existing stack
  diff        Inspect changes to files or directories on a container's filesystem
  events      Get real time events from the server
  exec        Run a command in a running container
  export      Export a container's filesystem as a tar archive
  history     Show the history of an image
  images      List images
  import      Import the contents from a tarball to create a filesystem image
  info        Display system-wide information
  inspect     Return low-level information on Docker objects
  kill        Kill one or more running containers
  load        Load an image from a tar archive or STDIN
  login       Log in to a Docker registry
  logout      Log out from a Docker registry
  logs        Fetch the logs of a container
  pause       Pause all processes within one or more containers
  port        List port mappings or a specific mapping for the container
  ps          List containers
  pull        Pull an image or a repository from a registry
  push        Push an image or a repository to a registry
  rename      Rename a container
  restart     Restart one or more containers
  rm          Remove one or more containers
  rmi         Remove one or more images
  run         Run a command in a new container
  save        Save one or more images to a tar archive (streamed to STDOUT by default)
  search      Search the Docker Hub for images
  start       Start one or more stopped containers
  stats       Display a live stream of container(s) resource usage statistics
  stop        Stop one or more running containers
  tag         Create a tag TARGET_IMAGE that refers to SOURCE_IMAGE
  top         Display the running processes of a container
  unpause     Unpause all processes within one or more containers
  update      Update configuration of one or more containers
  version     Show the Docker version information
  wait        Block until one or more containers stop, then print their exit codes

Run 'docker COMMAND --help' for more information on a command.


[1]+  Exit 125                docker -H 172.25.26.126:2375 -d
alex@Docker-Ubuntu:~$ docker info
Cannot connect to the Docker daemon at unix:///var/run/docker.sock. Is the docker daemon running?
alex@Docker-Ubuntu:~$ 
alex@Docker-Ubuntu:~$ 
alex@Docker-Ubuntu:~$ 
alex@Docker-Ubuntu:~$ export DOCKER_HOST="tcp://172.25.26.126"
alex@Docker-Ubuntu:~$ docker info
Cannot connect to the Docker daemon at tcp://172.25.26.126:2375. Is the docker daemon running?
alex@Docker-Ubuntu:~$ 
alex@Docker-Ubuntu:~$ 
alex@Docker-Ubuntu:~$ docker info
Cannot connect to the Docker daemon at tcp://172.25.26.126:2375. Is the docker daemon running?
alex@Docker-Ubuntu:~$ netstat -tlp
(Not all processes could be identified, non-owned process info
 will not be shown, you would have to be root to see it all.)
Active Internet connections (only servers)
Proto Recv-Q Send-Q Local Address           Foreign Address         State       PID/Program name
tcp        0      0 Docker-Ubuntu:domain    *:*                     LISTEN      -               
tcp        0      0 *:ssh                   *:*                     LISTEN      -               
tcp        0      0 localhost:ipp           *:*                     LISTEN      -               
tcp6       0      0 [::]:ssh                [::]:*                  LISTEN      -               
tcp6       0      0 ip6-localhost:ipp       [::]:*                  LISTEN      -               
alex@Docker-Ubuntu:~$ service docker stop
==== AUTHENTICATING FOR org.freedesktop.systemd1.manage-units ===
Authentication is required to stop 'docker.socket'.
Authenticating as: Alex,,, (alex)
Password: 
==== AUTHENTICATION COMPLETE ===
==== AUTHENTICATING FOR org.freedesktop.systemd1.manage-units ===
Authentication is required to stop 'docker.service'.
Authenticating as: Alex,,, (alex)
Password: 
==== AUTHENTICATION COMPLETE ===
alex@Docker-Ubuntu:~$ 
alex@Docker-Ubuntu:~$ 
alex@Docker-Ubuntu:~$ docker info
Cannot connect to the Docker daemon at tcp://172.25.26.126:2375. Is the docker daemon running?
alex@Docker-Ubuntu:~$ rm export DOCKER_HOST="tcp://172.25.26.126"
rm: cannot remove 'export': No such file or directory
rm: cannot remove 'DOCKER_HOST=tcp://172.25.26.126': No such file or directory
alex@Docker-Ubuntu:~$ rm export DOCKER_HOST="tcp://172.25.26.126"
rm: cannot remove 'export': No such file or directory
rm: cannot remove 'DOCKER_HOST=tcp://172.25.26.126': No such file or directory
alex@Docker-Ubuntu:~$ 
alex@Docker-Ubuntu:~$ 
alex@Docker-Ubuntu:~$ 
alex@Docker-Ubuntu:~$ unset DOCKER_HOST="tcp://172.25.26.126"
-bash: unset: `DOCKER_HOST=tcp://172.25.26.126': not a valid identifier
alex@Docker-Ubuntu:~$ 
alex@Docker-Ubuntu:~$ 
alex@Docker-Ubuntu:~$ env
XDG_SESSION_ID=2
TERM=vt100
SHELL=/bin/bash
SSH_CLIENT=172.25.26.113 57999 22
DOCKER_HOST=tcp://172.25.26.126
SSH_TTY=/dev/pts/2
USER=alex
LS_COLORS=rs=0:di=01;34:ln=01;36:mh=00:pi=40;33:so=01;35:do=01;35:bd=40;33;01:cd=40;33;01:or=40;31;01:mi=00:su=37;41:sg=30;43:ca=30;41:tw=30;42:ow=34;42:st=37;44:ex=01;32:*.tar=01;31:*.tgz=01;31:*.arc=01;31:*.arj=01;31:*.taz=01;31:*.lha=01;31:*.lz4=01;31:*.lzh=01;31:*.lzma=01;31:*.tlz=01;31:*.txz=01;31:*.tzo=01;31:*.t7z=01;31:*.zip=01;31:*.z=01;31:*.Z=01;31:*.dz=01;31:*.gz=01;31:*.lrz=01;31:*.lz=01;31:*.lzo=01;31:*.xz=01;31:*.bz2=01;31:*.bz=01;31:*.tbz=01;31:*.tbz2=01;31:*.tz=01;31:*.deb=01;31:*.rpm=01;31:*.jar=01;31:*.war=01;31:*.ear=01;31:*.sar=01;31:*.rar=01;31:*.alz=01;31:*.ace=01;31:*.zoo=01;31:*.cpio=01;31:*.7z=01;31:*.rz=01;31:*.cab=01;31:*.jpg=01;35:*.jpeg=01;35:*.gif=01;35:*.bmp=01;35:*.pbm=01;35:*.pgm=01;35:*.ppm=01;35:*.tga=01;35:*.xbm=01;35:*.xpm=01;35:*.tif=01;35:*.tiff=01;35:*.png=01;35:*.svg=01;35:*.svgz=01;35:*.mng=01;35:*.pcx=01;35:*.mov=01;35:*.mpg=01;35:*.mpeg=01;35:*.m2v=01;35:*.mkv=01;35:*.webm=01;35:*.ogm=01;35:*.mp4=01;35:*.m4v=01;35:*.mp4v=01;35:*.vob=01;35:*.qt=01;35:*.nuv=01;35:*.wmv=01;35:*.asf=01;35:*.rm=01;35:*.rmvb=01;35:*.flc=01;35:*.avi=01;35:*.fli=01;35:*.flv=01;35:*.gl=01;35:*.dl=01;35:*.xcf=01;35:*.xwd=01;35:*.yuv=01;35:*.cgm=01;35:*.emf=01;35:*.ogv=01;35:*.ogx=01;35:*.aac=00;36:*.au=00;36:*.flac=00;36:*.m4a=00;36:*.mid=00;36:*.midi=00;36:*.mka=00;36:*.mp3=00;36:*.mpc=00;36:*.ogg=00;36:*.ra=00;36:*.wav=00;36:*.oga=00;36:*.opus=00;36:*.spx=00;36:*.xspf=00;36:
MAIL=/var/mail/alex
PATH=/home/alex/bin:/home/alex/.local/bin:/usr/local/sbin:/usr/local/bin:/usr/sbin:/usr/bin:/sbin:/bin:/usr/games:/usr/local/games:/snap/bin
QT_QPA_PLATFORMTHEME=appmenu-qt5
PWD=/home/alex
LANG=en_GB.UTF-8
SHLVL=1
HOME=/home/alex
LANGUAGE=en_GB:en
LOGNAME=alex
XDG_DATA_DIRS=/usr/local/share:/usr/share:/var/lib/snapd/desktop
SSH_CONNECTION=172.25.26.113 57999 172.25.26.126 22
LESSOPEN=| /usr/bin/lesspipe %s
XDG_RUNTIME_DIR=/run/user/1000
LESSCLOSE=/usr/bin/lesspipe %s %s
_=/usr/bin/env
alex@Docker-Ubuntu:~$ 
alex@Docker-Ubuntu:~$ 
alex@Docker-Ubuntu:~$ env -i DOCKER_HOST
env: â€˜DOCKER_HOSTâ€™: No such file or directory
alex@Docker-Ubuntu:~$ 
alex@Docker-Ubuntu:~$ env
XDG_SESSION_ID=2
TERM=vt100
SHELL=/bin/bash
SSH_CLIENT=172.25.26.113 57999 22
DOCKER_HOST=tcp://172.25.26.126
SSH_TTY=/dev/pts/2
USER=alex
LS_COLORS=rs=0:di=01;34:ln=01;36:mh=00:pi=40;33:so=01;35:do=01;35:bd=40;33;01:cd=40;33;01:or=40;31;01:mi=00:su=37;41:sg=30;43:ca=30;41:tw=30;42:ow=34;42:st=37;44:ex=01;32:*.tar=01;31:*.tgz=01;31:*.arc=01;31:*.arj=01;31:*.taz=01;31:*.lha=01;31:*.lz4=01;31:*.lzh=01;31:*.lzma=01;31:*.tlz=01;31:*.txz=01;31:*.tzo=01;31:*.t7z=01;31:*.zip=01;31:*.z=01;31:*.Z=01;31:*.dz=01;31:*.gz=01;31:*.lrz=01;31:*.lz=01;31:*.lzo=01;31:*.xz=01;31:*.bz2=01;31:*.bz=01;31:*.tbz=01;31:*.tbz2=01;31:*.tz=01;31:*.deb=01;31:*.rpm=01;31:*.jar=01;31:*.war=01;31:*.ear=01;31:*.sar=01;31:*.rar=01;31:*.alz=01;31:*.ace=01;31:*.zoo=01;31:*.cpio=01;31:*.7z=01;31:*.rz=01;31:*.cab=01;31:*.jpg=01;35:*.jpeg=01;35:*.gif=01;35:*.bmp=01;35:*.pbm=01;35:*.pgm=01;35:*.ppm=01;35:*.tga=01;35:*.xbm=01;35:*.xpm=01;35:*.tif=01;35:*.tiff=01;35:*.png=01;35:*.svg=01;35:*.svgz=01;35:*.mng=01;35:*.pcx=01;35:*.mov=01;35:*.mpg=01;35:*.mpeg=01;35:*.m2v=01;35:*.mkv=01;35:*.webm=01;35:*.ogm=01;35:*.mp4=01;35:*.m4v=01;35:*.mp4v=01;35:*.vob=01;35:*.qt=01;35:*.nuv=01;35:*.wmv=01;35:*.asf=01;35:*.rm=01;35:*.rmvb=01;35:*.flc=01;35:*.avi=01;35:*.fli=01;35:*.flv=01;35:*.gl=01;35:*.dl=01;35:*.xcf=01;35:*.xwd=01;35:*.yuv=01;35:*.cgm=01;35:*.emf=01;35:*.ogv=01;35:*.ogx=01;35:*.aac=00;36:*.au=00;36:*.flac=00;36:*.m4a=00;36:*.mid=00;36:*.midi=00;36:*.mka=00;36:*.mp3=00;36:*.mpc=00;36:*.ogg=00;36:*.ra=00;36:*.wav=00;36:*.oga=00;36:*.opus=00;36:*.spx=00;36:*.xspf=00;36:
MAIL=/var/mail/alex
PATH=/home/alex/bin:/home/alex/.local/bin:/usr/local/sbin:/usr/local/bin:/usr/sbin:/usr/bin:/sbin:/bin:/usr/games:/usr/local/games:/snap/bin
QT_QPA_PLATFORMTHEME=appmenu-qt5
PWD=/home/alex
LANG=en_GB.UTF-8
SHLVL=1
HOME=/home/alex
LANGUAGE=en_GB:en
LOGNAME=alex
XDG_DATA_DIRS=/usr/local/share:/usr/share:/var/lib/snapd/desktop
SSH_CONNECTION=172.25.26.113 57999 172.25.26.126 22
LESSOPEN=| /usr/bin/lesspipe %s
XDG_RUNTIME_DIR=/run/user/1000
LESSCLOSE=/usr/bin/lesspipe %s %s
_=/usr/bin/env
alex@Docker-Ubuntu:~$ 
alex@Docker-Ubuntu:~$ 
alex@Docker-Ubuntu:~$ unset DOCKER_HOST
alex@Docker-Ubuntu:~$ env
XDG_SESSION_ID=2
TERM=vt100
SHELL=/bin/bash
SSH_CLIENT=172.25.26.113 57999 22
SSH_TTY=/dev/pts/2
USER=alex
LS_COLORS=rs=0:di=01;34:ln=01;36:mh=00:pi=40;33:so=01;35:do=01;35:bd=40;33;01:cd=40;33;01:or=40;31;01:mi=00:su=37;41:sg=30;43:ca=30;41:tw=30;42:ow=34;42:st=37;44:ex=01;32:*.tar=01;31:*.tgz=01;31:*.arc=01;31:*.arj=01;31:*.taz=01;31:*.lha=01;31:*.lz4=01;31:*.lzh=01;31:*.lzma=01;31:*.tlz=01;31:*.txz=01;31:*.tzo=01;31:*.t7z=01;31:*.zip=01;31:*.z=01;31:*.Z=01;31:*.dz=01;31:*.gz=01;31:*.lrz=01;31:*.lz=01;31:*.lzo=01;31:*.xz=01;31:*.bz2=01;31:*.bz=01;31:*.tbz=01;31:*.tbz2=01;31:*.tz=01;31:*.deb=01;31:*.rpm=01;31:*.jar=01;31:*.war=01;31:*.ear=01;31:*.sar=01;31:*.rar=01;31:*.alz=01;31:*.ace=01;31:*.zoo=01;31:*.cpio=01;31:*.7z=01;31:*.rz=01;31:*.cab=01;31:*.jpg=01;35:*.jpeg=01;35:*.gif=01;35:*.bmp=01;35:*.pbm=01;35:*.pgm=01;35:*.ppm=01;35:*.tga=01;35:*.xbm=01;35:*.xpm=01;35:*.tif=01;35:*.tiff=01;35:*.png=01;35:*.svg=01;35:*.svgz=01;35:*.mng=01;35:*.pcx=01;35:*.mov=01;35:*.mpg=01;35:*.mpeg=01;35:*.m2v=01;35:*.mkv=01;35:*.webm=01;35:*.ogm=01;35:*.mp4=01;35:*.m4v=01;35:*.mp4v=01;35:*.vob=01;35:*.qt=01;35:*.nuv=01;35:*.wmv=01;35:*.asf=01;35:*.rm=01;35:*.rmvb=01;35:*.flc=01;35:*.avi=01;35:*.fli=01;35:*.flv=01;35:*.gl=01;35:*.dl=01;35:*.xcf=01;35:*.xwd=01;35:*.yuv=01;35:*.cgm=01;35:*.emf=01;35:*.ogv=01;35:*.ogx=01;35:*.aac=00;36:*.au=00;36:*.flac=00;36:*.m4a=00;36:*.mid=00;36:*.midi=00;36:*.mka=00;36:*.mp3=00;36:*.mpc=00;36:*.ogg=00;36:*.ra=00;36:*.wav=00;36:*.oga=00;36:*.opus=00;36:*.spx=00;36:*.xspf=00;36:
MAIL=/var/mail/alex
PATH=/home/alex/bin:/home/alex/.local/bin:/usr/local/sbin:/usr/local/bin:/usr/sbin:/usr/bin:/sbin:/bin:/usr/games:/usr/local/games:/snap/bin
QT_QPA_PLATFORMTHEME=appmenu-qt5
PWD=/home/alex
LANG=en_GB.UTF-8
SHLVL=1
HOME=/home/alex
LANGUAGE=en_GB:en
LOGNAME=alex
XDG_DATA_DIRS=/usr/local/share:/usr/share:/var/lib/snapd/desktop
SSH_CONNECTION=172.25.26.113 57999 172.25.26.126 22
LESSOPEN=| /usr/bin/lesspipe %s
XDG_RUNTIME_DIR=/run/user/1000
LESSCLOSE=/usr/bin/lesspipe %s %s
_=/usr/bin/env
alex@Docker-Ubuntu:~$ 
alex@Docker-Ubuntu:~$ 
alex@Docker-Ubuntu:~$ 
alex@Docker-Ubuntu:~$ 
alex@Docker-Ubuntu:~$ 
alex@Docker-Ubuntu:~$ docker info
Cannot connect to the Docker daemon at unix:///var/run/docker.sock. Is the docker daemon running?
alex@Docker-Ubuntu:~$ 
alex@Docker-Ubuntu:~$ 
alex@Docker-Ubuntu:~$ docker service start

Usage:  docker service COMMAND

Manage services

Options:
      --help   Print usage

Commands:
  create      Create a new service
  inspect     Display detailed information on one or more services
  logs        Fetch the logs of a service or task
  ls          List services
  ps          List the tasks of one or more services
  rm          Remove one or more services
  scale       Scale one or multiple replicated services
  update      Update a service

Run 'docker service COMMAND --help' for more information on a command.
alex@Docker-Ubuntu:~$ 
alex@Docker-Ubuntu:~$ 
alex@Docker-Ubuntu:~$ service docker start
==== AUTHENTICATING FOR org.freedesktop.systemd1.manage-units ===
Authentication is required to start 'docker.socket'.
Authenticating as: Alex,,, (alex)
Password: 
==== AUTHENTICATION COMPLETE ===
==== AUTHENTICATING FOR org.freedesktop.systemd1.manage-units ===
Authentication is required to start 'docker.service'.
Authenticating as: Alex,,, (alex)
Password: 
==== AUTHENTICATION COMPLETE ===
alex@Docker-Ubuntu:~$ 
alex@Docker-Ubuntu:~$ 
alex@Docker-Ubuntu:~$ docker info
Containers: 2
 Running: 0
 Paused: 0
 Stopped: 2
Images: 2
Server Version: 17.06.2-ee-8
Storage Driver: aufs
 Root Dir: /var/lib/docker/aufs
 Backing Filesystem: extfs
 Dirs: 10
 Dirperm1 Supported: true
Logging Driver: json-file
Cgroup Driver: cgroupfs
Plugins: 
 Volume: local
 Network: bridge host macvlan null overlay
 Log: awslogs fluentd gcplogs gelf journald json-file logentries splunk syslog
Swarm: inactive
Runtimes: runc
Default Runtime: runc
Init Binary: docker-init
containerd version: 6e23458c129b551d5c9871e5174f6b1b7f6d1170
runc version: 462c82662200a17ee39e74692f536067a3576a50
init version: 949e6fa
Security Options:
 apparmor
 seccomp
  Profile: default
Kernel Version: 4.13.0-36-generic
Operating System: Ubuntu 16.04.4 LTS
OSType: linux
Architecture: x86_64
CPUs: 1
Total Memory: 3.81GiB
Name: Docker-Ubuntu
ID: WKFD:JBU5:LF54:76SG:5HAX:QZNM:3EUW:33ZJ:CXPU:A7AD:BPKS:MMJ5
Docker Root Dir: /var/lib/docker
Debug Mode (client): false
Debug Mode (server): false
Registry: https://index.docker.io/v1/
Experimental: false
Insecure Registries:
 127.0.0.0/8
Live Restore Enabled: false

WARNING: No swap limit support
alex@Docker-Ubuntu:~$ 
alex@Docker-Ubuntu:~$ 
alex@Docker-Ubuntu:~$ 
alex@Docker-Ubuntu:~$ docker run -it centos /bin/bash
Unable to find image 'centos:latest' locally
latest: Pulling from library/centos

Digest: sha256:989b936d56b1ace20ddf855a301741e52abca38286382cba7f44443210e96d16
Status: Downloaded newer image for centos:latest
[root@398466c31e8e /]# 
[root@398466c31e8e /]# 
[root@398466c31e8e /]# uname -a
Linux 398466c31e8e 4.13.0-36-generic #40~16.04.1-Ubuntu SMP Fri Feb 16 23:25:58 UTC 2018 x86_64 x86_64 x86_64 GNU/Linux
[root@398466c31e8e /]# 
[root@398466c31e8e /]# apt-get upda
bash: apt-get: command not found
[root@398466c31e8e /]# 
[root@398466c31e8e /]# 
[root@398466c31e8e /]# 
[root@398466c31e8e /]# yum ch      
Loaded plugins: fastestmirror, ovl
No such command: ch. Please use /usr/bin/yum --help
[root@398466c31e8e /]# 
[root@398466c31e8e /]# yum check update
Loaded plugins: fastestmirror, ovl
check ['update']
[root@398466c31e8e /]# yum check-update 
Loaded plugins: fastestmirror, ovl
base                                                                                                                  | 3.6 kB  00:00:00     
extras                                                                                                                | 3.4 kB  00:00:00     
updates                                                                                                               | 3.4 kB  00:00:00     
(1/4): base/7/x86_64/group_gz                                                                                         | 156 kB  00:00:00     
(2/4): extras/7/x86_64/primary_db                                                                                     | 185 kB  00:00:00     
(3/4): base/7/x86_64/primary_db                                                                                       | 5.7 MB  00:00:09     
(4/4): updates/7/x86_64/primary_db                                                                                    | 6.9 MB  00:00:10     
Determining fastest mirrors
 * base: mirrors.clouvider.net
 * extras: mirror.mhd.uk.as44574.net
 * updates: repo.uk.bigstepcloud.com
[root@398466c31e8e /]# 
[root@398466c31e8e /]# 
[root@398466c31e8e /]# 
[root@398466c31e8e /]# exit
exit


alex@Docker-Ubuntu:~$ 
alex@Docker-Ubuntu:~$ docker ps
CONTAINER ID        IMAGE               COMMAND             CREATED             STATUS              PORTS               NAMES
alex@Docker-Ubuntu:~$ docker ps -a
CONTAINER ID        IMAGE               COMMAND             CREATED              STATUS                      PORTS               NAMES
398466c31e8e        centos              "/bin/bash"         About a minute ago   Exited (0) 6 seconds ago                        quirky_meitner
1bae3e5c4e46        hello-world         "/hello"            12 minutes ago       Exited (0) 12 minutes ago                       priceless_almeida
56c988837f95        ubuntu              "/bin/bash"         4 hours ago          Exited (0) 4 hours ago                          sharp_ritchie
alex@Docker-Ubuntu:~$ 
alex@Docker-Ubuntu:~$ 
alex@Docker-Ubuntu:~$ docker install nano
docker: 'install' is not a docker command.
See 'docker --help'
alex@Docker-Ubuntu:~$ apt-get install nano
E: Could not open lock file /var/lib/dpkg/lock - open (13: Permission denied)
E: Unable to lock the administration directory (/var/lib/dpkg/), are you root?
alex@Docker-Ubuntu:~$ sudo apt-get install nano
[sudo] password for alex: 
Reading package lists... Done
Building dependency tree       
Reading state information... Done
nano is already the newest version (2.5.3-2ubuntu2).
0 to upgrade, 0 to newly install, 0 to remove and 5 not to upgrade.
1 not fully installed or removed.
After this operation, 0 B of additional disk space will be used.
Do you want to continue? [Y/n] 
Setting up docker-ee (3:17.06.2~ee~8~3-0~ubuntu) ...
alex@Docker-Ubuntu:~$ sudo apt-get install nano
Reading package lists... Done
Building dependency tree       
Reading state information... Done
nano is already the newest version (2.5.3-2ubuntu2).
0 to upgrade, 0 to newly install, 0 to remove and 5 not to upgrade.
alex@Docker-Ubuntu:~$ 
alex@Docker-Ubuntu:~$ 
alex@Docker-Ubuntu:~$ 
alex@Docker-Ubuntu:~$ 
alex@Docker-Ubuntu:~$ docker 

Usage:  docker COMMAND

A self-sufficient runtime for containers

Options:
      --config string      Location of client config files (default "/home/alex/.docker")
  -D, --debug              Enable debug mode
      --help               Print usage
  -H, --host list          Daemon socket(s) to connect to
  -l, --log-level string   Set the logging level ("debug"|"info"|"warn"|"error"|"fatal") (default "info")
      --tls                Use TLS; implied by --tlsverify
      --tlscacert string   Trust certs signed only by this CA (default "/home/alex/.docker/ca.pem")
      --tlscert string     Path to TLS certificate file (default "/home/alex/.docker/cert.pem")
      --tlskey string      Path to TLS key file (default "/home/alex/.docker/key.pem")
      --tlsverify          Use TLS and verify the remote
  -v, --version            Print version information and quit

Management Commands:
  config      Manage Docker configs
  container   Manage containers
  image       Manage images
  network     Manage networks
  node        Manage Swarm nodes
  plugin      Manage plugins
  secret      Manage Docker secrets
  service     Manage services
  stack       Manage Docker stacks
  swarm       Manage Swarm
  system      Manage Docker
  volume      Manage volumes

Commands:
  attach      Attach local standard input, output, and error streams to a running container
  build       Build an image from a Dockerfile
  commit      Create a new image from a container's changes
  cp          Copy files/folders between a container and the local filesystem
  create      Create a new container
  diff        Inspect changes to files or directories on a container's filesystem
  events      Get real time events from the server
  exec        Run a command in a running container
  export      Export a container's filesystem as a tar archive
  history     Show the history of an image
  images      List images
  import      Import the contents from a tarball to create a filesystem image
  info        Display system-wide information
  inspect     Return low-level information on Docker objects
  kill        Kill one or more running containers
  load        Load an image from a tar archive or STDIN
  login       Log in to a Docker registry
  logout      Log out from a Docker registry
  logs        Fetch the logs of a container
  pause       Pause all processes within one or more containers
  port        List port mappings or a specific mapping for the container
  ps          List containers
  pull        Pull an image or a repository from a registry
  push        Push an image or a repository to a registry
  rename      Rename a container
  restart     Restart one or more containers
  rm          Remove one or more containers
  rmi         Remove one or more images
  run         Run a command in a new container
  save        Save one or more images to a tar archive (streamed to STDOUT by default)
  search      Search the Docker Hub for images
  start       Start one or more stopped containers
  stats       Display a live stream of container(s) resource usage statistics
  stop        Stop one or more running containers
  tag         Create a tag TARGET_IMAGE that refers to SOURCE_IMAGE
  top         Display the running processes of a container
  unpause     Unpause all processes within one or more containers
  update      Update configuration of one or more containers
  version     Show the Docker version information
  wait        Block until one or more containers stop, then print their exit codes

Run 'docker COMMAND --help' for more information on a command.
alex@Docker-Ubuntu:~$ 
alex@Docker-Ubuntu:~$ 
alex@Docker-Ubuntu:~$ 
alex@Docker-Ubuntu:~$ docker ps -a
CONTAINER ID        IMAGE               COMMAND             CREATED             STATUS                      PORTS               NAMES
398466c31e8e        centos              "/bin/bash"         2 minutes ago       Exited (0) 51 seconds ago                       quirky_meitner
1bae3e5c4e46        hello-world         "/hello"            13 minutes ago      Exited (0) 13 minutes ago                       priceless_almeida
56c988837f95        ubuntu              "/bin/bash"         4 hours ago         Exited (0) 4 hours ago                          sharp_ritchie
alex@Docker-Ubuntu:~$ 
alex@Docker-Ubuntu:~$ 
alex@Docker-Ubuntu:~$ docker

Usage:  docker COMMAND

A self-sufficient runtime for containers

Options:
      --config string      Location of client config files (default "/home/alex/.docker")
  -D, --debug              Enable debug mode
      --help               Print usage
  -H, --host list          Daemon socket(s) to connect to
  -l, --log-level string   Set the logging level ("debug"|"info"|"warn"|"error"|"fatal") (default "info")
      --tls                Use TLS; implied by --tlsverify
      --tlscacert string   Trust certs signed only by this CA (default "/home/alex/.docker/ca.pem")
      --tlscert string     Path to TLS certificate file (default "/home/alex/.docker/cert.pem")
      --tlskey string      Path to TLS key file (default "/home/alex/.docker/key.pem")
      --tlsverify          Use TLS and verify the remote
  -v, --version            Print version information and quit

Management Commands:
  config      Manage Docker configs
  container   Manage containers
  image       Manage images
  network     Manage networks
  node        Manage Swarm nodes
  plugin      Manage plugins
  secret      Manage Docker secrets
  service     Manage services
  stack       Manage Docker stacks
  swarm       Manage Swarm
  system      Manage Docker
  volume      Manage volumes

Commands:
  attach      Attach local standard input, output, and error streams to a running container
  build       Build an image from a Dockerfile
  commit      Create a new image from a container's changes
  cp          Copy files/folders between a container and the local filesystem
  create      Create a new container
  diff        Inspect changes to files or directories on a container's filesystem
  events      Get real time events from the server
  exec        Run a command in a running container
  export      Export a container's filesystem as a tar archive
  history     Show the history of an image
  images      List images
  import      Import the contents from a tarball to create a filesystem image
  info        Display system-wide information
  inspect     Return low-level information on Docker objects
  kill        Kill one or more running containers
  load        Load an image from a tar archive or STDIN
  login       Log in to a Docker registry
  logout      Log out from a Docker registry
  logs        Fetch the logs of a container
  pause       Pause all processes within one or more containers
  port        List port mappings or a specific mapping for the container
  ps          List containers
  pull        Pull an image or a repository from a registry
  push        Push an image or a repository to a registry
  rename      Rename a container
  restart     Restart one or more containers
  rm          Remove one or more containers
  rmi         Remove one or more images
  run         Run a command in a new container
  save        Save one or more images to a tar archive (streamed to STDOUT by default)
  search      Search the Docker Hub for images
  start       Start one or more stopped containers
  stats       Display a live stream of container(s) resource usage statistics
  stop        Stop one or more running containers
  tag         Create a tag TARGET_IMAGE that refers to SOURCE_IMAGE
  top         Display the running processes of a container
  unpause     Unpause all processes within one or more containers
  update      Update configuration of one or more containers
  version     Show the Docker version information
  wait        Block until one or more containers stop, then print their exit codes

Run 'docker COMMAND --help' for more information on a command.
alex@Docker-Ubuntu:~$ 
alex@Docker-Ubuntu:~$ 
alex@Docker-Ubuntu:~$ 
alex@Docker-Ubuntu:~$ docker history 56c988837f95
Error response from daemon: No such image: 56c988837f95:latest
alex@Docker-Ubuntu:~$ 
alex@Docker-Ubuntu:~$ 
alex@Docker-Ubuntu:~$ ls -l /var/lib/ib
ls: cannot access '/var/lib/ib': No such file or directory
alex@Docker-Ubuntu:~$ 
alex@Docker-Ubuntu:~$ 
alex@Docker-Ubuntu:~$ ls -l /var/lib/docker/aufs
ls: cannot open directory '/var/lib/docker/aufs': Permission denied
alex@Docker-Ubuntu:~$ ls -l /var/lib/docker/aufs
ls: cannot open directory '/var/lib/docker/aufs': Permission denied
alex@Docker-Ubuntu:~$ sudo su
root@Docker-Ubuntu:/home/alex# 
root@Docker-Ubuntu:/home/alex# 
root@Docker-Ubuntu:/home/alex# ls -l /var/lib/docker/aufs/diff/
total 52
drwxr-xr-x  5 root root 4096 Apr 17 10:51 048d8c436e8252b72599768c79862a507fb8477c7743990c6515b1ff4e65f9c5
drwxr-xr-x  6 root root 4096 Apr 17 10:51 048d8c436e8252b72599768c79862a507fb8477c7743990c6515b1ff4e65f9c5-init
drwxr-xr-x  3 root root 4096 Apr 17 10:51 1315912417af5e06b4044deec417f13378bc9453e80664724c9c1e323302b4c4
drwxr-xr-x  2 root root 4096 Apr 17 15:03 1f867d77bcde420fabe7292fc0148a31cfa2b5f9a482397515b2f4ea3f62284f
drwxr-xr-x  7 root root 4096 Apr 17 15:15 2fb6b28bf6849c241699cc685b872c1949bd258204256ea8ab160c1cc271d4a7
drwxr-xr-x  6 root root 4096 Apr 17 15:14 2fb6b28bf6849c241699cc685b872c1949bd258204256ea8ab160c1cc271d4a7-init
drwxr-xr-x  3 root root 4096 Apr 17 10:51 3a5e10891c3ac3c9e9e5829e1c3b425f0ae41312a7840a6752ae4b88de9afeae
drwxr-xr-x  6 root root 4096 Apr 17 10:51 5b5ec41d442e94225b58337e7c390a0a9b4dab7fbce347908b3f6a5fa0ea9d31
drwxr-xr-x 16 root root 4096 Apr 17 15:14 6f4b4efdee6f2be390a53ae95228b4c3cfb113ead86ecfd2d329305e1f01d897
drwxr-xr-x 21 root root 4096 Apr 17 10:51 86dbdaba924b59c7e9cfe98318e25e8ed8222c89184bbcd4f8afd386f4068853
drwxr-xr-x  3 root root 4096 Apr 17 10:51 9f8659fa56f94ed1d9ba9ab355a7721aac04b03b1a969c25201783c37f7f3262
drwxr-xr-x  4 root root 4096 Apr 17 15:03 dcdf29a86e2b2f287fc3c68c48c6773af3e5c4ef60f6efc1df0c05c720d4ab4c
drwxr-xr-x  8 root root 4096 Apr 17 15:03 dcdf29a86e2b2f287fc3c68c48c6773af3e5c4ef60f6efc1df0c05c720d4ab4c-init
root@Docker-Ubuntu:/home/alex# 
root@Docker-Ubuntu:/home/alex# 
root@Docker-Ubuntu:/home/alex# docker ps -a
CONTAINER ID        IMAGE               COMMAND             CREATED             STATUS                      PORTS               NAMES
398466c31e8e        centos              "/bin/bash"         4 minutes ago       Exited (0) 2 minutes ago                        quirky_meitner
1bae3e5c4e46        hello-world         "/hello"            14 minutes ago      Exited (0) 14 minutes ago                       priceless_almeida
56c988837f95        ubuntu              "/bin/bash"         4 hours ago         Exited (0) 4 hours ago                          sharp_ritchie
root@Docker-Ubuntu:/home/alex# ls -l /var/lib/docker/aufs/diff/56c988837f95
ls: cannot access '/var/lib/docker/aufs/diff/56c988837f95': No such file or directory
root@Docker-Ubuntu:/home/alex# ls -l /var/lib/docker/aufs/diff/
total 52
drwxr-xr-x  5 root root 4096 Apr 17 10:51 048d8c436e8252b72599768c79862a507fb8477c7743990c6515b1ff4e65f9c5
drwxr-xr-x  6 root root 4096 Apr 17 10:51 048d8c436e8252b72599768c79862a507fb8477c7743990c6515b1ff4e65f9c5-init
drwxr-xr-x  3 root root 4096 Apr 17 10:51 1315912417af5e06b4044deec417f13378bc9453e80664724c9c1e323302b4c4
drwxr-xr-x  2 root root 4096 Apr 17 15:03 1f867d77bcde420fabe7292fc0148a31cfa2b5f9a482397515b2f4ea3f62284f
drwxr-xr-x  7 root root 4096 Apr 17 15:15 2fb6b28bf6849c241699cc685b872c1949bd258204256ea8ab160c1cc271d4a7
drwxr-xr-x  6 root root 4096 Apr 17 15:14 2fb6b28bf6849c241699cc685b872c1949bd258204256ea8ab160c1cc271d4a7-init
drwxr-xr-x  3 root root 4096 Apr 17 10:51 3a5e10891c3ac3c9e9e5829e1c3b425f0ae41312a7840a6752ae4b88de9afeae
drwxr-xr-x  6 root root 4096 Apr 17 10:51 5b5ec41d442e94225b58337e7c390a0a9b4dab7fbce347908b3f6a5fa0ea9d31
drwxr-xr-x 16 root root 4096 Apr 17 15:14 6f4b4efdee6f2be390a53ae95228b4c3cfb113ead86ecfd2d329305e1f01d897
drwxr-xr-x 21 root root 4096 Apr 17 10:51 86dbdaba924b59c7e9cfe98318e25e8ed8222c89184bbcd4f8afd386f4068853
drwxr-xr-x  3 root root 4096 Apr 17 10:51 9f8659fa56f94ed1d9ba9ab355a7721aac04b03b1a969c25201783c37f7f3262
drwxr-xr-x  4 root root 4096 Apr 17 15:03 dcdf29a86e2b2f287fc3c68c48c6773af3e5c4ef60f6efc1df0c05c720d4ab4c
drwxr-xr-x  8 root root 4096 Apr 17 15:03 dcdf29a86e2b2f287fc3c68c48c6773af3e5c4ef60f6efc1df0c05c720d4ab4c-init
root@Docker-Ubuntu:/home/alex# docker ps -a
CONTAINER ID        IMAGE               COMMAND             CREATED             STATUS                      PORTS               NAMES
398466c31e8e        centos              "/bin/bash"         5 minutes ago       Exited (0) 4 minutes ago                        quirky_meitner
1bae3e5c4e46        hello-world         "/hello"            16 minutes ago      Exited (0) 16 minutes ago                       priceless_almeida
56c988837f95        ubuntu              "/bin/bash"         4 hours ago         Exited (0) 4 hours ago                          sharp_ritchie
root@Docker-Ubuntu:/home/alex# 
root@Docker-Ubuntu:/home/alex# 
root@Docker-Ubuntu:/home/alex# ls -l /var/lib/docker/aufs/diff/dcdf29a86e2b2f287fc3c68c48c6773af3e5c4ef60f6efc1df0c05c720d4ab4c
total 0
root@Docker-Ubuntu:/home/alex# ls -l /var/l
ls: cannot access '/var/l': No such file or directory
root@Docker-Ubuntu:/home/alex# 
root@Docker-Ubuntu:/home/alex# 
root@Docker-Ubuntu:/home/alex# docker run centos
root@Docker-Ubuntu:/home/alex# docker run -it centos /bin/bash
[root@0ee4cad83c8e /]# 
[root@0ee4cad83c8e /]# 
[root@0ee4cad83c8e /]# 
[root@0ee4cad83c8e /]# ls
anaconda-post.log  bin  dev  etc  home  lib  lib64  media  mnt  opt  proc  root  run  sbin  srv  sys  tmp  usr  var
[root@0ee4cad83c8e /]# mkdir Alex
[root@0ee4cad83c8e /]# dir
Alex  anaconda-post.log  bin  dev  etc  home  lib  lib64  media  mnt  opt  proc  root  run  sbin  srv  sys  tmp  usr  var
[root@0ee4cad83c8e /]# cd Alex/             
[root@0ee4cad83c8e Alex]# ls
[root@0ee4cad83c8e Alex]# nano
bash: nano: command not found
[root@0ee4cad83c8e Alex]# yum install nano 
Loaded plugins: fastestmirror, ovl
base                                                                                                                  | 3.6 kB  00:00:00     
extras                                                                                                                | 3.4 kB  00:00:00     
updates                                                                                                               | 3.4 kB  00:00:00     
(1/4): extras/7/x86_64/primary_db                                                                                     | 185 kB  00:00:00     
(2/4): base/7/x86_64/group_gz                                                                                         | 156 kB  00:00:00     
(3/4): base/7/x86_64/primary_db                                                                                       | 5.7 MB  00:00:07     
(4/4): updates/7/x86_64/primary_db                                                                                    | 6.9 MB  00:00:08     
Determining fastest mirrors
 * base: mirror.ox.ac.uk
 * extras: mirror.mhd.uk.as44574.net
 * updates: repo.uk.bigstepcloud.com
Resolving Dependencies
--> Running transaction check
---> Package nano.x86_64 0:2.3.1-10.el7 will be installed
--> Finished Dependency Resolution

Dependencies Resolved

=============================================================================================================================================
 Package                        Arch                             Version                                Repository                      Size
=============================================================================================================================================
Installing:
 nano                           x86_64                           2.3.1-10.el7                           base                           440 k

Transaction Summary
=============================================================================================================================================
Install  1 Package

Total download size: 440 k
Installed size: 1.6 M
Is this ok [y/d/N]: y
Downloading packages:
warning: /var/cache/yum/x86_64/7/base/packages/nano-2.3.1-10.el7.x86_64.rpm: Header V3 RSA/SHA256 Signature, key ID f4a80eb5: NOKEY--:-- ETA 
Public key for nano-2.3.1-10.el7.x86_64.rpm is not installed
nano-2.3.1-10.el7.x86_64.rpm                                                                                          | 440 kB  00:00:00     
Retrieving key from file:///etc/pki/rpm-gpg/RPM-GPG-KEY-CentOS-7
Importing GPG key 0xF4A80EB5:
 Userid     : "CentOS-7 Key (CentOS 7 Official Signing Key) <security@centos.org>"
 Fingerprint: 6341 ab27 53d7 8a78 a7c2 7bb1 24c6 a8a7 f4a8 0eb5
 Package    : centos-release-7-4.1708.el7.centos.x86_64 (@CentOS)
 From       : /etc/pki/rpm-gpg/RPM-GPG-KEY-CentOS-7
Is this ok [y/N]: y
Running transaction check
Running transaction test
Transaction test succeeded
Running transaction
  Installing : nano-2.3.1-10.el7.x86_64                                                                                                  1/1 
  Verifying  : nano-2.3.1-10.el7.x86_64                                                                                                  1/1 

Installed:
  nano.x86_64 0:2.3.1-10.el7                                                                                                                 

Complete!
[root@0ee4cad83c8e Alex]# 
[root@0ee4cad83c8e Alex]# 
[root@0ee4cad83c8e Alex]# nano  Alex_File
Welcome to Ubuntu 16.04.4 LTS (GNU/Linux 4.13.0-36-generic x86_64)

 * Documentation:  https://help.ubuntu.com
 * Management:     https://landscape.canonical.com
 * Support:        https://ubuntu.com/advantage

10 packages can be updated.
10 updates are security updates.

Last login: Tue Apr 17 15:04:41 2018 from 172.25.26.113
alex@Docker-Ubuntu:~$ 
alex@Docker-Ubuntu:~$ 
alex@Docker-Ubuntu:~$ ls
Desktop  Documents  Downloads  examples.desktop  Music  Pictures  Public  Templates  Videos
alex@Docker-Ubuntu:~$ docker ps -a
CONTAINER ID        IMAGE               COMMAND             CREATED             STATUS                      PORTS               NAMES
0ee4cad83c8e        centos              "/bin/bash"         2 minutes ago       Up 2 minutes                                    happy_mcnulty
64e31118d910        centos              "/bin/bash"         2 minutes ago       Exited (0) 2 minutes ago                        upbeat_goldwasser
398466c31e8e        centos              "/bin/bash"         9 minutes ago       Exited (0) 8 minutes ago                        quirky_meitner
1bae3e5c4e46        hello-world         "/hello"            20 minutes ago      Exited (0) 20 minutes ago                       priceless_almeida
56c988837f95        ubuntu              "/bin/bash"         5 hours ago         Exited (0) 5 hours ago                          sharp_ritchie
alex@Docker-Ubuntu:~$ 
alex@Docker-Ubuntu:~$ 
alex@Docker-Ubuntu:~$ docker attach 0ee4cad83c8e
Save modified buffer (ANSWERING "No" WILL DESTROY  File: Alex_File                                                                  Modified [root@0ee4cad83c8e Alex]# 
[root@0ee4cad83c8e Alex]# 
[root@0ee4cad83c8e Alex]# 
[root@0ee4cad83c8e Alex]# 
[root@0ee4cad83c8e Alex]# 
[root@0ee4cad83c8e Alex]# 
[root@0ee4cad83c8e Alex]# cat Alex_File 
this is a file that I have written
xxx
#

[root@0ee4cad83c8e Alex]# exit
exit
alex@Docker-Ubuntu:~$ 
alex@Docker-Ubuntu:~$ 
alex@Docker-Ubuntu:~$ sudo su
[sudo] password for alex: 
root@Docker-Ubuntu:/home/alex# 
root@Docker-Ubuntu:/home/alex# 
root@Docker-Ubuntu:/home/alex# ls -l /var/lib/docker/aufs/diff/
total 68
drwxr-xr-x  5 root root 4096 Apr 17 10:51 048d8c436e8252b72599768c79862a507fb8477c7743990c6515b1ff4e65f9c5
drwxr-xr-x  6 root root 4096 Apr 17 10:51 048d8c436e8252b72599768c79862a507fb8477c7743990c6515b1ff4e65f9c5-init
drwxr-xr-x  3 root root 4096 Apr 17 10:51 1315912417af5e06b4044deec417f13378bc9453e80664724c9c1e323302b4c4
drwxr-xr-x  4 root root 4096 Apr 17 15:21 183b58001c2322706b2501c3229543281eb15dac530696048a74d01a15d2a626
drwxr-xr-x  6 root root 4096 Apr 17 15:21 183b58001c2322706b2501c3229543281eb15dac530696048a74d01a15d2a626-init
drwxr-xr-x  2 root root 4096 Apr 17 15:03 1f867d77bcde420fabe7292fc0148a31cfa2b5f9a482397515b2f4ea3f62284f
drwxr-xr-x  7 root root 4096 Apr 17 15:15 2fb6b28bf6849c241699cc685b872c1949bd258204256ea8ab160c1cc271d4a7
drwxr-xr-x  6 root root 4096 Apr 17 15:14 2fb6b28bf6849c241699cc685b872c1949bd258204256ea8ab160c1cc271d4a7-init
drwxr-xr-x  3 root root 4096 Apr 17 10:51 3a5e10891c3ac3c9e9e5829e1c3b425f0ae41312a7840a6752ae4b88de9afeae
drwxr-xr-x 11 root root 4096 Apr 17 15:25 4f4a53d9396a460b6ff1730afb02bc0333cb7922a76b3669609fef132f58ad89
drwxr-xr-x  6 root root 4096 Apr 17 15:21 4f4a53d9396a460b6ff1730afb02bc0333cb7922a76b3669609fef132f58ad89-init
drwxr-xr-x  6 root root 4096 Apr 17 10:51 5b5ec41d442e94225b58337e7c390a0a9b4dab7fbce347908b3f6a5fa0ea9d31
drwxr-xr-x 16 root root 4096 Apr 17 15:14 6f4b4efdee6f2be390a53ae95228b4c3cfb113ead86ecfd2d329305e1f01d897
drwxr-xr-x 21 root root 4096 Apr 17 10:51 86dbdaba924b59c7e9cfe98318e25e8ed8222c89184bbcd4f8afd386f4068853
drwxr-xr-x  3 root root 4096 Apr 17 10:51 9f8659fa56f94ed1d9ba9ab355a7721aac04b03b1a969c25201783c37f7f3262
drwxr-xr-x  4 root root 4096 Apr 17 15:03 dcdf29a86e2b2f287fc3c68c48c6773af3e5c4ef60f6efc1df0c05c720d4ab4c
drwxr-xr-x  8 root root 4096 Apr 17 15:03 dcdf29a86e2b2f287fc3c68c48c6773af3e5c4ef60f6efc1df0c05c720d4ab4c-init
root@Docker-Ubuntu:/home/alex# 
root@Docker-Ubuntu:/home/alex# docker ps -a
CONTAINER ID        IMAGE               COMMAND             CREATED             STATUS                      PORTS               NAMES
0ee4cad83c8e        centos              "/bin/bash"         4 minutes ago       Exited (0) 23 seconds ago                       happy_mcnulty
64e31118d910        centos              "/bin/bash"         4 minutes ago       Exited (0) 4 minutes ago                        upbeat_goldwasser
398466c31e8e        centos              "/bin/bash"         11 minutes ago      Exited (0) 10 minutes ago                       quirky_meitner
1bae3e5c4e46        hello-world         "/hello"            22 minutes ago      Exited (0) 22 minutes ago                       priceless_almeida
56c988837f95        ubuntu              "/bin/bash"         5 hours ago         Exited (0) 5 hours ago                          sharp_ritchie
root@Docker-Ubuntu:/home/alex# 
root@Docker-Ubuntu:/home/alex# ls -l /var/lib/docker/aufs/diff/183b5800
ls: cannot access '/var/lib/docker/aufs/diff/183b5800': No such file or directory
root@Docker-Ubuntu:/home/alex# ls -l /var/lib/docker/aufs/diff/183b58001c2322706b2501c3229543281eb15dac530696048a74d01a15d2a626
total 0
root@Docker-Ubuntu:/home/alex# 
root@Docker-Ubuntu:/home/alex# 
root@Docker-Ubuntu:/home/alex# 
root@Docker-Ubuntu:/home/alex# 
root@Docker-Ubuntu:/home/alex# ls -l /var/lib/docker/aufs/diff/183b58001c2322706b2501c3229543281eb15dac530696048a74d01a15d2a626
total 0
root@Docker-Ubuntu:/home/alex# ls -l /var/lib/docker/aufs/diff/
total 68
drwxr-xr-x  5 root root 4096 Apr 17 10:51 048d8c436e8252b72599768c79862a507fb8477c7743990c6515b1ff4e65f9c5
drwxr-xr-x  6 root root 4096 Apr 17 10:51 048d8c436e8252b72599768c79862a507fb8477c7743990c6515b1ff4e65f9c5-init
drwxr-xr-x  3 root root 4096 Apr 17 10:51 1315912417af5e06b4044deec417f13378bc9453e80664724c9c1e323302b4c4
drwxr-xr-x  4 root root 4096 Apr 17 15:21 183b58001c2322706b2501c3229543281eb15dac530696048a74d01a15d2a626
drwxr-xr-x  6 root root 4096 Apr 17 15:21 183b58001c2322706b2501c3229543281eb15dac530696048a74d01a15d2a626-init
drwxr-xr-x  2 root root 4096 Apr 17 15:03 1f867d77bcde420fabe7292fc0148a31cfa2b5f9a482397515b2f4ea3f62284f
drwxr-xr-x  7 root root 4096 Apr 17 15:15 2fb6b28bf6849c241699cc685b872c1949bd258204256ea8ab160c1cc271d4a7
drwxr-xr-x  6 root root 4096 Apr 17 15:14 2fb6b28bf6849c241699cc685b872c1949bd258204256ea8ab160c1cc271d4a7-init
drwxr-xr-x  3 root root 4096 Apr 17 10:51 3a5e10891c3ac3c9e9e5829e1c3b425f0ae41312a7840a6752ae4b88de9afeae
drwxr-xr-x 11 root root 4096 Apr 17 15:25 4f4a53d9396a460b6ff1730afb02bc0333cb7922a76b3669609fef132f58ad89
drwxr-xr-x  6 root root 4096 Apr 17 15:21 4f4a53d9396a460b6ff1730afb02bc0333cb7922a76b3669609fef132f58ad89-init
drwxr-xr-x  6 root root 4096 Apr 17 10:51 5b5ec41d442e94225b58337e7c390a0a9b4dab7fbce347908b3f6a5fa0ea9d31
drwxr-xr-x 16 root root 4096 Apr 17 15:14 6f4b4efdee6f2be390a53ae95228b4c3cfb113ead86ecfd2d329305e1f01d897
drwxr-xr-x 21 root root 4096 Apr 17 10:51 86dbdaba924b59c7e9cfe98318e25e8ed8222c89184bbcd4f8afd386f4068853
drwxr-xr-x  3 root root 4096 Apr 17 10:51 9f8659fa56f94ed1d9ba9ab355a7721aac04b03b1a969c25201783c37f7f3262
drwxr-xr-x  4 root root 4096 Apr 17 15:03 dcdf29a86e2b2f287fc3c68c48c6773af3e5c4ef60f6efc1df0c05c720d4ab4c
drwxr-xr-x  8 root root 4096 Apr 17 15:03 dcdf29a86e2b2f287fc3c68c48c6773af3e5c4ef60f6efc1df0c05c720d4ab4c-init
root@Docker-Ubuntu:/home/alex# 
root@Docker-Ubuntu:/home/alex# 
root@Docker-Ubuntu:/home/alex# 
root@Docker-Ubuntu:/home/alex# docker ps -a
CONTAINER ID        IMAGE               COMMAND             CREATED             STATUS                          PORTS               NAMES
0ee4cad83c8e        centos              "/bin/bash"         5 minutes ago       Exited (0) About a minute ago                       happy_mcnulty
64e31118d910        centos              "/bin/bash"         6 minutes ago       Exited (0) 6 minutes ago                            upbeat_goldwasser
398466c31e8e        centos              "/bin/bash"         12 minutes ago      Exited (0) 11 minutes ago                           quirky_meitner
1bae3e5c4e46        hello-world         "/hello"            23 minutes ago      Exited (0) 23 minutes ago                           priceless_almeida
56c988837f95        ubuntu              "/bin/bash"         5 hours ago         Exited (0) 5 hours ago                              sharp_ritchie
root@Docker-Ubuntu:/home/alex# 
root@Docker-Ubuntu:/home/alex# ls -l /var/lib/docker/aufs/diff/
total 68
drwxr-xr-x  5 root root 4096 Apr 17 10:51 048d8c436e8252b72599768c79862a507fb8477c7743990c6515b1ff4e65f9c5
drwxr-xr-x  6 root root 4096 Apr 17 10:51 048d8c436e8252b72599768c79862a507fb8477c7743990c6515b1ff4e65f9c5-init
drwxr-xr-x  3 root root 4096 Apr 17 10:51 1315912417af5e06b4044deec417f13378bc9453e80664724c9c1e323302b4c4
drwxr-xr-x  4 root root 4096 Apr 17 15:21 183b58001c2322706b2501c3229543281eb15dac530696048a74d01a15d2a626
drwxr-xr-x  6 root root 4096 Apr 17 15:21 183b58001c2322706b2501c3229543281eb15dac530696048a74d01a15d2a626-init
drwxr-xr-x  2 root root 4096 Apr 17 15:03 1f867d77bcde420fabe7292fc0148a31cfa2b5f9a482397515b2f4ea3f62284f
drwxr-xr-x  7 root root 4096 Apr 17 15:15 2fb6b28bf6849c241699cc685b872c1949bd258204256ea8ab160c1cc271d4a7
drwxr-xr-x  6 root root 4096 Apr 17 15:14 2fb6b28bf6849c241699cc685b872c1949bd258204256ea8ab160c1cc271d4a7-init
drwxr-xr-x  3 root root 4096 Apr 17 10:51 3a5e10891c3ac3c9e9e5829e1c3b425f0ae41312a7840a6752ae4b88de9afeae
drwxr-xr-x 11 root root 4096 Apr 17 15:25 4f4a53d9396a460b6ff1730afb02bc0333cb7922a76b3669609fef132f58ad89
drwxr-xr-x  6 root root 4096 Apr 17 15:21 4f4a53d9396a460b6ff1730afb02bc0333cb7922a76b3669609fef132f58ad89-init
drwxr-xr-x  6 root root 4096 Apr 17 10:51 5b5ec41d442e94225b58337e7c390a0a9b4dab7fbce347908b3f6a5fa0ea9d31
drwxr-xr-x 16 root root 4096 Apr 17 15:14 6f4b4efdee6f2be390a53ae95228b4c3cfb113ead86ecfd2d329305e1f01d897
drwxr-xr-x 21 root root 4096 Apr 17 10:51 86dbdaba924b59c7e9cfe98318e25e8ed8222c89184bbcd4f8afd386f4068853
drwxr-xr-x  3 root root 4096 Apr 17 10:51 9f8659fa56f94ed1d9ba9ab355a7721aac04b03b1a969c25201783c37f7f3262
drwxr-xr-x  4 root root 4096 Apr 17 15:03 dcdf29a86e2b2f287fc3c68c48c6773af3e5c4ef60f6efc1df0c05c720d4ab4c
drwxr-xr-x  8 root root 4096 Apr 17 15:03 dcdf29a86e2b2f287fc3c68c48c6773af3e5c4ef60f6efc1df0c05c720d4ab4c-init
root@Docker-Ubuntu:/home/alex# 
root@Docker-Ubuntu:/home/alex# ls -l /var/lib/docker/aufs/diff/fc3c68c48c6773af3e5c4ef60f6efc1df0c05c720d4ab4c
ls: cannot access '/var/lib/docker/aufs/diff/fc3c68c48c6773af3e5c4ef60f6efc1df0c05c720d4ab4c': No such file or directory
root@Docker-Ubuntu:/home/alex# drwxr-xr-x  8 root root 4096 Apr 17 15:03 dcdf29a86e2b2f287f

drwxr-xr-x: command not found
root@Docker-Ubuntu:/home/alex# 
root@Docker-Ubuntu:/home/alex# ls -l /var/lib/docker/aufs/diff/
total 68
drwxr-xr-x  5 root root 4096 Apr 17 10:51 048d8c436e8252b72599768c79862a507fb8477c7743990c6515b1ff4e65f9c5
drwxr-xr-x  6 root root 4096 Apr 17 10:51 048d8c436e8252b72599768c79862a507fb8477c7743990c6515b1ff4e65f9c5-init
drwxr-xr-x  3 root root 4096 Apr 17 10:51 1315912417af5e06b4044deec417f13378bc9453e80664724c9c1e323302b4c4
drwxr-xr-x  4 root root 4096 Apr 17 15:21 183b58001c2322706b2501c3229543281eb15dac530696048a74d01a15d2a626
drwxr-xr-x  6 root root 4096 Apr 17 15:21 183b58001c2322706b2501c3229543281eb15dac530696048a74d01a15d2a626-init
drwxr-xr-x  2 root root 4096 Apr 17 15:03 1f867d77bcde420fabe7292fc0148a31cfa2b5f9a482397515b2f4ea3f62284f
drwxr-xr-x  7 root root 4096 Apr 17 15:15 2fb6b28bf6849c241699cc685b872c1949bd258204256ea8ab160c1cc271d4a7
drwxr-xr-x  6 root root 4096 Apr 17 15:14 2fb6b28bf6849c241699cc685b872c1949bd258204256ea8ab160c1cc271d4a7-init
drwxr-xr-x  3 root root 4096 Apr 17 10:51 3a5e10891c3ac3c9e9e5829e1c3b425f0ae41312a7840a6752ae4b88de9afeae
drwxr-xr-x 11 root root 4096 Apr 17 15:25 4f4a53d9396a460b6ff1730afb02bc0333cb7922a76b3669609fef132f58ad89
drwxr-xr-x  6 root root 4096 Apr 17 15:21 4f4a53d9396a460b6ff1730afb02bc0333cb7922a76b3669609fef132f58ad89-init
drwxr-xr-x  6 root root 4096 Apr 17 10:51 5b5ec41d442e94225b58337e7c390a0a9b4dab7fbce347908b3f6a5fa0ea9d31
drwxr-xr-x 16 root root 4096 Apr 17 15:14 6f4b4efdee6f2be390a53ae95228b4c3cfb113ead86ecfd2d329305e1f01d897
drwxr-xr-x 21 root root 4096 Apr 17 10:51 86dbdaba924b59c7e9cfe98318e25e8ed8222c89184bbcd4f8afd386f4068853
drwxr-xr-x  3 root root 4096 Apr 17 10:51 9f8659fa56f94ed1d9ba9ab355a7721aac04b03b1a969c25201783c37f7f3262
drwxr-xr-x  4 root root 4096 Apr 17 15:03 dcdf29a86e2b2f287fc3c68c48c6773af3e5c4ef60f6efc1df0c05c720d4ab4c
drwxr-xr-x  8 root root 4096 Apr 17 15:03 dcdf29a86e2b2f287fc3c68c48c6773af3e5c4ef60f6efc1df0c05c720d4ab4c-init
root@Docker-Ubuntu:/home/alex# 
root@Docker-Ubuntu:/home/alex# 
root@Docker-Ubuntu:/home/alex# 
root@Docker-Ubuntu:/home/alex# ls -l /var/lib/docker/aufs/diff/048d8c436e8252b72599768c79862a507fb8477c7743990c6515b1ff4e65f9c5
total 4
drwx------ 2 root root 4096 Apr 17 10:51 root
root@Docker-Ubuntu:/home/alex# ls -l /var/lib/docker/aufs/diff/131
ls: cannot access '/var/lib/docker/aufs/diff/131': No such file or directory
root@Docker-Ubuntu:/home/alex# ls -l /var/lib/docker/aufs/diff/1315912417af5e06b4044deec417f13378bc9453e80664724c9c1e323302b4c4/
total 4
drwxr-xr-x 3 root root 4096 Apr 12 19:58 etc
root@Docker-Ubuntu:/home/alex# 
root@Docker-Ubuntu:/home/alex# ls -l /var/lib/docker/aufs/diff/183
ls: cannot access '/var/lib/docker/aufs/diff/183': No such file or directory
root@Docker-Ubuntu:/home/alex# ls -l /var/lib/docker/aufs/diff/183b58001c2322706b2501c3229543281eb15dac530696048a74d01a15d2a626
total 0
root@Docker-Ubuntu:/home/alex# ls -l /var/lib/docker/aufs/diff/1f867d77bcde420fabe7292fc0148a31cfa2b5f9a482397515b2f4ea3f62284f/
total 4
-rwxrwxr-x 1 root root 1848 Apr 11 19:11 hello
root@Docker-Ubuntu:/home/alex# ls -l /var/lib/docker/aufs/diff/2fb6b28bf6849c241699cc685b872c1949bd258204256ea8ab160c1cc271d4a7
total 12
dr-xr-x--- 2 root root 4096 Apr 17 15:15 root
drwxr-xr-x 2 root root 4096 Apr 17 15:15 run
drwxr-xr-x 4 root root 4096 Apr 17 15:15 var
root@Docker-Ubuntu:/home/alex# ls -l /var/lib/docker/aufs/diff/131
ls: cannot access '/var/lib/docker/aufs/diff/131': No such file or directory
root@Docker-Ubuntu:/home/alex# 
root@Docker-Ubuntu:/home/alex# ls -l /var/lib/docker/aufs/diff/3a5e10891c3ac3c9e9e5829e1c3b425f0ae41312a7840a6752ae4b88de9afeae/
total 4
drwxr-xr-x 3 root root 4096 Apr 12 11:27 var
root@Docker-Ubuntu:/home/alex# 
root@Docker-Ubuntu:/home/alex# 
root@Docker-Ubuntu:/home/alex# docker images
REPOSITORY          TAG                 IMAGE ID            CREATED             SIZE
ubuntu              latest              c9d990395902        4 days ago          113MB
hello-world         latest              e38bc07ac18e        5 days ago          1.85kB
centos              latest              e934aafc2206        10 days ago         199MB
root@Docker-Ubuntu:/home/alex# 
root@Docker-Ubuntu:/home/alex# 
root@Docker-Ubuntu:/home/alex# ls -l /var/lib/docker/aufs/diff/
total 68
drwxr-xr-x  5 root root 4096 Apr 17 10:51 048d8c436e8252b72599768c79862a507fb8477c7743990c6515b1ff4e65f9c5
drwxr-xr-x  6 root root 4096 Apr 17 10:51 048d8c436e8252b72599768c79862a507fb8477c7743990c6515b1ff4e65f9c5-init
drwxr-xr-x  3 root root 4096 Apr 17 10:51 1315912417af5e06b4044deec417f13378bc9453e80664724c9c1e323302b4c4
drwxr-xr-x  4 root root 4096 Apr 17 15:21 183b58001c2322706b2501c3229543281eb15dac530696048a74d01a15d2a626
drwxr-xr-x  6 root root 4096 Apr 17 15:21 183b58001c2322706b2501c3229543281eb15dac530696048a74d01a15d2a626-init
drwxr-xr-x  2 root root 4096 Apr 17 15:03 1f867d77bcde420fabe7292fc0148a31cfa2b5f9a482397515b2f4ea3f62284f
drwxr-xr-x  7 root root 4096 Apr 17 15:15 2fb6b28bf6849c241699cc685b872c1949bd258204256ea8ab160c1cc271d4a7
drwxr-xr-x  6 root root 4096 Apr 17 15:14 2fb6b28bf6849c241699cc685b872c1949bd258204256ea8ab160c1cc271d4a7-init
drwxr-xr-x  3 root root 4096 Apr 17 10:51 3a5e10891c3ac3c9e9e5829e1c3b425f0ae41312a7840a6752ae4b88de9afeae
drwxr-xr-x 11 root root 4096 Apr 17 15:25 4f4a53d9396a460b6ff1730afb02bc0333cb7922a76b3669609fef132f58ad89
drwxr-xr-x  6 root root 4096 Apr 17 15:21 4f4a53d9396a460b6ff1730afb02bc0333cb7922a76b3669609fef132f58ad89-init
drwxr-xr-x  6 root root 4096 Apr 17 10:51 5b5ec41d442e94225b58337e7c390a0a9b4dab7fbce347908b3f6a5fa0ea9d31
drwxr-xr-x 16 root root 4096 Apr 17 15:14 6f4b4efdee6f2be390a53ae95228b4c3cfb113ead86ecfd2d329305e1f01d897
drwxr-xr-x 21 root root 4096 Apr 17 10:51 86dbdaba924b59c7e9cfe98318e25e8ed8222c89184bbcd4f8afd386f4068853
drwxr-xr-x  3 root root 4096 Apr 17 10:51 9f8659fa56f94ed1d9ba9ab355a7721aac04b03b1a969c25201783c37f7f3262
drwxr-xr-x  4 root root 4096 Apr 17 15:03 dcdf29a86e2b2f287fc3c68c48c6773af3e5c4ef60f6efc1df0c05c720d4ab4c
drwxr-xr-x  8 root root 4096 Apr 17 15:03 dcdf29a86e2b2f287fc3c68c48c6773af3e5c4ef60f6efc1df0c05c720d4ab4c-init
root@Docker-Ubuntu:/home/alex# ls -l /var/lib/docker/auf
ls: cannot access '/var/lib/docker/auf': No such file or directory
root@Docker-Ubuntu:/home/alex# 
root@Docker-Ubuntu:/home/alex# 
root@Docker-Ubuntu:/home/alex# ls -l /var/lib/docker/
total 40
drwx------ 5 root root 4096 Apr 17 10:41 aufs
drwx------ 7 root root 4096 Apr 17 15:21 containers
drwx------ 3 root root 4096 Apr 17 10:41 image
drwxr-x--- 3 root root 4096 Apr 17 10:41 network
-rwxr-xr-x 1 root root 1463 Apr 17 14:34 nuke-graph-directory.sh
drwx------ 5 root root 4096 Apr 17 15:01 plugins
drwx------ 2 root root 4096 Apr 17 10:41 swarm
drwx------ 2 root root 4096 Apr 17 15:14 tmp
drwx------ 2 root root 4096 Apr 17 10:41 trust
drwx------ 2 root root 4096 Apr 17 10:41 volumes
root@Docker-Ubuntu:/home/alex# ls -l /var/lib/docker/containers/
total 20
drwx------ 4 root root 4096 Apr 17 15:25 0ee4cad83c8ef8701cfbec29d6410a179f4a879dfbb3f01f8d878d2dc4182b54
drwx------ 4 root root 4096 Apr 17 15:12 1bae3e5c4e46bf2a78f163f1c3934c7d3124dea1eb459f372b5431e240ec4d13
drwx------ 4 root root 4096 Apr 17 15:15 398466c31e8ed00d97866c043d0f112f796376afb8328c3fbfd5274ffdde2c0d
drwx------ 4 root root 4096 Apr 17 15:12 56c988837f95a62c15633da4ce93e26d53a04fd20b881b415611495d90a0274c
drwx------ 4 root root 4096 Apr 17 15:21 64e31118d910e5346e44333832d4690b559b070af948b43f5f17cf17cacb2859
root@Docker-Ubuntu:/home/alex# docker ps -a
CONTAINER ID        IMAGE               COMMAND             CREATED             STATUS                      PORTS               NAMES
0ee4cad83c8e        centos              "/bin/bash"         9 minutes ago       Exited (0) 5 minutes ago                        happy_mcnulty
64e31118d910        centos              "/bin/bash"         9 minutes ago       Exited (0) 9 minutes ago                        upbeat_goldwasser
398466c31e8e        centos              "/bin/bash"         16 minutes ago      Exited (0) 15 minutes ago                       quirky_meitner
1bae3e5c4e46        hello-world         "/hello"            27 minutes ago      Exited (0) 27 minutes ago                       priceless_almeida
56c988837f95        ubuntu              "/bin/bash"         5 hours ago         Exited (0) 5 hours ago                          sharp_ritchie
root@Docker-Ubuntu:/home/alex# ls -l /var/lib/docker/containers/0ee4cad83c8ef8701cfbec29d6410a179f4a879dfbb3f01f8d878d2dc4182b54/
total 72
-rw-r----- 1 root root 37810 Apr 17 15:25 0ee4cad83c8ef8701cfbec29d6410a179f4a879dfbb3f01f8d878d2dc4182b54-json.log
drwx------ 2 root root  4096 Apr 17 15:21 checkpoints
-rw-r--r-- 1 root root  2704 Apr 17 15:25 config.v2.json
-rw-r--r-- 1 root root  1144 Apr 17 15:25 hostconfig.json
-rw-r--r-- 1 root root    13 Apr 17 15:21 hostname
-rw-r--r-- 1 root root   174 Apr 17 15:21 hosts
-rw-r--r-- 1 root root   208 Apr 17 15:21 resolv.conf
-rw-r--r-- 1 root root    71 Apr 17 15:21 resolv.conf.hash
drwx------ 2 root root  4096 Apr 17 15:21 shm
root@Docker-Ubuntu:/home/alex# 
root@Docker-Ubuntu:/home/alex# ls -l /var/lib/
total 264
drwxr-xr-x  4 root          root          4096 Feb 28 18:28 AccountsService
drwxr-xr-x  2 root          root          4096 May  1  2013 acpi-support
drwxr-xr-x  2 root          root          4096 Apr 15  2016 alsa
drwxr-xr-x  3 root          root          4096 Feb 28 18:29 apparmor
drwxr-xr-x  4 root          root          4096 Apr 17 14:45 app-info
drwxr-xr-x  6 root          root          4096 Apr 17 15:16 apt
drwxr-xr-x  2 root          root          4096 Feb 28 18:42 aspell
drwxr-xr-x  2 avahi-autoipd avahi-autoipd 4096 Feb 28 18:39 avahi-autoipd
drwxr-xr-x  2 root          root          4096 Sep 12  2017 bluetooth
drwxr-xr-x  4 colord        colord        4096 Apr  5 06:31 colord
drwxr-xr-x  2 root          root          4096 Apr  2 15:57 dbus
drwxr-xr-x  2 root          root          4096 Apr 13  2016 dhcp
drwxr-xr-x  4 root          root          4096 Apr  2 15:52 dictionaries-common
drwxr-xr-x  5 root          root          4096 Feb 28 18:31 doc-base
drwx--x--x 11 root          root          4096 Apr 17 15:12 docker
drwxr-xr-x  7 root          root          4096 Apr 17 15:16 dpkg
drwxr-xr-x  3 root          root          4096 Feb 28 18:30 emacsen-common
drwxr-xr-x  2 root          root          4096 Apr 17 09:25 fwupd
drwxr-xr-x  5 root          root          4096 Feb 28 18:30 gconf
drwxr-xr-x  4 root          root          4096 Feb 28 18:30 ghostscript
drwxr-xr-x  2 root          root          4096 Oct  4  2017 git
drwxr-xr-x  2 root          root          4096 Mar 29  2016 hp
drwxr-xr-x  2 root          root          4096 Feb 28 18:40 initramfs-tools
drwxr-xr-x  2 root          root          4096 Feb  5  2016 initscripts
drwxr-xr-x  2 root          root          4096 Feb  5  2016 insserv
drwxr-xr-x  2 root          root          4096 Feb 28 18:30 ispell
drwxr-xr-x  3 root          root          4096 Feb 28 18:29 libreoffice
drwxr-x---  6 lightdm       lightdm       4096 Apr 16 14:23 lightdm
drwxr-xr-x  3 root          root          4096 Apr 16 15:14 lightdm-data
drwxr-xr-x  3 root          root          4096 Feb 28 18:43 locales
drwxr-xr-x  2 root          root          4096 Apr 17 09:30 logrotate
drwxr-xr-x  2 root          root          4096 Feb 28 18:35 man-db
drwxr-xr-x  2 root          root          4096 Apr 12  2016 misc
drwxr-xr-x  2 root          root          4096 Apr 17 09:30 mlocate
drwxr-xr-x  2 root          root          4096 Apr 17 15:30 NetworkManager
drwxr-xr-x  2 root          root          4096 Feb 28 18:30 nssdb
drwxr-xr-x  2 root          root          4096 Feb  3  2017 os-prober
drwxr-xr-x  2 root          root          4096 Apr 17 09:19 pam
drwxr-xr-x  2 root          root          4096 Apr  2 15:57 plymouth
drwx------  3 root          root          4096 Feb 28 18:31 polkit-1
drwxr-xr-x  2 root          root          4096 Feb 28 18:28 python
drwxr-xr-x  2 root          root          4096 Feb 28 18:26 resolvconf
drwxr-xr-x  2 root          root          4096 Feb 28 18:42 sgml-base
drwxr-xr-x  2 root          root          4096 Apr  2 15:50 shim-signed
drwxr-xr-x  5 root          root          4096 Apr 16 17:52 snapd
drwxr-xr-x  2 root          root          4096 Apr  5  2016 snmp
drwxr-xr-x  3 root          root          4096 Feb 28 18:26 sudo
drwxr-xr-x  7 root          root          4096 Apr 16 17:52 systemd
drwxrwxr-x  2 root          root          4096 Apr  2 15:50 ubiquity
drwxr-xr-x  2 root          root          4096 Apr  2 15:57 ubuntu-drivers-common
drwxr-xr-x  2 root          root          4096 Apr 17 09:45 ubuntu-release-upgrader
drwxr-xr-x  3 root          root          4096 Apr  2 15:52 ucf
drwx------  2 root          root          4096 Apr  2 15:58 udisks2
drwxr-xr-x  2 root          root          4096 Apr 17 09:45 update-manager
drwxr-xr-x  4 root          root          4096 Apr 17 15:16 update-notifier
drwxr-xr-x  2 root          root          4096 Mar  6  2015 update-rc.d
drwxr-xr-x  2 root          root          4096 Apr 17 15:11 upower
drwxr-xr-x  2 root          root          4096 Feb  5  2016 urandom
drwxr-xr-x  3 root          root          4096 Feb 28 18:26 ureadahead
drwxr-xr-x  2 root          root          4096 Oct  5  2015 usb_modeswitch
drwxr-xr-x  2 root          root          4096 Feb 28 18:29 usbutils
drwxr-xr-x  3 root          root          4096 Feb 28 18:26 vim
drwxr-xr-x  2 root          root          4096 Apr 17 15:01 whoopsie
drwxr-xr-x  2 root          root          4096 Feb 28 18:42 xfonts
drwxr-xr-x  2 root          root          4096 Apr 17 15:01 xkb
drwxr-xr-x  2 root          root          4096 Feb 28 18:38 xml-core
root@Docker-Ubuntu:/home/alex# ls -l /var/lib/docker/
total 40
drwx------ 5 root root 4096 Apr 17 10:41 aufs
drwx------ 7 root root 4096 Apr 17 15:21 containers
drwx------ 3 root root 4096 Apr 17 10:41 image
drwxr-x--- 3 root root 4096 Apr 17 10:41 network
-rwxr-xr-x 1 root root 1463 Apr 17 14:34 nuke-graph-directory.sh
drwx------ 5 root root 4096 Apr 17 15:01 plugins
drwx------ 2 root root 4096 Apr 17 10:41 swarm
drwx------ 2 root root 4096 Apr 17 15:14 tmp
drwx------ 2 root root 4096 Apr 17 10:41 trust
drwx------ 2 root root 4096 Apr 17 10:41 volumes
root@Docker-Ubuntu:/home/alex# ls -l /var/lib/docker/aufs/
total 12
drwx------ 19 root root 4096 Apr 17 15:21 diff
drwx------  2 root root 4096 Apr 17 15:21 layers
drwx------ 19 root root 4096 Apr 17 15:21 mnt
root@Docker-Ubuntu:/home/alex# ls -l /var/lib/docker/aufs/diff/
total 68
drwxr-xr-x  5 root root 4096 Apr 17 10:51 048d8c436e8252b72599768c79862a507fb8477c7743990c6515b1ff4e65f9c5
drwxr-xr-x  6 root root 4096 Apr 17 10:51 048d8c436e8252b72599768c79862a507fb8477c7743990c6515b1ff4e65f9c5-init
drwxr-xr-x  3 root root 4096 Apr 17 10:51 1315912417af5e06b4044deec417f13378bc9453e80664724c9c1e323302b4c4
drwxr-xr-x  4 root root 4096 Apr 17 15:21 183b58001c2322706b2501c3229543281eb15dac530696048a74d01a15d2a626
drwxr-xr-x  6 root root 4096 Apr 17 15:21 183b58001c2322706b2501c3229543281eb15dac530696048a74d01a15d2a626-init
drwxr-xr-x  2 root root 4096 Apr 17 15:03 1f867d77bcde420fabe7292fc0148a31cfa2b5f9a482397515b2f4ea3f62284f
drwxr-xr-x  7 root root 4096 Apr 17 15:15 2fb6b28bf6849c241699cc685b872c1949bd258204256ea8ab160c1cc271d4a7
drwxr-xr-x  6 root root 4096 Apr 17 15:14 2fb6b28bf6849c241699cc685b872c1949bd258204256ea8ab160c1cc271d4a7-init
drwxr-xr-x  3 root root 4096 Apr 17 10:51 3a5e10891c3ac3c9e9e5829e1c3b425f0ae41312a7840a6752ae4b88de9afeae
drwxr-xr-x 11 root root 4096 Apr 17 15:25 4f4a53d9396a460b6ff1730afb02bc0333cb7922a76b3669609fef132f58ad89
drwxr-xr-x  6 root root 4096 Apr 17 15:21 4f4a53d9396a460b6ff1730afb02bc0333cb7922a76b3669609fef132f58ad89-init
drwxr-xr-x  6 root root 4096 Apr 17 10:51 5b5ec41d442e94225b58337e7c390a0a9b4dab7fbce347908b3f6a5fa0ea9d31
drwxr-xr-x 16 root root 4096 Apr 17 15:14 6f4b4efdee6f2be390a53ae95228b4c3cfb113ead86ecfd2d329305e1f01d897
drwxr-xr-x 21 root root 4096 Apr 17 10:51 86dbdaba924b59c7e9cfe98318e25e8ed8222c89184bbcd4f8afd386f4068853
drwxr-xr-x  3 root root 4096 Apr 17 10:51 9f8659fa56f94ed1d9ba9ab355a7721aac04b03b1a969c25201783c37f7f3262
drwxr-xr-x  4 root root 4096 Apr 17 15:03 dcdf29a86e2b2f287fc3c68c48c6773af3e5c4ef60f6efc1df0c05c720d4ab4c
drwxr-xr-x  8 root root 4096 Apr 17 15:03 dcdf29a86e2b2f287fc3c68c48c6773af3e5c4ef60f6efc1df0c05c720d4ab4c-init
root@Docker-Ubuntu:/home/alex# 
root@Docker-Ubuntu:/home/alex# 
root@Docker-Ubuntu:/home/alex# ls -l /var/lib/docker/containers/0ee4cad83c8ef8701cfbec29d6410a179f4a879dfbb3f01f8d878d2dc4182b54/
total 72
-rw-r----- 1 root root 37810 Apr 17 15:25 0ee4cad83c8ef8701cfbec29d6410a179f4a879dfbb3f01f8d878d2dc4182b54-json.log
drwx------ 2 root root  4096 Apr 17 15:21 checkpoints
-rw-r--r-- 1 root root  2704 Apr 17 15:25 config.v2.json
-rw-r--r-- 1 root root  1144 Apr 17 15:25 hostconfig.json
-rw-r--r-- 1 root root    13 Apr 17 15:21 hostname
-rw-r--r-- 1 root root   174 Apr 17 15:21 hosts
-rw-r--r-- 1 root root   208 Apr 17 15:21 resolv.conf
-rw-r--r-- 1 root root    71 Apr 17 15:21 resolv.conf.hash
drwx------ 2 root root  4096 Apr 17 15:21 shm
root@Docker-Ubuntu:/home/alex# ls -l /var/lib/docker/containers/0ee4cad83c8ef8701cfbec29d6410a179f4a879dfbb3f01f8d878d2dc4182b54/A
ls: cannot access '/var/lib/docker/containers/0ee4cad83c8ef8701cfbec29d6410a179f4a879dfbb3f01f8d878d2dc4182b54/A': No such file or directory
root@Docker-Ubuntu:/home/alex# ls -l /var/lib/docker/containers/0ee4cad83c8ef8701cfbec29d6410a179f4a879dfbb3f01f8d878d2dc4182b54/
total 72
-rw-r----- 1 root root 37810 Apr 17 15:25 0ee4cad83c8ef8701cfbec29d6410a179f4a879dfbb3f01f8d878d2dc4182b54-json.log
drwx------ 2 root root  4096 Apr 17 15:21 checkpoints
-rw-r--r-- 1 root root  2704 Apr 17 15:25 config.v2.json
-rw-r--r-- 1 root root  1144 Apr 17 15:25 hostconfig.json
-rw-r--r-- 1 root root    13 Apr 17 15:21 hostname
-rw-r--r-- 1 root root   174 Apr 17 15:21 hosts
-rw-r--r-- 1 root root   208 Apr 17 15:21 resolv.conf
-rw-r--r-- 1 root root    71 Apr 17 15:21 resolv.conf.hash
drwx------ 2 root root  4096 Apr 17 15:21 shm
root@Docker-Ubuntu:/home/alex# 
root@Docker-Ubuntu:/home/alex# cat -l /var/lib/docker/containers/0ee4cad83c8ef8701cfbec29d6410a179f4a879dfbb3f01f8d878d2dc4182b54/
cat: invalid option -- 'l'
Try 'cat --help' for more information.
root@Docker-Ubuntu:/home/alex# cat -l /var/lib/docker/containers/0ee4cad83c8ef8701cfbec29d6410a179f4a879dfbb3f01f8d878d2dc4182b54
cat: invalid option -- 'l'
Try 'cat --help' for more information.
root@Docker-Ubuntu:/home/alex# 
root@Docker-Ubuntu:/home/alex# cat -l /var/lib/docker/containers/0ee4cad83c8ef8701cfbec29d6410a179f4a879dfbb3f01f8d878d2dc4182b54/
cat: invalid option -- 'l'
Try 'cat --help' for more information.
root@Docker-Ubuntu:/home/alex# ls -l /var/lib/docker/containers/0ee4cad83c8ef8701cfbec29d6410a179f4a879dfbb3f01f8d878d2dc4182b54/
total 72
-rw-r----- 1 root root 37810 Apr 17 15:25 0ee4cad83c8ef8701cfbec29d6410a179f4a879dfbb3f01f8d878d2dc4182b54-json.log
drwx------ 2 root root  4096 Apr 17 15:21 checkpoints
-rw-r--r-- 1 root root  2704 Apr 17 15:25 config.v2.json
-rw-r--r-- 1 root root  1144 Apr 17 15:25 hostconfig.json
-rw-r--r-- 1 root root    13 Apr 17 15:21 hostname
-rw-r--r-- 1 root root   174 Apr 17 15:21 hosts
-rw-r--r-- 1 root root   208 Apr 17 15:21 resolv.conf
-rw-r--r-- 1 root root    71 Apr 17 15:21 resolv.conf.hash
drwx------ 2 root root  4096 Apr 17 15:21 shm
root@Docker-Ubuntu:/home/alex# cat -l /var/lib/docker/containers/0ee4cad83c8ef8701cfbec29d6410a179f4a879dfbb3f01f8d878d2dc4182b54/hostname 
cat: invalid option -- 'l'
Try 'cat --help' for more information.
root@Docker-Ubuntu:/home/alex# 
root@Docker-Ubuntu:/home/alex# 
root@Docker-Ubuntu:/home/alex# cat -l /var/lib/docker/containers/0ee4cad83c8ef8701cfbec29d6410a179f4a879dfbb3f01f8d878d2dc4182b54/config.v2.json 
cat: invalid option -- 'l'
Try 'cat --help' for more information.
root@Docker-Ubuntu:/home/alex# cat  /var/lib/docker/containers/0ee4cad83c8ef8701cfbec29d6410a179f4a879dfbb3f01f8d878d2dc4182b54/config.v2.json 
{"StreamConfig":{},"State":{"Running":false,"Paused":false,"Restarting":false,"OOMKilled":false,"RemovalInProgress":false,"Dead":false,"Pid":0,"ExitCode":0,"Error":"","StartedAt":"2018-04-17T14:21:32.722927944Z","FinishedAt":"2018-04-17T14:25:34.990161651Z","Health":null},"ID":"0ee4cad83c8ef8701cfbec29d6410a179f4a879dfbb3f01f8d878d2dc4182b54","Created":"2018-04-17T14:21:32.100944123Z","Managed":false,"Path":"/bin/bash","Args":[],"Config":{"Hostname":"0ee4cad83c8e","Domainname":"","User":"","AttachStdin":true,"AttachStdout":true,"AttachStderr":true,"Tty":true,"OpenStdin":true,"StdinOnce":true,"Env":["PATH=/usr/local/sbin:/usr/local/bin:/usr/sbin:/usr/bin:/sbin:/bin"],"Cmd":["/bin/bash"],"Image":"centos","Volumes":null,"WorkingDir":"","Entrypoint":null,"OnBuild":null,"Labels":{"org.label-schema.schema-version":"= 1.0     org.label-schema.name=CentOS Base Image     org.label-schema.vendor=CentOS     org.label-schema.license=GPLv2     org.label-schema.build-date=20180402"}},"Image":"sha256:e934aafc22064b7322c0250f1e32e5ce93b2d19b356f4537f5864bd102e8531f","NetworkSettings":{"Bridge":"","SandboxID":"57a5527bc21946c26ec2ab41126ef35ae660bd89b3d7739836d6ab16633d227b","HairpinMode":false,"LinkLocalIPv6Address":"","LinkLocalIPv6PrefixLen":0,"Networks":{"bridge":{"IPAMConfig":null,"Links":null,"Aliases":null,"NetworkID":"e5cb5d9d32e338c4e50e357b5de67595f10d45d67eeaf92bb0427ac0e4e23d1d","EndpointID":"","Gateway":"","IPAddress":"","IPPrefixLen":0,"IPv6Gateway":"","GlobalIPv6Address":"","GlobalIPv6PrefixLen":0,"MacAddress":"","DriverOpts":null,"IPAMOperational":false}},"Service":null,"Ports":null,"SandboxKey":"/var/run/docker/netns/57a5527bc219","SecondaryIPAddresses":null,"SecondaryIPv6Addresses":null,"IsAnonymousEndpoint":true,"HasSwarmEndpoint":false},"LogPath":"/var/lib/docker/containers/0ee4cad83c8ef8701cfbec29d6410a179f4a879dfbb3f01f8d878d2dc4182b54/0ee4cad83c8ef8701cfbec29d6410a179f4a879dfbb3f01f8d878d2dc4182b54-json.log","Name":"/happy_mcnulty","Driver":"aufs","MountLabel":"","ProcessLabel":"","RestartCount":0,"HasBeenStartedBefore":true,"HasBeenManuallyStopped":false,"MountPoints":{},"SecretReferences":null,"ConfigReferences":null,"AppArmorProfile":"docker-default","HostnamePath":"/var/lib/docker/containers/0ee4cad83c8ef8701cfbec29d6410a179f4a879dfbb3f01f8d878d2dc4182b54/hostname","HostsPath":"/var/lib/docker/containers/0ee4cad83c8ef8701cfbec29d6410a179f4a879dfbb3f01f8d878d2dc4182b54/hosts","ShmPath":"/var/lib/docker/containers/0ee4cad83c8ef8701cfbec29d6410a179f4a879dfbb3f01f8d878d2dc4182b54/shm","ResolvConfPath":"/var/lib/docker/containers/0ee4cad83c8ef8701cfbec29d6410a179f4a879dfbb3f01f8d878d2dc4182b54/resolv.conf","SeccompProfile":"","NoNewPrivileges":false}
root@Docker-Ubuntu:/home/alex# 
root@Docker-Ubuntu:/home/alex# cat  /var/lib/docker/containers/0ee4cad83c8ef8701cfbec29d6410a179f4a879dfbb3f01f8d878d2dc4182b54/hostname 
0ee4cad83c8e
root@Docker-Ubuntu:/home/alex# 
root@Docker-Ubuntu:/home/alex# cat  /var/lib/docker/containers/0ee4cad83c8ef8701cfbec29d6410a179f4a879dfbb3f01f8d878d2dc4182b54/config.v2.json 
{"StreamConfig":{},"State":{"Running":false,"Paused":false,"Restarting":false,"OOMKilled":false,"RemovalInProgress":false,"Dead":false,"Pid":0,"ExitCode":0,"Error":"","StartedAt":"2018-04-17T14:21:32.722927944Z","FinishedAt":"2018-04-17T14:25:34.990161651Z","Health":null},"ID":"0ee4cad83c8ef8701cfbec29d6410a179f4a879dfbb3f01f8d878d2dc4182b54","Created":"2018-04-17T14:21:32.100944123Z","Managed":false,"Path":"/bin/bash","Args":[],"Config":{"Hostname":"0ee4cad83c8e","Domainname":"","User":"","AttachStdin":true,"AttachStdout":true,"AttachStderr":true,"Tty":true,"OpenStdin":true,"StdinOnce":true,"Env":["PATH=/usr/local/sbin:/usr/local/bin:/usr/sbin:/usr/bin:/sbin:/bin"],"Cmd":["/bin/bash"],"Image":"centos","Volumes":null,"WorkingDir":"","Entrypoint":null,"OnBuild":null,"Labels":{"org.label-schema.schema-version":"= 1.0     org.label-schema.name=CentOS Base Image     org.label-schema.vendor=CentOS     org.label-schema.license=GPLv2     org.label-schema.build-date=20180402"}},"Image":"sha256:e934aafc22064b7322c0250f1e32e5ce93b2d19b356f4537f5864bd102e8531f","NetworkSettings":{"Bridge":"","SandboxID":"57a5527bc21946c26ec2ab41126ef35ae660bd89b3d7739836d6ab16633d227b","HairpinMode":false,"LinkLocalIPv6Address":"","LinkLocalIPv6PrefixLen":0,"Networks":{"bridge":{"IPAMConfig":null,"Links":null,"Aliases":null,"NetworkID":"e5cb5d9d32e338c4e50e357b5de67595f10d45d67eeaf92bb0427ac0e4e23d1d","EndpointID":"","Gateway":"","IPAddress":"","IPPrefixLen":0,"IPv6Gateway":"","GlobalIPv6Address":"","GlobalIPv6PrefixLen":0,"MacAddress":"","DriverOpts":null,"IPAMOperational":false}},"Service":null,"Ports":null,"SandboxKey":"/var/run/docker/netns/57a5527bc219","SecondaryIPAddresses":null,"SecondaryIPv6Addresses":null,"IsAnonymousEndpoint":true,"HasSwarmEndpoint":false},"LogPath":"/var/lib/docker/containers/0ee4cad83c8ef8701cfbec29d6410a179f4a879dfbb3f01f8d878d2dc4182b54/0ee4cad83c8ef8701cfbec29d6410a179f4a879dfbb3f01f8d878d2dc4182b54-json.log","Name":"/happy_mcnulty","Driver":"aufs","MountLabel":"","ProcessLabel":"","RestartCount":0,"HasBeenStartedBefore":true,"HasBeenManuallyStopped":false,"MountPoints":{},"SecretReferences":null,"ConfigReferences":null,"AppArmorProfile":"docker-default","HostnamePath":"/var/lib/docker/containers/0ee4cad83c8ef8701cfbec29d6410a179f4a879dfbb3f01f8d878d2dc4182b54/hostname","HostsPath":"/var/lib/docker/containers/0ee4cad83c8ef8701cfbec29d6410a179f4a879dfbb3f01f8d878d2dc4182b54/hosts","ShmPath":"/var/lib/docker/containers/0ee4cad83c8ef8701cfbec29d6410a179f4a879dfbb3f01f8d878d2dc4182b54/shm","ResolvConfPath":"/var/lib/docker/containers/0ee4cad83c8ef8701cfbec29d6410a179f4a879dfbb3f01f8d878d2dc4182b54/resolv.conf","SeccompProfile":"","NoNewPrivileges":false}
root@Docker-Ubuntu:/home/alex# cat  /var/lib/docker/containers/0ee4cad83c8ef8701cfbec29d6410a179f4a879dfbb3f01f8d878d2dc4182b54/
cat: /var/lib/docker/containers/0ee4cad83c8ef8701cfbec29d6410a179f4a879dfbb3f01f8d878d2dc4182b54/: Is a directory
root@Docker-Ubuntu:/home/alex# 
root@Docker-Ubuntu:/home/alex# 
root@Docker-Ubuntu:/home/alex# 
root@Docker-Ubuntu:/home/alex# 
root@Docker-Ubuntu:/home/alex# 
root@Docker-Ubuntu:/home/alex# docker ps
CONTAINER ID        IMAGE               COMMAND             CREATED             STATUS              PORTS               NAMES
root@Docker-Ubuntu:/home/alex# 
root@Docker-Ubuntu:/home/alex# 
root@Docker-Ubuntu:/home/alex# docker ps -a
CONTAINER ID        IMAGE               COMMAND             CREATED             STATUS                      PORTS               NAMES
0ee4cad83c8e        centos              "/bin/bash"         13 minutes ago      Exited (0) 9 minutes ago                        happy_mcnulty
64e31118d910        centos              "/bin/bash"         13 minutes ago      Exited (0) 13 minutes ago                       upbeat_goldwasser
398466c31e8e        centos              "/bin/bash"         20 minutes ago      Exited (0) 18 minutes ago                       quirky_meitner
1bae3e5c4e46        hello-world         "/hello"            31 minutes ago      Exited (0) 31 minutes ago                       priceless_almeida
56c988837f95        ubuntu              "/bin/bash"         5 hours ago         Exited (0) 5 hours ago                          sharp_ritchie
root@Docker-Ubuntu:/home/alex# docker start 0ee
0ee
root@Docker-Ubuntu:/home/alex# docke rps
No command 'docke' found, did you mean:
 Command 'docky' from package 'docky' (universe)
 Command 'docker' from package 'docker.io' (universe)
docke: command not found
root@Docker-Ubuntu:/home/alex# docke ps
No command 'docke' found, did you mean:
 Command 'docker' from package 'docker.io' (universe)
 Command 'docky' from package 'docky' (universe)
docke: command not found
root@Docker-Ubuntu:/home/alex# 
root@Docker-Ubuntu:/home/alex# 
root@Docker-Ubuntu:/home/alex# docker ps -a
CONTAINER ID        IMAGE               COMMAND             CREATED             STATUS                      PORTS               NAMES
0ee4cad83c8e        centos              "/bin/bash"         13 minutes ago      Up 11 seconds                                   happy_mcnulty
64e31118d910        centos              "/bin/bash"         13 minutes ago      Exited (0) 13 minutes ago                       upbeat_goldwasser
398466c31e8e        centos              "/bin/bash"         20 minutes ago      Exited (0) 19 minutes ago                       quirky_meitner
1bae3e5c4e46        hello-world         "/hello"            31 minutes ago      Exited (0) 31 minutes ago                       priceless_almeida
56c988837f95        ubuntu              "/bin/bash"         5 hours ago         Exited (0) 5 hours ago                          sharp_ritchie
root@Docker-Ubuntu:/home/alex# docker ps 
CONTAINER ID        IMAGE               COMMAND             CREATED             STATUS              PORTS               NAMES
0ee4cad83c8e        centos              "/bin/bash"         13 minutes ago      Up 13 seconds                           happy_mcnulty
root@Docker-Ubuntu:/home/alex# 
root@Docker-Ubuntu:/home/alex# 
root@Docker-Ubuntu:/home/alex# docker top ?
Error response from daemon: No such container: ?
root@Docker-Ubuntu:/home/alex# docker top oee
Error response from daemon: No such container: oee
root@Docker-Ubuntu:/home/alex# docker top 0ee
UID                 PID                 PPID                C                   STIME               TTY                 TIME                CMD
root                5268                5253                0                   15:34               pts/0               00:00:00            /bin/bash
root@Docker-Ubuntu:/home/alex# 
root@Docker-Ubuntu:/home/alex# 
root@Docker-Ubuntu:/home/alex# 
root@Docker-Ubuntu:/home/alex# 
root@Docker-Ubuntu:/home/alex# docker pull phusion/baseimage
Using default tag: latest
latest: Pulling from phusion/baseimage








Digest: sha256:29479c37fcb28089eddd6619deed43bcdbcccf2185369e0199cc51a5ec78991b
Status: Downloaded newer image for phusion/baseimage:latest
root@Docker-Ubuntu:/home/alex# 
root@Docker-Ubuntu:/home/alex# 
root@Docker-Ubuntu:/home/alex# docker images
REPOSITORY          TAG                 IMAGE ID            CREATED             SIZE
ubuntu              latest              c9d990395902        4 days ago          113MB
hello-world         latest              e38bc07ac18e        5 days ago          1.85kB
centos              latest              e934aafc2206        10 days ago         199MB
phusion/baseimage   latest              166cfc3f6974        2 months ago        209MB
root@Docker-Ubuntu:/home/alex# 
root@Docker-Ubuntu:/home/alex# 
root@Docker-Ubuntu:/home/alex# docker run -it phusion/baseimage /bin/bash
root@15ae7aa4a335:/# 
root@15ae7aa4a335:/# 
root@15ae7aa4a335:/# docker ps
bash: docker: command not found
root@15ae7aa4a335:/# ps -ef
UID         PID   PPID  C STIME TTY          TIME CMD
root          1      0  0 14:37 pts/0    00:00:00 /bin/bash
root         15      1  0 14:37 pts/0    00:00:00 ps -ef
root@15ae7aa4a335:/# 
root@15ae7aa4a335:/# 
root@15ae7aa4a335:/# exit
exit
root@Docker-Ubuntu:/home/alex# docker run  phusion/baseimage /bin/bash
root@Docker-Ubuntu:/home/alex# docker run 
"docker run" requires at least 1 argument(s).
See 'docker run --help'.

Usage:  docker run [OPTIONS] IMAGE [COMMAND] [ARG...]

Run a command in a new container
root@Docker-Ubuntu:/home/alex# 
root@Docker-Ubuntu:/home/alex# 
root@Docker-Ubuntu:/home/alex# 
root@Docker-Ubuntu:/home/alex# 
root@Docker-Ubuntu:/home/alex# docker ps
CONTAINER ID        IMAGE               COMMAND             CREATED             STATUS              PORTS               NAMES
0ee4cad83c8e        centos              "/bin/bash"         16 minutes ago      Up 3 minutes                            happy_mcnulty
root@Docker-Ubuntu:/home/alex# 
root@Docker-Ubuntu:/home/alex# 
root@Docker-Ubuntu:/home/alex# docker ps -a
CONTAINER ID        IMAGE               COMMAND             CREATED             STATUS                      PORTS               NAMES
000e81297be7        phusion/baseimage   "/bin/bash"         18 seconds ago      Exited (0) 17 seconds ago                       condescending_kilby
15ae7aa4a335        phusion/baseimage   "/bin/bash"         45 seconds ago      Exited (0) 22 seconds ago                       vigilant_spence
0ee4cad83c8e        centos              "/bin/bash"         16 minutes ago      Up 3 minutes                                    happy_mcnulty
64e31118d910        centos              "/bin/bash"         16 minutes ago      Exited (0) 16 minutes ago                       upbeat_goldwasser
398466c31e8e        centos              "/bin/bash"         23 minutes ago      Exited (0) 22 minutes ago                       quirky_meitner
1bae3e5c4e46        hello-world         "/hello"            34 minutes ago      Exited (0) 34 minutes ago                       priceless_almeida
56c988837f95        ubuntu              "/bin/bash"         5 hours ago         Exited (0) 5 hours ago                          sharp_ritchie
root@Docker-Ubuntu:/home/alex# docker start 000
000
root@Docker-Ubuntu:/home/alex# docker ps -a
CONTAINER ID        IMAGE               COMMAND             CREATED             STATUS                      PORTS               NAMES
000e81297be7        phusion/baseimage   "/bin/bash"         30 seconds ago      Exited (0) 3 seconds ago                        condescending_kilby
15ae7aa4a335        phusion/baseimage   "/bin/bash"         57 seconds ago      Exited (0) 33 seconds ago                       vigilant_spence
0ee4cad83c8e        centos              "/bin/bash"         16 minutes ago      Up 3 minutes                                    happy_mcnulty
64e31118d910        centos              "/bin/bash"         17 minutes ago      Exited (0) 17 minutes ago                       upbeat_goldwasser
398466c31e8e        centos              "/bin/bash"         23 minutes ago      Exited (0) 22 minutes ago                       quirky_meitner
1bae3e5c4e46        hello-world         "/hello"            34 minutes ago      Exited (0) 34 minutes ago                       priceless_almeida
56c988837f95        ubuntu              "/bin/bash"         5 hours ago         Exited (0) 5 hours ago                          sharp_ritchie
root@Docker-Ubuntu:/home/alex# 
root@Docker-Ubuntu:/home/alex# docker ps -a
CONTAINER ID        IMAGE               COMMAND             CREATED             STATUS                      PORTS               NAMES
000e81297be7        phusion/baseimage   "/bin/bash"         32 seconds ago      Exited (0) 6 seconds ago                        condescending_kilby
15ae7aa4a335        phusion/baseimage   "/bin/bash"         59 seconds ago      Exited (0) 36 seconds ago                       vigilant_spence
0ee4cad83c8e        centos              "/bin/bash"         16 minutes ago      Up 3 minutes                                    happy_mcnulty
64e31118d910        centos              "/bin/bash"         17 minutes ago      Exited (0) 17 minutes ago                       upbeat_goldwasser
398466c31e8e        centos              "/bin/bash"         23 minutes ago      Exited (0) 22 minutes ago                       quirky_meitner
1bae3e5c4e46        hello-world         "/hello"            34 minutes ago      Exited (0) 34 minutes ago                       priceless_almeida
56c988837f95        ubuntu              "/bin/bash"         5 hours ago         Exited (0) 5 hours ago                          sharp_ritchie
root@Docker-Ubuntu:/home/alex# docker start 000
000
root@Docker-Ubuntu:/home/alex# 
root@Docker-Ubuntu:/home/alex# 
root@Docker-Ubuntu:/home/alex# 
root@Docker-Ubuntu:/home/alex# 
root@Docker-Ubuntu:/home/alex# 
root@Docker-Ubuntu:/home/alex# docker run  -d  phusion/baseimage /bin/bash
10fada4d58528b088067556f832981321c4873b03b859176a59ce62fff274962
root@Docker-Ubuntu:/home/alex# docker ps
CONTAINER ID        IMAGE               COMMAND             CREATED             STATUS              PORTS               NAMES
0ee4cad83c8e        centos              "/bin/bash"         17 minutes ago      Up 3 minutes                            happy_mcnulty
root@Docker-Ubuntu:/home/alex# 
root@Docker-Ubuntu:/home/alex# 
root@Docker-Ubuntu:/home/alex# 
root@Docker-Ubuntu:/home/alex# docker start 000
^[[A000
root@Docker-Ubuntu:/home/alex# 
root@Docker-Ubuntu:/home/alex# docker start 000

000
root@Docker-Ubuntu:/home/alex# 
root@Docker-Ubuntu:/home/alex# docker run  -d  phusion/baseimage /bin/bas ping 8.8.8.8
188f1fa3d709cd36439c41650f595a22943c7f5d2aa06165f8ad8a5f6dc14b7b
docker: Error response from daemon: oci runtime error: container_linux.go:262: starting container process caused "exec: \"/bin/bas\": stat /bin/bas: no such file or directory".
root@Docker-Ubuntu:/home/alex# docker run -it  phusion/baseimage /bin/bas ping 8.8.8.8
docker: Error response from daemon: oci runtime error: container_linux.go:262: starting container process caused "exec: \"/bin/bas\": stat /bin/bas: no such file or directory".
root@Docker-Ubuntu:/home/alex# docker run -it  phusion/baseimage /bin/bash 
root@ffdbc5b14f98:/# ping 8.8.8.8
bash: ping: command not found
root@ffdbc5b14f98:/# 
root@ffdbc5b14f98:/# apt-get install ping
Reading package lists... Done
Building dependency tree       
Reading state information... Done
E: Unable to locate package ping
root@ffdbc5b14f98:/# 
root@ffdbc5b14f98:/# 
root@ffdbc5b14f98:/# ping 8.8.8.8
bash: ping: command not found
root@ffdbc5b14f98:/# apt-get install ping
Reading package lists... Done
Building dependency tree       
Reading state information... Done
E: Unable to locate package ping
root@ffdbc5b14f98:/# apt-get update
Get:1 http://security.ubuntu.com/ubuntu xenial-security InRelease [102 kB]
Get:2 http://archive.ubuntu.com/ubuntu xenial InRelease [247 kB]
Get:3 http://archive.ubuntu.com/ubuntu xenial-updates InRelease [102 kB]          
Get:4 http://archive.ubuntu.com/ubuntu xenial-backports InRelease [102 kB]
Get:5 http://security.ubuntu.com/ubuntu xenial-security/main Sources [148 kB]
Get:6 http://archive.ubuntu.com/ubuntu xenial/main Sources [1,103 kB]                         
Get:7 http://security.ubuntu.com/ubuntu xenial-security/restricted Sources [2,243 B]                    
Get:8 http://security.ubuntu.com/ubuntu xenial-security/universe Sources [78.5 kB]                                 
Get:9 http://security.ubuntu.com/ubuntu xenial-security/multiverse Sources [1,490 B]                               
Get:10 http://security.ubuntu.com/ubuntu xenial-security/main amd64 Packages [602 kB]       
Get:11 http://security.ubuntu.com/ubuntu xenial-security/restricted amd64 Packages [12.7 kB]                     
Get:12 http://security.ubuntu.com/ubuntu xenial-security/universe amd64 Packages [431 kB] 
Get:13 http://archive.ubuntu.com/ubuntu xenial/restricted Sources [5,179 B]              
Get:14 http://archive.ubuntu.com/ubuntu xenial/universe Sources [9,802 kB]                 
Get:15 http://security.ubuntu.com/ubuntu xenial-security/multiverse amd64 Packages [3,489 B] 
48% [14 Sources 8,772 kB/9,802 kB 89%]                                                                                                                               1,553 kB/s 9s
Get:16 http://archive.ubuntu.com/ubuntu xenial/multiverse Sources [215 kB]                                                                                                        
Get:17 http://archive.ubuntu.com/ubuntu xenial/main amd64 Packages [1,558 kB]                                                                                                     
Get:18 http://archive.ubuntu.com/ubuntu xenial/restricted amd64 Packages [14.1 kB]                                                                                                
Get:19 http://archive.ubuntu.com/ubuntu xenial/universe amd64 Packages [9,827 kB]                                                                                                 
Get:20 http://archive.ubuntu.com/ubuntu xenial/multiverse amd64 Packages [176 kB]                                                                                                 
Get:21 http://archive.ubuntu.com/ubuntu xenial-updates/main Sources [385 kB]                                                                                                      
Get:22 http://archive.ubuntu.com/ubuntu xenial-updates/restricted Sources [2,684 B]                                                                                               
Get:23 http://archive.ubuntu.com/ubuntu xenial-updates/universe Sources [253 kB]                                                                                                  
Get:24 http://archive.ubuntu.com/ubuntu xenial-updates/multiverse Sources [8,514 B]                                                                                               
Get:25 http://archive.ubuntu.com/ubuntu xenial-updates/main amd64 Packages [979 kB]                                                                                               
Get:26 http://archive.ubuntu.com/ubuntu xenial-updates/restricted amd64 Packages [13.1 kB]                                                                                        
Get:27 http://archive.ubuntu.com/ubuntu xenial-updates/universe amd64 Packages [799 kB]                                                                                           
Get:28 http://archive.ubuntu.com/ubuntu xenial-updates/multiverse amd64 Packages [18.5 kB]                                                                                        
Get:29 http://archive.ubuntu.com/ubuntu xenial-backports/main Sources [3,514 B]                                                                                                   
Get:30 http://archive.ubuntu.com/ubuntu xenial-backports/universe Sources [6,198 B]                                                                                               
Get:31 http://archive.ubuntu.com/ubuntu xenial-backports/main amd64 Packages [5,153 B]                                                                                            
Get:32 http://archive.ubuntu.com/ubuntu xenial-backports/universe amd64 Packages [7,734 B]                                                                                        
Fetched 27.0 MB in 16s (1,599 kB/s)                                                                                                                                               
Reading package lists... Done
root@ffdbc5b14f98:/# 
root@ffdbc5b14f98:/# 
root@ffdbc5b14f98:/# 
root@ffdbc5b14f98:/# 
root@ffdbc5b14f98:/# 
root@ffdbc5b14f98:/# pwd
/
root@ffdbc5b14f98:/# 
root@ffdbc5b14f98:/# 
root@ffdbc5b14f98:/# apt-get install ping
Reading package lists... Done
Building dependency tree       
Reading state information... Done
Package ping is a virtual package provided by:
  inetutils-ping 2:1.9.4-1build1
  iputils-ping 3:20121221-5ubuntu2
You should explicitly select one to install.

E: Package 'ping' has no installation candidate
root@ffdbc5b14f98:/# apt-get install iputils-ping
Reading package lists... Done
Building dependency tree       
Reading state information... Done
The following additional packages will be installed:
  libgnutls-openssl27
The following NEW packages will be installed:
  iputils-ping libgnutls-openssl27
0 upgraded, 2 newly installed, 0 to remove and 37 not upgraded.
Need to get 74.7 kB of archives.
After this operation, 265 kB of additional disk space will be used.
Do you want to continue? [Y/n] y
Get:1 http://archive.ubuntu.com/ubuntu xenial-updates/main amd64 libgnutls-openssl27 amd64 3.4.10-4ubuntu1.4 [22.0 kB]
Get:2 http://archive.ubuntu.com/ubuntu xenial/main amd64 iputils-ping amd64 3:20121221-5ubuntu2 [52.7 kB]
Fetched 74.7 kB in 0s (568 kB/s)   
Selecting previously unselected package libgnutls-openssl27:amd64.
(Reading database ... 8750 files and directories currently installed.)
Preparing to unpack .../libgnutls-openssl27_3.4.10-4ubuntu1.4_amd64.deb ...
Unpacking libgnutls-openssl27:amd64 (3.4.10-4ubuntu1.4) ...
Selecting previously unselected package iputils-ping.
Preparing to unpack .../iputils-ping_3%3a20121221-5ubuntu2_amd64.deb ...
Unpacking iputils-ping (3:20121221-5ubuntu2) ...
Processing triggers for libc-bin (2.23-0ubuntu10) ...
Setting up libgnutls-openssl27:amd64 (3.4.10-4ubuntu1.4) ...
Setting up iputils-ping (3:20121221-5ubuntu2) ...
Setcap is not installed, falling back to setuid
Processing triggers for libc-bin (2.23-0ubuntu10) ...
root@ffdbc5b14f98:/# ping 8.8.8.8
PING 8.8.8.8 (8.8.8.8) 56(84) bytes of data.
64 bytes from 8.8.8.8: icmp_seq=1 ttl=57 time=13.4 ms
64 bytes from 8.8.8.8: icmp_seq=2 ttl=57 time=21.7 ms
^C
--- 8.8.8.8 ping statistics ---
2 packets transmitted, 2 received, 0% packet loss, time 1001ms
rtt min/avg/max/mdev = 13.412/17.596/21.780/4.184 ms
root@ffdbc5b14f98:/# exit
exit
root@Docker-Ubuntu:/home/alex# 
root@Docker-Ubuntu:/home/alex# 
root@Docker-Ubuntu:/home/alex# docker run -it  phusion/baseimage /bin/bash ping 8.8.8.8
/bin/bash: ping: No such file or directory
root@Docker-Ubuntu:/home/alex# docker run -it  phusion/baseimage /bin/bash/ping 8.8.8.8
docker: Error response from daemon: oci runtime error: container_linux.go:262: starting container process caused "exec: \"/bin/bash/ping\": stat /bin/bash/ping: not a directory"
: Are you trying to mount a directory onto a file (or vice-versa)? Check if the specified host path exists and is the expected type.
ERRO[0000] error waiting for container: context canceled 
root@Docker-Ubuntu:/home/alex# 
root@Docker-Ubuntu:/home/alex# 
root@Docker-Ubuntu:/home/alex# docker run -it  phusion/baseimage ping 8.8.8.8
docker: Error response from daemon: oci runtime error: container_linux.go:262: starting container process caused "exec: \"ping\": executable file not found in $PATH".
root@Docker-Ubuntu:/home/alex# 
root@Docker-Ubuntu:/home/alex# 
root@Docker-Ubuntu:/home/alex# 
root@Docker-Ubuntu:/home/alex# docker run -it  phusion/baseimage /bin/bash 
root@ba1c5bdad723:/# ping 8.8.8.8
bash: ping: command not found
root@ba1c5bdad723:/# exit
exit
root@Docker-Ubuntu:/home/alex# docker ps -a
CONTAINER ID        IMAGE               COMMAND                  CREATED             STATUS                        PORTS               NAMES
ba1c5bdad723        phusion/baseimage   "/bin/bash"              20 seconds ago      Exited (127) 3 seconds ago                        quizzical_brattain
5a712d1b9468        phusion/baseimage   "ping 8.8.8.8"           33 seconds ago      Created                                           angry_wiles
a0471528b1eb        phusion/baseimage   "/bin/bash/ping 8...."   40 seconds ago      Created                                           silly_swartz
5ce4c5ab4280        phusion/baseimage   "/bin/bash ping 8...."   49 seconds ago      Exited (127) 48 seconds ago                       hopeful_tesla
ffdbc5b14f98        phusion/baseimage   "/bin/bash"              2 minutes ago       Exited (0) 55 seconds ago                         stupefied_franklin
94418a79bd93        phusion/baseimage   "/bin/bas ping 8.8..."   2 minutes ago       Created                                           happy_golick
188f1fa3d709        phusion/baseimage   "/bin/bas ping 8.8..."   3 minutes ago       Created                                           confident_goldstine
10fada4d5852        phusion/baseimage   "/bin/bash"              3 minutes ago       Exited (0) 3 minutes ago                          inspiring_shaw
000e81297be7        phusion/baseimage   "/bin/bash"              4 minutes ago       Exited (0) 3 minutes ago                          condescending_kilby
15ae7aa4a335        phusion/baseimage   "/bin/bash"              4 minutes ago       Exited (0) 4 minutes ago                          vigilant_spence
0ee4cad83c8e        centos              "/bin/bash"              20 minutes ago      Up 7 minutes                                      happy_mcnulty
64e31118d910        centos              "/bin/bash"              20 minutes ago      Exited (0) 20 minutes ago                         upbeat_goldwasser
398466c31e8e        centos              "/bin/bash"              27 minutes ago      Exited (0) 26 minutes ago                         quirky_meitner
1bae3e5c4e46        hello-world         "/hello"                 38 minutes ago      Exited (0) 38 minutes ago                         priceless_almeida
56c988837f95        ubuntu              "/bin/bash"              5 hours ago         Exited (0) 5 hours ago                            sharp_ritchie
root@Docker-Ubuntu:/home/alex# docker ps
CONTAINER ID        IMAGE               COMMAND             CREATED             STATUS              PORTS               NAMES
0ee4cad83c8e        centos              "/bin/bash"         20 minutes ago      Up 7 minutes                            happy_mcnulty
root@Docker-Ubuntu:/home/alex# docker start 5a712d1b9468
Error response from daemon: oci runtime error: container_linux.go:262: starting container process caused "exec: \"ping\": executable file not found in $PATH"
Error: failed to start containers: 5a712d1b9468
root@Docker-Ubuntu:/home/alex# docker run -it -name pingy phusion/baseimage /bin/bash 
unknown shorthand flag: 'n' in -name
See 'docker run --help'.
root@Docker-Ubuntu:/home/alex# docker run -it --name=pingy phusion/baseimage /bin/bash 
root@94f328726d85:/# 
root@94f328726d85:/# 
root@94f328726d85:/# ping 8.8.8.8
bash: ping: command not found
root@94f328726d85:/# 
root@94f328726d85:/# 
root@94f328726d85:/# apt-get install poing
Reading package lists... Done
Building dependency tree       
Reading state information... Done
E: Unable to locate package poing
root@94f328726d85:/# apt-get install ping
Reading package lists... Done
Building dependency tree       
Reading state information... Done
E: Unable to locate package ping
root@94f328726d85:/# apt-get update
Get:1 http://security.ubuntu.com/ubuntu xenial-security InRelease [102 kB]
Get:2 http://archive.ubuntu.com/ubuntu xenial InRelease [247 kB]
Get:3 http://security.ubuntu.com/ubuntu xenial-security/main Sources [148 kB]
Get:4 http://security.ubuntu.com/ubuntu xenial-security/restricted Sources [2,243 B]          
Get:5 http://security.ubuntu.com/ubuntu xenial-security/universe Sources [78.5 kB]            
Get:6 http://security.ubuntu.com/ubuntu xenial-security/multiverse Sources [1,490 B]                    
Get:7 http://security.ubuntu.com/ubuntu xenial-security/main amd64 Packages [602 kB]                    
Get:8 http://archive.ubuntu.com/ubuntu xenial-updates InRelease [102 kB]                                
Get:9 http://archive.ubuntu.com/ubuntu xenial-backports InRelease [102 kB]                                        
Get:10 http://archive.ubuntu.com/ubuntu xenial/main Sources [1,103 kB]                      
Get:11 http://security.ubuntu.com/ubuntu xenial-security/restricted amd64 Packages [12.7 kB]
Get:12 http://security.ubuntu.com/ubuntu xenial-security/universe amd64 Packages [431 kB]
Get:13 http://archive.ubuntu.com/ubuntu xenial/restricted Sources [5,179 B]                 
Get:14 http://archive.ubuntu.com/ubuntu xenial/universe Sources [9,802 kB]
Get:15 http://security.ubuntu.com/ubuntu xenial-security/multiverse amd64 Packages [3,489 B]
Get:16 http://archive.ubuntu.com/ubuntu xenial/multiverse Sources [215 kB]                                                                                                        
Get:17 http://archive.ubuntu.com/ubuntu xenial/main amd64 Packages [1,558 kB]                                                                                                     
Get:18 http://archive.ubuntu.com/ubuntu xenial/restricted amd64 Packages [14.1 kB]                                                                                                
Get:19 http://archive.ubuntu.com/ubuntu xenial/universe amd64 Packages [9,827 kB]                                                                                                 
Get:20 http://archive.ubuntu.com/ubuntu xenial/multiverse amd64 Packages [176 kB]                                                                                                 
Get:21 http://archive.ubuntu.com/ubuntu xenial-updates/main Sources [385 kB]                                                                                                      
Get:22 http://archive.ubuntu.com/ubuntu xenial-updates/restricted Sources [2,684 B]                                                                                               
Get:23 http://archive.ubuntu.com/ubuntu xenial-updates/universe Sources [253 kB]                                                                                                  
Get:24 http://archive.ubuntu.com/ubuntu xenial-updates/multiverse Sources [8,514 B]                                                                                               
Get:25 http://archive.ubuntu.com/ubuntu xenial-updates/main amd64 Packages [979 kB]                                                                                               
Get:26 http://archive.ubuntu.com/ubuntu xenial-updates/restricted amd64 Packages [13.1 kB]                                                                                        
Get:27 http://archive.ubuntu.com/ubuntu xenial-updates/universe amd64 Packages [799 kB]                                                                                           
Get:28 http://archive.ubuntu.com/ubuntu xenial-updates/multiverse amd64 Packages [18.5 kB]                                                                                        
Get:29 http://archive.ubuntu.com/ubuntu xenial-backports/main Sources [3,514 B]                                                                                                   
Get:30 http://archive.ubuntu.com/ubuntu xenial-backports/universe Sources [6,198 B]                                                                                               
Get:31 http://archive.ubuntu.com/ubuntu xenial-backports/main amd64 Packages [5,153 B]                                                                                            
Get:32 http://archive.ubuntu.com/ubuntu xenial-backports/universe amd64 Packages [7,734 B]                                                                                        
Fetched 27.0 MB in 16s (1,640 kB/s)                                                                                                                                               
Reading package lists... Done
root@94f328726d85:/# apt-get install ping
Reading package lists... Done
Building dependency tree       
Reading state information... Done
Package ping is a virtual package provided by:
  inetutils-ping 2:1.9.4-1build1
  iputils-ping 3:20121221-5ubuntu2
You should explicitly select one to install.

E: Package 'ping' has no installation candidate
root@94f328726d85:/# apt-get install iputils-ping
Reading package lists... Done
Building dependency tree       
Reading state information... Done
The following additional packages will be installed:
  libgnutls-openssl27
The following NEW packages will be installed:
  iputils-ping libgnutls-openssl27
0 upgraded, 2 newly installed, 0 to remove and 37 not upgraded.
Need to get 74.7 kB of archives.
After this operation, 265 kB of additional disk space will be used.
Do you want to continue? [Y/n] y
Get:1 http://archive.ubuntu.com/ubuntu xenial-updates/main amd64 libgnutls-openssl27 amd64 3.4.10-4ubuntu1.4 [22.0 kB]
Get:2 http://archive.ubuntu.com/ubuntu xenial/main amd64 iputils-ping amd64 3:20121221-5ubuntu2 [52.7 kB]
Fetched 74.7 kB in 0s (143 kB/s)   
Selecting previously unselected package libgnutls-openssl27:amd64.
(Reading database ... 8750 files and directories currently installed.)
Preparing to unpack .../libgnutls-openssl27_3.4.10-4ubuntu1.4_amd64.deb ...
Unpacking libgnutls-openssl27:amd64 (3.4.10-4ubuntu1.4) ...
Selecting previously unselected package iputils-ping.
Preparing to unpack .../iputils-ping_3%3a20121221-5ubuntu2_amd64.deb ...
Unpacking iputils-ping (3:20121221-5ubuntu2) ...
Processing triggers for libc-bin (2.23-0ubuntu10) ...
Setting up libgnutls-openssl27:amd64 (3.4.10-4ubuntu1.4) ...
Setting up iputils-ping (3:20121221-5ubuntu2) ...
Setcap is not installed, falling back to setuid
Processing triggers for libc-bin (2.23-0ubuntu10) ...
root@94f328726d85:/# 
root@94f328726d85:/# 
root@94f328726d85:/# ping 8.8.8.8
PING 8.8.8.8 (8.8.8.8) 56(84) bytes of data.
64 bytes from 8.8.8.8: icmp_seq=1 ttl=57 time=19.9 ms
64 bytes from 8.8.8.8: icmp_seq=2 ttl=57 time=14.4 ms
64 bytes from 8.8.8.8: icmp_seq=3 ttl=57 time=13.2 ms
64 bytes from 8.8.8.8: icmp_seq=4 ttl=57 time=13.4 ms
^C
--- 8.8.8.8 ping statistics ---
4 packets transmitted, 4 received, 0% packet loss, time 3004ms
rtt min/avg/max/mdev = 13.299/15.304/19.982/2.739 ms
root@94f328726d85:/# exit
exit
root@Docker-Ubuntu:/home/alex# docker ps
CONTAINER ID        IMAGE               COMMAND             CREATED             STATUS              PORTS               NAMES
0ee4cad83c8e        centos              "/bin/bash"         22 minutes ago      Up 9 minutes                            happy_mcnulty
root@Docker-Ubuntu:/home/alex# docker ps -a
CONTAINER ID        IMAGE               COMMAND                  CREATED              STATUS                       PORTS               NAMES
94f328726d85        phusion/baseimage   "/bin/bash"              About a minute ago   Exited (0) 6 seconds ago                         pingy
ba1c5bdad723        phusion/baseimage   "/bin/bash"              2 minutes ago        Exited (127) 2 minutes ago                       quizzical_brattain
5a712d1b9468        phusion/baseimage   "ping 8.8.8.8"           2 minutes ago        Created                                          angry_wiles
a0471528b1eb        phusion/baseimage   "/bin/bash/ping 8...."   2 minutes ago        Created                                          silly_swartz
5ce4c5ab4280        phusion/baseimage   "/bin/bash ping 8...."   3 minutes ago        Exited (127) 3 minutes ago                       hopeful_tesla
ffdbc5b14f98        phusion/baseimage   "/bin/bash"              5 minutes ago        Exited (0) 3 minutes ago                         stupefied_franklin
94418a79bd93        phusion/baseimage   "/bin/bas ping 8.8..."   5 minutes ago        Created                                          happy_golick
188f1fa3d709        phusion/baseimage   "/bin/bas ping 8.8..."   5 minutes ago        Created                                          confident_goldstine
10fada4d5852        phusion/baseimage   "/bin/bash"              5 minutes ago        Exited (0) 5 minutes ago                         inspiring_shaw
000e81297be7        phusion/baseimage   "/bin/bash"              6 minutes ago        Exited (0) 5 minutes ago                         condescending_kilby
15ae7aa4a335        phusion/baseimage   "/bin/bash"              7 minutes ago        Exited (0) 6 minutes ago                         vigilant_spence
0ee4cad83c8e        centos              "/bin/bash"              23 minutes ago       Up 9 minutes                                     happy_mcnulty
64e31118d910        centos              "/bin/bash"              23 minutes ago       Exited (0) 23 minutes ago                        upbeat_goldwasser
398466c31e8e        centos              "/bin/bash"              30 minutes ago       Exited (0) 28 minutes ago                        quirky_meitner
1bae3e5c4e46        hello-world         "/hello"                 40 minutes ago       Exited (0) 40 minutes ago                        priceless_almeida
56c988837f95        ubuntu              "/bin/bash"              5 hours ago          Exited (0) 5 hours ago                           sharp_ritchie
root@Docker-Ubuntu:/home/alex# docker start pingy ping 8.8.8.8
pingy
Error response from daemon: No such container: ping
Error response from daemon: No such container: 8.8.8.8
Error: failed to start containers: ping, 8.8.8.8
root@Docker-Ubuntu:/home/alex# docker start pingy /bin
pingy
error during connect: Post /v1.30/containers/bin/start: unexpected redirect in response
Error: failed to start containers: /bin
root@Docker-Ubuntu:/home/alex# 
root@Docker-Ubuntu:/home/alex# docker start pingy /bin/bash
pingy
error during connect: Post /v1.30/containers/bin/bash/start: unexpected redirect in response
Error: failed to start containers: /bin/bash
root@Docker-Ubuntu:/home/alex# 
root@Docker-Ubuntu:/home/alex# 
root@Docker-Ubuntu:/home/alex# docker start pingy 
pingy
root@Docker-Ubuntu:/home/alex# 
root@Docker-Ubuntu:/home/alex# 
root@Docker-Ubuntu:/home/alex# 
root@Docker-Ubuntu:/home/alex# docker ps
CONTAINER ID        IMAGE               COMMAND             CREATED             STATUS              PORTS               NAMES
94f328726d85        phusion/baseimage   "/bin/bash"         2 minutes ago       Up 36 seconds                           pingy
0ee4cad83c8e        centos              "/bin/bash"         23 minutes ago      Up 10 minutes                           happy_mcnulty
root@Docker-Ubuntu:/home/alex# docker ps
CONTAINER ID        IMAGE               COMMAND             CREATED             STATUS              PORTS               NAMES
94f328726d85        phusion/baseimage   "/bin/bash"         2 minutes ago       Up 40 seconds                           pingy
0ee4cad83c8e        centos              "/bin/bash"         23 minutes ago      Up 10 minutes                           happy_mcnulty
root@Docker-Ubuntu:/home/alex# docker ps
CONTAINER ID        IMAGE               COMMAND             CREATED             STATUS              PORTS               NAMES
94f328726d85        phusion/baseimage   "/bin/bash"         2 minutes ago       Up 41 seconds                           pingy
0ee4cad83c8e        centos              "/bin/bash"         23 minutes ago      Up 10 minutes                           happy_mcnulty
root@Docker-Ubuntu:/home/alex# docker ps
CONTAINER ID        IMAGE               COMMAND             CREATED             STATUS              PORTS               NAMES
94f328726d85        phusion/baseimage   "/bin/bash"         2 minutes ago       Up 42 seconds                           pingy
0ee4cad83c8e        centos              "/bin/bash"         23 minutes ago      Up 10 minutes                           happy_mcnulty
root@Docker-Ubuntu:/home/alex# docker ps
CONTAINER ID        IMAGE               COMMAND             CREATED             STATUS              PORTS               NAMES
94f328726d85        phusion/baseimage   "/bin/bash"         2 minutes ago       Up 43 seconds                           pingy
0ee4cad83c8e        centos              "/bin/bash"         24 minutes ago      Up 10 minutes                           happy_mcnulty
root@Docker-Ubuntu:/home/alex# docker top pingy
UID                 PID                 PPID                C                   STIME               TTY                 TIME                CMD
root                8361                8346                0                   15:44               pts/0               00:00:00            /bin/bash
root@Docker-Ubuntu:/home/alex# 
root@Docker-Ubuntu:/home/alex# 
root@Docker-Ubuntu:/home/alex# 
root@Docker-Ubuntu:/home/alex# docker top pingy
UID                 PID                 PPID                C                   STIME               TTY                 TIME                CMD
root                8361                8346                0                   15:44               pts/0               00:00:00            /bin/bash
root@Docker-Ubuntu:/home/alex# 
root@Docker-Ubuntu:/home/alex# 
root@Docker-Ubuntu:/home/alex# 
root@Docker-Ubuntu:/home/alex# 
root@Docker-Ubuntu:/home/alex# docker ps
CONTAINER ID        IMAGE               COMMAND             CREATED             STATUS              PORTS               NAMES
94f328726d85        phusion/baseimage   "/bin/bash"         2 minutes ago       Up About a minute                       pingy
0ee4cad83c8e        centos              "/bin/bash"         24 minutes ago      Up 11 minutes                           happy_mcnulty
root@Docker-Ubuntu:/home/alex# 
root@Docker-Ubuntu:/home/alex# 
root@Docker-Ubuntu:/home/alex# 
root@Docker-Ubuntu:/home/alex# 
root@Docker-Ubuntu:/home/alex# docker ins
docker: 'ins' is not a docker command.
See 'docker --help'
root@Docker-Ubuntu:/home/alex# docker inspect pingy
[
    {
        "Id": "94f328726d859a27d32ee68898c306025eeb1af9a41a646db1d84f084360237c",
        "Created": "2018-04-17T14:43:07.945076561Z",
        "Path": "/bin/bash",
        "Args": [],
        "State": {
            "Status": "running",
            "Running": true,
            "Paused": false,
            "Restarting": false,
            "OOMKilled": false,
            "Dead": false,
            "Pid": 8361,
            "ExitCode": 0,
            "Error": "",
            "StartedAt": "2018-04-17T14:44:49.10754575Z",
            "FinishedAt": "2018-04-17T14:44:26.636264Z"
        },
        "Image": "sha256:166cfc3f6974fffa02b34f7a82739d1680fda89353996e13a845a83f4f8cd9f7",
        "ResolvConfPath": "/var/lib/docker/containers/94f328726d859a27d32ee68898c306025eeb1af9a41a646db1d84f084360237c/resolv.conf",
        "HostnamePath": "/var/lib/docker/containers/94f328726d859a27d32ee68898c306025eeb1af9a41a646db1d84f084360237c/hostname",
        "HostsPath": "/var/lib/docker/containers/94f328726d859a27d32ee68898c306025eeb1af9a41a646db1d84f084360237c/hosts",
        "LogPath": "/var/lib/docker/containers/94f328726d859a27d32ee68898c306025eeb1af9a41a646db1d84f084360237c/94f328726d859a27d32ee68898c306025eeb1af9a41a646db1d84f084360237c-json.log",
        "Name": "/pingy",
        "RestartCount": 0,
        "Driver": "aufs",
        "MountLabel": "",
        "ProcessLabel": "",
        "AppArmorProfile": "docker-default",
        "ExecIDs": null,
        "HostConfig": {
            "Binds": null,
            "ContainerIDFile": "",
            "LogConfig": {
                "Type": "json-file",
                "Config": {}
            },
            "NetworkMode": "default",
            "PortBindings": {},
            "RestartPolicy": {
                "Name": "no",
                "MaximumRetryCount": 0
            },
            "AutoRemove": false,
            "VolumeDriver": "",
            "VolumesFrom": null,
            "CapAdd": null,
            "CapDrop": null,
            "Dns": [],
            "DnsOptions": [],
            "DnsSearch": [],
            "ExtraHosts": null,
            "GroupAdd": null,
            "IpcMode": "",
            "Cgroup": "",
            "Links": null,
            "OomScoreAdj": 0,
            "PidMode": "",
            "Privileged": false,
            "PublishAllPorts": false,
            "ReadonlyRootfs": false,
            "SecurityOpt": null,
            "UTSMode": "",
            "UsernsMode": "",
            "ShmSize": 67108864,
            "Runtime": "runc",
            "ConsoleSize": [
                0,
                0
            ],
            "Isolation": "",
            "CpuShares": 0,
            "Memory": 0,
            "NanoCpus": 0,
            "CgroupParent": "",
            "BlkioWeight": 0,
            "BlkioWeightDevice": null,
            "BlkioDeviceReadBps": null,
            "BlkioDeviceWriteBps": null,
            "BlkioDeviceReadIOps": null,
            "BlkioDeviceWriteIOps": null,
            "CpuPeriod": 0,
            "CpuQuota": 0,
            "CpuRealtimePeriod": 0,
            "CpuRealtimeRuntime": 0,
            "CpusetCpus": "",
            "CpusetMems": "",
            "Devices": [],
            "DeviceCgroupRules": null,
            "DiskQuota": 0,
            "KernelMemory": 0,
            "MemoryReservation": 0,
            "MemorySwap": 0,
            "MemorySwappiness": -1,
            "OomKillDisable": false,
            "PidsLimit": 0,
            "Ulimits": null,
            "CpuCount": 0,
            "CpuPercent": 0,
            "IOMaximumIOps": 0,
            "IOMaximumBandwidth": 0
        },
        "GraphDriver": {
            "Data": null,
            "Name": "aufs"
        },
        "Mounts": [],
        "Config": {
            "Hostname": "94f328726d85",
            "Domainname": "",
            "User": "",
            "AttachStdin": true,
            "AttachStdout": true,
            "AttachStderr": true,
            "Tty": true,
            "OpenStdin": true,
            "StdinOnce": true,
            "Env": [
                "PATH=/usr/local/sbin:/usr/local/bin:/usr/sbin:/usr/bin:/sbin:/bin",
                "DEBIAN_FRONTEND=teletype",
                "LANG=en_US.UTF-8",
                "LANGUAGE=en_US:en",
                "LC_ALL=en_US.UTF-8"
            ],
            "Cmd": [
                "/bin/bash"
            ],
            "Image": "phusion/baseimage",
            "Volumes": null,
            "WorkingDir": "",
            "Entrypoint": null,
            "OnBuild": null,
            "Labels": {}
        },
        "NetworkSettings": {
            "Bridge": "",
            "SandboxID": "af77aeb1e0903bba57a0ae5fb53bafe58a40dca46a6ff6c66464e94d356082e7",
            "HairpinMode": false,
            "LinkLocalIPv6Address": "",
            "LinkLocalIPv6PrefixLen": 0,
            "Ports": {},
            "SandboxKey": "/var/run/docker/netns/af77aeb1e090",
            "SecondaryIPAddresses": null,
            "SecondaryIPv6Addresses": null,
            "EndpointID": "937541992dd14c37ba6e3dbef6ed761eecb50523890ebc523b13cca100d7ba44",
            "Gateway": "172.17.0.1",
            "GlobalIPv6Address": "",
            "GlobalIPv6PrefixLen": 0,
            "IPAddress": "172.17.0.3",
            "IPPrefixLen": 16,
            "IPv6Gateway": "",
            "MacAddress": "02:42:ac:11:00:03",
            "Networks": {
                "bridge": {
                    "IPAMConfig": null,
                    "Links": null,
                    "Aliases": null,
                    "NetworkID": "e5cb5d9d32e338c4e50e357b5de67595f10d45d67eeaf92bb0427ac0e4e23d1d",
                    "EndpointID": "937541992dd14c37ba6e3dbef6ed761eecb50523890ebc523b13cca100d7ba44",
                    "Gateway": "172.17.0.1",
                    "IPAddress": "172.17.0.3",
                    "IPPrefixLen": 16,
                    "IPv6Gateway": "",
                    "GlobalIPv6Address": "",
                    "GlobalIPv6PrefixLen": 0,
                    "MacAddress": "02:42:ac:11:00:03",
                    "DriverOpts": null
                }
            }
        }
    }
]
root@Docker-Ubuntu:/home/alex# 
root@Docker-Ubuntu:/home/alex# cat /var/lib/docker/containers/94f328726d859a27d32ee68898c306025eeb1af9a41a646db1d84f084360237c/hosts
127.0.0.1       localhost
::1     localhost ip6-localhost ip6-loopback
fe00::0 ip6-localnet
ff00::0 ip6-mcastprefix
ff02::1 ip6-allnodes
ff02::2 ip6-allrouters
172.17.0.3      94f328726d85
root@Docker-Ubuntu:/home/alex# 
root@Docker-Ubuntu:/home/alex# 
root@Docker-Ubuntu:/home/alex# cat /var/lib/docker/containers/94f328726d859a27d32ee68898c306025eeb1af9a41a646db1d84f084360237c/hosts
127.0.0.1       localhost
::1     localhost ip6-localhost ip6-loopback
fe00::0 ip6-localnet
ff00::0 ip6-mcastprefix
ff02::1 ip6-allnodes
ff02::2 ip6-allrouters
172.17.0.3      94f328726d85
root@Docker-Ubuntu:/home/alex# 
root@Docker-Ubuntu:/home/alex# 
root@Docker-Ubuntu:/home/alex# 
root@Docker-Ubuntu:/home/alex# docker ps
CONTAINER ID        IMAGE               COMMAND             CREATED             STATUS              PORTS               NAMES
94f328726d85        phusion/baseimage   "/bin/bash"         4 minutes ago       Up 2 minutes                            pingy
0ee4cad83c8e        centos              "/bin/bash"         26 minutes ago      Up 12 minutes                           happy_mcnulty
root@Docker-Ubuntu:/home/alex# 
root@Docker-Ubuntu:/home/alex# 
root@Docker-Ubuntu:/home/alex# 
root@Docker-Ubuntu:/home/alex# 
root@Docker-Ubuntu:/home/alex# 
root@Docker-Ubuntu:/home/alex# 
root@Docker-Ubuntu:/home/alex# 
root@Docker-Ubuntu:/home/alex# 
root@Docker-Ubuntu:/home/alex# 
root@Docker-Ubuntu:/home/alex# 
root@Docker-Ubuntu:/home/alex# 
root@Docker-Ubuntu:/home/alex# docker ps
CONTAINER ID        IMAGE               COMMAND             CREATED             STATUS              PORTS               NAMES
94f328726d85        phusion/baseimage   "/bin/bash"         5 minutes ago       Up 3 minutes                            pingy
0ee4cad83c8e        centos              "/bin/bash"         27 minutes ago      Up 13 minutes                           happy_mcnulty
root@Docker-Ubuntu:/home/alex# 
root@Docker-Ubuntu:/home/alex# 
root@Docker-Ubuntu:/home/alex# nsenter 
root@Docker-Ubuntu:/home/alex# 
root@Docker-Ubuntu:/home/alex# 
root@Docker-Ubuntu:/home/alex# ps -a
   PID TTY          TIME CMD
  4839 pts/2    00:00:00 sudo
  4840 pts/2    00:00:00 su
  4841 pts/2    00:00:00 bash
  8684 pts/2    00:00:00 bash
  8699 pts/2    00:00:00 ps
root@Docker-Ubuntu:/home/alex# 
root@Docker-Ubuntu:/home/alex# 
root@Docker-Ubuntu:/home/alex# 
root@Docker-Ubuntu:/home/alex# 
root@Docker-Ubuntu:/home/alex# 
root@Docker-Ubuntu:/home/alex# docker inspect 94f328726d85
[
    {
        "Id": "94f328726d859a27d32ee68898c306025eeb1af9a41a646db1d84f084360237c",
        "Created": "2018-04-17T14:43:07.945076561Z",
        "Path": "/bin/bash",
        "Args": [],
        "State": {
            "Status": "running",
            "Running": true,
            "Paused": false,
            "Restarting": false,
            "OOMKilled": false,
            "Dead": false,
            "Pid": 8361,
            "ExitCode": 0,
            "Error": "",
            "StartedAt": "2018-04-17T14:44:49.10754575Z",
            "FinishedAt": "2018-04-17T14:44:26.636264Z"
        },
        "Image": "sha256:166cfc3f6974fffa02b34f7a82739d1680fda89353996e13a845a83f4f8cd9f7",
        "ResolvConfPath": "/var/lib/docker/containers/94f328726d859a27d32ee68898c306025eeb1af9a41a646db1d84f084360237c/resolv.conf",
        "HostnamePath": "/var/lib/docker/containers/94f328726d859a27d32ee68898c306025eeb1af9a41a646db1d84f084360237c/hostname",
        "HostsPath": "/var/lib/docker/containers/94f328726d859a27d32ee68898c306025eeb1af9a41a646db1d84f084360237c/hosts",
        "LogPath": "/var/lib/docker/containers/94f328726d859a27d32ee68898c306025eeb1af9a41a646db1d84f084360237c/94f328726d859a27d32ee68898c306025eeb1af9a41a646db1d84f084360237c-json.log",
        "Name": "/pingy",
        "RestartCount": 0,
        "Driver": "aufs",
        "MountLabel": "",
        "ProcessLabel": "",
        "AppArmorProfile": "docker-default",
        "ExecIDs": null,
        "HostConfig": {
            "Binds": null,
            "ContainerIDFile": "",
            "LogConfig": {
                "Type": "json-file",
                "Config": {}
            },
            "NetworkMode": "default",
            "PortBindings": {},
            "RestartPolicy": {
                "Name": "no",
                "MaximumRetryCount": 0
            },
            "AutoRemove": false,
            "VolumeDriver": "",
            "VolumesFrom": null,
            "CapAdd": null,
            "CapDrop": null,
            "Dns": [],
            "DnsOptions": [],
            "DnsSearch": [],
            "ExtraHosts": null,
            "GroupAdd": null,
            "IpcMode": "",
            "Cgroup": "",
            "Links": null,
            "OomScoreAdj": 0,
            "PidMode": "",
            "Privileged": false,
            "PublishAllPorts": false,
            "ReadonlyRootfs": false,
            "SecurityOpt": null,
            "UTSMode": "",
            "UsernsMode": "",
            "ShmSize": 67108864,
            "Runtime": "runc",
            "ConsoleSize": [
                0,
                0
            ],
            "Isolation": "",
            "CpuShares": 0,
            "Memory": 0,
            "NanoCpus": 0,
            "CgroupParent": "",
            "BlkioWeight": 0,
            "BlkioWeightDevice": null,
            "BlkioDeviceReadBps": null,
            "BlkioDeviceWriteBps": null,
            "BlkioDeviceReadIOps": null,
            "BlkioDeviceWriteIOps": null,
            "CpuPeriod": 0,
            "CpuQuota": 0,
            "CpuRealtimePeriod": 0,
            "CpuRealtimeRuntime": 0,
            "CpusetCpus": "",
            "CpusetMems": "",
            "Devices": [],
            "DeviceCgroupRules": null,
            "DiskQuota": 0,
            "KernelMemory": 0,
            "MemoryReservation": 0,
            "MemorySwap": 0,
            "MemorySwappiness": -1,
            "OomKillDisable": false,
            "PidsLimit": 0,
            "Ulimits": null,
            "CpuCount": 0,
            "CpuPercent": 0,
            "IOMaximumIOps": 0,
            "IOMaximumBandwidth": 0
        },
        "GraphDriver": {
            "Data": null,
            "Name": "aufs"
        },
        "Mounts": [],
        "Config": {
            "Hostname": "94f328726d85",
            "Domainname": "",
            "User": "",
            "AttachStdin": true,
            "AttachStdout": true,
            "AttachStderr": true,
            "Tty": true,
            "OpenStdin": true,
            "StdinOnce": true,
            "Env": [
                "PATH=/usr/local/sbin:/usr/local/bin:/usr/sbin:/usr/bin:/sbin:/bin",
                "DEBIAN_FRONTEND=teletype",
                "LANG=en_US.UTF-8",
                "LANGUAGE=en_US:en",
                "LC_ALL=en_US.UTF-8"
            ],
            "Cmd": [
                "/bin/bash"
            ],
            "Image": "phusion/baseimage",
            "Volumes": null,
            "WorkingDir": "",
            "Entrypoint": null,
            "OnBuild": null,
            "Labels": {}
        },
        "NetworkSettings": {
            "Bridge": "",
            "SandboxID": "af77aeb1e0903bba57a0ae5fb53bafe58a40dca46a6ff6c66464e94d356082e7",
            "HairpinMode": false,
            "LinkLocalIPv6Address": "",
            "LinkLocalIPv6PrefixLen": 0,
            "Ports": {},
            "SandboxKey": "/var/run/docker/netns/af77aeb1e090",
            "SecondaryIPAddresses": null,
            "SecondaryIPv6Addresses": null,
            "EndpointID": "937541992dd14c37ba6e3dbef6ed761eecb50523890ebc523b13cca100d7ba44",
            "Gateway": "172.17.0.1",
            "GlobalIPv6Address": "",
            "GlobalIPv6PrefixLen": 0,
            "IPAddress": "172.17.0.3",
            "IPPrefixLen": 16,
            "IPv6Gateway": "",
            "MacAddress": "02:42:ac:11:00:03",
            "Networks": {
                "bridge": {
                    "IPAMConfig": null,
                    "Links": null,
                    "Aliases": null,
                    "NetworkID": "e5cb5d9d32e338c4e50e357b5de67595f10d45d67eeaf92bb0427ac0e4e23d1d",
                    "EndpointID": "937541992dd14c37ba6e3dbef6ed761eecb50523890ebc523b13cca100d7ba44",
                    "Gateway": "172.17.0.1",
                    "IPAddress": "172.17.0.3",
                    "IPPrefixLen": 16,
                    "IPv6Gateway": "",
                    "GlobalIPv6Address": "",
                    "GlobalIPv6PrefixLen": 0,
                    "MacAddress": "02:42:ac:11:00:03",
                    "DriverOpts": null
                }
            }
        }
    }
]
root@Docker-Ubuntu:/home/alex# 
root@Docker-Ubuntu:/home/alex# 
root@Docker-Ubuntu:/home/alex# 
root@Docker-Ubuntu:/home/alex# docker inspect 94f328726d85 | grep PID
root@Docker-Ubuntu:/home/alex# docker inspect 94f328726d85 | grep Pid
            "Pid": 8361,
            "PidMode": "",
            "PidsLimit": 0,
root@Docker-Ubuntu:/home/alex# 
root@Docker-Ubuntu:/home/alex# 
root@Docker-Ubuntu:/home/alex# nsenter -m -u -n -p -i -t 8361
mesg: ttyname failed: Success
root@94f328726d85:/# 
root@94f328726d85:/# 
root@94f328726d85:/# ld
-bash: ld: command not found
root@94f328726d85:/# 
root@94f328726d85:/# 
root@94f328726d85:/# pwd
/
root@94f328726d85:/# ls
bd_build  bin  boot  dev  etc  home  lib  lib64  media  mnt  opt  proc  root  run  sbin  srv  sys  tmp  usr  var
root@94f328726d85:/# top 
top - 14:50:26 up 48 min,  0 users,  load average: 0.22, 0.18, 0.20
Tasks:   3 total,   1 running,   2 sleeping,   0 stopped,   0 zombie
%Cpu(s): 11.8 us,  1.8 sy,  0.2 ni, 84.7 id,  1.5 wa,  0.0 hi,  0.1 si,  0.0 st
KiB Mem :  3994752 total,  1782200 free,   755112 used,  1457440 buff/cache
KiB Swap:  4192252 total,  4192252 free,        0 used.  2875168 avail Mem 

   PID USER      PR  NI    VIRT    RES    SHR S %CPU %MEM     TIME+ COMMAND                                                                                                                                   
     1 root      20   0   21472   3740   3396 S  0.0  0.1   0:00.05 bash                                                                                                                                      
    14 root      20   0   21468   3760   3288 S  0.0  0.1   0:00.00 bash                                                                                                                                      
    27 root      20   0   39912   3608   3096 R  0.0  0.1   0:00.00 top                                                                                                                                       
top - 14:50:29 up 49 min,  0 users,  load average: 0.22, 0.18, 0.20
Tasks:   3 total,   1 running,   2 sleeping,   0 stopped,   0 zombie
%Cpu(s):  8.0 us,  0.3 sy,  0.0 ni, 91.7 id,  0.0 wa,  0.0 hi,  0.0 si,  0.0 st
KiB Mem :  3994752 total,  1782200 free,   755108 used,  1457444 buff/cache
KiB Swap:  4192252 total,  4192252 free,        0 used.  2875168 avail Mem 

   PID USER      PR  NI    VIRT    RES    SHR S %CPU %MEM     TIME+ COMMAND                                                                                                                                   
     1 root      20   0   21472   3740   3396 S  0.0  0.1   0:00.05 bash                                                                                                                                      
    14 root      20   0   21468   3760   3288 S  0.0  0.1   0:00.00 bash                                                                                                                                      
    27 root      20   0   39912   3608   3096 R  0.0  0.1   0:00.00 top                                                                                                                                       
top - 14:50:32 up 49 min,  0 users,  load average: 0.20, 0.18, 0.19
Tasks:   3 total,   1 running,   2 sleeping,   0 stopped,   0 zombie
%Cpu(s): 10.4 us,  1.0 sy,  0.0 ni, 88.6 id,  0.0 wa,  0.0 hi,  0.0 si,  0.0 st
KiB Mem :  3994752 total,  1783324 free,   754512 used,  1456916 buff/cache
KiB Swap:  4192252 total,  4192252 free,        0 used.  2876240 avail Mem 

   PID USER      PR  NI    VIRT    RES    SHR S %CPU %MEM     TIME+ COMMAND                                                                                                                                   
     1 root      20   0   21472   3740   3396 S  0.0  0.1   0:00.05 bash                                                                                                                                      
    14 root      20   0   21468   3760   3288 S  0.0  0.1   0:00.00 bash                                                                                                                                      
    27 root      20   0   39912   3608   3096 R  0.0  0.1   0:00.00 top                                                                                                                                       

root@94f328726d85:/# 
root@94f328726d85:/# 
root@94f328726d85:/# exit
logout
root@Docker-Ubuntu:/home/alex# nsenter -m -u -n -p -i -t 8361 /bin/bash
root@94f328726d85:/# 
root@94f328726d85:/# 
root@94f328726d85:/# hostname
94f328726d85
root@94f328726d85:/# ip a 
bash: ip: command not found
root@94f328726d85:/# 
root@94f328726d85:/# 
root@94f328726d85:/# ip ad
bash: ip: command not found
root@94f328726d85:/# ifconfig
bash: ifconfig: command not found
root@94f328726d85:/# 
root@94f328726d85:/# 
root@94f328726d85:/# ip ad
bash: ip: command not found
root@94f328726d85:/# exit
exit
root@Docker-Ubuntu:/home/alex# 
root@Docker-Ubuntu:/home/alex# 
root@Docker-Ubuntu:/home/alex# 
root@Docker-Ubuntu:/home/alex# docker ps 
CONTAINER ID        IMAGE               COMMAND             CREATED             STATUS              PORTS               NAMES
94f328726d85        phusion/baseimage   "/bin/bash"         7 minutes ago       Up 6 minutes                            pingy
0ee4cad83c8e        centos              "/bin/bash"         29 minutes ago      Up 16 minutes                           happy_mcnulty
root@Docker-Ubuntu:/home/alex# 
root@Docker-Ubuntu:/home/alex# nsenter -m -u -n -p -i -t 8361 /bin/bash
root@94f328726d85:/# 
root@94f328726d85:/# 
root@94f328726d85:/# 
root@94f328726d85:/# exit
exit
root@Docker-Ubuntu:/home/alex# docker-enter pingy
docker-enter: command not found
root@Docker-Ubuntu:/home/alex# docker-enter 94
docker-enter: command not found
root@Docker-Ubuntu:/home/alex# 
root@Docker-Ubuntu:/home/alex# docker exec -it pingy /bin/bash
root@94f328726d85:/# test
root@94f328726d85:/# ls
bd_build  bin  boot  dev  etc  home  lib  lib64  media  mnt  opt  proc  root  run  sbin  srv  sys  tmp  usr  var
root@94f328726d85:/# 
root@94f328726d85:/# 
root@94f328726d85:/# exit
exit
root@Docker-Ubuntu:/home/alex# 
root@Docker-Ubuntu:/home/alex# 
root@Docker-Ubuntu:/home/alex# 
root@Docker-Ubuntu:/home/alex# 
root@Docker-Ubuntu:/home/alex# 
root@Docker-Ubuntu:/home/alex# 
root@Docker-Ubuntu:/home/alex# 
root@Docker-Ubuntu:/home/alex# 
root@Docker-Ubuntu:/home/alex# 
root@Docker-Ubuntu:/home/alex# 
root@Docker-Ubuntu:/home/alex# 
root@Docker-Ubuntu:/home/alex# 
root@Docker-Ubuntu:/home/alex# 
root@Docker-Ubuntu:/home/alex# 
root@Docker-Ubuntu:/home/alex# 
root@Docker-Ubuntu:/home/alex# 
root@Docker-Ubuntu:/home/alex# 
root@Docker-Ubuntu:/home/alex# cd ..
root@Docker-Ubuntu:/home# cd ..
root@Docker-Ubuntu:/# 
root@Docker-Ubuntu:/# 
root@Docker-Ubuntu:/# cd ..
root@Docker-Ubuntu:/# 
root@Docker-Ubuntu:/# 
root@Docker-Ubuntu:/# 
root@Docker-Ubuntu:/# 
root@Docker-Ubuntu:/# 
root@Docker-Ubuntu:/# 
root@Docker-Ubuntu:/# apt-get install ping
Reading package lists... Done
Building dependency tree       
Reading state information... Done
Package ping is a virtual package provided by:
  inetutils-ping 2:1.9.4-1build1
  iputils-ping 3:20121221-5ubuntu2
You should explicitly select one to install.

E: Package 'ping' has no installation candidate
root@Docker-Ubuntu:/# 
root@Docker-Ubuntu:/# 
root@Docker-Ubuntu:/# 
root@Docker-Ubuntu:/# docker pull jenkins/jenkins
Using default tag: latest
latest: Pulling from jenkins/jenkins






















Digest: sha256:9cc62e422417f13a6003405d03cac72ac2a6b50092c0404dfc1faf3b9a9bbef5
Status: Downloaded newer image for jenkins/jenkins:latest
root@Docker-Ubuntu:/# 
root@Docker-Ubuntu:/# 
root@Docker-Ubuntu:/# 
Welcome to Ubuntu 16.04.4 LTS (GNU/Linux 4.13.0-36-generic x86_64)

 * Documentation:  https://help.ubuntu.com
 * Management:     https://landscape.canonical.com
 * Support:        https://ubuntu.com/advantage

10 packages can be updated.
10 updates are security updates.

Last login: Tue Apr 17 15:23:50 2018 from 172.25.26.113
alex@Docker-Ubuntu:~$ 
alex@Docker-Ubuntu:~$ 
alex@Docker-Ubuntu:~$ docker images
REPOSITORY          TAG                 IMAGE ID            CREATED             SIZE
jenkins/jenkins     latest              8fae8b64eef9        2 days ago          804MB
ubuntu              latest              c9d990395902        4 days ago          113MB
hello-world         latest              e38bc07ac18e        5 days ago          1.85kB
centos              latest              e934aafc2206        10 days ago         199MB
phusion/baseimage   latest              166cfc3f6974        2 months ago        209MB
alex@Docker-Ubuntu:~$ 
alex@Docker-Ubuntu:~$ 
alex@Docker-Ubuntu:~$ 
alex@Docker-Ubuntu:~$ 
alex@Docker-Ubuntu:~$ docker pull docker/dtr
Using default tag: latest
latest: Pulling from docker/dtr




Digest: sha256:7fa32f593f3cd030aafd11f5427ba143d93cb491a5137b2dc8c59066ff4bac50
Status: Downloaded newer image for docker/dtr:latest
alex@Docker-Ubuntu:~$ 
alex@Docker-Ubuntu:~$ 
alex@Docker-Ubuntu:~$ 

Welcome to Ubuntu 16.04.4 LTS (GNU/Linux 4.13.0-36-generic x86_64)

 * Documentation:  https://help.ubuntu.com
 * Management:     https://landscape.canonical.com
 * Support:        https://ubuntu.com/advantage

10 packages can be updated.
10 updates are security updates.

Last login: Tue Apr 17 16:27:49 2018 from 172.25.26.113
alex@Docker-Ubuntu:~$ 
alex@Docker-Ubuntu:~$ docker run -p 8080:8080 -p 50000:50000 jenkins/jenkins:lts
Unable to find image 'jenkins/jenkins:lts' locally
lts: Pulling from jenkins/jenkins






















Digest: sha256:8fac6a4ef151ecaa83648a9d88f0b7d79b502cf7e8746fa569211ebded0fd6df
Status: Downloaded newer image for jenkins/jenkins:lts
Running from: /usr/share/jenkins/jenkins.war
webroot: EnvVars.masterEnvVars.get("JENKINS_HOME")
Apr 17, 2018 8:27:14 PM Main deleteWinstoneTempContents
WARNING: Failed to delete the temporary Winstone file /tmp/winstone/jenkins.war
Apr 17, 2018 8:27:14 PM org.eclipse.jetty.util.log.Log initialized
INFO: Logging initialized @921ms to org.eclipse.jetty.util.log.JavaUtilLog
Apr 17, 2018 8:27:14 PM winstone.Logger logInternal
INFO: Beginning extraction from war file
Apr 17, 2018 8:27:16 PM org.eclipse.jetty.server.handler.ContextHandler setContextPath
WARNING: Empty contextPath
Apr 17, 2018 8:27:16 PM org.eclipse.jetty.server.Server doStart
INFO: jetty-9.4.z-SNAPSHOT
Apr 17, 2018 8:27:17 PM org.eclipse.jetty.webapp.StandardDescriptorProcessor visitServlet
INFO: NO JSP Support for /, did not find org.eclipse.jetty.jsp.JettyJspServlet
Apr 17, 2018 8:27:17 PM org.eclipse.jetty.server.session.DefaultSessionIdManager doStart
INFO: DefaultSessionIdManager workerName=node0
Apr 17, 2018 8:27:17 PM org.eclipse.jetty.server.session.DefaultSessionIdManager doStart
INFO: No SessionScavenger set, using defaults
Apr 17, 2018 8:27:17 PM org.eclipse.jetty.server.session.HouseKeeper startScavenging
INFO: Scavenging every 600000ms
Jenkins home directory: /var/jenkins_home found at: EnvVars.masterEnvVars.get("JENKINS_HOME")
Apr 17, 2018 8:27:19 PM org.eclipse.jetty.server.handler.ContextHandler doStart
INFO: Started w.@532a02d9{/,file:///var/jenkins_home/war/,AVAILABLE}{/var/jenkins_home/war}
Apr 17, 2018 8:27:19 PM org.eclipse.jetty.server.AbstractConnector doStart
INFO: Started ServerConnector@5990e6c5{HTTP/1.1,[http/1.1]}{0.0.0.0:8080}
Apr 17, 2018 8:27:19 PM org.eclipse.jetty.server.Server doStart
INFO: Started @5714ms
Apr 17, 2018 8:27:19 PM winstone.Logger logInternal
INFO: Winstone Servlet Engine v4.0 running: controlPort=disabled
Apr 17, 2018 8:27:21 PM jenkins.InitReactorRunner$1 onAttained
INFO: Started initialization
Apr 17, 2018 8:27:22 PM jenkins.InitReactorRunner$1 onAttained
INFO: Listed all plugins
Apr 17, 2018 8:27:25 PM jenkins.InitReactorRunner$1 onAttained
INFO: Prepared all plugins
Apr 17, 2018 8:27:25 PM jenkins.InitReactorRunner$1 onAttained
INFO: Started all plugins
Apr 17, 2018 8:27:25 PM jenkins.InitReactorRunner$1 onAttained
INFO: Augmented all extensions
Apr 17, 2018 8:27:27 PM jenkins.InitReactorRunner$1 onAttained
INFO: Loaded all jobs
Apr 17, 2018 8:27:27 PM hudson.model.AsyncPeriodicWork$1 run
INFO: Started Download metadata
Apr 17, 2018 8:27:28 PM jenkins.util.groovy.GroovyHookScript execute
INFO: Executing /var/jenkins_home/init.groovy.d/tcp-slave-agent-port.groovy
Apr 17, 2018 8:27:30 PM jenkins.InitReactorRunner$1 onAttained
INFO: Completed initialization
Apr 17, 2018 8:27:30 PM org.springframework.context.support.AbstractApplicationContext prepareRefresh
INFO: Refreshing org.springframework.web.context.support.StaticWebApplicationContext@beb1e1d: display name [Root WebApplicationContext]; startup date [Tue Apr 17 20:27:30 UTC 2018]; root of context hierarchy
Apr 17, 2018 8:27:30 PM org.springframework.context.support.AbstractApplicationContext obtainFreshBeanFactory
INFO: Bean factory for application context [org.springframework.web.context.support.StaticWebApplicationContext@beb1e1d]: org.springframework.beans.factory.support.DefaultListableBeanFactory@1e876545
Apr 17, 2018 8:27:30 PM org.springframework.beans.factory.support.DefaultListableBeanFactory preInstantiateSingletons
INFO: Pre-instantiating singletons in org.springframework.beans.factory.support.DefaultListableBeanFactory@1e876545: defining beans [authenticationManager]; root of factory hierarchy
Apr 17, 2018 8:27:31 PM org.springframework.context.support.AbstractApplicationContext prepareRefresh
INFO: Refreshing org.springframework.web.context.support.StaticWebApplicationContext@632455fa: display name [Root WebApplicationContext]; startup date [Tue Apr 17 20:27:31 UTC 2018]; root of context hierarchy
Apr 17, 2018 8:27:31 PM org.springframework.context.support.AbstractApplicationContext obtainFreshBeanFactory
INFO: Bean factory for application context [org.springframework.web.context.support.StaticWebApplicationContext@632455fa]: org.springframework.beans.factory.support.DefaultListableBeanFactory@18085f81
Apr 17, 2018 8:27:31 PM org.springframework.beans.factory.support.DefaultListableBeanFactory preInstantiateSingletons
INFO: Pre-instantiating singletons in org.springframework.beans.factory.support.DefaultListableBeanFactory@18085f81: defining beans [filter,legacy]; root of factory hierarchy
Apr 17, 2018 8:27:33 PM jenkins.install.SetupWizard init
INFO: 

*************************************************************
*************************************************************
*************************************************************

Jenkins initial setup is required. An admin user has been created and a password generated.
Please use the following password to proceed to installation:

0052be1d01b04d86a548bbca81b4ab61

This may also be found at: /var/jenkins_home/secrets/initialAdminPassword

*************************************************************
*************************************************************
*************************************************************

--> setting agent port for jnlp
--> setting agent port for jnlp... done
Apr 17, 2018 8:27:44 PM hudson.model.UpdateSite updateData
INFO: Obtained the latest update center data file for UpdateSource default
Apr 17, 2018 8:27:44 PM hudson.model.DownloadService$Downloadable load
INFO: Obtained the updated data file for hudson.tasks.Maven.MavenInstaller
Apr 17, 2018 8:27:47 PM hudson.model.UpdateSite updateData
INFO: Obtained the latest update center data file for UpdateSource default
Apr 17, 2018 8:27:47 PM hudson.model.DownloadService$Downloadable load
INFO: Obtained the updated data file for hudson.tools.JDKInstaller
Apr 17, 2018 8:27:47 PM hudson.model.AsyncPeriodicWork$1 run
INFO: Finished Download metadata. 19,534 ms
Apr 17, 2018 8:27:47 PM hudson.WebAppMain$3 run
INFO: Jenkins is fully up and running

^CApr 17, 2018 8:28:01 PM winstone.Logger logInternal
INFO: JVM is terminating. Shutting down Winstone
alex@Docker-Ubuntu:~$ 
alex@Docker-Ubuntu:~$ 
alex@Docker-Ubuntu:~$ docker ps
CONTAINER ID        IMAGE               COMMAND             CREATED             STATUS              PORTS               NAMES
94f328726d85        phusion/baseimage   "/bin/bash"         6 hours ago         Up 6 hours                              pingy
0ee4cad83c8e        centos              "/bin/bash"         6 hours ago         Up 6 hours                              happy_mcnulty
alex@Docker-Ubuntu:~$ docker stop 94
Error response from daemon: Multiple IDs found with provided prefix: 94f328726d859a27d32ee68898c306025eeb1af9a41a646db1d84f084360237c
alex@Docker-Ubuntu:~$ docker stop 94f
94f
alex@Docker-Ubuntu:~$ docker stop 0ee


0ee
alex@Docker-Ubuntu:~$ 
alex@Docker-Ubuntu:~$ 
alex@Docker-Ubuntu:~$ 
alex@Docker-Ubuntu:~$ docker run -p 8080:8080 -p 50000:50000 -v jenkins_home:/var/jenkins_home jenkins/jenkins:lts
Running from: /usr/share/jenkins/jenkins.war
webroot: EnvVars.masterEnvVars.get("JENKINS_HOME")
Apr 17, 2018 8:29:14 PM Main deleteWinstoneTempContents
WARNING: Failed to delete the temporary Winstone file /tmp/winstone/jenkins.war
Apr 17, 2018 8:29:14 PM org.eclipse.jetty.util.log.Log initialized
INFO: Logging initialized @939ms to org.eclipse.jetty.util.log.JavaUtilLog
Apr 17, 2018 8:29:14 PM winstone.Logger logInternal
INFO: Beginning extraction from war file
Apr 17, 2018 8:29:17 PM org.eclipse.jetty.server.handler.ContextHandler setContextPath
WARNING: Empty contextPath
Apr 17, 2018 8:29:17 PM org.eclipse.jetty.server.Server doStart
INFO: jetty-9.4.z-SNAPSHOT
Apr 17, 2018 8:29:18 PM org.eclipse.jetty.webapp.StandardDescriptorProcessor visitServlet
INFO: NO JSP Support for /, did not find org.eclipse.jetty.jsp.JettyJspServlet
Apr 17, 2018 8:29:18 PM org.eclipse.jetty.server.session.DefaultSessionIdManager doStart
INFO: DefaultSessionIdManager workerName=node0
Apr 17, 2018 8:29:18 PM org.eclipse.jetty.server.session.DefaultSessionIdManager doStart
INFO: No SessionScavenger set, using defaults
Apr 17, 2018 8:29:18 PM org.eclipse.jetty.server.session.HouseKeeper startScavenging
INFO: Scavenging every 600000ms
Jenkins home directory: /var/jenkins_home found at: EnvVars.masterEnvVars.get("JENKINS_HOME")
Apr 17, 2018 8:29:19 PM org.eclipse.jetty.server.handler.ContextHandler doStart
INFO: Started w.@532a02d9{/,file:///var/jenkins_home/war/,AVAILABLE}{/var/jenkins_home/war}
Apr 17, 2018 8:29:19 PM org.eclipse.jetty.server.AbstractConnector doStart
INFO: Started ServerConnector@5990e6c5{HTTP/1.1,[http/1.1]}{0.0.0.0:8080}
Apr 17, 2018 8:29:19 PM org.eclipse.jetty.server.Server doStart
INFO: Started @6433ms
Apr 17, 2018 8:29:19 PM winstone.Logger logInternal
INFO: Winstone Servlet Engine v4.0 running: controlPort=disabled
Apr 17, 2018 8:29:22 PM jenkins.InitReactorRunner$1 onAttained
INFO: Started initialization
Apr 17, 2018 8:29:22 PM jenkins.InitReactorRunner$1 onAttained
INFO: Listed all plugins
Apr 17, 2018 8:29:26 PM jenkins.InitReactorRunner$1 onAttained
INFO: Prepared all plugins
Apr 17, 2018 8:29:26 PM jenkins.InitReactorRunner$1 onAttained
INFO: Started all plugins
Apr 17, 2018 8:29:26 PM jenkins.InitReactorRunner$1 onAttained
INFO: Augmented all extensions
Apr 17, 2018 8:29:27 PM jenkins.InitReactorRunner$1 onAttained
INFO: Loaded all jobs
Apr 17, 2018 8:29:28 PM hudson.model.AsyncPeriodicWork$1 run
INFO: Started Download metadata
Apr 17, 2018 8:29:28 PM jenkins.util.groovy.GroovyHookScript execute
INFO: Executing /var/jenkins_home/init.groovy.d/tcp-slave-agent-port.groovy
Apr 17, 2018 8:29:30 PM jenkins.InitReactorRunner$1 onAttained
INFO: Completed initialization
Apr 17, 2018 8:29:31 PM org.springframework.context.support.AbstractApplicationContext prepareRefresh
INFO: Refreshing org.springframework.web.context.support.StaticWebApplicationContext@7de64690: display name [Root WebApplicationContext]; startup date [Tue Apr 17 20:29:31 UTC 2018]; root of context hierarchy
Apr 17, 2018 8:29:31 PM org.springframework.context.support.AbstractApplicationContext obtainFreshBeanFactory
INFO: Bean factory for application context [org.springframework.web.context.support.StaticWebApplicationContext@7de64690]: org.springframework.beans.factory.support.DefaultListableBeanFactory@69df4723
Apr 17, 2018 8:29:31 PM org.springframework.beans.factory.support.DefaultListableBeanFactory preInstantiateSingletons
INFO: Pre-instantiating singletons in org.springframework.beans.factory.support.DefaultListableBeanFactory@69df4723: defining beans [authenticationManager]; root of factory hierarchy
Apr 17, 2018 8:29:32 PM org.springframework.context.support.AbstractApplicationContext prepareRefresh
INFO: Refreshing org.springframework.web.context.support.StaticWebApplicationContext@12498f9c: display name [Root WebApplicationContext]; startup date [Tue Apr 17 20:29:32 UTC 2018]; root of context hierarchy
Apr 17, 2018 8:29:32 PM org.springframework.context.support.AbstractApplicationContext obtainFreshBeanFactory
INFO: Bean factory for application context [org.springframework.web.context.support.StaticWebApplicationContext@12498f9c]: org.springframework.beans.factory.support.DefaultListableBeanFactory@1fe256e5
Apr 17, 2018 8:29:32 PM org.springframework.beans.factory.support.DefaultListableBeanFactory preInstantiateSingletons
INFO: Pre-instantiating singletons in org.springframework.beans.factory.support.DefaultListableBeanFactory@1fe256e5: defining beans [filter,legacy]; root of factory hierarchy
Apr 17, 2018 8:29:34 PM jenkins.install.SetupWizard init
INFO: 

*************************************************************
*************************************************************
*************************************************************

Jenkins initial setup is required. An admin user has been created and a password generated.
Please use the following password to proceed to installation:

03046f790b9f4fa39ec5a5c9702f9c0c

This may also be found at: /var/jenkins_home/secrets/initialAdminPassword

*************************************************************
*************************************************************
*************************************************************

--> setting agent port for jnlp
--> setting agent port for jnlp... done
Apr 17, 2018 8:29:41 PM hudson.model.UpdateSite updateData
INFO: Obtained the latest update center data file for UpdateSource default
Apr 17, 2018 8:29:42 PM hudson.model.DownloadService$Downloadable load
INFO: Obtained the updated data file for hudson.tasks.Maven.MavenInstaller
Apr 17, 2018 8:29:44 PM hudson.model.DownloadService$Downloadable load
INFO: Obtained the updated data file for hudson.tools.JDKInstaller
Apr 17, 2018 8:29:44 PM hudson.model.AsyncPeriodicWork$1 run
INFO: Finished Download metadata. 16,679 ms
Apr 17, 2018 8:29:45 PM hudson.model.UpdateSite updateData
INFO: Obtained the latest update center data file for UpdateSource default
Apr 17, 2018 8:29:45 PM hudson.WebAppMain$3 run
INFO: Jenkins is fully up and running
Apr 17, 2018 8:30:42 PM org.eclipse.jetty.http.HttpParser$IllegalCharacterException <init>
WARNING: Illegal character 0x16 in state=START for buffer HeapByteBuffer@4fe6677f[p=1,l=517,c=8192,r=516]={\x16<<<\x03\x01\x02\x00\x01\x00\x01\xFc\x03\x03k\x12\xE1\xE8\xF3G\x9b...\x00\x00\x00\x00\x00\x00\x00\x00\x00\x00\x00\x00\x00\x00\x00>>>\x00\x00\x00\x00\x00\x00\x00\x00\x00\x00\x00\x00\x00\x00\x00\x00\x00...\x00\x00\x00\x00\x00\x00\x00\x00\x00\x00\x00\x00\x00\x00\x00}
Apr 17, 2018 8:30:42 PM org.eclipse.jetty.http.HttpParser$IllegalCharacterException <init>
WARNING: Illegal character 0x16 in state=START for buffer HeapByteBuffer@3fba7498[p=1,l=517,c=8192,r=516]={\x16<<<\x03\x01\x02\x00\x01\x00\x01\xFc\x03\x035\xBdw\xB7\xC6V\x08...\x00\x00\x00\x00\x00\x00\x00\x00\x00\x00\x00\x00\x00\x00\x00>>>\x00\x00\x00\x00\x00\x00\x00\x00\x00\x00\x00\x00\x00\x00\x00\x00\x00...\x00\x00\x00\x00\x00\x00\x00\x00\x00\x00\x00\x00\x00\x00\x00}
Apr 17, 2018 8:30:42 PM org.eclipse.jetty.http.HttpParser$IllegalCharacterException <init>
WARNING: Illegal character 0x16 in state=START for buffer HeapByteBuffer@113afb97[p=1,l=179,c=8192,r=178]={\x16<<<\x03\x01\x00\xAe\x01\x00\x00\xAa\x03\x03}t\r\xEeQ\xA4\xE0...\x00\x08zz\x00\x1d\x00\x17\x00\x18\xEa\xEa\x00\x01\x00>>>\x00\x00\x00\x00\x00\x00\x00\x00\x00\x00\x00\x00\x00\x00\x00\x00\x00...\x00\x00\x00\x00\x00\x00\x00\x00\x00\x00\x00\x00\x00\x00\x00}
Apr 17, 2018 8:30:42 PM org.eclipse.jetty.http.HttpParser$IllegalCharacterException <init>
WARNING: Illegal character 0x16 in state=START for buffer HeapByteBuffer@1e31c08d[p=1,l=179,c=8192,r=178]={\x16<<<\x03\x01\x00\xAe\x01\x00\x00\xAa\x03\x03a\x8f\x11\xD4\x1aq\xB0...\x00\x08\x8a\x8a\x00\x1d\x00\x17\x00\x18\xDa\xDa\x00\x01\x00>>>\x00\x00\x00\x00\x00\x00\x00\x00\x00\x00\x00\x00\x00\x00\x00\x00\x00...\x00\x00\x00\x00\x00\x00\x00\x00\x00\x00\x00\x00\x00\x00\x00}
Apr 17, 2018 8:30:47 PM org.eclipse.jetty.http.HttpParser$IllegalCharacterException <init>
WARNING: Illegal character 0x16 in state=START for buffer HeapByteBuffer@3fba7498[p=1,l=517,c=8192,r=516]={\x16<<<\x03\x01\x02\x00\x01\x00\x01\xFc\x03\x03\xBa\x9c\xEc\x9a\xBa{\xD9...\x00\x00\x00\x00\x00\x00\x00\x00\x00\x00\x00\x00\x00\x00\x00>>>\x00\x00\x00\x00\x00\x00\x00\x00\x00\x00\x00\x00\x00\x00\x00\x00\x00...\x00\x00\x00\x00\x00\x00\x00\x00\x00\x00\x00\x00\x00\x00\x00}
Apr 17, 2018 8:30:47 PM org.eclipse.jetty.http.HttpParser$IllegalCharacterException <init>
WARNING: Illegal character 0x16 in state=START for buffer HeapByteBuffer@113afb97[p=1,l=517,c=8192,r=516]={\x16<<<\x03\x01\x02\x00\x01\x00\x01\xFc\x03\x03FJ\xAb\xB7\xE7\xC3\xD8...\x00\x00\x00\x00\x00\x00\x00\x00\x00\x00\x00\x00\x00\x00\x00>>>\x00\x00\x00\x00\x00\x00\x00\x00\x00\x00\x00\x00\x00\x00\x00\x00\x00...\x00\x00\x00\x00\x00\x00\x00\x00\x00\x00\x00\x00\x00\x00\x00}
Apr 17, 2018 8:30:47 PM org.eclipse.jetty.http.HttpParser$IllegalCharacterException <init>
WARNING: Illegal character 0x16 in state=START for buffer HeapByteBuffer@3fba7498[p=1,l=179,c=8192,r=178]={\x16<<<\x03\x01\x00\xAe\x01\x00\x00\xAa\x03\x03\xC6\x91\xEaX\xCa\x94\x14...\x00\x08\x9a\x9a\x00\x1d\x00\x17\x00\x18ZZ\x00\x01\x00>>>\x08http/1.1uP\x00\x00\x00\x0b\x00\x02...\x00\x00\x00\x00\x00\x00\x00\x00\x00\x00\x00\x00\x00\x00\x00}
Apr 17, 2018 8:30:47 PM org.eclipse.jetty.http.HttpParser$IllegalCharacterException <init>
WARNING: Illegal character 0x16 in state=START for buffer HeapByteBuffer@113afb97[p=1,l=179,c=8192,r=178]={\x16<<<\x03\x01\x00\xAe\x01\x00\x00\xAa\x03\x03\x82\t\x96k\xA5\x05\x8a...\x00\x08\n\n\x00\x1d\x00\x17\x00\x18jj\x00\x01\x00>>>\x08http/1.1uP\x00\x00\x00\x0b\x00\x02...\x00\x00\x00\x00\x00\x00\x00\x00\x00\x00\x00\x00\x00\x00\x00}
Apr 17, 2018 8:31:15 PM org.eclipse.jetty.server.session.Session beginInvalidate
INFO: Session node0w6yscb1x6qz51q3pnpkga3hkc0 already being invalidated
Apr 17, 2018 8:31:33 PM hudson.model.UpdateSite$Plugin deploy
INFO: Adding dependent install of command-launcher for plugin cloudbees-folder
Apr 17, 2018 8:31:33 PM hudson.model.UpdateSite$Plugin deploy
INFO: Adding dependent install of script-security for plugin command-launcher
Apr 17, 2018 8:31:33 PM hudson.model.UpdateSite$Plugin deploy
INFO: Adding dependent install of junit for plugin antisamy-markup-formatter
Apr 17, 2018 8:31:33 PM hudson.model.UpdateCenter$DownloadJob run
INFO: Starting the installation of Script Security on behalf of admin
Apr 17, 2018 8:31:33 PM hudson.model.UpdateSite$Plugin deploy
INFO: Adding dependent install of structs for plugin junit
Apr 17, 2018 8:31:33 PM hudson.model.UpdateSite$Plugin deploy
INFO: Dependent install of command-launcher for plugin structs already added, skipping
Apr 17, 2018 8:31:33 PM hudson.model.UpdateSite$Plugin deploy
INFO: Adding dependent install of bouncycastle-api for plugin structs
Apr 17, 2018 8:31:33 PM hudson.model.UpdateSite$Plugin deploy
INFO: Dependent install of command-launcher for plugin bouncycastle-api already added, skipping
Apr 17, 2018 8:31:33 PM hudson.model.UpdateSite$Plugin deploy
INFO: Dependent install of script-security for plugin junit already added, skipping
Apr 17, 2018 8:31:33 PM hudson.model.UpdateSite$Plugin deploy
INFO: Adding dependent install of workflow-step-api for plugin junit
Apr 17, 2018 8:31:33 PM hudson.model.UpdateSite$Plugin deploy
INFO: Dependent install of structs for plugin workflow-step-api already added, skipping
Apr 17, 2018 8:31:33 PM hudson.model.UpdateSite$Plugin deploy
INFO: Dependent install of command-launcher for plugin workflow-step-api already added, skipping
Apr 17, 2018 8:31:33 PM hudson.model.UpdateSite$Plugin deploy
INFO: Dependent install of bouncycastle-api for plugin workflow-step-api already added, skipping
Apr 17, 2018 8:31:33 PM hudson.model.UpdateSite$Plugin deploy
INFO: Adding dependent install of workflow-api for plugin junit
Apr 17, 2018 8:31:33 PM hudson.model.UpdateSite$Plugin deploy
INFO: Dependent install of structs for plugin workflow-api already added, skipping
Apr 17, 2018 8:31:33 PM hudson.model.UpdateSite$Plugin deploy
INFO: Adding dependent install of scm-api for plugin workflow-api
Apr 17, 2018 8:31:33 PM hudson.model.UpdateSite$Plugin deploy
INFO: Dependent install of structs for plugin scm-api already added, skipping
Apr 17, 2018 8:31:33 PM hudson.model.UpdateSite$Plugin deploy
INFO: Dependent install of command-launcher for plugin scm-api already added, skipping
Apr 17, 2018 8:31:33 PM hudson.model.UpdateSite$Plugin deploy
INFO: Dependent install of bouncycastle-api for plugin scm-api already added, skipping
Apr 17, 2018 8:31:33 PM hudson.model.UpdateSite$Plugin deploy
INFO: Dependent install of workflow-step-api for plugin workflow-api already added, skipping
Apr 17, 2018 8:31:33 PM hudson.model.UpdateSite$Plugin deploy
INFO: Dependent install of command-launcher for plugin workflow-api already added, skipping
Apr 17, 2018 8:31:33 PM hudson.model.UpdateSite$Plugin deploy
INFO: Dependent install of command-launcher for plugin junit already added, skipping
Apr 17, 2018 8:31:33 PM hudson.model.UpdateSite$Plugin deploy
INFO: Dependent install of bouncycastle-api for plugin junit already added, skipping
Apr 17, 2018 8:31:33 PM hudson.model.UpdateSite$Plugin deploy
INFO: Dependent install of command-launcher for plugin antisamy-markup-formatter already added, skipping
Apr 17, 2018 8:31:33 PM hudson.model.UpdateSite$Plugin deploy
INFO: Dependent install of bouncycastle-api for plugin antisamy-markup-formatter already added, skipping
Apr 17, 2018 8:31:33 PM hudson.model.UpdateSite$Plugin deploy
INFO: Adding dependent install of token-macro for plugin build-timeout
Apr 17, 2018 8:31:33 PM hudson.model.UpdateSite$Plugin deploy
INFO: Dependent install of workflow-step-api for plugin token-macro already added, skipping
Apr 17, 2018 8:31:33 PM hudson.model.UpdateSite$Plugin deploy
INFO: Dependent install of command-launcher for plugin token-macro already added, skipping
Apr 17, 2018 8:31:33 PM hudson.model.UpdateSite$Plugin deploy
INFO: Dependent install of bouncycastle-api for plugin token-macro already added, skipping
Apr 17, 2018 8:31:33 PM hudson.model.UpdateSite$Plugin deploy
INFO: Dependent install of command-launcher for plugin build-timeout already added, skipping
Apr 17, 2018 8:31:33 PM hudson.model.UpdateSite$Plugin deploy
INFO: Dependent install of bouncycastle-api for plugin build-timeout already added, skipping
Apr 17, 2018 8:31:33 PM hudson.model.UpdateSite$Plugin deploy
INFO: Adding dependent install of credentials for plugin credentials-binding
Apr 17, 2018 8:31:33 PM hudson.model.UpdateSite$Plugin deploy
INFO: Dependent install of structs for plugin credentials already added, skipping
Apr 17, 2018 8:31:33 PM hudson.model.UpdateSite$Plugin deploy
INFO: Dependent install of command-launcher for plugin credentials already added, skipping
Apr 17, 2018 8:31:33 PM hudson.model.UpdateSite$Plugin deploy
INFO: Dependent install of bouncycastle-api for plugin credentials already added, skipping
Apr 17, 2018 8:31:33 PM hudson.model.UpdateSite$Plugin deploy
INFO: Dependent install of structs for plugin credentials-binding already added, skipping
Apr 17, 2018 8:31:33 PM hudson.model.UpdateSite$Plugin deploy
INFO: Adding dependent install of ssh-credentials for plugin credentials-binding
Apr 17, 2018 8:31:33 PM hudson.model.UpdateSite$Plugin deploy
INFO: Dependent install of credentials for plugin ssh-credentials already added, skipping
Apr 17, 2018 8:31:33 PM hudson.model.UpdateSite$Plugin deploy
INFO: Dependent install of command-launcher for plugin ssh-credentials already added, skipping
Apr 17, 2018 8:31:33 PM hudson.model.UpdateSite$Plugin deploy
INFO: Dependent install of bouncycastle-api for plugin ssh-credentials already added, skipping
Apr 17, 2018 8:31:33 PM hudson.model.UpdateSite$Plugin deploy
INFO: Dependent install of workflow-step-api for plugin credentials-binding already added, skipping
Apr 17, 2018 8:31:33 PM hudson.model.UpdateSite$Plugin deploy
INFO: Adding dependent install of plain-credentials for plugin credentials-binding
Apr 17, 2018 8:31:33 PM hudson.model.UpdateSite$Plugin deploy
INFO: Dependent install of credentials for plugin plain-credentials already added, skipping
Apr 17, 2018 8:31:33 PM hudson.model.UpdateSite$Plugin deploy
INFO: Dependent install of command-launcher for plugin plain-credentials already added, skipping
Apr 17, 2018 8:31:33 PM hudson.model.UpdateSite$Plugin deploy
INFO: Dependent install of bouncycastle-api for plugin plain-credentials already added, skipping
Apr 17, 2018 8:31:33 PM hudson.model.UpdateSite$Plugin deploy
INFO: Dependent install of command-launcher for plugin credentials-binding already added, skipping
Apr 17, 2018 8:31:33 PM hudson.model.UpdateSite$Plugin deploy
INFO: Dependent install of bouncycastle-api for plugin credentials-binding already added, skipping
Apr 17, 2018 8:31:34 PM hudson.model.UpdateSite$Plugin deploy
INFO: Dependent install of command-launcher for plugin timestamper already added, skipping
Apr 17, 2018 8:31:34 PM hudson.model.UpdateSite$Plugin deploy
INFO: Dependent install of bouncycastle-api for plugin timestamper already added, skipping
Apr 17, 2018 8:31:34 PM hudson.model.UpdateSite$Plugin deploy
INFO: Adding dependent install of workflow-durable-task-step for plugin ws-cleanup
Apr 17, 2018 8:31:34 PM hudson.model.UpdateSite$Plugin deploy
INFO: Dependent install of structs for plugin workflow-durable-task-step already added, skipping
Apr 17, 2018 8:31:34 PM hudson.model.UpdateSite$Plugin deploy
INFO: Dependent install of script-security for plugin workflow-durable-task-step already added, skipping
Apr 17, 2018 8:31:34 PM hudson.model.UpdateSite$Plugin deploy
INFO: Adding dependent install of workflow-support for plugin workflow-durable-task-step
Apr 17, 2018 8:31:34 PM hudson.model.UpdateSite$Plugin deploy
INFO: Dependent install of scm-api for plugin workflow-support already added, skipping
Apr 17, 2018 8:31:34 PM hudson.model.UpdateSite$Plugin deploy
INFO: Dependent install of script-security for plugin workflow-support already added, skipping
Apr 17, 2018 8:31:34 PM hudson.model.UpdateSite$Plugin deploy
INFO: Dependent install of workflow-step-api for plugin workflow-support already added, skipping
Apr 17, 2018 8:31:34 PM hudson.model.UpdateSite$Plugin deploy
INFO: Dependent install of workflow-api for plugin workflow-support already added, skipping
Apr 17, 2018 8:31:34 PM hudson.model.UpdateSite$Plugin deploy
INFO: Dependent install of command-launcher for plugin workflow-support already added, skipping
Apr 17, 2018 8:31:34 PM hudson.model.UpdateSite$Plugin deploy
INFO: Dependent install of workflow-step-api for plugin workflow-durable-task-step already added, skipping
Apr 17, 2018 8:31:34 PM hudson.model.UpdateSite$Plugin deploy
INFO: Dependent install of workflow-api for plugin workflow-durable-task-step already added, skipping
Apr 17, 2018 8:31:34 PM hudson.model.UpdateSite$Plugin deploy
INFO: Adding dependent install of durable-task for plugin workflow-durable-task-step
Apr 17, 2018 8:31:34 PM hudson.model.UpdateSite$Plugin deploy
INFO: Dependent install of command-launcher for plugin durable-task already added, skipping
Apr 17, 2018 8:31:34 PM hudson.model.UpdateSite$Plugin deploy
INFO: Dependent install of bouncycastle-api for plugin durable-task already added, skipping
Apr 17, 2018 8:31:34 PM hudson.model.UpdateSite$Plugin deploy
INFO: Dependent install of command-launcher for plugin workflow-durable-task-step already added, skipping
Apr 17, 2018 8:31:34 PM hudson.model.UpdateSite$Plugin deploy
INFO: Dependent install of structs for plugin ws-cleanup already added, skipping
Apr 17, 2018 8:31:34 PM hudson.model.UpdateSite$Plugin deploy
INFO: Dependent install of command-launcher for plugin ws-cleanup already added, skipping
Apr 17, 2018 8:31:34 PM hudson.model.UpdateSite$Plugin deploy
INFO: Adding dependent install of matrix-project for plugin ws-cleanup
Apr 17, 2018 8:31:34 PM hudson.model.UpdateSite$Plugin deploy
INFO: Dependent install of junit for plugin matrix-project already added, skipping
Apr 17, 2018 8:31:34 PM hudson.model.UpdateSite$Plugin deploy
INFO: Dependent install of script-security for plugin matrix-project already added, skipping
Apr 17, 2018 8:31:34 PM hudson.model.UpdateSite$Plugin deploy
INFO: Dependent install of command-launcher for plugin matrix-project already added, skipping
Apr 17, 2018 8:31:34 PM hudson.model.UpdateSite$Plugin deploy
INFO: Dependent install of bouncycastle-api for plugin matrix-project already added, skipping
Apr 17, 2018 8:31:34 PM hudson.model.UpdateSite$Plugin deploy
INFO: Adding dependent install of resource-disposer for plugin ws-cleanup
Apr 17, 2018 8:31:34 PM hudson.model.UpdateSite$Plugin deploy
INFO: Dependent install of junit for plugin resource-disposer already added, skipping
Apr 17, 2018 8:31:34 PM hudson.model.UpdateSite$Plugin deploy
INFO: Dependent install of command-launcher for plugin resource-disposer already added, skipping
Apr 17, 2018 8:31:34 PM hudson.model.UpdateSite$Plugin deploy
INFO: Dependent install of bouncycastle-api for plugin resource-disposer already added, skipping
Apr 17, 2018 8:31:34 PM hudson.model.UpdateSite$Plugin deploy
INFO: Dependent install of bouncycastle-api for plugin ws-cleanup already added, skipping
Apr 17, 2018 8:31:34 PM hudson.model.UpdateSite$Plugin deploy
INFO: Dependent install of structs for plugin ant already added, skipping
Apr 17, 2018 8:31:34 PM hudson.model.UpdateSite$Plugin deploy
INFO: Dependent install of command-launcher for plugin ant already added, skipping
Apr 17, 2018 8:31:34 PM hudson.model.UpdateSite$Plugin deploy
INFO: Dependent install of bouncycastle-api for plugin ant already added, skipping
Apr 17, 2018 8:31:34 PM hudson.model.UpdateSite$Plugin deploy
INFO: Dependent install of structs for plugin gradle already added, skipping
Apr 17, 2018 8:31:34 PM hudson.model.UpdateSite$Plugin deploy
INFO: Dependent install of command-launcher for plugin gradle already added, skipping
Apr 17, 2018 8:31:34 PM hudson.model.UpdateSite$Plugin deploy
INFO: Dependent install of bouncycastle-api for plugin gradle already added, skipping
Apr 17, 2018 8:31:34 PM hudson.model.UpdateSite$Plugin deploy
INFO: Adding dependent install of pipeline-milestone-step for plugin workflow-aggregator
Apr 17, 2018 8:31:34 PM hudson.model.UpdateSite$Plugin deploy
INFO: Dependent install of workflow-step-api for plugin pipeline-milestone-step already added, skipping
Apr 17, 2018 8:31:34 PM hudson.model.UpdateSite$Plugin deploy
INFO: Dependent install of workflow-api for plugin pipeline-milestone-step already added, skipping
Apr 17, 2018 8:31:34 PM hudson.model.UpdateSite$Plugin deploy
INFO: Dependent install of command-launcher for plugin pipeline-milestone-step already added, skipping
Apr 17, 2018 8:31:34 PM hudson.model.UpdateSite$Plugin deploy
INFO: Dependent install of bouncycastle-api for plugin pipeline-milestone-step already added, skipping
Apr 17, 2018 8:31:34 PM hudson.model.UpdateSite$Plugin deploy
INFO: Adding dependent install of pipeline-stage-view for plugin workflow-aggregator
Apr 17, 2018 8:31:34 PM hudson.model.UpdateSite$Plugin deploy
INFO: Adding dependent install of jquery-detached for plugin pipeline-stage-view
Apr 17, 2018 8:31:34 PM hudson.model.UpdateSite$Plugin deploy
INFO: Dependent install of command-launcher for plugin jquery-detached already added, skipping
Apr 17, 2018 8:31:34 PM hudson.model.UpdateSite$Plugin deploy
INFO: Dependent install of bouncycastle-api for plugin jquery-detached already added, skipping
Apr 17, 2018 8:31:34 PM hudson.model.UpdateSite$Plugin deploy
INFO: Adding dependent install of pipeline-rest-api for plugin pipeline-stage-view
Apr 17, 2018 8:31:34 PM hudson.model.UpdateSite$Plugin deploy
INFO: Adding dependent install of jackson2-api for plugin pipeline-rest-api
Apr 17, 2018 8:31:34 PM hudson.model.UpdateSite$Plugin deploy
INFO: Dependent install of command-launcher for plugin jackson2-api already added, skipping
Apr 17, 2018 8:31:34 PM hudson.model.UpdateSite$Plugin deploy
INFO: Adding dependent install of pipeline-graph-analysis for plugin pipeline-rest-api
Apr 17, 2018 8:31:34 PM hudson.model.UpdateSite$Plugin deploy
INFO: Dependent install of structs for plugin pipeline-graph-analysis already added, skipping
Apr 17, 2018 8:31:34 PM hudson.model.UpdateSite$Plugin deploy
INFO: Adding dependent install of workflow-cps for plugin pipeline-graph-analysis
Apr 17, 2018 8:31:34 PM hudson.model.UpdateSite$Plugin deploy
INFO: Adding dependent install of ace-editor for plugin workflow-cps
Apr 17, 2018 8:31:34 PM hudson.model.UpdateSite$Plugin deploy
INFO: Dependent install of command-launcher for plugin ace-editor already added, skipping
Apr 17, 2018 8:31:34 PM hudson.model.UpdateSite$Plugin deploy
INFO: Dependent install of bouncycastle-api for plugin ace-editor already added, skipping
Apr 17, 2018 8:31:34 PM hudson.model.UpdateSite$Plugin deploy
INFO: Dependent install of jquery-detached for plugin workflow-cps already added, skipping
Apr 17, 2018 8:31:34 PM hudson.model.UpdateSite$Plugin deploy
INFO: Adding dependent install of workflow-scm-step for plugin workflow-cps
Apr 17, 2018 8:31:34 PM hudson.model.UpdateSite$Plugin deploy
INFO: Dependent install of workflow-step-api for plugin workflow-scm-step already added, skipping
Apr 17, 2018 8:31:34 PM hudson.model.UpdateSite$Plugin deploy
INFO: Dependent install of command-launcher for plugin workflow-scm-step already added, skipping
Apr 17, 2018 8:31:34 PM hudson.model.UpdateSite$Plugin deploy
INFO: Dependent install of structs for plugin workflow-cps already added, skipping
Apr 17, 2018 8:31:34 PM hudson.model.UpdateSite$Plugin deploy
INFO: Dependent install of scm-api for plugin workflow-cps already added, skipping
Apr 17, 2018 8:31:34 PM hudson.model.UpdateSite$Plugin deploy
INFO: Dependent install of script-security for plugin workflow-cps already added, skipping
Apr 17, 2018 8:31:34 PM hudson.model.UpdateSite$Plugin deploy
INFO: Dependent install of workflow-support for plugin workflow-cps already added, skipping
Apr 17, 2018 8:31:34 PM hudson.model.UpdateSite$Plugin deploy
INFO: Dependent install of workflow-step-api for plugin workflow-cps already added, skipping
Apr 17, 2018 8:31:34 PM hudson.model.UpdateSite$Plugin deploy
INFO: Dependent install of workflow-api for plugin workflow-cps already added, skipping
Apr 17, 2018 8:31:34 PM hudson.model.UpdateSite$Plugin deploy
INFO: Dependent install of command-launcher for plugin workflow-cps already added, skipping
Apr 17, 2018 8:31:34 PM hudson.model.UpdateSite$Plugin deploy
INFO: Adding dependent install of pipeline-input-step for plugin pipeline-graph-analysis
Apr 17, 2018 8:31:34 PM hudson.model.UpdateSite$Plugin deploy
INFO: Dependent install of workflow-support for plugin pipeline-input-step already added, skipping
Apr 17, 2018 8:31:34 PM hudson.model.UpdateSite$Plugin deploy
INFO: Dependent install of workflow-step-api for plugin pipeline-input-step already added, skipping
Apr 17, 2018 8:31:34 PM hudson.model.UpdateSite$Plugin deploy
INFO: Dependent install of workflow-api for plugin pipeline-input-step already added, skipping
Apr 17, 2018 8:31:34 PM hudson.model.UpdateSite$Plugin deploy
INFO: Dependent install of command-launcher for plugin pipeline-input-step already added, skipping
Apr 17, 2018 8:31:34 PM hudson.model.UpdateSite$Plugin deploy
INFO: Dependent install of bouncycastle-api for plugin pipeline-input-step already added, skipping
Apr 17, 2018 8:31:34 PM hudson.model.UpdateSite$Plugin deploy
INFO: Dependent install of workflow-support for plugin pipeline-graph-analysis already added, skipping
Apr 17, 2018 8:31:34 PM hudson.model.UpdateSite$Plugin deploy
INFO: Dependent install of workflow-step-api for plugin pipeline-graph-analysis already added, skipping
Apr 17, 2018 8:31:34 PM hudson.model.UpdateSite$Plugin deploy
INFO: Adding dependent install of pipeline-stage-step for plugin pipeline-graph-analysis
Apr 17, 2018 8:31:34 PM hudson.model.UpdateSite$Plugin deploy
INFO: Dependent install of structs for plugin pipeline-stage-step already added, skipping
Apr 17, 2018 8:31:34 PM hudson.model.UpdateSite$Plugin deploy
INFO: Dependent install of scm-api for plugin pipeline-stage-step already added, skipping
Apr 17, 2018 8:31:34 PM hudson.model.UpdateSite$Plugin deploy
INFO: Dependent install of workflow-step-api for plugin pipeline-stage-step already added, skipping
Apr 17, 2018 8:31:34 PM hudson.model.UpdateSite$Plugin deploy
INFO: Dependent install of workflow-api for plugin pipeline-stage-step already added, skipping
Apr 17, 2018 8:31:34 PM hudson.model.UpdateSite$Plugin deploy
INFO: Dependent install of command-launcher for plugin pipeline-stage-step already added, skipping
Apr 17, 2018 8:31:34 PM hudson.model.UpdateSite$Plugin deploy
INFO: Dependent install of bouncycastle-api for plugin pipeline-stage-step already added, skipping
Apr 17, 2018 8:31:34 PM hudson.model.UpdateSite$Plugin deploy
INFO: Dependent install of workflow-api for plugin pipeline-graph-analysis already added, skipping
Apr 17, 2018 8:31:34 PM hudson.model.UpdateSite$Plugin deploy
INFO: Dependent install of command-launcher for plugin pipeline-graph-analysis already added, skipping
Apr 17, 2018 8:31:34 PM hudson.model.UpdateSite$Plugin deploy
INFO: Adding dependent install of workflow-job for plugin pipeline-graph-analysis
Apr 17, 2018 8:31:34 PM hudson.model.UpdateSite$Plugin deploy
INFO: Dependent install of workflow-support for plugin workflow-job already added, skipping
Apr 17, 2018 8:31:34 PM hudson.model.UpdateSite$Plugin deploy
INFO: Dependent install of workflow-step-api for plugin workflow-job already added, skipping
Apr 17, 2018 8:31:34 PM hudson.model.UpdateSite$Plugin deploy
INFO: Dependent install of workflow-api for plugin workflow-job already added, skipping
Apr 17, 2018 8:31:34 PM hudson.model.UpdateSite$Plugin deploy
INFO: Dependent install of command-launcher for plugin workflow-job already added, skipping
Apr 17, 2018 8:31:34 PM hudson.model.UpdateSite$Plugin deploy
INFO: Dependent install of bouncycastle-api for plugin pipeline-graph-analysis already added, skipping
Apr 17, 2018 8:31:34 PM hudson.model.UpdateSite$Plugin deploy
INFO: Dependent install of pipeline-input-step for plugin pipeline-rest-api already added, skipping
Apr 17, 2018 8:31:34 PM hudson.model.UpdateSite$Plugin deploy
INFO: Dependent install of workflow-support for plugin pipeline-rest-api already added, skipping
Apr 17, 2018 8:31:34 PM hudson.model.UpdateSite$Plugin deploy
INFO: Dependent install of workflow-step-api for plugin pipeline-rest-api already added, skipping
Apr 17, 2018 8:31:34 PM hudson.model.UpdateSite$Plugin deploy
INFO: Dependent install of pipeline-stage-step for plugin pipeline-rest-api already added, skipping
Apr 17, 2018 8:31:34 PM hudson.model.UpdateSite$Plugin deploy
INFO: Dependent install of workflow-api for plugin pipeline-rest-api already added, skipping
Apr 17, 2018 8:31:34 PM hudson.model.UpdateSite$Plugin deploy
INFO: Dependent install of command-launcher for plugin pipeline-rest-api already added, skipping
Apr 17, 2018 8:31:34 PM hudson.model.UpdateSite$Plugin deploy
INFO: Dependent install of workflow-job for plugin pipeline-rest-api already added, skipping
Apr 17, 2018 8:31:34 PM hudson.model.UpdateSite$Plugin deploy
INFO: Dependent install of bouncycastle-api for plugin pipeline-rest-api already added, skipping
Apr 17, 2018 8:31:34 PM hudson.model.UpdateSite$Plugin deploy
INFO: Adding dependent install of handlebars for plugin pipeline-stage-view
Apr 17, 2018 8:31:34 PM hudson.model.UpdateSite$Plugin deploy
INFO: Dependent install of command-launcher for plugin handlebars already added, skipping
Apr 17, 2018 8:31:34 PM hudson.model.UpdateSite$Plugin deploy
INFO: Dependent install of bouncycastle-api for plugin handlebars already added, skipping
Apr 17, 2018 8:31:34 PM hudson.model.UpdateSite$Plugin deploy
INFO: Dependent install of command-launcher for plugin pipeline-stage-view already added, skipping
Apr 17, 2018 8:31:34 PM hudson.model.UpdateSite$Plugin deploy
INFO: Dependent install of workflow-job for plugin pipeline-stage-view already added, skipping
Apr 17, 2018 8:31:34 PM hudson.model.UpdateSite$Plugin deploy
INFO: Adding dependent install of momentjs for plugin pipeline-stage-view
Apr 17, 2018 8:31:34 PM hudson.model.UpdateSite$Plugin deploy
INFO: Dependent install of command-launcher for plugin momentjs already added, skipping
Apr 17, 2018 8:31:34 PM hudson.model.UpdateSite$Plugin deploy
INFO: Dependent install of bouncycastle-api for plugin momentjs already added, skipping
Apr 17, 2018 8:31:34 PM hudson.model.UpdateSite$Plugin deploy
INFO: Dependent install of bouncycastle-api for plugin pipeline-stage-view already added, skipping
Apr 17, 2018 8:31:34 PM hudson.model.UpdateSite$Plugin deploy
INFO: Adding dependent install of pipeline-build-step for plugin workflow-aggregator
Apr 17, 2018 8:31:34 PM hudson.model.UpdateSite$Plugin deploy
INFO: Dependent install of script-security for plugin pipeline-build-step already added, skipping
Apr 17, 2018 8:31:34 PM hudson.model.UpdateSite$Plugin deploy
INFO: Dependent install of workflow-support for plugin pipeline-build-step already added, skipping
Apr 17, 2018 8:31:34 PM hudson.model.UpdateSite$Plugin deploy
INFO: Dependent install of workflow-step-api for plugin pipeline-build-step already added, skipping
Apr 17, 2018 8:31:34 PM hudson.model.UpdateSite$Plugin deploy
INFO: Dependent install of workflow-api for plugin pipeline-build-step already added, skipping
Apr 17, 2018 8:31:34 PM hudson.model.UpdateSite$Plugin deploy
INFO: Dependent install of command-launcher for plugin pipeline-build-step already added, skipping
Apr 17, 2018 8:31:34 PM hudson.model.UpdateSite$Plugin deploy
INFO: Adding dependent install of pipeline-model-definition for plugin workflow-aggregator
Apr 17, 2018 8:31:34 PM hudson.model.UpdateSite$Plugin deploy
INFO: Dependent install of credentials-binding for plugin pipeline-model-definition already added, skipping
Apr 17, 2018 8:31:34 PM hudson.model.UpdateSite$Plugin deploy
INFO: Adding dependent install of pipeline-model-extensions for plugin pipeline-model-definition
Apr 17, 2018 8:31:34 PM hudson.model.UpdateSite$Plugin deploy
INFO: Dependent install of credentials-binding for plugin pipeline-model-extensions already added, skipping
Apr 17, 2018 8:31:34 PM hudson.model.UpdateSite$Plugin deploy
INFO: Dependent install of credentials for plugin pipeline-model-extensions already added, skipping
Apr 17, 2018 8:31:34 PM hudson.model.UpdateSite$Plugin deploy
INFO: Adding dependent install of pipeline-model-api for plugin pipeline-model-extensions
Apr 17, 2018 8:31:34 PM hudson.model.UpdateSite$Plugin deploy
INFO: Dependent install of structs for plugin pipeline-model-api already added, skipping
Apr 17, 2018 8:31:34 PM hudson.model.UpdateSite$Plugin deploy
INFO: Dependent install of workflow-step-api for plugin pipeline-model-api already added, skipping
Apr 17, 2018 8:31:34 PM hudson.model.UpdateSite$Plugin deploy
INFO: Dependent install of command-launcher for plugin pipeline-model-api already added, skipping
Apr 17, 2018 8:31:34 PM hudson.model.UpdateSite$Plugin deploy
INFO: Dependent install of workflow-cps for plugin pipeline-model-extensions already added, skipping
Apr 17, 2018 8:31:34 PM hudson.model.UpdateSite$Plugin deploy
INFO: Dependent install of command-launcher for plugin pipeline-model-extensions already added, skipping
Apr 17, 2018 8:31:34 PM hudson.model.UpdateSite$Plugin deploy
INFO: Dependent install of workflow-job for plugin pipeline-model-extensions already added, skipping
Apr 17, 2018 8:31:34 PM hudson.model.UpdateSite$Plugin deploy
INFO: Dependent install of credentials for plugin pipeline-model-definition already added, skipping
Apr 17, 2018 8:31:34 PM hudson.model.UpdateSite$Plugin deploy
INFO: Adding dependent install of workflow-cps-global-lib for plugin pipeline-model-definition
Apr 17, 2018 8:31:34 PM hudson.model.UpdateSite$Plugin deploy
INFO: Dependent install of workflow-scm-step for plugin workflow-cps-global-lib already added, skipping
Apr 17, 2018 8:31:34 PM hudson.model.UpdateSite$Plugin deploy
INFO: Adding dependent install of git-client for plugin workflow-cps-global-lib
Apr 17, 2018 8:31:34 PM hudson.model.UpdateSite$Plugin deploy
INFO: Adding dependent install of apache-httpcomponents-client-4-api for plugin git-client
Apr 17, 2018 8:31:34 PM hudson.model.UpdateSite$Plugin deploy
INFO: Dependent install of command-launcher for plugin apache-httpcomponents-client-4-api already added, skipping
Apr 17, 2018 8:31:34 PM hudson.model.UpdateSite$Plugin deploy
INFO: Dependent install of bouncycastle-api for plugin apache-httpcomponents-client-4-api already added, skipping
Apr 17, 2018 8:31:34 PM hudson.model.UpdateSite$Plugin deploy
INFO: Dependent install of credentials for plugin git-client already added, skipping
Apr 17, 2018 8:31:34 PM hudson.model.UpdateSite$Plugin deploy
INFO: Dependent install of structs for plugin git-client already added, skipping
Apr 17, 2018 8:31:34 PM hudson.model.UpdateSite$Plugin deploy
INFO: Dependent install of ssh-credentials for plugin git-client already added, skipping
Apr 17, 2018 8:31:34 PM hudson.model.UpdateSite$Plugin deploy
INFO: Dependent install of command-launcher for plugin git-client already added, skipping
Apr 17, 2018 8:31:34 PM hudson.model.UpdateSite$Plugin deploy
INFO: Adding dependent install of jsch for plugin git-client
Apr 17, 2018 8:31:34 PM hudson.model.UpdateSite$Plugin deploy
INFO: Dependent install of ssh-credentials for plugin jsch already added, skipping
Apr 17, 2018 8:31:34 PM hudson.model.UpdateSite$Plugin deploy
INFO: Dependent install of command-launcher for plugin jsch already added, skipping
Apr 17, 2018 8:31:34 PM hudson.model.UpdateSite$Plugin deploy
INFO: Dependent install of bouncycastle-api for plugin jsch already added, skipping
Apr 17, 2018 8:31:34 PM hudson.model.UpdateSite$Plugin deploy
INFO: Dependent install of bouncycastle-api for plugin git-client already added, skipping
Apr 17, 2018 8:31:34 PM hudson.model.UpdateSite$Plugin deploy
INFO: Dependent install of cloudbees-folder for plugin workflow-cps-global-lib already added, skipping
Apr 17, 2018 8:31:34 PM hudson.model.UpdateSite$Plugin deploy
INFO: Dependent install of scm-api for plugin workflow-cps-global-lib already added, skipping
Apr 17, 2018 8:31:34 PM hudson.model.UpdateSite$Plugin deploy
INFO: Dependent install of script-security for plugin workflow-cps-global-lib already added, skipping
Apr 17, 2018 8:31:34 PM hudson.model.UpdateSite$Plugin deploy
INFO: Dependent install of workflow-cps for plugin workflow-cps-global-lib already added, skipping
Apr 17, 2018 8:31:34 PM hudson.model.UpdateSite$Plugin deploy
INFO: Dependent install of command-launcher for plugin workflow-cps-global-lib already added, skipping
Apr 17, 2018 8:31:34 PM hudson.model.UpdateSite$Plugin deploy
INFO: Adding dependent install of git-server for plugin workflow-cps-global-lib
Apr 17, 2018 8:31:34 PM hudson.model.UpdateSite$Plugin deploy
INFO: Dependent install of git-client for plugin git-server already added, skipping
Apr 17, 2018 8:31:34 PM hudson.model.UpdateSite$Plugin deploy
INFO: Dependent install of command-launcher for plugin git-server already added, skipping
Apr 17, 2018 8:31:34 PM hudson.model.UpdateSite$Plugin deploy
INFO: Dependent install of bouncycastle-api for plugin git-server already added, skipping
Apr 17, 2018 8:31:34 PM hudson.model.UpdateSite$Plugin deploy
INFO: Dependent install of bouncycastle-api for plugin workflow-cps-global-lib already added, skipping
Apr 17, 2018 8:31:34 PM hudson.model.UpdateSite$Plugin deploy
INFO: Dependent install of workflow-cps for plugin pipeline-model-definition already added, skipping
Apr 17, 2018 8:31:34 PM hudson.model.UpdateSite$Plugin deploy
INFO: Dependent install of workflow-support for plugin pipeline-model-definition already added, skipping
Apr 17, 2018 8:31:34 PM hudson.model.UpdateSite$Plugin deploy
INFO: Adding dependent install of mailer for plugin pipeline-model-definition
Apr 17, 2018 8:31:34 PM hudson.model.UpdateSite$Plugin deploy
INFO: Adding dependent install of display-url-api for plugin mailer
Apr 17, 2018 8:31:34 PM hudson.model.UpdateSite$Plugin deploy
INFO: Dependent install of command-launcher for plugin display-url-api already added, skipping
Apr 17, 2018 8:31:34 PM hudson.model.UpdateSite$Plugin deploy
INFO: Dependent install of bouncycastle-api for plugin display-url-api already added, skipping
Apr 17, 2018 8:31:34 PM hudson.model.UpdateSite$Plugin deploy
INFO: Dependent install of command-launcher for plugin mailer already added, skipping
Apr 17, 2018 8:31:34 PM hudson.model.UpdateSite$Plugin deploy
INFO: Dependent install of bouncycastle-api for plugin mailer already added, skipping
Apr 17, 2018 8:31:34 PM hudson.model.UpdateSite$Plugin deploy
INFO: Dependent install of command-launcher for plugin pipeline-model-definition already added, skipping
Apr 17, 2018 8:31:34 PM hudson.model.UpdateSite$Plugin deploy
INFO: Adding dependent install of workflow-multibranch for plugin pipeline-model-definition
Apr 17, 2018 8:31:34 PM hudson.model.UpdateSite$Plugin deploy
INFO: Dependent install of workflow-scm-step for plugin workflow-multibranch already added, skipping
Apr 17, 2018 8:31:34 PM hudson.model.UpdateSite$Plugin deploy
INFO: Dependent install of structs for plugin workflow-multibranch already added, skipping
Apr 17, 2018 8:31:34 PM hudson.model.UpdateSite$Plugin deploy
INFO: Dependent install of cloudbees-folder for plugin workflow-multibranch already added, skipping
Apr 17, 2018 8:31:34 PM hudson.model.UpdateSite$Plugin deploy
INFO: Dependent install of scm-api for plugin workflow-multibranch already added, skipping
Apr 17, 2018 8:31:34 PM hudson.model.UpdateSite$Plugin deploy
INFO: Dependent install of script-security for plugin workflow-multibranch already added, skipping
Apr 17, 2018 8:31:34 PM hudson.model.UpdateSite$Plugin deploy
INFO: Dependent install of workflow-cps for plugin workflow-multibranch already added, skipping
Apr 17, 2018 8:31:34 PM hudson.model.UpdateSite$Plugin deploy
INFO: Dependent install of workflow-support for plugin workflow-multibranch already added, skipping
Apr 17, 2018 8:31:34 PM hudson.model.UpdateSite$Plugin deploy
INFO: Adding dependent install of branch-api for plugin workflow-multibranch
Apr 17, 2018 8:31:34 PM hudson.model.UpdateSite$Plugin deploy
INFO: Dependent install of structs for plugin branch-api already added, skipping
Apr 17, 2018 8:31:34 PM hudson.model.UpdateSite$Plugin deploy
INFO: Dependent install of cloudbees-folder for plugin branch-api already added, skipping
Apr 17, 2018 8:31:34 PM hudson.model.UpdateSite$Plugin deploy
INFO: Dependent install of scm-api for plugin branch-api already added, skipping
Apr 17, 2018 8:31:34 PM hudson.model.UpdateSite$Plugin deploy
INFO: Dependent install of command-launcher for plugin branch-api already added, skipping
Apr 17, 2018 8:31:34 PM hudson.model.UpdateSite$Plugin deploy
INFO: Dependent install of bouncycastle-api for plugin branch-api already added, skipping
Apr 17, 2018 8:31:34 PM hudson.model.UpdateSite$Plugin deploy
INFO: Dependent install of workflow-step-api for plugin workflow-multibranch already added, skipping
Apr 17, 2018 8:31:34 PM hudson.model.UpdateSite$Plugin deploy
INFO: Dependent install of workflow-api for plugin workflow-multibranch already added, skipping
Apr 17, 2018 8:31:34 PM hudson.model.UpdateSite$Plugin deploy
INFO: Dependent install of command-launcher for plugin workflow-multibranch already added, skipping
Apr 17, 2018 8:31:34 PM hudson.model.UpdateSite$Plugin deploy
INFO: Dependent install of workflow-job for plugin workflow-multibranch already added, skipping
Apr 17, 2018 8:31:34 PM hudson.model.UpdateSite$Plugin deploy
INFO: Adding dependent install of docker-workflow for plugin pipeline-model-definition
Apr 17, 2018 8:31:34 PM hudson.model.UpdateSite$Plugin deploy
INFO: Adding dependent install of docker-commons for plugin docker-workflow
Apr 17, 2018 8:31:34 PM hudson.model.UpdateSite$Plugin deploy
INFO: Dependent install of credentials-binding for plugin docker-commons already added, skipping
Apr 17, 2018 8:31:34 PM hudson.model.UpdateSite$Plugin deploy
INFO: Adding dependent install of authentication-tokens for plugin docker-commons
Apr 17, 2018 8:31:34 PM hudson.model.UpdateSite$Plugin deploy
INFO: Dependent install of credentials for plugin authentication-tokens already added, skipping
Apr 17, 2018 8:31:34 PM hudson.model.UpdateSite$Plugin deploy
INFO: Dependent install of command-launcher for plugin authentication-tokens already added, skipping
Apr 17, 2018 8:31:34 PM hudson.model.UpdateSite$Plugin deploy
INFO: Dependent install of bouncycastle-api for plugin authentication-tokens already added, skipping
Apr 17, 2018 8:31:34 PM hudson.model.UpdateSite$Plugin deploy
INFO: Dependent install of credentials for plugin docker-commons already added, skipping
Apr 17, 2018 8:31:34 PM hudson.model.UpdateSite$Plugin deploy
INFO: Dependent install of command-launcher for plugin docker-commons already added, skipping
Apr 17, 2018 8:31:34 PM hudson.model.UpdateSite$Plugin deploy
INFO: Dependent install of bouncycastle-api for plugin docker-commons already added, skipping
Apr 17, 2018 8:31:34 PM hudson.model.UpdateSite$Plugin deploy
INFO: Dependent install of workflow-durable-task-step for plugin docker-workflow already added, skipping
Apr 17, 2018 8:31:34 PM hudson.model.UpdateSite$Plugin deploy
INFO: Dependent install of workflow-cps for plugin docker-workflow already added, skipping
Apr 17, 2018 8:31:34 PM hudson.model.UpdateSite$Plugin deploy
INFO: Dependent install of command-launcher for plugin docker-workflow already added, skipping
Apr 17, 2018 8:31:34 PM hudson.model.UpdateSite$Plugin deploy
INFO: Dependent install of bouncycastle-api for plugin docker-workflow already added, skipping
Apr 17, 2018 8:31:34 PM hudson.model.UpdateSite$Plugin deploy
INFO: Dependent install of workflow-scm-step for plugin pipeline-model-definition already added, skipping
Apr 17, 2018 8:31:34 PM hudson.model.UpdateSite$Plugin deploy
INFO: Dependent install of workflow-durable-task-step for plugin pipeline-model-definition already added, skipping
Apr 17, 2018 8:31:34 PM hudson.model.UpdateSite$Plugin deploy
INFO: Dependent install of pipeline-model-api for plugin pipeline-model-definition already added, skipping
Apr 17, 2018 8:31:34 PM hudson.model.UpdateSite$Plugin deploy
INFO: Adding dependent install of pipeline-stage-tags-metadata for plugin pipeline-model-definition
Apr 17, 2018 8:31:34 PM hudson.model.UpdateSite$Plugin deploy
INFO: Dependent install of command-launcher for plugin pipeline-stage-tags-metadata already added, skipping
Apr 17, 2018 8:31:34 PM hudson.model.UpdateSite$Plugin deploy
INFO: Dependent install of git-client for plugin pipeline-model-definition already added, skipping
Apr 17, 2018 8:31:34 PM hudson.model.UpdateSite$Plugin deploy
INFO: Dependent install of scm-api for plugin pipeline-model-definition already added, skipping
Apr 17, 2018 8:31:34 PM hudson.model.UpdateSite$Plugin deploy
INFO: Dependent install of pipeline-input-step for plugin pipeline-model-definition already added, skipping
Apr 17, 2018 8:31:34 PM hudson.model.UpdateSite$Plugin deploy
INFO: Adding dependent install of pipeline-model-declarative-agent for plugin pipeline-model-definition
Apr 17, 2018 8:31:34 PM hudson.model.UpdateSite$Plugin deploy
INFO: Dependent install of pipeline-model-extensions for plugin pipeline-model-declarative-agent already added, skipping
Apr 17, 2018 8:31:34 PM hudson.model.UpdateSite$Plugin deploy
INFO: Dependent install of command-launcher for plugin pipeline-model-declarative-agent already added, skipping
Apr 17, 2018 8:31:34 PM hudson.model.UpdateSite$Plugin deploy
INFO: Dependent install of bouncycastle-api for plugin pipeline-model-declarative-agent already added, skipping
Apr 17, 2018 8:31:34 PM hudson.model.UpdateSite$Plugin deploy
INFO: Dependent install of pipeline-stage-step for plugin pipeline-model-definition already added, skipping
Apr 17, 2018 8:31:34 PM hudson.model.UpdateSite$Plugin deploy
INFO: Dependent install of workflow-api for plugin pipeline-model-definition already added, skipping
Apr 17, 2018 8:31:34 PM hudson.model.UpdateSite$Plugin deploy
INFO: Adding dependent install of workflow-basic-steps for plugin pipeline-model-definition
Apr 17, 2018 8:31:34 PM hudson.model.UpdateSite$Plugin deploy
INFO: Dependent install of structs for plugin workflow-basic-steps already added, skipping
Apr 17, 2018 8:31:34 PM hudson.model.UpdateSite$Plugin deploy
INFO: Dependent install of workflow-step-api for plugin workflow-basic-steps already added, skipping
Apr 17, 2018 8:31:34 PM hudson.model.UpdateSite$Plugin deploy
INFO: Dependent install of mailer for plugin workflow-basic-steps already added, skipping
Apr 17, 2018 8:31:34 PM hudson.model.UpdateSite$Plugin deploy
INFO: Dependent install of workflow-api for plugin workflow-basic-steps already added, skipping
Apr 17, 2018 8:31:34 PM hudson.model.UpdateSite$Plugin deploy
INFO: Dependent install of command-launcher for plugin workflow-basic-steps already added, skipping
Apr 17, 2018 8:31:34 PM hudson.model.UpdateSite$Plugin deploy
INFO: Dependent install of bouncycastle-api for plugin workflow-basic-steps already added, skipping
Apr 17, 2018 8:31:34 PM hudson.model.UpdateSite$Plugin deploy
INFO: Dependent install of workflow-cps-global-lib for plugin workflow-aggregator already added, skipping
Apr 17, 2018 8:31:34 PM hudson.model.UpdateSite$Plugin deploy
INFO: Dependent install of workflow-cps for plugin workflow-aggregator already added, skipping
Apr 17, 2018 8:31:34 PM hudson.model.UpdateSite$Plugin deploy
INFO: Dependent install of workflow-support for plugin workflow-aggregator already added, skipping
Apr 17, 2018 8:31:34 PM hudson.model.UpdateSite$Plugin deploy
INFO: Dependent install of workflow-step-api for plugin workflow-aggregator already added, skipping
Apr 17, 2018 8:31:34 PM hudson.model.UpdateSite$Plugin deploy
INFO: Dependent install of command-launcher for plugin workflow-aggregator already added, skipping
Apr 17, 2018 8:31:34 PM hudson.model.UpdateSite$Plugin deploy
INFO: Dependent install of workflow-multibranch for plugin workflow-aggregator already added, skipping
Apr 17, 2018 8:31:34 PM hudson.model.UpdateSite$Plugin deploy
INFO: Dependent install of bouncycastle-api for plugin workflow-aggregator already added, skipping
Apr 17, 2018 8:31:34 PM hudson.model.UpdateSite$Plugin deploy
INFO: Dependent install of workflow-scm-step for plugin workflow-aggregator already added, skipping
Apr 17, 2018 8:31:34 PM hudson.model.UpdateSite$Plugin deploy
INFO: Dependent install of workflow-durable-task-step for plugin workflow-aggregator already added, skipping
Apr 17, 2018 8:31:34 PM hudson.model.UpdateSite$Plugin deploy
INFO: Dependent install of pipeline-input-step for plugin workflow-aggregator already added, skipping
Apr 17, 2018 8:31:34 PM hudson.model.UpdateSite$Plugin deploy
INFO: Dependent install of pipeline-stage-step for plugin workflow-aggregator already added, skipping
Apr 17, 2018 8:31:34 PM hudson.model.UpdateSite$Plugin deploy
INFO: Dependent install of workflow-api for plugin workflow-aggregator already added, skipping
Apr 17, 2018 8:31:34 PM hudson.model.UpdateSite$Plugin deploy
INFO: Dependent install of workflow-job for plugin workflow-aggregator already added, skipping
Apr 17, 2018 8:31:34 PM hudson.model.UpdateSite$Plugin deploy
INFO: Dependent install of workflow-basic-steps for plugin workflow-aggregator already added, skipping
Apr 17, 2018 8:31:34 PM hudson.model.UpdateSite$Plugin deploy
INFO: Adding dependent install of github-api for plugin github-branch-source
Apr 17, 2018 8:31:34 PM hudson.model.UpdateSite$Plugin deploy
INFO: Dependent install of jackson2-api for plugin github-api already added, skipping
Apr 17, 2018 8:31:34 PM hudson.model.UpdateSite$Plugin deploy
INFO: Dependent install of command-launcher for plugin github-api already added, skipping
Apr 17, 2018 8:31:34 PM hudson.model.UpdateSite$Plugin deploy
INFO: Dependent install of bouncycastle-api for plugin github-api already added, skipping
Apr 17, 2018 8:31:34 PM hudson.model.UpdateSite$Plugin deploy
INFO: Adding dependent install of github for plugin github-branch-source
Apr 17, 2018 8:31:34 PM hudson.model.UpdateSite$Plugin deploy
INFO: Dependent install of github-api for plugin github already added, skipping
Apr 17, 2018 8:31:34 PM hudson.model.UpdateSite$Plugin deploy
INFO: Adding dependent install of git for plugin github
Apr 17, 2018 8:31:34 PM hudson.model.UpdateSite$Plugin deploy
INFO: Dependent install of workflow-scm-step for plugin git already added, skipping
Apr 17, 2018 8:31:34 PM hudson.model.UpdateSite$Plugin deploy
INFO: Dependent install of credentials for plugin git already added, skipping
Apr 17, 2018 8:31:34 PM hudson.model.UpdateSite$Plugin deploy
INFO: Dependent install of structs for plugin git already added, skipping
Apr 17, 2018 8:31:34 PM hudson.model.UpdateSite$Plugin deploy
INFO: Dependent install of git-client for plugin git already added, skipping
Apr 17, 2018 8:31:34 PM hudson.model.UpdateSite$Plugin deploy
INFO: Dependent install of ssh-credentials for plugin git already added, skipping
Apr 17, 2018 8:31:34 PM hudson.model.UpdateSite$Plugin deploy
INFO: Dependent install of scm-api for plugin git already added, skipping
Apr 17, 2018 8:31:34 PM hudson.model.UpdateSite$Plugin deploy
INFO: Dependent install of mailer for plugin git already added, skipping
Apr 17, 2018 8:31:34 PM hudson.model.UpdateSite$Plugin deploy
INFO: Dependent install of command-launcher for plugin git already added, skipping
Apr 17, 2018 8:31:34 PM hudson.model.UpdateSite$Plugin deploy
INFO: Dependent install of matrix-project for plugin git already added, skipping
Apr 17, 2018 8:31:34 PM hudson.model.UpdateSite$Plugin deploy
INFO: Dependent install of bouncycastle-api for plugin git already added, skipping
Apr 17, 2018 8:31:34 PM hudson.model.UpdateSite$Plugin deploy
INFO: Dependent install of credentials for plugin github already added, skipping
Apr 17, 2018 8:31:34 PM hudson.model.UpdateSite$Plugin deploy
INFO: Dependent install of structs for plugin github already added, skipping
Apr 17, 2018 8:31:34 PM hudson.model.UpdateSite$Plugin deploy
INFO: Dependent install of display-url-api for plugin github already added, skipping
Apr 17, 2018 8:31:34 PM hudson.model.UpdateSite$Plugin deploy
INFO: Dependent install of token-macro for plugin github already added, skipping
Apr 17, 2018 8:31:34 PM hudson.model.UpdateSite$Plugin deploy
INFO: Dependent install of scm-api for plugin github already added, skipping
Apr 17, 2018 8:31:34 PM hudson.model.UpdateSite$Plugin deploy
INFO: Dependent install of plain-credentials for plugin github already added, skipping
Apr 17, 2018 8:31:34 PM hudson.model.UpdateSite$Plugin deploy
INFO: Dependent install of command-launcher for plugin github already added, skipping
Apr 17, 2018 8:31:34 PM hudson.model.UpdateSite$Plugin deploy
INFO: Dependent install of bouncycastle-api for plugin github already added, skipping
Apr 17, 2018 8:31:34 PM hudson.model.UpdateSite$Plugin deploy
INFO: Dependent install of git for plugin github-branch-source already added, skipping
Apr 17, 2018 8:31:34 PM hudson.model.UpdateSite$Plugin deploy
INFO: Dependent install of credentials for plugin github-branch-source already added, skipping
Apr 17, 2018 8:31:34 PM hudson.model.UpdateSite$Plugin deploy
INFO: Dependent install of structs for plugin github-branch-source already added, skipping
Apr 17, 2018 8:31:34 PM hudson.model.UpdateSite$Plugin deploy
INFO: Dependent install of display-url-api for plugin github-branch-source already added, skipping
Apr 17, 2018 8:31:34 PM hudson.model.UpdateSite$Plugin deploy
INFO: Dependent install of scm-api for plugin github-branch-source already added, skipping
Apr 17, 2018 8:31:34 PM hudson.model.UpdateSite$Plugin deploy
INFO: Dependent install of command-launcher for plugin github-branch-source already added, skipping
Apr 17, 2018 8:31:34 PM hudson.model.UpdateSite$Plugin deploy
INFO: Dependent install of bouncycastle-api for plugin github-branch-source already added, skipping
Apr 17, 2018 8:31:34 PM hudson.model.UpdateSite$Plugin deploy
INFO: Dependent install of git for plugin pipeline-github-lib already added, skipping
Apr 17, 2018 8:31:34 PM hudson.model.UpdateSite$Plugin deploy
INFO: Dependent install of workflow-cps-global-lib for plugin pipeline-github-lib already added, skipping
Apr 17, 2018 8:31:34 PM hudson.model.UpdateSite$Plugin deploy
INFO: Dependent install of command-launcher for plugin pipeline-github-lib already added, skipping
Apr 17, 2018 8:31:34 PM hudson.model.UpdateSite$Plugin deploy
INFO: Dependent install of bouncycastle-api for plugin pipeline-github-lib already added, skipping
Apr 17, 2018 8:31:34 PM hudson.model.UpdateSite$Plugin deploy
INFO: Dependent install of jquery-detached for plugin pipeline-stage-view already added, skipping
Apr 17, 2018 8:31:34 PM hudson.model.UpdateSite$Plugin deploy
INFO: Dependent install of pipeline-rest-api for plugin pipeline-stage-view already added, skipping
Apr 17, 2018 8:31:34 PM hudson.model.UpdateSite$Plugin deploy
INFO: Dependent install of handlebars for plugin pipeline-stage-view already added, skipping
Apr 17, 2018 8:31:34 PM hudson.model.UpdateSite$Plugin deploy
INFO: Dependent install of command-launcher for plugin pipeline-stage-view already added, skipping
Apr 17, 2018 8:31:34 PM hudson.model.UpdateSite$Plugin deploy
INFO: Dependent install of workflow-job for plugin pipeline-stage-view already added, skipping
Apr 17, 2018 8:31:34 PM hudson.model.UpdateSite$Plugin deploy
INFO: Dependent install of momentjs for plugin pipeline-stage-view already added, skipping
Apr 17, 2018 8:31:34 PM hudson.model.UpdateSite$Plugin deploy
INFO: Dependent install of bouncycastle-api for plugin pipeline-stage-view already added, skipping
Apr 17, 2018 8:31:34 PM hudson.model.UpdateSite$Plugin deploy
INFO: Dependent install of workflow-scm-step for plugin git already added, skipping
Apr 17, 2018 8:31:34 PM hudson.model.UpdateSite$Plugin deploy
INFO: Dependent install of credentials for plugin git already added, skipping
Apr 17, 2018 8:31:34 PM hudson.model.UpdateSite$Plugin deploy
INFO: Dependent install of structs for plugin git already added, skipping
Apr 17, 2018 8:31:34 PM hudson.model.UpdateSite$Plugin deploy
INFO: Dependent install of git-client for plugin git already added, skipping
Apr 17, 2018 8:31:34 PM hudson.model.UpdateSite$Plugin deploy
INFO: Dependent install of ssh-credentials for plugin git already added, skipping
Apr 17, 2018 8:31:34 PM hudson.model.UpdateSite$Plugin deploy
INFO: Dependent install of scm-api for plugin git already added, skipping
Apr 17, 2018 8:31:34 PM hudson.model.UpdateSite$Plugin deploy
INFO: Dependent install of mailer for plugin git already added, skipping
Apr 17, 2018 8:31:34 PM hudson.model.UpdateSite$Plugin deploy
INFO: Dependent install of command-launcher for plugin git already added, skipping
Apr 17, 2018 8:31:34 PM hudson.model.UpdateSite$Plugin deploy
INFO: Dependent install of matrix-project for plugin git already added, skipping
Apr 17, 2018 8:31:34 PM hudson.model.UpdateSite$Plugin deploy
INFO: Dependent install of bouncycastle-api for plugin git already added, skipping
Apr 17, 2018 8:31:34 PM hudson.model.UpdateSite$Plugin deploy
INFO: Dependent install of workflow-scm-step for plugin subversion already added, skipping
Apr 17, 2018 8:31:34 PM hudson.model.UpdateSite$Plugin deploy
INFO: Dependent install of credentials for plugin subversion already added, skipping
Apr 17, 2018 8:31:34 PM hudson.model.UpdateSite$Plugin deploy
INFO: Dependent install of ssh-credentials for plugin subversion already added, skipping
Apr 17, 2018 8:31:34 PM hudson.model.UpdateSite$Plugin deploy
INFO: Dependent install of scm-api for plugin subversion already added, skipping
Apr 17, 2018 8:31:34 PM hudson.model.UpdateSite$Plugin deploy
INFO: Adding dependent install of mapdb-api for plugin subversion
Apr 17, 2018 8:31:34 PM hudson.model.UpdateSite$Plugin deploy
INFO: Dependent install of junit for plugin mapdb-api already added, skipping
Apr 17, 2018 8:31:34 PM hudson.model.UpdateSite$Plugin deploy
INFO: Dependent install of command-launcher for plugin mapdb-api already added, skipping
Apr 17, 2018 8:31:34 PM hudson.model.UpdateSite$Plugin deploy
INFO: Dependent install of bouncycastle-api for plugin mapdb-api already added, skipping
Apr 17, 2018 8:31:34 PM hudson.model.UpdateSite$Plugin deploy
INFO: Dependent install of command-launcher for plugin subversion already added, skipping
Apr 17, 2018 8:31:34 PM hudson.model.UpdateSite$Plugin deploy
INFO: Dependent install of bouncycastle-api for plugin subversion already added, skipping
Apr 17, 2018 8:31:34 PM hudson.model.UpdateSite$Plugin deploy
INFO: Dependent install of credentials for plugin ssh-slaves already added, skipping
Apr 17, 2018 8:31:34 PM hudson.model.UpdateSite$Plugin deploy
INFO: Dependent install of ssh-credentials for plugin ssh-slaves already added, skipping
Apr 17, 2018 8:31:34 PM hudson.model.UpdateSite$Plugin deploy
INFO: Dependent install of command-launcher for plugin ssh-slaves already added, skipping
Apr 17, 2018 8:31:34 PM hudson.model.UpdateSite$Plugin deploy
INFO: Dependent install of bouncycastle-api for plugin ssh-slaves already added, skipping
Apr 17, 2018 8:31:34 PM hudson.model.UpdateSite$Plugin deploy
INFO: Dependent install of command-launcher for plugin matrix-auth already added, skipping
Apr 17, 2018 8:31:34 PM hudson.model.UpdateSite$Plugin deploy
INFO: Dependent install of junit for plugin pam-auth already added, skipping
Apr 17, 2018 8:31:34 PM hudson.model.UpdateSite$Plugin deploy
INFO: Dependent install of command-launcher for plugin pam-auth already added, skipping
Apr 17, 2018 8:31:34 PM hudson.model.UpdateSite$Plugin deploy
INFO: Dependent install of bouncycastle-api for plugin pam-auth already added, skipping
Apr 17, 2018 8:31:34 PM hudson.model.UpdateSite$Plugin deploy
INFO: Dependent install of mailer for plugin ldap already added, skipping
Apr 17, 2018 8:31:34 PM hudson.model.UpdateSite$Plugin deploy
INFO: Dependent install of command-launcher for plugin ldap already added, skipping
Apr 17, 2018 8:31:34 PM hudson.model.UpdateSite$Plugin deploy
INFO: Dependent install of bouncycastle-api for plugin ldap already added, skipping
Apr 17, 2018 8:31:34 PM hudson.model.UpdateSite$Plugin deploy
INFO: Dependent install of junit for plugin email-ext already added, skipping
Apr 17, 2018 8:31:34 PM hudson.model.UpdateSite$Plugin deploy
INFO: Dependent install of structs for plugin email-ext already added, skipping
Apr 17, 2018 8:31:34 PM hudson.model.UpdateSite$Plugin deploy
INFO: Dependent install of token-macro for plugin email-ext already added, skipping
Apr 17, 2018 8:31:34 PM hudson.model.UpdateSite$Plugin deploy
INFO: Dependent install of script-security for plugin email-ext already added, skipping
Apr 17, 2018 8:31:34 PM hudson.model.UpdateSite$Plugin deploy
INFO: Dependent install of mailer for plugin email-ext already added, skipping
Apr 17, 2018 8:31:34 PM hudson.model.UpdateSite$Plugin deploy
INFO: Dependent install of command-launcher for plugin email-ext already added, skipping
Apr 17, 2018 8:31:34 PM hudson.model.UpdateSite$Plugin deploy
INFO: Dependent install of matrix-project for plugin email-ext already added, skipping
Apr 17, 2018 8:31:34 PM hudson.model.UpdateSite$Plugin deploy
INFO: Dependent install of bouncycastle-api for plugin email-ext already added, skipping
Apr 17, 2018 8:31:34 PM hudson.model.UpdateSite$Plugin deploy
INFO: Dependent install of display-url-api for plugin mailer already added, skipping
Apr 17, 2018 8:31:34 PM hudson.model.UpdateSite$Plugin deploy
INFO: Dependent install of command-launcher for plugin mailer already added, skipping
Apr 17, 2018 8:31:34 PM hudson.model.UpdateSite$Plugin deploy
INFO: Dependent install of bouncycastle-api for plugin mailer already added, skipping
Apr 17, 2018 8:31:34 PM hudson.model.UpdateCenter$UpdateCenterConfiguration download
INFO: Downloading Script Security
Apr 17, 2018 8:31:35 PM hudson.PluginManager dynamicLoad
INFO: Attempting to dynamic load /var/jenkins_home/plugins/script-security.jpi
Apr 17, 2018 8:31:37 PM jenkins.InitReactorRunner$1 onAttained
INFO: Started initialization
Apr 17, 2018 8:31:37 PM jenkins.InitReactorRunner$1 onAttained
INFO: Listed all plugins
Apr 17, 2018 8:31:37 PM jenkins.InitReactorRunner$1 onAttained
INFO: Prepared all plugins
Apr 17, 2018 8:31:37 PM jenkins.InitReactorRunner$1 onAttained
INFO: Started all plugins
Apr 17, 2018 8:31:37 PM jenkins.InitReactorRunner$1 onAttained
INFO: Augmented all extensions
Apr 17, 2018 8:31:37 PM jenkins.InitReactorRunner$1 onAttained
INFO: Loaded all jobs
Apr 17, 2018 8:31:37 PM jenkins.InitReactorRunner$1 onAttained
INFO: Completed initialization
Apr 17, 2018 8:31:37 PM hudson.PluginManager dynamicLoad
INFO: Plugin script-security:1.44 dynamically installed
Apr 17, 2018 8:31:37 PM hudson.model.UpdateCenter$DownloadJob run
INFO: Installation successful: Script Security
Apr 17, 2018 8:31:37 PM hudson.model.UpdateCenter$DownloadJob run
INFO: Starting the installation of Command Agent Launcher on behalf of admin
Apr 17, 2018 8:31:37 PM hudson.model.UpdateCenter$UpdateCenterConfiguration download
INFO: Downloading Command Agent Launcher
Apr 17, 2018 8:31:37 PM hudson.PluginManager dynamicLoad
INFO: Attempting to dynamic load /var/jenkins_home/plugins/command-launcher.jpi
Apr 17, 2018 8:31:38 PM jenkins.InitReactorRunner$1 onAttained
INFO: Started initialization
Apr 17, 2018 8:31:38 PM jenkins.InitReactorRunner$1 onAttained
INFO: Listed all plugins
Apr 17, 2018 8:31:38 PM jenkins.InitReactorRunner$1 onAttained
INFO: Prepared all plugins
Apr 17, 2018 8:31:38 PM jenkins.InitReactorRunner$1 onAttained
INFO: Started all plugins
Apr 17, 2018 8:31:38 PM jenkins.InitReactorRunner$1 onAttained
INFO: Augmented all extensions
Apr 17, 2018 8:31:38 PM jenkins.InitReactorRunner$1 onAttained
INFO: Loaded all jobs
Apr 17, 2018 8:31:38 PM jenkins.InitReactorRunner$1 onAttained
INFO: Completed initialization
Apr 17, 2018 8:31:38 PM hudson.PluginManager dynamicLoad
INFO: Plugin command-launcher:1.2 dynamically installed
Apr 17, 2018 8:31:38 PM hudson.model.UpdateCenter$DownloadJob run
INFO: Installation successful: Command Agent Launcher
Apr 17, 2018 8:31:38 PM hudson.model.UpdateCenter$DownloadJob run
INFO: Starting the installation of Folders on behalf of admin
Apr 17, 2018 8:31:38 PM hudson.model.UpdateCenter$UpdateCenterConfiguration download
INFO: Downloading Folders
Apr 17, 2018 8:31:39 PM hudson.PluginManager dynamicLoad
INFO: Attempting to dynamic load /var/jenkins_home/plugins/cloudbees-folder.jpi
Apr 17, 2018 8:31:40 PM hudson.ExtensionFinder$GuiceFinder$FaultTolerantScope$1 error
INFO: Failed to instantiate optional component com.cloudbees.hudson.plugins.folder.properties.FolderCredentialsProvider$FolderCredentialsProperty$DescriptorImpl; skipping
Apr 17, 2018 8:31:40 PM hudson.ExtensionFinder$GuiceFinder$FaultTolerantScope$1 error
INFO: Failed to instantiate optional component com.cloudbees.hudson.plugins.folder.properties.FolderCredentialsProvider$FolderCredentialsProperty$DescriptorImpl; skipping
Apr 17, 2018 8:31:40 PM hudson.ExtensionFinder$GuiceFinder$FaultTolerantScope$1 error
INFO: Failed to instantiate optional component com.cloudbees.hudson.plugins.folder.properties.FolderCredentialsProvider$FolderCredentialsProperty$DescriptorImpl; skipping
Apr 17, 2018 8:31:40 PM hudson.ExtensionFinder$GuiceFinder$FaultTolerantScope$1 error
INFO: Failed to instantiate optional component com.cloudbees.hudson.plugins.folder.properties.FolderCredentialsProvider$FolderCredentialsProperty$DescriptorImpl; skipping
Apr 17, 2018 8:31:40 PM hudson.ExtensionFinder$GuiceFinder$FaultTolerantScope$1 error
INFO: Failed to instantiate optional component com.cloudbees.hudson.plugins.folder.properties.FolderCredentialsProvider$FolderCredentialsProperty$DescriptorImpl; skipping
Apr 17, 2018 8:31:40 PM jenkins.InitReactorRunner$1 onAttained
INFO: Started initialization
Apr 17, 2018 8:31:40 PM jenkins.InitReactorRunner$1 onAttained
INFO: Listed all plugins
Apr 17, 2018 8:31:40 PM jenkins.InitReactorRunner$1 onAttained
INFO: Prepared all plugins
Apr 17, 2018 8:31:40 PM jenkins.InitReactorRunner$1 onAttained
INFO: Started all plugins
Apr 17, 2018 8:31:40 PM jenkins.InitReactorRunner$1 onAttained
INFO: Augmented all extensions
Apr 17, 2018 8:31:40 PM jenkins.InitReactorRunner$1 onAttained
INFO: Loaded all jobs
Apr 17, 2018 8:31:40 PM jenkins.InitReactorRunner$1 onAttained
INFO: Completed initialization
Apr 17, 2018 8:31:40 PM hudson.PluginManager dynamicLoad
INFO: Plugin cloudbees-folder:6.4 dynamically installed
Apr 17, 2018 8:31:40 PM hudson.model.UpdateCenter$DownloadJob run
INFO: Installation successful: Folders
Apr 17, 2018 8:31:40 PM hudson.model.UpdateCenter$DownloadJob run
INFO: Starting the installation of bouncycastle API on behalf of admin
Apr 17, 2018 8:31:41 PM hudson.model.UpdateCenter$UpdateCenterConfiguration download
INFO: Downloading bouncycastle API
Apr 17, 2018 8:31:46 PM hudson.PluginManager dynamicLoad
INFO: Attempting to dynamic load /var/jenkins_home/plugins/bouncycastle-api.jpi
Apr 17, 2018 8:31:48 PM jenkins.InitReactorRunner$1 onAttained
INFO: Started initialization
Apr 17, 2018 8:31:48 PM jenkins.InitReactorRunner$1 onAttained
INFO: Listed all plugins
Apr 17, 2018 8:31:48 PM jenkins.InitReactorRunner$1 onAttained
INFO: Prepared all plugins
Apr 17, 2018 8:31:48 PM jenkins.InitReactorRunner$1 onAttained
INFO: Started all plugins
Apr 17, 2018 8:31:48 PM jenkins.InitReactorRunner$1 onAttained
INFO: Augmented all extensions
Apr 17, 2018 8:31:48 PM jenkins.InitReactorRunner$1 onAttained
INFO: Loaded all jobs
Apr 17, 2018 8:31:48 PM jenkins.InitReactorRunner$1 onAttained
INFO: Completed initialization
Apr 17, 2018 8:31:48 PM hudson.PluginManager dynamicLoad
INFO: Plugin bouncycastle-api:2.16.2 dynamically installed
Apr 17, 2018 8:31:48 PM hudson.model.UpdateCenter$DownloadJob run
INFO: Installation successful: bouncycastle API
Apr 17, 2018 8:31:48 PM hudson.model.UpdateCenter$DownloadJob run
INFO: Starting the installation of Structs on behalf of admin
Apr 17, 2018 8:31:48 PM hudson.model.UpdateCenter$UpdateCenterConfiguration download
INFO: Downloading Structs
Apr 17, 2018 8:31:49 PM hudson.PluginManager dynamicLoad
INFO: Attempting to dynamic load /var/jenkins_home/plugins/structs.jpi
Apr 17, 2018 8:31:49 PM jenkins.InitReactorRunner$1 onAttained
INFO: Started initialization
Apr 17, 2018 8:31:49 PM jenkins.InitReactorRunner$1 onAttained
INFO: Listed all plugins
Apr 17, 2018 8:31:49 PM jenkins.InitReactorRunner$1 onAttained
INFO: Prepared all plugins
Apr 17, 2018 8:31:49 PM jenkins.InitReactorRunner$1 onAttained
INFO: Started all plugins
Apr 17, 2018 8:31:49 PM jenkins.InitReactorRunner$1 onAttained
INFO: Augmented all extensions
Apr 17, 2018 8:31:49 PM jenkins.InitReactorRunner$1 onAttained
INFO: Loaded all jobs
Apr 17, 2018 8:31:49 PM jenkins.InitReactorRunner$1 onAttained
INFO: Completed initialization
Apr 17, 2018 8:31:49 PM hudson.PluginManager dynamicLoad
INFO: Plugin structs:1.14 dynamically installed
Apr 17, 2018 8:31:49 PM hudson.model.UpdateCenter$DownloadJob run
INFO: Installation successful: Structs
Apr 17, 2018 8:31:49 PM hudson.model.UpdateCenter$DownloadJob run
INFO: Starting the installation of Pipeline: Step API on behalf of admin
Apr 17, 2018 8:31:49 PM hudson.model.UpdateCenter$UpdateCenterConfiguration download
INFO: Downloading Pipeline: Step API
Apr 17, 2018 8:31:50 PM hudson.PluginManager dynamicLoad
INFO: Attempting to dynamic load /var/jenkins_home/plugins/workflow-step-api.jpi
Apr 17, 2018 8:31:50 PM jenkins.InitReactorRunner$1 onAttained
INFO: Started initialization
Apr 17, 2018 8:31:50 PM jenkins.InitReactorRunner$1 onAttained
INFO: Listed all plugins
Apr 17, 2018 8:31:50 PM jenkins.InitReactorRunner$1 onAttained
INFO: Prepared all plugins
Apr 17, 2018 8:31:50 PM jenkins.InitReactorRunner$1 onAttained
INFO: Started all plugins
Apr 17, 2018 8:31:50 PM jenkins.InitReactorRunner$1 onAttained
INFO: Augmented all extensions
Apr 17, 2018 8:31:50 PM jenkins.InitReactorRunner$1 onAttained
INFO: Loaded all jobs
Apr 17, 2018 8:31:50 PM jenkins.InitReactorRunner$1 onAttained
INFO: Completed initialization
Apr 17, 2018 8:31:50 PM hudson.PluginManager dynamicLoad
INFO: Plugin workflow-step-api:2.14 dynamically installed
Apr 17, 2018 8:31:50 PM hudson.model.UpdateCenter$DownloadJob run
INFO: Installation successful: Pipeline: Step API
Apr 17, 2018 8:31:50 PM hudson.model.UpdateCenter$DownloadJob run
INFO: Starting the installation of SCM API on behalf of admin
Apr 17, 2018 8:31:55 PM hudson.model.UpdateCenter$UpdateCenterConfiguration download
INFO: Downloading SCM API
Apr 17, 2018 8:31:56 PM hudson.PluginManager dynamicLoad
INFO: Attempting to dynamic load /var/jenkins_home/plugins/scm-api.jpi
Apr 17, 2018 8:31:56 PM jenkins.InitReactorRunner$1 onAttained
INFO: Started initialization
Apr 17, 2018 8:31:56 PM jenkins.InitReactorRunner$1 onAttained
INFO: Listed all plugins
Apr 17, 2018 8:31:56 PM jenkins.InitReactorRunner$1 onAttained
INFO: Prepared all plugins
Apr 17, 2018 8:31:56 PM jenkins.InitReactorRunner$1 onAttained
INFO: Started all plugins
Apr 17, 2018 8:31:56 PM jenkins.InitReactorRunner$1 onAttained
INFO: Augmented all extensions
Apr 17, 2018 8:31:56 PM jenkins.InitReactorRunner$1 onAttained
INFO: Loaded all jobs
Apr 17, 2018 8:31:56 PM jenkins.InitReactorRunner$1 onAttained
INFO: Completed initialization
Apr 17, 2018 8:31:56 PM hudson.PluginManager dynamicLoad
INFO: Plugin scm-api:2.2.6 dynamically installed
Apr 17, 2018 8:31:56 PM hudson.model.UpdateCenter$DownloadJob run
INFO: Installation successful: SCM API
Apr 17, 2018 8:31:56 PM hudson.model.UpdateCenter$DownloadJob run
INFO: Starting the installation of Pipeline: API on behalf of admin
Apr 17, 2018 8:31:57 PM hudson.model.UpdateCenter$UpdateCenterConfiguration download
INFO: Downloading Pipeline: API
Apr 17, 2018 8:31:57 PM hudson.PluginManager dynamicLoad
INFO: Attempting to dynamic load /var/jenkins_home/plugins/workflow-api.jpi
Apr 17, 2018 8:31:58 PM jenkins.InitReactorRunner$1 onAttained
INFO: Started initialization
Apr 17, 2018 8:31:58 PM jenkins.InitReactorRunner$1 onAttained
INFO: Listed all plugins
Apr 17, 2018 8:31:58 PM jenkins.InitReactorRunner$1 onAttained
INFO: Prepared all plugins
Apr 17, 2018 8:31:58 PM jenkins.InitReactorRunner$1 onAttained
INFO: Started all plugins
Apr 17, 2018 8:31:58 PM jenkins.InitReactorRunner$1 onAttained
INFO: Augmented all extensions
Apr 17, 2018 8:31:58 PM jenkins.InitReactorRunner$1 onAttained
INFO: Loaded all jobs
Apr 17, 2018 8:31:58 PM jenkins.InitReactorRunner$1 onAttained
INFO: Completed initialization
Apr 17, 2018 8:31:58 PM hudson.PluginManager dynamicLoad
INFO: Plugin workflow-api:2.27 dynamically installed
Apr 17, 2018 8:31:58 PM hudson.model.UpdateCenter$DownloadJob run
INFO: Installation successful: Pipeline: API
Apr 17, 2018 8:31:58 PM hudson.model.UpdateCenter$DownloadJob run
INFO: Starting the installation of JUnit on behalf of admin
Apr 17, 2018 8:31:58 PM hudson.model.UpdateCenter$UpdateCenterConfiguration download
INFO: Downloading JUnit
Apr 17, 2018 8:31:59 PM hudson.PluginManager dynamicLoad
INFO: Attempting to dynamic load /var/jenkins_home/plugins/junit.jpi
Apr 17, 2018 8:32:00 PM jenkins.InitReactorRunner$1 onAttained
INFO: Started initialization
Apr 17, 2018 8:32:00 PM jenkins.InitReactorRunner$1 onAttained
INFO: Listed all plugins
Apr 17, 2018 8:32:00 PM jenkins.InitReactorRunner$1 onAttained
INFO: Prepared all plugins
Apr 17, 2018 8:32:00 PM jenkins.InitReactorRunner$1 onAttained
INFO: Started all plugins
Apr 17, 2018 8:32:00 PM jenkins.InitReactorRunner$1 onAttained
INFO: Augmented all extensions
Apr 17, 2018 8:32:00 PM jenkins.InitReactorRunner$1 onAttained
INFO: Loaded all jobs
Apr 17, 2018 8:32:00 PM jenkins.InitReactorRunner$1 onAttained
INFO: Completed initialization
Apr 17, 2018 8:32:00 PM hudson.PluginManager dynamicLoad
INFO: Plugin junit:1.24 dynamically installed
Apr 17, 2018 8:32:00 PM hudson.model.UpdateCenter$DownloadJob run
INFO: Installation successful: JUnit
Apr 17, 2018 8:32:00 PM hudson.model.UpdateCenter$DownloadJob run
INFO: Starting the installation of OWASP Markup Formatter on behalf of admin
Apr 17, 2018 8:32:01 PM hudson.model.UpdateCenter$UpdateCenterConfiguration download
INFO: Downloading OWASP Markup Formatter
Apr 17, 2018 8:32:01 PM hudson.PluginManager dynamicLoad
INFO: Attempting to dynamic load /var/jenkins_home/plugins/antisamy-markup-formatter.jpi
Apr 17, 2018 8:32:01 PM jenkins.InitReactorRunner$1 onAttained
INFO: Started initialization
Apr 17, 2018 8:32:01 PM jenkins.InitReactorRunner$1 onAttained
INFO: Listed all plugins
Apr 17, 2018 8:32:01 PM jenkins.InitReactorRunner$1 onAttained
INFO: Prepared all plugins
Apr 17, 2018 8:32:01 PM jenkins.InitReactorRunner$1 onAttained
INFO: Started all plugins
Apr 17, 2018 8:32:01 PM jenkins.InitReactorRunner$1 onAttained
INFO: Augmented all extensions
Apr 17, 2018 8:32:01 PM jenkins.InitReactorRunner$1 onAttained
INFO: Loaded all jobs
Apr 17, 2018 8:32:01 PM jenkins.InitReactorRunner$1 onAttained
INFO: Completed initialization
Apr 17, 2018 8:32:01 PM hudson.PluginManager dynamicLoad
INFO: Plugin antisamy-markup-formatter:1.5 dynamically installed
Apr 17, 2018 8:32:01 PM hudson.model.UpdateCenter$DownloadJob run
INFO: Installation successful: OWASP Markup Formatter
Apr 17, 2018 8:32:01 PM hudson.model.UpdateCenter$DownloadJob run
INFO: Starting the installation of Token Macro on behalf of admin
Apr 17, 2018 8:32:03 PM hudson.model.UpdateCenter$UpdateCenterConfiguration download
INFO: Downloading Token Macro
Apr 17, 2018 8:32:04 PM hudson.PluginManager dynamicLoad
INFO: Attempting to dynamic load /var/jenkins_home/plugins/token-macro.jpi
Apr 17, 2018 8:32:05 PM jenkins.InitReactorRunner$1 onAttained
INFO: Started initialization
Apr 17, 2018 8:32:05 PM jenkins.InitReactorRunner$1 onAttained
INFO: Listed all plugins
Apr 17, 2018 8:32:05 PM jenkins.InitReactorRunner$1 onAttained
INFO: Prepared all plugins
Apr 17, 2018 8:32:05 PM jenkins.InitReactorRunner$1 onAttained
INFO: Started all plugins
Apr 17, 2018 8:32:05 PM jenkins.InitReactorRunner$1 onAttained
INFO: Augmented all extensions
Apr 17, 2018 8:32:05 PM jenkins.InitReactorRunner$1 onAttained
INFO: Loaded all jobs
Apr 17, 2018 8:32:05 PM jenkins.InitReactorRunner$1 onAttained
INFO: Completed initialization
Apr 17, 2018 8:32:05 PM hudson.PluginManager dynamicLoad
INFO: Plugin token-macro:2.5 dynamically installed
Apr 17, 2018 8:32:05 PM hudson.model.UpdateCenter$DownloadJob run
INFO: Installation successful: Token Macro
Apr 17, 2018 8:32:05 PM hudson.model.UpdateCenter$DownloadJob run
INFO: Starting the installation of Build Timeout on behalf of admin
Apr 17, 2018 8:32:10 PM hudson.model.UpdateCenter$UpdateCenterConfiguration download
INFO: Downloading Build Timeout
Apr 17, 2018 8:32:11 PM hudson.PluginManager dynamicLoad
INFO: Attempting to dynamic load /var/jenkins_home/plugins/build-timeout.jpi
Apr 17, 2018 8:32:11 PM hudson.ExtensionFinder$GuiceFinder$FaultTolerantScope$1 error
INFO: Failed to instantiate optional component hudson.plugins.build_timeout.operations.AbortAndRestartOperation$DescriptorImpl; skipping
Apr 17, 2018 8:32:11 PM hudson.ExtensionFinder$GuiceFinder$FaultTolerantScope$1 error
INFO: Failed to instantiate optional component hudson.plugins.build_timeout.operations.AbortAndRestartOperation$DescriptorImpl; skipping
Apr 17, 2018 8:32:11 PM hudson.ExtensionFinder$GuiceFinder$FaultTolerantScope$1 error
INFO: Failed to instantiate optional component hudson.plugins.build_timeout.operations.AbortAndRestartOperation$DescriptorImpl; skipping
Apr 17, 2018 8:32:11 PM hudson.ExtensionFinder$GuiceFinder$FaultTolerantScope$1 error
INFO: Failed to instantiate optional component hudson.plugins.build_timeout.operations.AbortAndRestartOperation$DescriptorImpl; skipping
Apr 17, 2018 8:32:11 PM hudson.ExtensionFinder$GuiceFinder$FaultTolerantScope$1 error
INFO: Failed to instantiate optional component hudson.plugins.build_timeout.operations.AbortAndRestartOperation$DescriptorImpl; skipping
Apr 17, 2018 8:32:11 PM jenkins.InitReactorRunner$1 onAttained
INFO: Started initialization
Apr 17, 2018 8:32:11 PM jenkins.InitReactorRunner$1 onAttained
INFO: Listed all plugins
Apr 17, 2018 8:32:11 PM jenkins.InitReactorRunner$1 onAttained
INFO: Prepared all plugins
Apr 17, 2018 8:32:11 PM jenkins.InitReactorRunner$1 onAttained
INFO: Started all plugins
Apr 17, 2018 8:32:11 PM jenkins.InitReactorRunner$1 onAttained
INFO: Augmented all extensions
Apr 17, 2018 8:32:11 PM jenkins.InitReactorRunner$1 onAttained
INFO: Loaded all jobs
Apr 17, 2018 8:32:11 PM jenkins.InitReactorRunner$1 onAttained
INFO: Completed initialization
Apr 17, 2018 8:32:11 PM hudson.PluginManager dynamicLoad
INFO: Plugin build-timeout:1.19 dynamically installed
Apr 17, 2018 8:32:11 PM hudson.model.UpdateCenter$DownloadJob run
INFO: Installation successful: Build Timeout
Apr 17, 2018 8:32:11 PM hudson.model.UpdateCenter$DownloadJob run
INFO: Starting the installation of Credentials on behalf of admin
Apr 17, 2018 8:32:12 PM hudson.model.UpdateCenter$UpdateCenterConfiguration download
INFO: Downloading Credentials
Apr 17, 2018 8:32:13 PM hudson.PluginManager dynamicLoad
INFO: Attempting to dynamic load /var/jenkins_home/plugins/credentials.jpi
Apr 17, 2018 8:32:14 PM jenkins.InitReactorRunner$1 onAttained
INFO: Started initialization
Apr 17, 2018 8:32:14 PM jenkins.InitReactorRunner$1 onAttained
INFO: Listed all plugins
Apr 17, 2018 8:32:14 PM jenkins.InitReactorRunner$1 onAttained
INFO: Prepared all plugins
Apr 17, 2018 8:32:14 PM jenkins.InitReactorRunner$1 onAttained
INFO: Started all plugins
Apr 17, 2018 8:32:14 PM jenkins.InitReactorRunner$1 onAttained
INFO: Augmented all extensions
Apr 17, 2018 8:32:14 PM jenkins.InitReactorRunner$1 onAttained
INFO: Loaded all jobs
Apr 17, 2018 8:32:14 PM jenkins.InitReactorRunner$1 onAttained
INFO: Completed initialization
Apr 17, 2018 8:32:14 PM hudson.ClassicPluginStrategy updateDependency
INFO: Updated dependency of cloudbees-folder
Apr 17, 2018 8:32:14 PM hudson.PluginManager dynamicLoad
INFO: Plugin credentials:2.1.16 dynamically installed
Apr 17, 2018 8:32:14 PM hudson.model.UpdateCenter$DownloadJob run
INFO: Installation successful: Credentials
Apr 17, 2018 8:32:14 PM hudson.model.UpdateCenter$DownloadJob run
INFO: Starting the installation of SSH Credentials on behalf of admin
Apr 17, 2018 8:32:15 PM hudson.model.UpdateCenter$UpdateCenterConfiguration download
INFO: Downloading SSH Credentials
Apr 17, 2018 8:32:15 PM hudson.PluginManager dynamicLoad
INFO: Attempting to dynamic load /var/jenkins_home/plugins/ssh-credentials.jpi
Apr 17, 2018 8:32:16 PM jenkins.InitReactorRunner$1 onAttained
INFO: Started initialization
Apr 17, 2018 8:32:16 PM jenkins.InitReactorRunner$1 onAttained
INFO: Listed all plugins
Apr 17, 2018 8:32:16 PM jenkins.InitReactorRunner$1 onAttained
INFO: Prepared all plugins
Apr 17, 2018 8:32:16 PM jenkins.InitReactorRunner$1 onAttained
INFO: Started all plugins
Apr 17, 2018 8:32:16 PM jenkins.InitReactorRunner$1 onAttained
INFO: Augmented all extensions
Apr 17, 2018 8:32:16 PM jenkins.InitReactorRunner$1 onAttained
INFO: Loaded all jobs
Apr 17, 2018 8:32:16 PM jenkins.InitReactorRunner$1 onAttained
INFO: Completed initialization
Apr 17, 2018 8:32:16 PM hudson.PluginManager dynamicLoad
INFO: Plugin ssh-credentials:1.13 dynamically installed
Apr 17, 2018 8:32:16 PM hudson.model.UpdateCenter$DownloadJob run
INFO: Installation successful: SSH Credentials
Apr 17, 2018 8:32:16 PM hudson.model.UpdateCenter$DownloadJob run
INFO: Starting the installation of Plain Credentials on behalf of admin
Apr 17, 2018 8:32:17 PM hudson.model.UpdateCenter$UpdateCenterConfiguration download
INFO: Downloading Plain Credentials
Apr 17, 2018 8:32:17 PM hudson.PluginManager dynamicLoad
INFO: Attempting to dynamic load /var/jenkins_home/plugins/plain-credentials.jpi
Apr 17, 2018 8:32:18 PM jenkins.InitReactorRunner$1 onAttained
INFO: Started initialization
Apr 17, 2018 8:32:18 PM jenkins.InitReactorRunner$1 onAttained
INFO: Listed all plugins
Apr 17, 2018 8:32:18 PM jenkins.InitReactorRunner$1 onAttained
INFO: Prepared all plugins
Apr 17, 2018 8:32:18 PM jenkins.InitReactorRunner$1 onAttained
INFO: Started all plugins
Apr 17, 2018 8:32:18 PM jenkins.InitReactorRunner$1 onAttained
INFO: Augmented all extensions
Apr 17, 2018 8:32:18 PM jenkins.InitReactorRunner$1 onAttained
INFO: Loaded all jobs
Apr 17, 2018 8:32:18 PM jenkins.InitReactorRunner$1 onAttained
INFO: Completed initialization
Apr 17, 2018 8:32:18 PM hudson.PluginManager dynamicLoad
INFO: Plugin plain-credentials:1.4 dynamically installed
Apr 17, 2018 8:32:18 PM hudson.model.UpdateCenter$DownloadJob run
INFO: Installation successful: Plain Credentials
Apr 17, 2018 8:32:18 PM hudson.model.UpdateCenter$DownloadJob run
INFO: Starting the installation of Credentials Binding on behalf of admin
Apr 17, 2018 8:32:18 PM hudson.model.UpdateCenter$UpdateCenterConfiguration download
INFO: Downloading Credentials Binding
Apr 17, 2018 8:32:18 PM hudson.PluginManager dynamicLoad
INFO: Attempting to dynamic load /var/jenkins_home/plugins/credentials-binding.jpi
Apr 17, 2018 8:32:19 PM jenkins.InitReactorRunner$1 onAttained
INFO: Started initialization
Apr 17, 2018 8:32:19 PM jenkins.InitReactorRunner$1 onAttained
INFO: Listed all plugins
Apr 17, 2018 8:32:19 PM jenkins.InitReactorRunner$1 onAttained
INFO: Prepared all plugins
Apr 17, 2018 8:32:19 PM jenkins.InitReactorRunner$1 onAttained
INFO: Started all plugins
Apr 17, 2018 8:32:19 PM jenkins.InitReactorRunner$1 onAttained
INFO: Augmented all extensions
Apr 17, 2018 8:32:19 PM jenkins.InitReactorRunner$1 onAttained
INFO: Loaded all jobs
Apr 17, 2018 8:32:19 PM jenkins.InitReactorRunner$1 onAttained
INFO: Completed initialization
Apr 17, 2018 8:32:19 PM hudson.PluginManager dynamicLoad
INFO: Plugin credentials-binding:1.16 dynamically installed
Apr 17, 2018 8:32:19 PM hudson.model.UpdateCenter$DownloadJob run
INFO: Installation successful: Credentials Binding
Apr 17, 2018 8:32:19 PM hudson.model.UpdateCenter$DownloadJob run
INFO: Starting the installation of Timestamper on behalf of admin
Apr 17, 2018 8:32:19 PM hudson.model.UpdateCenter$UpdateCenterConfiguration download
INFO: Downloading Timestamper
Apr 17, 2018 8:32:20 PM hudson.PluginManager dynamicLoad
INFO: Attempting to dynamic load /var/jenkins_home/plugins/timestamper.jpi
Apr 17, 2018 8:32:20 PM jenkins.InitReactorRunner$1 onAttained
INFO: Started initialization
Apr 17, 2018 8:32:20 PM jenkins.InitReactorRunner$1 onAttained
INFO: Listed all plugins
Apr 17, 2018 8:32:20 PM jenkins.InitReactorRunner$1 onAttained
INFO: Prepared all plugins
Apr 17, 2018 8:32:20 PM jenkins.InitReactorRunner$1 onAttained
INFO: Started all plugins
Apr 17, 2018 8:32:20 PM jenkins.InitReactorRunner$1 onAttained
INFO: Augmented all extensions
Apr 17, 2018 8:32:20 PM jenkins.InitReactorRunner$1 onAttained
INFO: Loaded all jobs
Apr 17, 2018 8:32:20 PM jenkins.InitReactorRunner$1 onAttained
INFO: Completed initialization
Apr 17, 2018 8:32:20 PM hudson.PluginManager dynamicLoad
INFO: Plugin timestamper:1.8.9 dynamically installed
Apr 17, 2018 8:32:20 PM hudson.model.UpdateCenter$DownloadJob run
INFO: Installation successful: Timestamper
Apr 17, 2018 8:32:20 PM hudson.model.UpdateCenter$DownloadJob run
INFO: Starting the installation of Pipeline: Supporting APIs on behalf of admin
Apr 17, 2018 8:32:21 PM hudson.model.UpdateCenter$UpdateCenterConfiguration download
INFO: Downloading Pipeline: Supporting APIs
Apr 17, 2018 8:32:21 PM hudson.PluginManager dynamicLoad
INFO: Attempting to dynamic load /var/jenkins_home/plugins/workflow-support.jpi
Apr 17, 2018 8:32:22 PM jenkins.InitReactorRunner$1 onAttained
INFO: Started initialization
Apr 17, 2018 8:32:22 PM jenkins.InitReactorRunner$1 onAttained
INFO: Listed all plugins
Apr 17, 2018 8:32:22 PM jenkins.InitReactorRunner$1 onAttained
INFO: Prepared all plugins
Apr 17, 2018 8:32:22 PM jenkins.InitReactorRunner$1 onAttained
INFO: Started all plugins
Apr 17, 2018 8:32:22 PM jenkins.InitReactorRunner$1 onAttained
INFO: Augmented all extensions
Apr 17, 2018 8:32:22 PM jenkins.InitReactorRunner$1 onAttained
INFO: Loaded all jobs
Apr 17, 2018 8:32:22 PM jenkins.InitReactorRunner$1 onAttained
INFO: Completed initialization
Apr 17, 2018 8:32:22 PM hudson.PluginManager dynamicLoad
INFO: Plugin workflow-support:2.18 dynamically installed
Apr 17, 2018 8:32:22 PM hudson.model.UpdateCenter$DownloadJob run
INFO: Installation successful: Pipeline: Supporting APIs
Apr 17, 2018 8:32:22 PM hudson.model.UpdateCenter$DownloadJob run
INFO: Starting the installation of Durable Task on behalf of admin
Apr 17, 2018 8:32:22 PM hudson.model.UpdateCenter$UpdateCenterConfiguration download
INFO: Downloading Durable Task
Apr 17, 2018 8:32:22 PM hudson.PluginManager dynamicLoad
INFO: Attempting to dynamic load /var/jenkins_home/plugins/durable-task.jpi
Apr 17, 2018 8:32:23 PM jenkins.InitReactorRunner$1 onAttained
INFO: Started initialization
Apr 17, 2018 8:32:23 PM jenkins.InitReactorRunner$1 onAttained
INFO: Listed all plugins
Apr 17, 2018 8:32:23 PM jenkins.InitReactorRunner$1 onAttained
INFO: Prepared all plugins
Apr 17, 2018 8:32:23 PM jenkins.InitReactorRunner$1 onAttained
INFO: Started all plugins
Apr 17, 2018 8:32:23 PM jenkins.InitReactorRunner$1 onAttained
INFO: Augmented all extensions
Apr 17, 2018 8:32:23 PM jenkins.InitReactorRunner$1 onAttained
INFO: Loaded all jobs
Apr 17, 2018 8:32:23 PM jenkins.InitReactorRunner$1 onAttained
INFO: Completed initialization
Apr 17, 2018 8:32:23 PM hudson.PluginManager dynamicLoad
INFO: Plugin durable-task:1.22 dynamically installed
Apr 17, 2018 8:32:23 PM hudson.model.UpdateCenter$DownloadJob run
INFO: Installation successful: Durable Task
Apr 17, 2018 8:32:23 PM hudson.model.UpdateCenter$DownloadJob run
INFO: Starting the installation of Pipeline: Nodes and Processes on behalf of admin
Apr 17, 2018 8:32:24 PM hudson.model.UpdateCenter$UpdateCenterConfiguration download
INFO: Downloading Pipeline: Nodes and Processes
Apr 17, 2018 8:32:24 PM hudson.PluginManager dynamicLoad
INFO: Attempting to dynamic load /var/jenkins_home/plugins/workflow-durable-task-step.jpi
Apr 17, 2018 8:32:25 PM jenkins.InitReactorRunner$1 onAttained
INFO: Started initialization
Apr 17, 2018 8:32:25 PM jenkins.InitReactorRunner$1 onAttained
INFO: Listed all plugins
Apr 17, 2018 8:32:25 PM jenkins.InitReactorRunner$1 onAttained
INFO: Prepared all plugins
Apr 17, 2018 8:32:25 PM jenkins.InitReactorRunner$1 onAttained
INFO: Started all plugins
Apr 17, 2018 8:32:25 PM jenkins.InitReactorRunner$1 onAttained
INFO: Augmented all extensions
Apr 17, 2018 8:32:25 PM jenkins.InitReactorRunner$1 onAttained
INFO: Loaded all jobs
Apr 17, 2018 8:32:25 PM jenkins.InitReactorRunner$1 onAttained
INFO: Completed initialization
Apr 17, 2018 8:32:25 PM hudson.PluginManager dynamicLoad
INFO: Plugin workflow-durable-task-step:2.19 dynamically installed
Apr 17, 2018 8:32:25 PM hudson.model.UpdateCenter$DownloadJob run
INFO: Installation successful: Pipeline: Nodes and Processes
Apr 17, 2018 8:32:25 PM hudson.model.UpdateCenter$DownloadJob run
INFO: Starting the installation of Matrix Project on behalf of admin
Apr 17, 2018 8:32:25 PM hudson.model.UpdateCenter$UpdateCenterConfiguration download
INFO: Downloading Matrix Project
Apr 17, 2018 8:32:26 PM hudson.PluginManager dynamicLoad
INFO: Attempting to dynamic load /var/jenkins_home/plugins/matrix-project.jpi
Apr 17, 2018 8:32:26 PM jenkins.InitReactorRunner$1 onAttained
INFO: Started initialization
Apr 17, 2018 8:32:26 PM jenkins.InitReactorRunner$1 onAttained
INFO: Listed all plugins
Apr 17, 2018 8:32:26 PM jenkins.InitReactorRunner$1 onAttained
INFO: Prepared all plugins
Apr 17, 2018 8:32:26 PM jenkins.InitReactorRunner$1 onAttained
INFO: Started all plugins
Apr 17, 2018 8:32:26 PM jenkins.InitReactorRunner$1 onAttained
INFO: Augmented all extensions
Apr 17, 2018 8:32:26 PM jenkins.InitReactorRunner$1 onAttained
INFO: Loaded all jobs
Apr 17, 2018 8:32:26 PM jenkins.InitReactorRunner$1 onAttained
INFO: Completed initialization
Apr 17, 2018 8:32:26 PM hudson.PluginManager dynamicLoad
INFO: Plugin matrix-project:1.13 dynamically installed
Apr 17, 2018 8:32:26 PM hudson.model.UpdateCenter$DownloadJob run
INFO: Installation successful: Matrix Project
Apr 17, 2018 8:32:26 PM hudson.model.UpdateCenter$DownloadJob run
INFO: Starting the installation of Resource Disposer on behalf of admin
Apr 17, 2018 8:32:27 PM hudson.model.UpdateCenter$UpdateCenterConfiguration download
INFO: Downloading Resource Disposer
Apr 17, 2018 8:32:27 PM hudson.PluginManager dynamicLoad
INFO: Attempting to dynamic load /var/jenkins_home/plugins/resource-disposer.jpi
Apr 17, 2018 8:32:27 PM jenkins.InitReactorRunner$1 onAttained
INFO: Started initialization
Apr 17, 2018 8:32:27 PM jenkins.InitReactorRunner$1 onAttained
INFO: Listed all plugins
Apr 17, 2018 8:32:27 PM jenkins.InitReactorRunner$1 onAttained
INFO: Prepared all plugins
Apr 17, 2018 8:32:27 PM jenkins.InitReactorRunner$1 onAttained
INFO: Started all plugins
Apr 17, 2018 8:32:27 PM jenkins.InitReactorRunner$1 onAttained
INFO: Augmented all extensions
Apr 17, 2018 8:32:27 PM jenkins.InitReactorRunner$1 onAttained
INFO: Loaded all jobs
Apr 17, 2018 8:32:27 PM jenkins.InitReactorRunner$1 onAttained
INFO: Completed initialization
Apr 17, 2018 8:32:27 PM hudson.PluginManager dynamicLoad
INFO: Plugin resource-disposer:0.8 dynamically installed
Apr 17, 2018 8:32:27 PM hudson.model.UpdateCenter$DownloadJob run
INFO: Installation successful: Resource Disposer
Apr 17, 2018 8:32:27 PM hudson.model.UpdateCenter$DownloadJob run
INFO: Starting the installation of Workspace Cleanup on behalf of admin
Apr 17, 2018 8:32:28 PM hudson.model.UpdateCenter$UpdateCenterConfiguration download
INFO: Downloading Workspace Cleanup
Apr 17, 2018 8:32:28 PM hudson.PluginManager dynamicLoad
INFO: Attempting to dynamic load /var/jenkins_home/plugins/ws-cleanup.jpi
Apr 17, 2018 8:32:28 PM jenkins.InitReactorRunner$1 onAttained
INFO: Started initialization
Apr 17, 2018 8:32:28 PM jenkins.InitReactorRunner$1 onAttained
INFO: Listed all plugins
Apr 17, 2018 8:32:28 PM jenkins.InitReactorRunner$1 onAttained
INFO: Prepared all plugins
Apr 17, 2018 8:32:28 PM jenkins.InitReactorRunner$1 onAttained
INFO: Started all plugins
Apr 17, 2018 8:32:28 PM jenkins.InitReactorRunner$1 onAttained
INFO: Augmented all extensions
Apr 17, 2018 8:32:28 PM jenkins.InitReactorRunner$1 onAttained
INFO: Loaded all jobs
Apr 17, 2018 8:32:28 PM jenkins.InitReactorRunner$1 onAttained
INFO: Completed initialization
Apr 17, 2018 8:32:28 PM hudson.PluginManager dynamicLoad
INFO: Plugin ws-cleanup:0.34 dynamically installed
Apr 17, 2018 8:32:28 PM hudson.model.UpdateCenter$DownloadJob run
INFO: Installation successful: Workspace Cleanup
Apr 17, 2018 8:32:28 PM hudson.model.UpdateCenter$DownloadJob run
INFO: Starting the installation of Ant on behalf of admin
Apr 17, 2018 8:32:30 PM hudson.model.UpdateCenter$UpdateCenterConfiguration download
INFO: Downloading Ant
Apr 17, 2018 8:32:30 PM hudson.PluginManager dynamicLoad
INFO: Attempting to dynamic load /var/jenkins_home/plugins/ant.jpi
Apr 17, 2018 8:32:31 PM hudson.model.DownloadService$Downloadable load
INFO: Obtained the updated data file for hudson.tasks.Ant.AntInstaller
Apr 17, 2018 8:32:31 PM jenkins.InitReactorRunner$1 onAttained
INFO: Started initialization
Apr 17, 2018 8:32:31 PM jenkins.InitReactorRunner$1 onAttained
INFO: Listed all plugins
Apr 17, 2018 8:32:31 PM jenkins.InitReactorRunner$1 onAttained
INFO: Prepared all plugins
Apr 17, 2018 8:32:31 PM jenkins.InitReactorRunner$1 onAttained
INFO: Started all plugins
Apr 17, 2018 8:32:31 PM jenkins.InitReactorRunner$1 onAttained
INFO: Augmented all extensions
Apr 17, 2018 8:32:31 PM jenkins.InitReactorRunner$1 onAttained
INFO: Loaded all jobs
Apr 17, 2018 8:32:31 PM jenkins.InitReactorRunner$1 onAttained
INFO: Completed initialization
Apr 17, 2018 8:32:31 PM hudson.PluginManager dynamicLoad
INFO: Plugin ant:1.8 dynamically installed
Apr 17, 2018 8:32:31 PM hudson.model.UpdateCenter$DownloadJob run
INFO: Installation successful: Ant
Apr 17, 2018 8:32:31 PM hudson.model.UpdateCenter$DownloadJob run
INFO: Starting the installation of Gradle on behalf of admin
Apr 17, 2018 8:32:32 PM hudson.model.UpdateCenter$UpdateCenterConfiguration download
INFO: Downloading Gradle
Apr 17, 2018 8:32:32 PM hudson.PluginManager dynamicLoad
INFO: Attempting to dynamic load /var/jenkins_home/plugins/gradle.jpi
Apr 17, 2018 8:32:32 PM hudson.ClassicPluginStrategy createClassJarFromWebInfClasses
WARNING: Created /var/jenkins_home/plugins/gradle/WEB-INF/lib/classes.jar; update plugin to a version created with a newer harness
Apr 17, 2018 8:32:32 PM hudson.model.DownloadService$Downloadable load
INFO: Obtained the updated data file for hudson.plugins.gradle.GradleInstaller
Apr 17, 2018 8:32:32 PM jenkins.InitReactorRunner$1 onAttained
INFO: Started initialization
Apr 17, 2018 8:32:32 PM jenkins.InitReactorRunner$1 onAttained
INFO: Listed all plugins
Apr 17, 2018 8:32:32 PM jenkins.InitReactorRunner$1 onAttained
INFO: Prepared all plugins
Apr 17, 2018 8:32:32 PM jenkins.InitReactorRunner$1 onAttained
INFO: Started all plugins
Apr 17, 2018 8:32:32 PM jenkins.InitReactorRunner$1 onAttained
INFO: Augmented all extensions
Apr 17, 2018 8:32:32 PM jenkins.InitReactorRunner$1 onAttained
INFO: Loaded all jobs
Apr 17, 2018 8:32:32 PM jenkins.InitReactorRunner$1 onAttained
INFO: Completed initialization
Apr 17, 2018 8:32:32 PM hudson.PluginManager dynamicLoad
INFO: Plugin gradle:1.28 dynamically installed
Apr 17, 2018 8:32:32 PM hudson.model.UpdateCenter$DownloadJob run
INFO: Installation successful: Gradle
Apr 17, 2018 8:32:32 PM hudson.model.UpdateCenter$DownloadJob run
INFO: Starting the installation of Pipeline: Milestone Step on behalf of admin
Apr 17, 2018 8:32:33 PM hudson.model.UpdateCenter$UpdateCenterConfiguration download
INFO: Downloading Pipeline: Milestone Step
Apr 17, 2018 8:32:33 PM hudson.PluginManager dynamicLoad
INFO: Attempting to dynamic load /var/jenkins_home/plugins/pipeline-milestone-step.jpi
Apr 17, 2018 8:32:33 PM jenkins.InitReactorRunner$1 onAttained
INFO: Started initialization
Apr 17, 2018 8:32:33 PM jenkins.InitReactorRunner$1 onAttained
INFO: Listed all plugins
Apr 17, 2018 8:32:33 PM jenkins.InitReactorRunner$1 onAttained
INFO: Prepared all plugins
Apr 17, 2018 8:32:33 PM jenkins.InitReactorRunner$1 onAttained
INFO: Started all plugins
Apr 17, 2018 8:32:33 PM jenkins.InitReactorRunner$1 onAttained
INFO: Augmented all extensions
Apr 17, 2018 8:32:33 PM jenkins.InitReactorRunner$1 onAttained
INFO: Loaded all jobs
Apr 17, 2018 8:32:33 PM jenkins.InitReactorRunner$1 onAttained
INFO: Completed initialization
Apr 17, 2018 8:32:33 PM hudson.PluginManager dynamicLoad
INFO: Plugin pipeline-milestone-step:1.3.1 dynamically installed
Apr 17, 2018 8:32:33 PM hudson.model.UpdateCenter$DownloadJob run
INFO: Installation successful: Pipeline: Milestone Step
Apr 17, 2018 8:32:33 PM hudson.model.UpdateCenter$DownloadJob run
INFO: Starting the installation of JavaScript GUI Lib: jQuery bundles (jQuery and jQuery UI) on behalf of admin
Apr 17, 2018 8:32:34 PM hudson.model.UpdateCenter$UpdateCenterConfiguration download
INFO: Downloading JavaScript GUI Lib: jQuery bundles (jQuery and jQuery UI)
Apr 17, 2018 8:32:35 PM hudson.PluginManager dynamicLoad
INFO: Attempting to dynamic load /var/jenkins_home/plugins/jquery-detached.jpi
Apr 17, 2018 8:32:35 PM jenkins.InitReactorRunner$1 onAttained
INFO: Started initialization
Apr 17, 2018 8:32:35 PM jenkins.InitReactorRunner$1 onAttained
INFO: Listed all plugins
Apr 17, 2018 8:32:35 PM jenkins.InitReactorRunner$1 onAttained
INFO: Prepared all plugins
Apr 17, 2018 8:32:35 PM jenkins.InitReactorRunner$1 onAttained
INFO: Started all plugins
Apr 17, 2018 8:32:35 PM jenkins.InitReactorRunner$1 onAttained
INFO: Augmented all extensions
Apr 17, 2018 8:32:35 PM jenkins.InitReactorRunner$1 onAttained
INFO: Loaded all jobs
Apr 17, 2018 8:32:35 PM jenkins.InitReactorRunner$1 onAttained
INFO: Completed initialization
Apr 17, 2018 8:32:35 PM hudson.PluginManager dynamicLoad
INFO: Plugin jquery-detached:1.2.1 dynamically installed
Apr 17, 2018 8:32:35 PM hudson.model.UpdateCenter$DownloadJob run
INFO: Installation successful: JavaScript GUI Lib: jQuery bundles (jQuery and jQuery UI)
Apr 17, 2018 8:32:35 PM hudson.model.UpdateCenter$DownloadJob run
INFO: Starting the installation of Jackson 2 API on behalf of admin
Apr 17, 2018 8:32:36 PM hudson.model.UpdateCenter$UpdateCenterConfiguration download
INFO: Downloading Jackson 2 API
Apr 17, 2018 8:32:39 PM hudson.PluginManager dynamicLoad
INFO: Attempting to dynamic load /var/jenkins_home/plugins/jackson2-api.jpi
Apr 17, 2018 8:32:39 PM jenkins.InitReactorRunner$1 onAttained
INFO: Started initialization
Apr 17, 2018 8:32:39 PM jenkins.InitReactorRunner$1 onAttained
INFO: Listed all plugins
Apr 17, 2018 8:32:39 PM jenkins.InitReactorRunner$1 onAttained
INFO: Prepared all plugins
Apr 17, 2018 8:32:39 PM jenkins.InitReactorRunner$1 onAttained
INFO: Started all plugins
Apr 17, 2018 8:32:39 PM jenkins.InitReactorRunner$1 onAttained
INFO: Augmented all extensions
Apr 17, 2018 8:32:39 PM jenkins.InitReactorRunner$1 onAttained
INFO: Loaded all jobs
Apr 17, 2018 8:32:39 PM jenkins.InitReactorRunner$1 onAttained
INFO: Completed initialization
Apr 17, 2018 8:32:39 PM hudson.PluginManager dynamicLoad
INFO: Plugin jackson2-api:2.8.11.1 dynamically installed
Apr 17, 2018 8:32:39 PM hudson.model.UpdateCenter$DownloadJob run
INFO: Installation successful: Jackson 2 API
Apr 17, 2018 8:32:39 PM hudson.model.UpdateCenter$DownloadJob run
INFO: Starting the installation of JavaScript GUI Lib: ACE Editor bundle on behalf of admin
Apr 17, 2018 8:32:39 PM hudson.model.UpdateCenter$UpdateCenterConfiguration download
INFO: Downloading JavaScript GUI Lib: ACE Editor bundle
Apr 17, 2018 8:32:47 PM hudson.PluginManager dynamicLoad
INFO: Attempting to dynamic load /var/jenkins_home/plugins/ace-editor.jpi
Apr 17, 2018 8:32:48 PM jenkins.InitReactorRunner$1 onAttained
INFO: Started initialization
Apr 17, 2018 8:32:48 PM jenkins.InitReactorRunner$1 onAttained
INFO: Listed all plugins
Apr 17, 2018 8:32:48 PM jenkins.InitReactorRunner$1 onAttained
INFO: Prepared all plugins
Apr 17, 2018 8:32:48 PM jenkins.InitReactorRunner$1 onAttained
INFO: Started all plugins
Apr 17, 2018 8:32:48 PM jenkins.InitReactorRunner$1 onAttained
INFO: Augmented all extensions
Apr 17, 2018 8:32:48 PM jenkins.InitReactorRunner$1 onAttained
INFO: Loaded all jobs
Apr 17, 2018 8:32:48 PM jenkins.InitReactorRunner$1 onAttained
INFO: Completed initialization
Apr 17, 2018 8:32:48 PM hudson.PluginManager dynamicLoad
INFO: Plugin ace-editor:1.1 dynamically installed
Apr 17, 2018 8:32:48 PM hudson.model.UpdateCenter$DownloadJob run
INFO: Installation successful: JavaScript GUI Lib: ACE Editor bundle
Apr 17, 2018 8:32:48 PM hudson.model.UpdateCenter$DownloadJob run
INFO: Starting the installation of Pipeline: SCM Step on behalf of admin
Apr 17, 2018 8:32:49 PM hudson.model.UpdateCenter$UpdateCenterConfiguration download
INFO: Downloading Pipeline: SCM Step
Apr 17, 2018 8:32:49 PM hudson.PluginManager dynamicLoad
INFO: Attempting to dynamic load /var/jenkins_home/plugins/workflow-scm-step.jpi
Apr 17, 2018 8:32:49 PM jenkins.InitReactorRunner$1 onAttained
INFO: Started initialization
Apr 17, 2018 8:32:49 PM jenkins.InitReactorRunner$1 onAttained
INFO: Listed all plugins
Apr 17, 2018 8:32:49 PM jenkins.InitReactorRunner$1 onAttained
INFO: Prepared all plugins
Apr 17, 2018 8:32:49 PM jenkins.InitReactorRunner$1 onAttained
INFO: Started all plugins
Apr 17, 2018 8:32:49 PM jenkins.InitReactorRunner$1 onAttained
INFO: Augmented all extensions
Apr 17, 2018 8:32:49 PM jenkins.InitReactorRunner$1 onAttained
INFO: Loaded all jobs
Apr 17, 2018 8:32:49 PM jenkins.InitReactorRunner$1 onAttained
INFO: Completed initialization
Apr 17, 2018 8:32:49 PM hudson.PluginManager dynamicLoad
INFO: Plugin workflow-scm-step:2.6 dynamically installed
Apr 17, 2018 8:32:49 PM hudson.model.UpdateCenter$DownloadJob run
INFO: Installation successful: Pipeline: SCM Step
Apr 17, 2018 8:32:49 PM hudson.model.UpdateCenter$DownloadJob run
INFO: Starting the installation of Pipeline: Groovy on behalf of admin
Apr 17, 2018 8:32:49 PM hudson.model.UpdateCenter$UpdateCenterConfiguration download
INFO: Downloading Pipeline: Groovy
Apr 17, 2018 8:32:53 PM hudson.PluginManager dynamicLoad
INFO: Attempting to dynamic load /var/jenkins_home/plugins/workflow-cps.jpi
Apr 17, 2018 8:32:53 PM jenkins.InitReactorRunner$1 onAttained
INFO: Started initialization
Apr 17, 2018 8:32:53 PM jenkins.InitReactorRunner$1 onAttained
INFO: Listed all plugins
Apr 17, 2018 8:32:53 PM jenkins.InitReactorRunner$1 onAttained
INFO: Prepared all plugins
Apr 17, 2018 8:32:53 PM jenkins.InitReactorRunner$1 onAttained
INFO: Started all plugins
Apr 17, 2018 8:32:53 PM jenkins.InitReactorRunner$1 onAttained
INFO: Augmented all extensions
Apr 17, 2018 8:32:53 PM jenkins.InitReactorRunner$1 onAttained
INFO: Loaded all jobs
Apr 17, 2018 8:32:53 PM jenkins.InitReactorRunner$1 onAttained
INFO: Completed initialization
Apr 17, 2018 8:32:53 PM hudson.PluginManager dynamicLoad
INFO: Plugin workflow-cps:2.48 dynamically installed
Apr 17, 2018 8:32:53 PM hudson.model.UpdateCenter$DownloadJob run
INFO: Installation successful: Pipeline: Groovy
Apr 17, 2018 8:32:53 PM hudson.model.UpdateCenter$DownloadJob run
INFO: Starting the installation of Pipeline: Input Step on behalf of admin
Apr 17, 2018 8:32:56 PM hudson.model.UpdateCenter$UpdateCenterConfiguration download
INFO: Downloading Pipeline: Input Step
Apr 17, 2018 8:32:56 PM hudson.PluginManager dynamicLoad
INFO: Attempting to dynamic load /var/jenkins_home/plugins/pipeline-input-step.jpi
Apr 17, 2018 8:32:56 PM jenkins.InitReactorRunner$1 onAttained
INFO: Started initialization
Apr 17, 2018 8:32:56 PM jenkins.InitReactorRunner$1 onAttained
INFO: Listed all plugins
Apr 17, 2018 8:32:56 PM jenkins.InitReactorRunner$1 onAttained
INFO: Prepared all plugins
Apr 17, 2018 8:32:56 PM jenkins.InitReactorRunner$1 onAttained
INFO: Started all plugins
Apr 17, 2018 8:32:56 PM jenkins.InitReactorRunner$1 onAttained
INFO: Augmented all extensions
Apr 17, 2018 8:32:56 PM jenkins.InitReactorRunner$1 onAttained
INFO: Loaded all jobs
Apr 17, 2018 8:32:56 PM jenkins.InitReactorRunner$1 onAttained
INFO: Completed initialization
Apr 17, 2018 8:32:56 PM hudson.PluginManager dynamicLoad
INFO: Plugin pipeline-input-step:2.8 dynamically installed
Apr 17, 2018 8:32:56 PM hudson.model.UpdateCenter$DownloadJob run
INFO: Installation successful: Pipeline: Input Step
Apr 17, 2018 8:32:56 PM hudson.model.UpdateCenter$DownloadJob run
INFO: Starting the installation of Pipeline: Stage Step on behalf of admin
Apr 17, 2018 8:32:57 PM hudson.model.UpdateCenter$UpdateCenterConfiguration download
INFO: Downloading Pipeline: Stage Step
Apr 17, 2018 8:32:57 PM hudson.PluginManager dynamicLoad
INFO: Attempting to dynamic load /var/jenkins_home/plugins/pipeline-stage-step.jpi
Apr 17, 2018 8:32:57 PM jenkins.InitReactorRunner$1 onAttained
INFO: Started initialization
Apr 17, 2018 8:32:57 PM jenkins.InitReactorRunner$1 onAttained
INFO: Listed all plugins
Apr 17, 2018 8:32:57 PM jenkins.InitReactorRunner$1 onAttained
INFO: Prepared all plugins
Apr 17, 2018 8:32:57 PM jenkins.InitReactorRunner$1 onAttained
INFO: Started all plugins
Apr 17, 2018 8:32:57 PM jenkins.InitReactorRunner$1 onAttained
INFO: Augmented all extensions
Apr 17, 2018 8:32:57 PM jenkins.InitReactorRunner$1 onAttained
INFO: Loaded all jobs
Apr 17, 2018 8:32:57 PM jenkins.InitReactorRunner$1 onAttained
INFO: Completed initialization
Apr 17, 2018 8:32:57 PM hudson.PluginManager dynamicLoad
INFO: Plugin pipeline-stage-step:2.3 dynamically installed
Apr 17, 2018 8:32:57 PM hudson.model.UpdateCenter$DownloadJob run
INFO: Installation successful: Pipeline: Stage Step
Apr 17, 2018 8:32:57 PM hudson.model.UpdateCenter$DownloadJob run
INFO: Starting the installation of Pipeline: Job on behalf of admin
Apr 17, 2018 8:32:58 PM hudson.model.UpdateCenter$UpdateCenterConfiguration download
INFO: Downloading Pipeline: Job
Apr 17, 2018 8:32:58 PM hudson.PluginManager dynamicLoad
INFO: Attempting to dynamic load /var/jenkins_home/plugins/workflow-job.jpi
Apr 17, 2018 8:32:58 PM jenkins.InitReactorRunner$1 onAttained
INFO: Started initialization
Apr 17, 2018 8:32:58 PM jenkins.InitReactorRunner$1 onAttained
INFO: Listed all plugins
Apr 17, 2018 8:32:58 PM jenkins.InitReactorRunner$1 onAttained
INFO: Prepared all plugins
Apr 17, 2018 8:32:58 PM jenkins.InitReactorRunner$1 onAttained
INFO: Started all plugins
Apr 17, 2018 8:32:58 PM jenkins.InitReactorRunner$1 onAttained
INFO: Augmented all extensions
Apr 17, 2018 8:32:58 PM jenkins.InitReactorRunner$1 onAttained
INFO: Loaded all jobs
Apr 17, 2018 8:32:58 PM jenkins.InitReactorRunner$1 onAttained
INFO: Completed initialization
Apr 17, 2018 8:32:58 PM hudson.PluginManager dynamicLoad
INFO: Plugin workflow-job:2.19 dynamically installed
Apr 17, 2018 8:32:58 PM hudson.model.UpdateCenter$DownloadJob run
INFO: Installation successful: Pipeline: Job
Apr 17, 2018 8:32:58 PM hudson.model.UpdateCenter$DownloadJob run
INFO: Starting the installation of Pipeline Graph Analysis on behalf of admin
Apr 17, 2018 8:32:59 PM hudson.model.UpdateCenter$UpdateCenterConfiguration download
INFO: Downloading Pipeline Graph Analysis
Apr 17, 2018 8:32:59 PM hudson.PluginManager dynamicLoad
INFO: Attempting to dynamic load /var/jenkins_home/plugins/pipeline-graph-analysis.jpi
Apr 17, 2018 8:32:59 PM jenkins.InitReactorRunner$1 onAttained
INFO: Started initialization
Apr 17, 2018 8:32:59 PM jenkins.InitReactorRunner$1 onAttained
INFO: Listed all plugins
Apr 17, 2018 8:32:59 PM jenkins.InitReactorRunner$1 onAttained
INFO: Prepared all plugins
Apr 17, 2018 8:32:59 PM jenkins.InitReactorRunner$1 onAttained
INFO: Started all plugins
Apr 17, 2018 8:32:59 PM jenkins.InitReactorRunner$1 onAttained
INFO: Augmented all extensions
Apr 17, 2018 8:32:59 PM jenkins.InitReactorRunner$1 onAttained
INFO: Loaded all jobs
Apr 17, 2018 8:32:59 PM jenkins.InitReactorRunner$1 onAttained
INFO: Completed initialization
Apr 17, 2018 8:32:59 PM hudson.PluginManager dynamicLoad
INFO: Plugin pipeline-graph-analysis:1.6 dynamically installed
Apr 17, 2018 8:32:59 PM hudson.model.UpdateCenter$DownloadJob run
INFO: Installation successful: Pipeline Graph Analysis
Apr 17, 2018 8:32:59 PM hudson.model.UpdateCenter$DownloadJob run
INFO: Starting the installation of Pipeline: REST API on behalf of admin
Apr 17, 2018 8:33:00 PM hudson.model.UpdateCenter$UpdateCenterConfiguration download
INFO: Downloading Pipeline: REST API
Apr 17, 2018 8:33:00 PM hudson.PluginManager dynamicLoad
INFO: Attempting to dynamic load /var/jenkins_home/plugins/pipeline-rest-api.jpi
Apr 17, 2018 8:33:01 PM jenkins.InitReactorRunner$1 onAttained
INFO: Started initialization
Apr 17, 2018 8:33:01 PM jenkins.InitReactorRunner$1 onAttained
INFO: Listed all plugins
Apr 17, 2018 8:33:01 PM jenkins.InitReactorRunner$1 onAttained
INFO: Prepared all plugins
Apr 17, 2018 8:33:01 PM jenkins.InitReactorRunner$1 onAttained
INFO: Started all plugins
Apr 17, 2018 8:33:01 PM jenkins.InitReactorRunner$1 onAttained
INFO: Augmented all extensions
Apr 17, 2018 8:33:01 PM jenkins.InitReactorRunner$1 onAttained
INFO: Loaded all jobs
Apr 17, 2018 8:33:01 PM jenkins.InitReactorRunner$1 onAttained
INFO: Completed initialization
Apr 17, 2018 8:33:01 PM hudson.PluginManager dynamicLoad
INFO: Plugin pipeline-rest-api:2.10 dynamically installed
Apr 17, 2018 8:33:01 PM hudson.model.UpdateCenter$DownloadJob run
INFO: Installation successful: Pipeline: REST API
Apr 17, 2018 8:33:01 PM hudson.model.UpdateCenter$DownloadJob run
INFO: Starting the installation of JavaScript GUI Lib: Handlebars bundle on behalf of admin
Apr 17, 2018 8:33:02 PM hudson.model.UpdateCenter$UpdateCenterConfiguration download
INFO: Downloading JavaScript GUI Lib: Handlebars bundle
Apr 17, 2018 8:33:03 PM hudson.PluginManager dynamicLoad
INFO: Attempting to dynamic load /var/jenkins_home/plugins/handlebars.jpi
Apr 17, 2018 8:33:03 PM jenkins.InitReactorRunner$1 onAttained
INFO: Started initialization
Apr 17, 2018 8:33:03 PM jenkins.InitReactorRunner$1 onAttained
INFO: Listed all plugins
Apr 17, 2018 8:33:03 PM jenkins.InitReactorRunner$1 onAttained
INFO: Prepared all plugins
Apr 17, 2018 8:33:03 PM jenkins.InitReactorRunner$1 onAttained
INFO: Started all plugins
Apr 17, 2018 8:33:03 PM jenkins.InitReactorRunner$1 onAttained
INFO: Augmented all extensions
Apr 17, 2018 8:33:03 PM jenkins.InitReactorRunner$1 onAttained
INFO: Loaded all jobs
Apr 17, 2018 8:33:03 PM jenkins.InitReactorRunner$1 onAttained
INFO: Completed initialization
Apr 17, 2018 8:33:03 PM hudson.PluginManager dynamicLoad
INFO: Plugin handlebars:1.1.1 dynamically installed
Apr 17, 2018 8:33:03 PM hudson.model.UpdateCenter$DownloadJob run
INFO: Installation successful: JavaScript GUI Lib: Handlebars bundle
Apr 17, 2018 8:33:03 PM hudson.model.UpdateCenter$DownloadJob run
INFO: Starting the installation of JavaScript GUI Lib: Moment.js bundle on behalf of admin
Apr 17, 2018 8:33:04 PM hudson.model.UpdateCenter$UpdateCenterConfiguration download
INFO: Downloading JavaScript GUI Lib: Moment.js bundle
Apr 17, 2018 8:33:04 PM hudson.PluginManager dynamicLoad
INFO: Attempting to dynamic load /var/jenkins_home/plugins/momentjs.jpi
Apr 17, 2018 8:33:04 PM jenkins.InitReactorRunner$1 onAttained
INFO: Started initialization
Apr 17, 2018 8:33:04 PM jenkins.InitReactorRunner$1 onAttained
INFO: Listed all plugins
Apr 17, 2018 8:33:04 PM jenkins.InitReactorRunner$1 onAttained
INFO: Prepared all plugins
Apr 17, 2018 8:33:04 PM jenkins.InitReactorRunner$1 onAttained
INFO: Started all plugins
Apr 17, 2018 8:33:04 PM jenkins.InitReactorRunner$1 onAttained
INFO: Augmented all extensions
Apr 17, 2018 8:33:04 PM jenkins.InitReactorRunner$1 onAttained
INFO: Loaded all jobs
Apr 17, 2018 8:33:04 PM jenkins.InitReactorRunner$1 onAttained
INFO: Completed initialization
Apr 17, 2018 8:33:04 PM hudson.PluginManager dynamicLoad
INFO: Plugin momentjs:1.1.1 dynamically installed
Apr 17, 2018 8:33:04 PM hudson.model.UpdateCenter$DownloadJob run
INFO: Installation successful: JavaScript GUI Lib: Moment.js bundle
Apr 17, 2018 8:33:04 PM hudson.model.UpdateCenter$DownloadJob run
INFO: Starting the installation of Pipeline: Stage View on behalf of admin
Apr 17, 2018 8:33:05 PM hudson.model.UpdateCenter$UpdateCenterConfiguration download
INFO: Downloading Pipeline: Stage View
Apr 17, 2018 8:33:06 PM hudson.PluginManager dynamicLoad
INFO: Attempting to dynamic load /var/jenkins_home/plugins/pipeline-stage-view.jpi
Apr 17, 2018 8:33:06 PM jenkins.InitReactorRunner$1 onAttained
INFO: Started initialization
Apr 17, 2018 8:33:06 PM jenkins.InitReactorRunner$1 onAttained
INFO: Listed all plugins
Apr 17, 2018 8:33:06 PM jenkins.InitReactorRunner$1 onAttained
INFO: Prepared all plugins
Apr 17, 2018 8:33:06 PM jenkins.InitReactorRunner$1 onAttained
INFO: Started all plugins
Apr 17, 2018 8:33:06 PM jenkins.InitReactorRunner$1 onAttained
INFO: Augmented all extensions
Apr 17, 2018 8:33:06 PM jenkins.InitReactorRunner$1 onAttained
INFO: Loaded all jobs
Apr 17, 2018 8:33:06 PM jenkins.InitReactorRunner$1 onAttained
INFO: Completed initialization
Apr 17, 2018 8:33:06 PM hudson.PluginManager dynamicLoad
INFO: Plugin pipeline-stage-view:2.10 dynamically installed
Apr 17, 2018 8:33:06 PM hudson.model.UpdateCenter$DownloadJob run
INFO: Installation successful: Pipeline: Stage View
Apr 17, 2018 8:33:06 PM hudson.model.UpdateCenter$DownloadJob run
INFO: Starting the installation of Pipeline: Build Step on behalf of admin
Apr 17, 2018 8:33:06 PM hudson.model.UpdateCenter$UpdateCenterConfiguration download
INFO: Downloading Pipeline: Build Step
Apr 17, 2018 8:33:07 PM hudson.PluginManager dynamicLoad
INFO: Attempting to dynamic load /var/jenkins_home/plugins/pipeline-build-step.jpi
Apr 17, 2018 8:33:07 PM jenkins.InitReactorRunner$1 onAttained
INFO: Started initialization
Apr 17, 2018 8:33:07 PM jenkins.InitReactorRunner$1 onAttained
INFO: Listed all plugins
Apr 17, 2018 8:33:07 PM jenkins.InitReactorRunner$1 onAttained
INFO: Prepared all plugins
Apr 17, 2018 8:33:07 PM jenkins.InitReactorRunner$1 onAttained
INFO: Started all plugins
Apr 17, 2018 8:33:07 PM jenkins.InitReactorRunner$1 onAttained
INFO: Augmented all extensions
Apr 17, 2018 8:33:07 PM jenkins.InitReactorRunner$1 onAttained
INFO: Loaded all jobs
Apr 17, 2018 8:33:07 PM jenkins.InitReactorRunner$1 onAttained
INFO: Completed initialization
Apr 17, 2018 8:33:07 PM hudson.PluginManager dynamicLoad
INFO: Plugin pipeline-build-step:2.7 dynamically installed
Apr 17, 2018 8:33:07 PM hudson.model.UpdateCenter$DownloadJob run
INFO: Installation successful: Pipeline: Build Step
Apr 17, 2018 8:33:07 PM hudson.model.UpdateCenter$DownloadJob run
INFO: Starting the installation of Pipeline: Model API on behalf of admin
Apr 17, 2018 8:33:08 PM hudson.model.UpdateCenter$UpdateCenterConfiguration download
INFO: Downloading Pipeline: Model API
Apr 17, 2018 8:33:13 PM hudson.PluginManager dynamicLoad
INFO: Attempting to dynamic load /var/jenkins_home/plugins/pipeline-model-api.jpi
Apr 17, 2018 8:33:13 PM jenkins.InitReactorRunner$1 onAttained
INFO: Started initialization
Apr 17, 2018 8:33:13 PM jenkins.InitReactorRunner$1 onAttained
INFO: Listed all plugins
Apr 17, 2018 8:33:13 PM jenkins.InitReactorRunner$1 onAttained
INFO: Prepared all plugins
Apr 17, 2018 8:33:13 PM jenkins.InitReactorRunner$1 onAttained
INFO: Started all plugins
Apr 17, 2018 8:33:13 PM jenkins.InitReactorRunner$1 onAttained
INFO: Augmented all extensions
Apr 17, 2018 8:33:13 PM jenkins.InitReactorRunner$1 onAttained
INFO: Loaded all jobs
Apr 17, 2018 8:33:13 PM jenkins.InitReactorRunner$1 onAttained
INFO: Completed initialization
Apr 17, 2018 8:33:13 PM hudson.PluginManager dynamicLoad
INFO: Plugin pipeline-model-api:1.2.9 dynamically installed
Apr 17, 2018 8:33:13 PM hudson.model.UpdateCenter$DownloadJob run
INFO: Installation successful: Pipeline: Model API
Apr 17, 2018 8:33:13 PM hudson.model.UpdateCenter$DownloadJob run
INFO: Starting the installation of Pipeline: Declarative Extension Points API on behalf of admin
Apr 17, 2018 8:33:14 PM hudson.model.UpdateCenter$UpdateCenterConfiguration download
INFO: Downloading Pipeline: Declarative Extension Points API
Apr 17, 2018 8:33:14 PM hudson.PluginManager dynamicLoad
INFO: Attempting to dynamic load /var/jenkins_home/plugins/pipeline-model-extensions.jpi
Apr 17, 2018 8:33:14 PM jenkins.InitReactorRunner$1 onAttained
INFO: Started initialization
Apr 17, 2018 8:33:14 PM jenkins.InitReactorRunner$1 onAttained
INFO: Listed all plugins
Apr 17, 2018 8:33:14 PM jenkins.InitReactorRunner$1 onAttained
INFO: Prepared all plugins
Apr 17, 2018 8:33:14 PM jenkins.InitReactorRunner$1 onAttained
INFO: Started all plugins
Apr 17, 2018 8:33:14 PM jenkins.InitReactorRunner$1 onAttained
INFO: Augmented all extensions
Apr 17, 2018 8:33:14 PM jenkins.InitReactorRunner$1 onAttained
INFO: Loaded all jobs
Apr 17, 2018 8:33:14 PM jenkins.InitReactorRunner$1 onAttained
INFO: Completed initialization
Apr 17, 2018 8:33:14 PM hudson.PluginManager dynamicLoad
INFO: Plugin pipeline-model-extensions:1.2.9 dynamically installed
Apr 17, 2018 8:33:14 PM hudson.model.UpdateCenter$DownloadJob run
INFO: Installation successful: Pipeline: Declarative Extension Points API
Apr 17, 2018 8:33:14 PM hudson.model.UpdateCenter$DownloadJob run
INFO: Starting the installation of Apache HttpComponents Client 4.x API on behalf of admin
Apr 17, 2018 8:33:15 PM hudson.model.UpdateCenter$UpdateCenterConfiguration download
INFO: Downloading Apache HttpComponents Client 4.x API
Apr 17, 2018 8:33:15 PM hudson.PluginManager dynamicLoad
INFO: Attempting to dynamic load /var/jenkins_home/plugins/apache-httpcomponents-client-4-api.jpi
Apr 17, 2018 8:33:16 PM jenkins.InitReactorRunner$1 onAttained
INFO: Started initialization
Apr 17, 2018 8:33:16 PM jenkins.InitReactorRunner$1 onAttained
INFO: Listed all plugins
Apr 17, 2018 8:33:16 PM jenkins.InitReactorRunner$1 onAttained
INFO: Prepared all plugins
Apr 17, 2018 8:33:16 PM jenkins.InitReactorRunner$1 onAttained
INFO: Started all plugins
Apr 17, 2018 8:33:16 PM jenkins.InitReactorRunner$1 onAttained
INFO: Augmented all extensions
Apr 17, 2018 8:33:16 PM jenkins.InitReactorRunner$1 onAttained
INFO: Loaded all jobs
Apr 17, 2018 8:33:16 PM jenkins.InitReactorRunner$1 onAttained
INFO: Completed initialization
Apr 17, 2018 8:33:16 PM hudson.PluginManager dynamicLoad
INFO: Plugin apache-httpcomponents-client-4-api:4.5.3-2.1 dynamically installed
Apr 17, 2018 8:33:16 PM hudson.model.UpdateCenter$DownloadJob run
INFO: Installation successful: Apache HttpComponents Client 4.x API
Apr 17, 2018 8:33:16 PM hudson.model.UpdateCenter$DownloadJob run
INFO: Starting the installation of JSch dependency on behalf of admin
Apr 17, 2018 8:33:16 PM hudson.model.UpdateCenter$UpdateCenterConfiguration download
INFO: Downloading JSch dependency
Apr 17, 2018 8:33:17 PM hudson.PluginManager dynamicLoad
INFO: Attempting to dynamic load /var/jenkins_home/plugins/jsch.jpi
Apr 17, 2018 8:33:17 PM jenkins.InitReactorRunner$1 onAttained
INFO: Started initialization
Apr 17, 2018 8:33:17 PM jenkins.InitReactorRunner$1 onAttained
INFO: Listed all plugins
Apr 17, 2018 8:33:17 PM jenkins.InitReactorRunner$1 onAttained
INFO: Prepared all plugins
Apr 17, 2018 8:33:17 PM jenkins.InitReactorRunner$1 onAttained
INFO: Started all plugins
Apr 17, 2018 8:33:17 PM jenkins.InitReactorRunner$1 onAttained
INFO: Augmented all extensions
Apr 17, 2018 8:33:17 PM jenkins.InitReactorRunner$1 onAttained
INFO: Loaded all jobs
Apr 17, 2018 8:33:17 PM jenkins.InitReactorRunner$1 onAttained
INFO: Completed initialization
Apr 17, 2018 8:33:17 PM hudson.PluginManager dynamicLoad
INFO: Plugin jsch:0.1.54.2 dynamically installed
Apr 17, 2018 8:33:17 PM hudson.model.UpdateCenter$DownloadJob run
INFO: Installation successful: JSch dependency
Apr 17, 2018 8:33:17 PM hudson.model.UpdateCenter$DownloadJob run
INFO: Starting the installation of Git client on behalf of admin
Apr 17, 2018 8:33:17 PM hudson.model.UpdateCenter$UpdateCenterConfiguration download
INFO: Downloading Git client
Apr 17, 2018 8:33:19 PM hudson.PluginManager dynamicLoad
INFO: Attempting to dynamic load /var/jenkins_home/plugins/git-client.jpi
Apr 17, 2018 8:33:19 PM jenkins.InitReactorRunner$1 onAttained
INFO: Started initialization
Apr 17, 2018 8:33:19 PM jenkins.InitReactorRunner$1 onAttained
INFO: Listed all plugins
Apr 17, 2018 8:33:19 PM jenkins.InitReactorRunner$1 onAttained
INFO: Prepared all plugins
Apr 17, 2018 8:33:19 PM jenkins.InitReactorRunner$1 onAttained
INFO: Started all plugins
Apr 17, 2018 8:33:19 PM jenkins.InitReactorRunner$1 onAttained
INFO: Augmented all extensions
Apr 17, 2018 8:33:19 PM jenkins.InitReactorRunner$1 onAttained
INFO: Loaded all jobs
Apr 17, 2018 8:33:19 PM jenkins.InitReactorRunner$1 onAttained
INFO: Completed initialization
Apr 17, 2018 8:33:19 PM hudson.PluginManager dynamicLoad
INFO: Plugin git-client:2.7.1 dynamically installed
Apr 17, 2018 8:33:19 PM hudson.model.UpdateCenter$DownloadJob run
INFO: Installation successful: Git client
Apr 17, 2018 8:33:19 PM hudson.model.UpdateCenter$DownloadJob run
INFO: Starting the installation of GIT server on behalf of admin
Apr 17, 2018 8:33:21 PM hudson.model.UpdateCenter$UpdateCenterConfiguration download
INFO: Downloading GIT server
Apr 17, 2018 8:33:21 PM hudson.PluginManager dynamicLoad
INFO: Attempting to dynamic load /var/jenkins_home/plugins/git-server.jpi
Apr 17, 2018 8:33:21 PM jenkins.InitReactorRunner$1 onAttained
INFO: Started initialization
Apr 17, 2018 8:33:21 PM jenkins.InitReactorRunner$1 onAttained
INFO: Listed all plugins
Apr 17, 2018 8:33:21 PM jenkins.InitReactorRunner$1 onAttained
INFO: Prepared all plugins
Apr 17, 2018 8:33:21 PM jenkins.InitReactorRunner$1 onAttained
INFO: Started all plugins
Apr 17, 2018 8:33:21 PM jenkins.InitReactorRunner$1 onAttained
INFO: Augmented all extensions
Apr 17, 2018 8:33:21 PM jenkins.InitReactorRunner$1 onAttained
INFO: Loaded all jobs
Apr 17, 2018 8:33:21 PM jenkins.InitReactorRunner$1 onAttained
INFO: Completed initialization
Apr 17, 2018 8:33:21 PM hudson.PluginManager dynamicLoad
INFO: Plugin git-server:1.7 dynamically installed
Apr 17, 2018 8:33:21 PM hudson.model.UpdateCenter$DownloadJob run
INFO: Installation successful: GIT server
Apr 17, 2018 8:33:21 PM hudson.model.UpdateCenter$DownloadJob run
INFO: Starting the installation of Pipeline: Shared Groovy Libraries on behalf of admin
Apr 17, 2018 8:33:22 PM hudson.model.UpdateCenter$UpdateCenterConfiguration download
INFO: Downloading Pipeline: Shared Groovy Libraries
Apr 17, 2018 8:33:25 PM hudson.PluginManager dynamicLoad
INFO: Attempting to dynamic load /var/jenkins_home/plugins/workflow-cps-global-lib.jpi
Apr 17, 2018 8:33:26 PM jenkins.InitReactorRunner$1 onAttained
INFO: Started initialization
Apr 17, 2018 8:33:26 PM jenkins.InitReactorRunner$1 onAttained
INFO: Listed all plugins
Apr 17, 2018 8:33:26 PM jenkins.InitReactorRunner$1 onAttained
INFO: Prepared all plugins
Apr 17, 2018 8:33:26 PM jenkins.InitReactorRunner$1 onAttained
INFO: Started all plugins
Apr 17, 2018 8:33:26 PM jenkins.InitReactorRunner$1 onAttained
INFO: Augmented all extensions
Apr 17, 2018 8:33:26 PM jenkins.InitReactorRunner$1 onAttained
INFO: Loaded all jobs
Apr 17, 2018 8:33:27 PM jenkins.InitReactorRunner$1 onAttained
INFO: Completed initialization
Apr 17, 2018 8:33:27 PM hudson.PluginManager dynamicLoad
INFO: Plugin workflow-cps-global-lib:2.9 dynamically installed
Apr 17, 2018 8:33:27 PM hudson.model.UpdateCenter$DownloadJob run
INFO: Installation successful: Pipeline: Shared Groovy Libraries
Apr 17, 2018 8:33:27 PM hudson.model.UpdateCenter$DownloadJob run
INFO: Starting the installation of Display URL API on behalf of admin
Apr 17, 2018 8:33:27 PM hudson.model.UpdateCenter$UpdateCenterConfiguration download
INFO: Downloading Display URL API
Apr 17, 2018 8:33:27 PM hudson.PluginManager dynamicLoad
INFO: Attempting to dynamic load /var/jenkins_home/plugins/display-url-api.jpi
Apr 17, 2018 8:33:27 PM jenkins.InitReactorRunner$1 onAttained
INFO: Started initialization
Apr 17, 2018 8:33:27 PM jenkins.InitReactorRunner$1 onAttained
INFO: Listed all plugins
Apr 17, 2018 8:33:27 PM jenkins.InitReactorRunner$1 onAttained
INFO: Prepared all plugins
Apr 17, 2018 8:33:27 PM jenkins.InitReactorRunner$1 onAttained
INFO: Started all plugins
Apr 17, 2018 8:33:27 PM jenkins.InitReactorRunner$1 onAttained
INFO: Augmented all extensions
Apr 17, 2018 8:33:27 PM jenkins.InitReactorRunner$1 onAttained
INFO: Loaded all jobs
Apr 17, 2018 8:33:27 PM jenkins.InitReactorRunner$1 onAttained
INFO: Completed initialization
Apr 17, 2018 8:33:27 PM hudson.PluginManager dynamicLoad
INFO: Plugin display-url-api:2.2.0 dynamically installed
Apr 17, 2018 8:33:27 PM hudson.model.UpdateCenter$DownloadJob run
INFO: Installation successful: Display URL API
Apr 17, 2018 8:33:27 PM hudson.model.UpdateCenter$DownloadJob run
INFO: Starting the installation of Mailer on behalf of admin
Apr 17, 2018 8:33:28 PM hudson.model.UpdateCenter$UpdateCenterConfiguration download
INFO: Downloading Mailer
Apr 17, 2018 8:33:29 PM hudson.PluginManager dynamicLoad
INFO: Attempting to dynamic load /var/jenkins_home/plugins/mailer.jpi
Apr 17, 2018 8:33:29 PM jenkins.InitReactorRunner$1 onAttained
INFO: Started initialization
Apr 17, 2018 8:33:29 PM jenkins.InitReactorRunner$1 onAttained
INFO: Listed all plugins
Apr 17, 2018 8:33:29 PM jenkins.InitReactorRunner$1 onAttained
INFO: Prepared all plugins
Apr 17, 2018 8:33:29 PM jenkins.InitReactorRunner$1 onAttained
INFO: Started all plugins
Apr 17, 2018 8:33:29 PM jenkins.InitReactorRunner$1 onAttained
INFO: Augmented all extensions
Apr 17, 2018 8:33:29 PM jenkins.InitReactorRunner$1 onAttained
INFO: Loaded all jobs
Apr 17, 2018 8:33:29 PM jenkins.InitReactorRunner$1 onAttained
INFO: Completed initialization
Apr 17, 2018 8:33:29 PM hudson.PluginManager dynamicLoad
INFO: Plugin mailer:1.21 dynamically installed
Apr 17, 2018 8:33:29 PM hudson.model.UpdateCenter$DownloadJob run
INFO: Installation successful: Mailer
Apr 17, 2018 8:33:29 PM hudson.model.UpdateCenter$DownloadJob run
INFO: Starting the installation of Branch API on behalf of admin
Apr 17, 2018 8:33:29 PM hudson.model.UpdateCenter$UpdateCenterConfiguration download
INFO: Downloading Branch API
Apr 17, 2018 8:33:30 PM hudson.PluginManager dynamicLoad
INFO: Attempting to dynamic load /var/jenkins_home/plugins/branch-api.jpi
Apr 17, 2018 8:33:30 PM jenkins.InitReactorRunner$1 onAttained
INFO: Started initialization
Apr 17, 2018 8:33:30 PM jenkins.InitReactorRunner$1 onAttained
INFO: Listed all plugins
Apr 17, 2018 8:33:30 PM jenkins.InitReactorRunner$1 onAttained
INFO: Prepared all plugins
Apr 17, 2018 8:33:30 PM jenkins.InitReactorRunner$1 onAttained
INFO: Started all plugins
Apr 17, 2018 8:33:30 PM jenkins.InitReactorRunner$1 onAttained
INFO: Augmented all extensions
Apr 17, 2018 8:33:30 PM jenkins.InitReactorRunner$1 onAttained
INFO: Loaded all jobs
Apr 17, 2018 8:33:30 PM jenkins.InitReactorRunner$1 onAttained
INFO: Completed initialization
Apr 17, 2018 8:33:30 PM hudson.PluginManager dynamicLoad
INFO: Plugin branch-api:2.0.19 dynamically installed
Apr 17, 2018 8:33:30 PM hudson.model.UpdateCenter$DownloadJob run
INFO: Installation successful: Branch API
Apr 17, 2018 8:33:30 PM hudson.model.UpdateCenter$DownloadJob run
INFO: Starting the installation of Pipeline: Multibranch on behalf of admin
Apr 17, 2018 8:33:32 PM hudson.model.UpdateCenter$UpdateCenterConfiguration download
INFO: Downloading Pipeline: Multibranch
Apr 17, 2018 8:33:32 PM hudson.PluginManager dynamicLoad
INFO: Attempting to dynamic load /var/jenkins_home/plugins/workflow-multibranch.jpi
Apr 17, 2018 8:33:33 PM jenkins.InitReactorRunner$1 onAttained
INFO: Started initialization
Apr 17, 2018 8:33:33 PM jenkins.InitReactorRunner$1 onAttained
INFO: Listed all plugins
Apr 17, 2018 8:33:33 PM jenkins.InitReactorRunner$1 onAttained
INFO: Prepared all plugins
Apr 17, 2018 8:33:33 PM jenkins.InitReactorRunner$1 onAttained
INFO: Started all plugins
Apr 17, 2018 8:33:33 PM jenkins.InitReactorRunner$1 onAttained
INFO: Augmented all extensions
Apr 17, 2018 8:33:33 PM jenkins.InitReactorRunner$1 onAttained
INFO: Loaded all jobs
Apr 17, 2018 8:33:33 PM jenkins.InitReactorRunner$1 onAttained
INFO: Completed initialization
Apr 17, 2018 8:33:33 PM hudson.PluginManager dynamicLoad
INFO: Plugin workflow-multibranch:2.17 dynamically installed
Apr 17, 2018 8:33:33 PM hudson.model.UpdateCenter$DownloadJob run
INFO: Installation successful: Pipeline: Multibranch
Apr 17, 2018 8:33:33 PM hudson.model.UpdateCenter$DownloadJob run
INFO: Starting the installation of Authentication Tokens API on behalf of admin
Apr 17, 2018 8:33:34 PM hudson.model.UpdateCenter$UpdateCenterConfiguration download
INFO: Downloading Authentication Tokens API
Apr 17, 2018 8:33:34 PM hudson.PluginManager dynamicLoad
INFO: Attempting to dynamic load /var/jenkins_home/plugins/authentication-tokens.jpi
Apr 17, 2018 8:33:34 PM jenkins.InitReactorRunner$1 onAttained
INFO: Started initialization
Apr 17, 2018 8:33:34 PM jenkins.InitReactorRunner$1 onAttained
INFO: Listed all plugins
Apr 17, 2018 8:33:34 PM jenkins.InitReactorRunner$1 onAttained
INFO: Prepared all plugins
Apr 17, 2018 8:33:34 PM jenkins.InitReactorRunner$1 onAttained
INFO: Started all plugins
Apr 17, 2018 8:33:34 PM jenkins.InitReactorRunner$1 onAttained
INFO: Augmented all extensions
Apr 17, 2018 8:33:34 PM jenkins.InitReactorRunner$1 onAttained
INFO: Loaded all jobs
Apr 17, 2018 8:33:34 PM jenkins.InitReactorRunner$1 onAttained
INFO: Completed initialization
Apr 17, 2018 8:33:34 PM hudson.PluginManager dynamicLoad
INFO: Plugin authentication-tokens:1.3 dynamically installed
Apr 17, 2018 8:33:34 PM hudson.model.UpdateCenter$DownloadJob run
INFO: Installation successful: Authentication Tokens API
Apr 17, 2018 8:33:34 PM hudson.model.UpdateCenter$DownloadJob run
INFO: Starting the installation of Docker Commons on behalf of admin
Apr 17, 2018 8:33:35 PM hudson.model.UpdateCenter$UpdateCenterConfiguration download
INFO: Downloading Docker Commons
Apr 17, 2018 8:33:35 PM hudson.PluginManager dynamicLoad
INFO: Attempting to dynamic load /var/jenkins_home/plugins/docker-commons.jpi
Apr 17, 2018 8:33:35 PM jenkins.InitReactorRunner$1 onAttained
INFO: Started initialization
Apr 17, 2018 8:33:35 PM jenkins.InitReactorRunner$1 onAttained
INFO: Listed all plugins
Apr 17, 2018 8:33:35 PM jenkins.InitReactorRunner$1 onAttained
INFO: Prepared all plugins
Apr 17, 2018 8:33:35 PM jenkins.InitReactorRunner$1 onAttained
INFO: Started all plugins
Apr 17, 2018 8:33:35 PM jenkins.InitReactorRunner$1 onAttained
INFO: Augmented all extensions
Apr 17, 2018 8:33:35 PM jenkins.InitReactorRunner$1 onAttained
INFO: Loaded all jobs
Apr 17, 2018 8:33:35 PM jenkins.InitReactorRunner$1 onAttained
INFO: Completed initialization
Apr 17, 2018 8:33:35 PM hudson.PluginManager dynamicLoad
INFO: Plugin docker-commons:1.11 dynamically installed
Apr 17, 2018 8:33:35 PM hudson.model.UpdateCenter$DownloadJob run
INFO: Installation successful: Docker Commons
Apr 17, 2018 8:33:35 PM hudson.model.UpdateCenter$DownloadJob run
INFO: Starting the installation of Docker Pipeline on behalf of admin
Apr 17, 2018 8:33:36 PM hudson.model.UpdateCenter$UpdateCenterConfiguration download
INFO: Downloading Docker Pipeline
Apr 17, 2018 8:33:37 PM hudson.PluginManager dynamicLoad
INFO: Attempting to dynamic load /var/jenkins_home/plugins/docker-workflow.jpi
Apr 17, 2018 8:33:37 PM jenkins.InitReactorRunner$1 onAttained
INFO: Started initialization
Apr 17, 2018 8:33:37 PM jenkins.InitReactorRunner$1 onAttained
INFO: Listed all plugins
Apr 17, 2018 8:33:37 PM jenkins.InitReactorRunner$1 onAttained
INFO: Prepared all plugins
Apr 17, 2018 8:33:37 PM jenkins.InitReactorRunner$1 onAttained
INFO: Started all plugins
Apr 17, 2018 8:33:37 PM jenkins.InitReactorRunner$1 onAttained
INFO: Augmented all extensions
Apr 17, 2018 8:33:37 PM jenkins.InitReactorRunner$1 onAttained
INFO: Loaded all jobs
Apr 17, 2018 8:33:37 PM jenkins.InitReactorRunner$1 onAttained
INFO: Completed initialization
Apr 17, 2018 8:33:37 PM hudson.PluginManager dynamicLoad
INFO: Plugin docker-workflow:1.15.1 dynamically installed
Apr 17, 2018 8:33:37 PM hudson.model.UpdateCenter$DownloadJob run
INFO: Installation successful: Docker Pipeline
Apr 17, 2018 8:33:37 PM hudson.model.UpdateCenter$DownloadJob run
INFO: Starting the installation of Pipeline: Stage Tags Metadata on behalf of admin
Apr 17, 2018 8:33:38 PM hudson.model.UpdateCenter$UpdateCenterConfiguration download
INFO: Downloading Pipeline: Stage Tags Metadata
Apr 17, 2018 8:33:38 PM hudson.PluginManager dynamicLoad
INFO: Attempting to dynamic load /var/jenkins_home/plugins/pipeline-stage-tags-metadata.jpi
Apr 17, 2018 8:33:38 PM jenkins.InitReactorRunner$1 onAttained
INFO: Started initialization
Apr 17, 2018 8:33:38 PM jenkins.InitReactorRunner$1 onAttained
INFO: Listed all plugins
Apr 17, 2018 8:33:38 PM jenkins.InitReactorRunner$1 onAttained
INFO: Prepared all plugins
Apr 17, 2018 8:33:38 PM jenkins.InitReactorRunner$1 onAttained
INFO: Started all plugins
Apr 17, 2018 8:33:38 PM jenkins.InitReactorRunner$1 onAttained
INFO: Augmented all extensions
Apr 17, 2018 8:33:38 PM jenkins.InitReactorRunner$1 onAttained
INFO: Loaded all jobs
Apr 17, 2018 8:33:38 PM jenkins.InitReactorRunner$1 onAttained
INFO: Completed initialization
Apr 17, 2018 8:33:38 PM hudson.PluginManager dynamicLoad
INFO: Plugin pipeline-stage-tags-metadata:1.2.9 dynamically installed
Apr 17, 2018 8:33:38 PM hudson.model.UpdateCenter$DownloadJob run
INFO: Installation successful: Pipeline: Stage Tags Metadata
Apr 17, 2018 8:33:38 PM hudson.model.UpdateCenter$DownloadJob run
INFO: Starting the installation of Pipeline: Declarative Agent API on behalf of admin
Apr 17, 2018 8:33:38 PM hudson.model.UpdateCenter$UpdateCenterConfiguration download
INFO: Downloading Pipeline: Declarative Agent API
Apr 17, 2018 8:33:38 PM hudson.PluginManager dynamicLoad
INFO: Attempting to dynamic load /var/jenkins_home/plugins/pipeline-model-declarative-agent.jpi
Apr 17, 2018 8:33:38 PM jenkins.InitReactorRunner$1 onAttained
INFO: Started initialization
Apr 17, 2018 8:33:38 PM jenkins.InitReactorRunner$1 onAttained
INFO: Listed all plugins
Apr 17, 2018 8:33:38 PM jenkins.InitReactorRunner$1 onAttained
INFO: Prepared all plugins
Apr 17, 2018 8:33:38 PM jenkins.InitReactorRunner$1 onAttained
INFO: Started all plugins
Apr 17, 2018 8:33:38 PM jenkins.InitReactorRunner$1 onAttained
INFO: Augmented all extensions
Apr 17, 2018 8:33:38 PM jenkins.InitReactorRunner$1 onAttained
INFO: Loaded all jobs
Apr 17, 2018 8:33:38 PM jenkins.InitReactorRunner$1 onAttained
INFO: Completed initialization
Apr 17, 2018 8:33:38 PM hudson.PluginManager dynamicLoad
INFO: Plugin pipeline-model-declarative-agent:1.1.1 dynamically installed
Apr 17, 2018 8:33:38 PM hudson.model.UpdateCenter$DownloadJob run
INFO: Installation successful: Pipeline: Declarative Agent API
Apr 17, 2018 8:33:38 PM hudson.model.UpdateCenter$DownloadJob run
INFO: Starting the installation of Pipeline: Basic Steps on behalf of admin
Apr 17, 2018 8:33:39 PM hudson.model.UpdateCenter$UpdateCenterConfiguration download
INFO: Downloading Pipeline: Basic Steps
Apr 17, 2018 8:33:39 PM hudson.PluginManager dynamicLoad
INFO: Attempting to dynamic load /var/jenkins_home/plugins/workflow-basic-steps.jpi
Apr 17, 2018 8:33:40 PM jenkins.InitReactorRunner$1 onAttained
INFO: Started initialization
Apr 17, 2018 8:33:40 PM jenkins.InitReactorRunner$1 onAttained
INFO: Listed all plugins
Apr 17, 2018 8:33:40 PM jenkins.InitReactorRunner$1 onAttained
INFO: Prepared all plugins
Apr 17, 2018 8:33:40 PM jenkins.InitReactorRunner$1 onAttained
INFO: Started all plugins
Apr 17, 2018 8:33:40 PM jenkins.InitReactorRunner$1 onAttained
INFO: Augmented all extensions
Apr 17, 2018 8:33:40 PM jenkins.InitReactorRunner$1 onAttained
INFO: Loaded all jobs
Apr 17, 2018 8:33:40 PM jenkins.InitReactorRunner$1 onAttained
INFO: Completed initialization
Apr 17, 2018 8:33:40 PM hudson.PluginManager dynamicLoad
INFO: Plugin workflow-basic-steps:2.6 dynamically installed
Apr 17, 2018 8:33:40 PM hudson.model.UpdateCenter$DownloadJob run
INFO: Installation successful: Pipeline: Basic Steps
Apr 17, 2018 8:33:40 PM hudson.model.UpdateCenter$DownloadJob run
INFO: Starting the installation of Pipeline: Declarative on behalf of admin
Apr 17, 2018 8:33:40 PM hudson.model.UpdateCenter$UpdateCenterConfiguration download
INFO: Downloading Pipeline: Declarative
Apr 17, 2018 8:33:42 PM hudson.PluginManager dynamicLoad
INFO: Attempting to dynamic load /var/jenkins_home/plugins/pipeline-model-definition.jpi
Apr 17, 2018 8:33:43 PM jenkins.InitReactorRunner$1 onAttained
INFO: Started initialization
Apr 17, 2018 8:33:43 PM jenkins.InitReactorRunner$1 onAttained
INFO: Listed all plugins
Apr 17, 2018 8:33:43 PM jenkins.InitReactorRunner$1 onAttained
INFO: Prepared all plugins
Apr 17, 2018 8:33:43 PM jenkins.InitReactorRunner$1 onAttained
INFO: Started all plugins
Apr 17, 2018 8:33:43 PM jenkins.InitReactorRunner$1 onAttained
INFO: Augmented all extensions
Apr 17, 2018 8:33:43 PM jenkins.InitReactorRunner$1 onAttained
INFO: Loaded all jobs
Apr 17, 2018 8:33:43 PM jenkins.InitReactorRunner$1 onAttained
INFO: Completed initialization
Apr 17, 2018 8:33:43 PM hudson.PluginManager dynamicLoad
INFO: Plugin pipeline-model-definition:1.2.9 dynamically installed
Apr 17, 2018 8:33:43 PM hudson.model.UpdateCenter$DownloadJob run
INFO: Installation successful: Pipeline: Declarative
Apr 17, 2018 8:33:43 PM hudson.model.UpdateCenter$DownloadJob run
INFO: Starting the installation of Pipeline on behalf of admin
Apr 17, 2018 8:33:44 PM hudson.model.UpdateCenter$UpdateCenterConfiguration download
INFO: Downloading Pipeline
Apr 17, 2018 8:33:44 PM hudson.PluginManager dynamicLoad
INFO: Attempting to dynamic load /var/jenkins_home/plugins/workflow-aggregator.jpi
Apr 17, 2018 8:33:44 PM jenkins.InitReactorRunner$1 onAttained
INFO: Started initialization
Apr 17, 2018 8:33:44 PM jenkins.InitReactorRunner$1 onAttained
INFO: Listed all plugins
Apr 17, 2018 8:33:44 PM jenkins.InitReactorRunner$1 onAttained
INFO: Prepared all plugins
Apr 17, 2018 8:33:44 PM jenkins.InitReactorRunner$1 onAttained
INFO: Started all plugins
Apr 17, 2018 8:33:44 PM jenkins.InitReactorRunner$1 onAttained
INFO: Augmented all extensions
Apr 17, 2018 8:33:44 PM jenkins.InitReactorRunner$1 onAttained
INFO: Loaded all jobs
Apr 17, 2018 8:33:44 PM jenkins.InitReactorRunner$1 onAttained
INFO: Completed initialization
Apr 17, 2018 8:33:44 PM hudson.PluginManager dynamicLoad
INFO: Plugin workflow-aggregator:2.5 dynamically installed
Apr 17, 2018 8:33:44 PM hudson.model.UpdateCenter$DownloadJob run
INFO: Installation successful: Pipeline
Apr 17, 2018 8:33:44 PM hudson.model.UpdateCenter$DownloadJob run
INFO: Starting the installation of GitHub API on behalf of admin
Apr 17, 2018 8:33:46 PM hudson.model.UpdateCenter$UpdateCenterConfiguration download
INFO: Downloading GitHub API
Apr 17, 2018 8:33:47 PM hudson.PluginManager dynamicLoad
INFO: Attempting to dynamic load /var/jenkins_home/plugins/github-api.jpi
Apr 17, 2018 8:33:47 PM jenkins.InitReactorRunner$1 onAttained
INFO: Started initialization
Apr 17, 2018 8:33:47 PM jenkins.InitReactorRunner$1 onAttained
INFO: Listed all plugins
Apr 17, 2018 8:33:47 PM jenkins.InitReactorRunner$1 onAttained
INFO: Prepared all plugins
Apr 17, 2018 8:33:47 PM jenkins.InitReactorRunner$1 onAttained
INFO: Started all plugins
Apr 17, 2018 8:33:47 PM jenkins.InitReactorRunner$1 onAttained
INFO: Augmented all extensions
Apr 17, 2018 8:33:47 PM jenkins.InitReactorRunner$1 onAttained
INFO: Loaded all jobs
Apr 17, 2018 8:33:47 PM jenkins.InitReactorRunner$1 onAttained
INFO: Completed initialization
Apr 17, 2018 8:33:47 PM hudson.PluginManager dynamicLoad
INFO: Plugin github-api:1.90 dynamically installed
Apr 17, 2018 8:33:47 PM hudson.model.UpdateCenter$DownloadJob run
INFO: Installation successful: GitHub API
Apr 17, 2018 8:33:47 PM hudson.model.UpdateCenter$DownloadJob run
INFO: Starting the installation of Git on behalf of admin
Apr 17, 2018 8:33:47 PM hudson.model.UpdateCenter$UpdateCenterConfiguration download
INFO: Downloading Git
Apr 17, 2018 8:33:49 PM hudson.PluginManager dynamicLoad
INFO: Attempting to dynamic load /var/jenkins_home/plugins/git.jpi
Apr 17, 2018 8:33:51 PM jenkins.InitReactorRunner$1 onAttained
INFO: Started initialization
Apr 17, 2018 8:33:51 PM jenkins.InitReactorRunner$1 onAttained
INFO: Listed all plugins
Apr 17, 2018 8:33:51 PM jenkins.InitReactorRunner$1 onAttained
INFO: Prepared all plugins
Apr 17, 2018 8:33:51 PM jenkins.InitReactorRunner$1 onAttained
INFO: Started all plugins
Apr 17, 2018 8:33:51 PM jenkins.InitReactorRunner$1 onAttained
INFO: Augmented all extensions
Apr 17, 2018 8:33:51 PM jenkins.InitReactorRunner$1 onAttained
INFO: Loaded all jobs
Apr 17, 2018 8:33:51 PM jenkins.InitReactorRunner$1 onAttained
INFO: Completed initialization
Apr 17, 2018 8:33:51 PM hudson.PluginManager dynamicLoad
INFO: Plugin git:3.8.0 dynamically installed
Apr 17, 2018 8:33:51 PM hudson.model.UpdateCenter$DownloadJob run
INFO: Installation successful: Git
Apr 17, 2018 8:33:51 PM hudson.model.UpdateCenter$DownloadJob run
INFO: Starting the installation of GitHub on behalf of admin
Apr 17, 2018 8:33:56 PM hudson.model.UpdateCenter$UpdateCenterConfiguration download
INFO: Downloading GitHub
Apr 17, 2018 8:33:59 PM hudson.PluginManager dynamicLoad
INFO: Attempting to dynamic load /var/jenkins_home/plugins/github.jpi
Apr 17, 2018 8:34:01 PM jenkins.InitReactorRunner$1 onAttained
INFO: Started initialization
Apr 17, 2018 8:34:01 PM jenkins.InitReactorRunner$1 onAttained
INFO: Listed all plugins
Apr 17, 2018 8:34:01 PM jenkins.InitReactorRunner$1 onAttained
INFO: Prepared all plugins
Apr 17, 2018 8:34:01 PM jenkins.InitReactorRunner$1 onAttained
INFO: Started all plugins
Apr 17, 2018 8:34:01 PM jenkins.InitReactorRunner$1 onAttained
INFO: Augmented all extensions
Apr 17, 2018 8:34:01 PM jenkins.InitReactorRunner$1 onAttained
INFO: Loaded all jobs
Apr 17, 2018 8:34:01 PM jenkins.InitReactorRunner$1 onAttained
INFO: Completed initialization
Apr 17, 2018 8:34:01 PM hudson.PluginManager dynamicLoad
INFO: Plugin github:1.29.0 dynamically installed
Apr 17, 2018 8:34:01 PM hudson.model.UpdateCenter$DownloadJob run
INFO: Installation successful: GitHub
Apr 17, 2018 8:34:01 PM hudson.model.UpdateCenter$DownloadJob run
INFO: Starting the installation of GitHub Branch Source on behalf of admin
Apr 17, 2018 8:34:01 PM hudson.model.UpdateCenter$UpdateCenterConfiguration download
INFO: Downloading GitHub Branch Source
Apr 17, 2018 8:34:02 PM hudson.PluginManager dynamicLoad
INFO: Attempting to dynamic load /var/jenkins_home/plugins/github-branch-source.jpi
Apr 17, 2018 8:34:03 PM jenkins.InitReactorRunner$1 onAttained
INFO: Started initialization
Apr 17, 2018 8:34:03 PM jenkins.InitReactorRunner$1 onAttained
INFO: Listed all plugins
Apr 17, 2018 8:34:03 PM jenkins.InitReactorRunner$1 onAttained
INFO: Prepared all plugins
Apr 17, 2018 8:34:03 PM jenkins.InitReactorRunner$1 onAttained
INFO: Started all plugins
Apr 17, 2018 8:34:03 PM jenkins.InitReactorRunner$1 onAttained
INFO: Augmented all extensions
Apr 17, 2018 8:34:03 PM jenkins.InitReactorRunner$1 onAttained
INFO: Loaded all jobs
Apr 17, 2018 8:34:03 PM jenkins.InitReactorRunner$1 onAttained
INFO: Completed initialization
Apr 17, 2018 8:34:03 PM hudson.PluginManager dynamicLoad
INFO: Plugin github-branch-source:2.3.3 dynamically installed
Apr 17, 2018 8:34:03 PM hudson.model.UpdateCenter$DownloadJob run
INFO: Installation successful: GitHub Branch Source
Apr 17, 2018 8:34:03 PM hudson.model.UpdateCenter$DownloadJob run
INFO: Starting the installation of Pipeline: GitHub Groovy Libraries on behalf of admin
Apr 17, 2018 8:34:04 PM hudson.model.UpdateCenter$UpdateCenterConfiguration download
INFO: Downloading Pipeline: GitHub Groovy Libraries
Apr 17, 2018 8:34:04 PM hudson.PluginManager dynamicLoad
INFO: Attempting to dynamic load /var/jenkins_home/plugins/pipeline-github-lib.jpi
Apr 17, 2018 8:34:05 PM jenkins.InitReactorRunner$1 onAttained
INFO: Started initialization
Apr 17, 2018 8:34:05 PM jenkins.InitReactorRunner$1 onAttained
INFO: Listed all plugins
Apr 17, 2018 8:34:05 PM jenkins.InitReactorRunner$1 onAttained
INFO: Prepared all plugins
Apr 17, 2018 8:34:05 PM jenkins.InitReactorRunner$1 onAttained
INFO: Started all plugins
Apr 17, 2018 8:34:05 PM jenkins.InitReactorRunner$1 onAttained
INFO: Augmented all extensions
Apr 17, 2018 8:34:05 PM jenkins.InitReactorRunner$1 onAttained
INFO: Loaded all jobs
Apr 17, 2018 8:34:05 PM jenkins.InitReactorRunner$1 onAttained
INFO: Completed initialization
Apr 17, 2018 8:34:05 PM hudson.PluginManager dynamicLoad
INFO: Plugin pipeline-github-lib:1.0 dynamically installed
Apr 17, 2018 8:34:05 PM hudson.model.UpdateCenter$DownloadJob run
INFO: Installation successful: Pipeline: GitHub Groovy Libraries
Apr 17, 2018 8:34:05 PM hudson.model.UpdateCenter$DownloadJob run
INFO: Starting the installation of Pipeline: Stage View on behalf of admin
Apr 17, 2018 8:34:05 PM hudson.model.UpdateCenter$InstallationJob _run
INFO: Skipping duplicate install of: Pipeline: Stage View@2.10
Apr 17, 2018 8:34:05 PM hudson.model.UpdateCenter$DownloadJob run
INFO: Installation successful: Pipeline: Stage View
Apr 17, 2018 8:34:05 PM hudson.model.UpdateCenter$DownloadJob run
INFO: Starting the installation of Git on behalf of admin
Apr 17, 2018 8:34:05 PM hudson.model.UpdateCenter$InstallationJob _run
INFO: Skipping duplicate install of: Git@3.8.0
Apr 17, 2018 8:34:05 PM hudson.model.UpdateCenter$DownloadJob run
INFO: Installation successful: Git
Apr 17, 2018 8:34:05 PM hudson.model.UpdateCenter$DownloadJob run
INFO: Starting the installation of MapDB API on behalf of admin
Apr 17, 2018 8:34:05 PM hudson.model.UpdateCenter$UpdateCenterConfiguration download
INFO: Downloading MapDB API
Apr 17, 2018 8:34:06 PM hudson.PluginManager dynamicLoad
INFO: Attempting to dynamic load /var/jenkins_home/plugins/mapdb-api.jpi
Apr 17, 2018 8:34:06 PM jenkins.InitReactorRunner$1 onAttained
INFO: Started initialization
Apr 17, 2018 8:34:06 PM jenkins.InitReactorRunner$1 onAttained
INFO: Listed all plugins
Apr 17, 2018 8:34:06 PM jenkins.InitReactorRunner$1 onAttained
INFO: Prepared all plugins
Apr 17, 2018 8:34:06 PM jenkins.InitReactorRunner$1 onAttained
INFO: Started all plugins
Apr 17, 2018 8:34:06 PM jenkins.InitReactorRunner$1 onAttained
INFO: Augmented all extensions
Apr 17, 2018 8:34:06 PM jenkins.InitReactorRunner$1 onAttained
INFO: Loaded all jobs
Apr 17, 2018 8:34:06 PM jenkins.InitReactorRunner$1 onAttained
INFO: Completed initialization
Apr 17, 2018 8:34:06 PM hudson.PluginManager dynamicLoad
INFO: Plugin mapdb-api:1.0.9.0 dynamically installed
Apr 17, 2018 8:34:06 PM hudson.model.UpdateCenter$DownloadJob run
INFO: Installation successful: MapDB API
Apr 17, 2018 8:34:06 PM hudson.model.UpdateCenter$DownloadJob run
INFO: Starting the installation of Subversion on behalf of admin
Apr 17, 2018 8:34:07 PM hudson.model.UpdateCenter$UpdateCenterConfiguration download
INFO: Downloading Subversion
Apr 17, 2018 8:34:13 PM hudson.PluginManager dynamicLoad
INFO: Attempting to dynamic load /var/jenkins_home/plugins/subversion.jpi
Apr 17, 2018 8:34:14 PM jenkins.InitReactorRunner$1 onAttained
INFO: Started initialization
Apr 17, 2018 8:34:14 PM jenkins.InitReactorRunner$1 onAttained
INFO: Listed all plugins
Apr 17, 2018 8:34:14 PM jenkins.InitReactorRunner$1 onAttained
INFO: Prepared all plugins
Apr 17, 2018 8:34:14 PM jenkins.InitReactorRunner$1 onAttained
INFO: Started all plugins
Apr 17, 2018 8:34:14 PM jenkins.InitReactorRunner$1 onAttained
INFO: Augmented all extensions
Apr 17, 2018 8:34:14 PM jenkins.InitReactorRunner$1 onAttained
INFO: Loaded all jobs
Apr 17, 2018 8:34:14 PM jenkins.InitReactorRunner$1 onAttained
INFO: Completed initialization
Apr 17, 2018 8:34:14 PM hudson.PluginManager dynamicLoad
INFO: Plugin subversion:2.10.5 dynamically installed
Apr 17, 2018 8:34:14 PM hudson.model.UpdateCenter$DownloadJob run
INFO: Installation successful: Subversion
Apr 17, 2018 8:34:14 PM hudson.model.UpdateCenter$DownloadJob run
INFO: Starting the installation of SSH Slaves on behalf of admin
Apr 17, 2018 8:34:14 PM hudson.model.UpdateCenter$UpdateCenterConfiguration download
INFO: Downloading SSH Slaves
Apr 17, 2018 8:34:15 PM hudson.PluginManager dynamicLoad
INFO: Attempting to dynamic load /var/jenkins_home/plugins/ssh-slaves.jpi
Apr 17, 2018 8:34:15 PM jenkins.InitReactorRunner$1 onAttained
INFO: Started initialization
Apr 17, 2018 8:34:15 PM jenkins.InitReactorRunner$1 onAttained
INFO: Listed all plugins
Apr 17, 2018 8:34:15 PM jenkins.InitReactorRunner$1 onAttained
INFO: Prepared all plugins
Apr 17, 2018 8:34:15 PM jenkins.InitReactorRunner$1 onAttained
INFO: Started all plugins
Apr 17, 2018 8:34:15 PM jenkins.InitReactorRunner$1 onAttained
INFO: Augmented all extensions
Apr 17, 2018 8:34:15 PM jenkins.InitReactorRunner$1 onAttained
INFO: Loaded all jobs
Apr 17, 2018 8:34:15 PM jenkins.InitReactorRunner$1 onAttained
INFO: Completed initialization
Apr 17, 2018 8:34:15 PM hudson.PluginManager dynamicLoad
INFO: Plugin ssh-slaves:1.26 dynamically installed
Apr 17, 2018 8:34:15 PM hudson.model.UpdateCenter$DownloadJob run
INFO: Installation successful: SSH Slaves
Apr 17, 2018 8:34:15 PM hudson.model.UpdateCenter$DownloadJob run
INFO: Starting the installation of Matrix Authorization Strategy on behalf of admin
Apr 17, 2018 8:34:16 PM hudson.model.UpdateCenter$UpdateCenterConfiguration download
INFO: Downloading Matrix Authorization Strategy
Apr 17, 2018 8:34:16 PM hudson.PluginManager dynamicLoad
INFO: Attempting to dynamic load /var/jenkins_home/plugins/matrix-auth.jpi
Apr 17, 2018 8:34:16 PM jenkins.InitReactorRunner$1 onAttained
INFO: Started initialization
Apr 17, 2018 8:34:16 PM jenkins.InitReactorRunner$1 onAttained
INFO: Listed all plugins
Apr 17, 2018 8:34:16 PM jenkins.InitReactorRunner$1 onAttained
INFO: Prepared all plugins
Apr 17, 2018 8:34:16 PM jenkins.InitReactorRunner$1 onAttained
INFO: Started all plugins
Apr 17, 2018 8:34:16 PM jenkins.InitReactorRunner$1 onAttained
INFO: Augmented all extensions
Apr 17, 2018 8:34:16 PM jenkins.InitReactorRunner$1 onAttained
INFO: Loaded all jobs
Apr 17, 2018 8:34:16 PM jenkins.InitReactorRunner$1 onAttained
INFO: Completed initialization
Apr 17, 2018 8:34:16 PM hudson.PluginManager dynamicLoad
INFO: Plugin matrix-auth:2.2 dynamically installed
Apr 17, 2018 8:34:16 PM hudson.model.UpdateCenter$DownloadJob run
INFO: Installation successful: Matrix Authorization Strategy
Apr 17, 2018 8:34:16 PM hudson.model.UpdateCenter$DownloadJob run
INFO: Starting the installation of PAM Authentication on behalf of admin
Apr 17, 2018 8:34:17 PM hudson.model.UpdateCenter$UpdateCenterConfiguration download
INFO: Downloading PAM Authentication
Apr 17, 2018 8:34:18 PM hudson.PluginManager dynamicLoad
INFO: Attempting to dynamic load /var/jenkins_home/plugins/pam-auth.jpi
Apr 17, 2018 8:34:18 PM jenkins.InitReactorRunner$1 onAttained
INFO: Started initialization
Apr 17, 2018 8:34:18 PM jenkins.InitReactorRunner$1 onAttained
INFO: Listed all plugins
Apr 17, 2018 8:34:18 PM jenkins.InitReactorRunner$1 onAttained
INFO: Prepared all plugins
Apr 17, 2018 8:34:18 PM jenkins.InitReactorRunner$1 onAttained
INFO: Started all plugins
Apr 17, 2018 8:34:18 PM jenkins.InitReactorRunner$1 onAttained
INFO: Augmented all extensions
Apr 17, 2018 8:34:18 PM jenkins.InitReactorRunner$1 onAttained
INFO: Loaded all jobs
Apr 17, 2018 8:34:18 PM jenkins.InitReactorRunner$1 onAttained
INFO: Completed initialization
Apr 17, 2018 8:34:18 PM hudson.PluginManager dynamicLoad
INFO: Plugin pam-auth:1.3 dynamically installed
Apr 17, 2018 8:34:18 PM hudson.model.UpdateCenter$DownloadJob run
INFO: Installation successful: PAM Authentication
Apr 17, 2018 8:34:18 PM hudson.model.UpdateCenter$DownloadJob run
INFO: Starting the installation of LDAP on behalf of admin
Apr 17, 2018 8:34:18 PM hudson.model.UpdateCenter$UpdateCenterConfiguration download
INFO: Downloading LDAP
Apr 17, 2018 8:34:19 PM hudson.PluginManager dynamicLoad
INFO: Attempting to dynamic load /var/jenkins_home/plugins/ldap.jpi
Apr 17, 2018 8:34:19 PM jenkins.InitReactorRunner$1 onAttained
INFO: Started initialization
Apr 17, 2018 8:34:19 PM jenkins.InitReactorRunner$1 onAttained
INFO: Listed all plugins
Apr 17, 2018 8:34:19 PM jenkins.InitReactorRunner$1 onAttained
INFO: Prepared all plugins
Apr 17, 2018 8:34:19 PM jenkins.InitReactorRunner$1 onAttained
INFO: Started all plugins
Apr 17, 2018 8:34:19 PM jenkins.InitReactorRunner$1 onAttained
INFO: Augmented all extensions
Apr 17, 2018 8:34:19 PM jenkins.InitReactorRunner$1 onAttained
INFO: Loaded all jobs
Apr 17, 2018 8:34:19 PM jenkins.InitReactorRunner$1 onAttained
INFO: Completed initialization
Apr 17, 2018 8:34:19 PM hudson.PluginManager dynamicLoad
INFO: Plugin ldap:1.20 dynamically installed
Apr 17, 2018 8:34:19 PM hudson.model.UpdateCenter$DownloadJob run
INFO: Installation successful: LDAP
Apr 17, 2018 8:34:19 PM hudson.model.UpdateCenter$DownloadJob run
INFO: Starting the installation of Email Extension on behalf of admin
Apr 17, 2018 8:34:20 PM hudson.model.UpdateCenter$UpdateCenterConfiguration download
INFO: Downloading Email Extension
Apr 17, 2018 8:34:21 PM hudson.PluginManager dynamicLoad
INFO: Attempting to dynamic load /var/jenkins_home/plugins/email-ext.jpi
Apr 17, 2018 8:34:21 PM jenkins.InitReactorRunner$1 onAttained
INFO: Started initialization
Apr 17, 2018 8:34:21 PM jenkins.InitReactorRunner$1 onAttained
INFO: Listed all plugins
Apr 17, 2018 8:34:21 PM jenkins.InitReactorRunner$1 onAttained
INFO: Prepared all plugins
Apr 17, 2018 8:34:21 PM jenkins.InitReactorRunner$1 onAttained
INFO: Started all plugins
Apr 17, 2018 8:34:21 PM jenkins.InitReactorRunner$1 onAttained
INFO: Augmented all extensions
Apr 17, 2018 8:34:21 PM jenkins.InitReactorRunner$1 onAttained
INFO: Loaded all jobs
Apr 17, 2018 8:34:21 PM jenkins.InitReactorRunner$1 onAttained
INFO: Completed initialization
Apr 17, 2018 8:34:21 PM hudson.PluginManager dynamicLoad
INFO: Plugin email-ext:2.62 dynamically installed
Apr 17, 2018 8:34:21 PM hudson.model.UpdateCenter$DownloadJob run
INFO: Installation successful: Email Extension
Apr 17, 2018 8:34:21 PM hudson.model.UpdateCenter$DownloadJob run
INFO: Starting the installation of Mailer on behalf of admin
Apr 17, 2018 8:34:21 PM hudson.model.UpdateCenter$InstallationJob _run
INFO: Skipping duplicate install of: Mailer@1.21
Apr 17, 2018 8:34:21 PM hudson.model.UpdateCenter$DownloadJob run
INFO: Installation successful: Mailer
Apr 17, 2018 8:36:17 PM hudson.model.UpdateSite updateData
INFO: Obtained the latest update center data file for UpdateSource default
Apr 17, 2018 8:36:18 PM hudson.model.DownloadService$Downloadable load
INFO: Obtained the updated data file for hudson.tasks.Maven.MavenInstaller
Apr 17, 2018 8:36:18 PM hudson.model.DownloadService$Downloadable load
INFO: Obtained the updated data file for hudson.tasks.Ant.AntInstaller
Apr 17, 2018 8:36:18 PM hudson.model.DownloadService$Downloadable load
INFO: Obtained the updated data file for hudson.plugins.gradle.GradleInstaller
Apr 17, 2018 8:36:20 PM hudson.model.DownloadService$Downloadable load
INFO: Obtained the updated data file for hudson.tools.JDKInstaller
Apr 17, 2018 8:38:17 PM hudson.model.UpdateSite$Plugin deploy
INFO: Adding dependent install of DotCi for plugin DotCi-DockerPublish
Apr 17, 2018 8:38:17 PM hudson.model.UpdateSite$Plugin deploy
INFO: Adding dependent install of rebuild for plugin DotCi
Apr 17, 2018 8:38:17 PM hudson.model.UpdateSite$Plugin deploy
INFO: Adding dependent install of docker-java-api for plugin docker-plugin
Apr 17, 2018 8:38:17 PM hudson.model.UpdateCenter$DownloadJob run
INFO: Starting the installation of Rebuilder on behalf of jenkins
Apr 17, 2018 8:38:17 PM hudson.model.UpdateCenter$UpdateCenterConfiguration download
INFO: Downloading Rebuilder
Apr 17, 2018 8:38:18 PM hudson.PluginManager dynamicLoad
INFO: Attempting to dynamic load /var/jenkins_home/plugins/rebuild.jpi
Apr 17, 2018 8:38:18 PM jenkins.InitReactorRunner$1 onAttained
INFO: Started initialization
Apr 17, 2018 8:38:18 PM jenkins.InitReactorRunner$1 onAttained
INFO: Listed all plugins
Apr 17, 2018 8:38:18 PM jenkins.InitReactorRunner$1 onAttained
INFO: Prepared all plugins
Apr 17, 2018 8:38:18 PM jenkins.InitReactorRunner$1 onAttained
INFO: Started all plugins
Apr 17, 2018 8:38:18 PM jenkins.InitReactorRunner$1 onAttained
INFO: Augmented all extensions
Apr 17, 2018 8:38:18 PM jenkins.InitReactorRunner$1 onAttained
INFO: Loaded all jobs
Apr 17, 2018 8:38:18 PM jenkins.InitReactorRunner$1 onAttained
INFO: Completed initialization
Apr 17, 2018 8:38:18 PM hudson.PluginManager dynamicLoad
INFO: Plugin rebuild:1.28 dynamically installed
Apr 17, 2018 8:38:18 PM hudson.model.UpdateCenter$DownloadJob run
INFO: Installation successful: Rebuilder
Apr 17, 2018 8:38:18 PM hudson.model.UpdateCenter$DownloadJob run
INFO: Starting the installation of DotCi on behalf of jenkins
Apr 17, 2018 8:38:19 PM hudson.model.UpdateCenter$UpdateCenterConfiguration download
INFO: Downloading DotCi
Apr 17, 2018 8:38:24 PM hudson.PluginManager dynamicLoad
INFO: Attempting to dynamic load /var/jenkins_home/plugins/DotCi.jpi
Apr 17, 2018 8:38:24 PM com.groupon.jenkins.DotCiPlugin start
INFO: /var/jenkins_home/pluginConfigs/dotci.yml file not found.
Apr 17, 2018 8:38:24 PM jenkins.InitReactorRunner$1 onAttained
INFO: Started initialization
Apr 17, 2018 8:38:24 PM jenkins.InitReactorRunner$1 onAttained
INFO: Listed all plugins
Apr 17, 2018 8:38:24 PM jenkins.InitReactorRunner$1 onAttained
INFO: Prepared all plugins
Apr 17, 2018 8:38:24 PM jenkins.InitReactorRunner$1 onAttained
INFO: Started all plugins
Apr 17, 2018 8:38:24 PM jenkins.InitReactorRunner$1 onAttained
INFO: Augmented all extensions
Apr 17, 2018 8:38:24 PM jenkins.InitReactorRunner$1 onAttained
INFO: Loaded all jobs
Apr 17, 2018 8:38:24 PM jenkins.InitReactorRunner$1 onAttained
INFO: Completed initialization
Apr 17, 2018 8:38:24 PM hudson.PluginManager dynamicLoad
INFO: Plugin DotCi:2.40.00 dynamically installed
Apr 17, 2018 8:38:24 PM hudson.model.UpdateCenter$DownloadJob run
INFO: Installation successful: DotCi
Apr 17, 2018 8:38:24 PM hudson.model.UpdateCenter$DownloadJob run
INFO: Starting the installation of DotCi DockerPublish on behalf of jenkins
Apr 17, 2018 8:38:25 PM hudson.model.UpdateCenter$UpdateCenterConfiguration download
INFO: Downloading DotCi DockerPublish
Apr 17, 2018 8:38:25 PM hudson.PluginManager dynamicLoad
INFO: Attempting to dynamic load /var/jenkins_home/plugins/DotCi-DockerPublish.jpi
Apr 17, 2018 8:38:25 PM jenkins.InitReactorRunner$1 onAttained
INFO: Started initialization
Apr 17, 2018 8:38:25 PM jenkins.InitReactorRunner$1 onAttained
INFO: Listed all plugins
Apr 17, 2018 8:38:25 PM jenkins.InitReactorRunner$1 onAttained
INFO: Prepared all plugins
Apr 17, 2018 8:38:25 PM jenkins.InitReactorRunner$1 onAttained
INFO: Started all plugins
Apr 17, 2018 8:38:25 PM jenkins.InitReactorRunner$1 onAttained
INFO: Augmented all extensions
Apr 17, 2018 8:38:25 PM jenkins.InitReactorRunner$1 onAttained
INFO: Loaded all jobs
Apr 17, 2018 8:38:25 PM jenkins.InitReactorRunner$1 onAttained
INFO: Completed initialization
Apr 17, 2018 8:38:25 PM hudson.PluginManager dynamicLoad
INFO: Plugin DotCi-DockerPublish:1.0.3 dynamically installed
Apr 17, 2018 8:38:25 PM hudson.model.UpdateCenter$DownloadJob run
INFO: Installation successful: DotCi DockerPublish
Apr 17, 2018 8:38:25 PM hudson.model.UpdateCenter$DownloadJob run
INFO: Starting the installation of Docker API on behalf of jenkins
Apr 17, 2018 8:38:27 PM hudson.model.UpdateCenter$UpdateCenterConfiguration download
INFO: Downloading Docker API
Apr 17, 2018 8:38:32 PM hudson.PluginManager dynamicLoad
INFO: Attempting to dynamic load /var/jenkins_home/plugins/docker-java-api.jpi
Apr 17, 2018 8:38:33 PM jenkins.InitReactorRunner$1 onAttained
INFO: Started initialization
Apr 17, 2018 8:38:33 PM jenkins.InitReactorRunner$1 onAttained
INFO: Listed all plugins
Apr 17, 2018 8:38:33 PM jenkins.InitReactorRunner$1 onAttained
INFO: Prepared all plugins
Apr 17, 2018 8:38:33 PM jenkins.InitReactorRunner$1 onAttained
INFO: Started all plugins
Apr 17, 2018 8:38:33 PM jenkins.InitReactorRunner$1 onAttained
INFO: Augmented all extensions
Apr 17, 2018 8:38:33 PM jenkins.InitReactorRunner$1 onAttained
INFO: Loaded all jobs
Apr 17, 2018 8:38:33 PM jenkins.InitReactorRunner$1 onAttained
INFO: Completed initialization
Apr 17, 2018 8:38:33 PM hudson.PluginManager dynamicLoad
INFO: Plugin docker-java-api:3.0.14 dynamically installed
Apr 17, 2018 8:38:33 PM hudson.model.UpdateCenter$DownloadJob run
INFO: Installation successful: Docker API
Apr 17, 2018 8:38:33 PM hudson.model.UpdateCenter$DownloadJob run
INFO: Starting the installation of Docker on behalf of jenkins
Apr 17, 2018 8:38:33 PM hudson.model.UpdateCenter$UpdateCenterConfiguration download
INFO: Downloading Docker
Apr 17, 2018 8:38:34 PM hudson.PluginManager dynamicLoad
INFO: Attempting to dynamic load /var/jenkins_home/plugins/docker-plugin.jpi
Apr 17, 2018 8:38:35 PM jenkins.InitReactorRunner$1 onAttained
INFO: Started initialization
Apr 17, 2018 8:38:35 PM jenkins.InitReactorRunner$1 onAttained
INFO: Listed all plugins
Apr 17, 2018 8:38:35 PM jenkins.InitReactorRunner$1 onAttained
INFO: Prepared all plugins
Apr 17, 2018 8:38:35 PM jenkins.InitReactorRunner$1 onAttained
INFO: Started all plugins
Apr 17, 2018 8:38:35 PM jenkins.InitReactorRunner$1 onAttained
INFO: Augmented all extensions
Apr 17, 2018 8:38:35 PM jenkins.InitReactorRunner$1 onAttained
INFO: Loaded all jobs
Apr 17, 2018 8:38:35 PM jenkins.InitReactorRunner$1 onAttained
INFO: Completed initialization
Apr 17, 2018 8:38:35 PM hudson.PluginManager dynamicLoad
INFO: Plugin docker-plugin:1.1.3 dynamically installed
Apr 17, 2018 8:38:35 PM hudson.model.UpdateCenter$DownloadJob run
INFO: Installation successful: Docker
Apr 17, 2018 8:38:35 PM hudson.model.UpdateCenter$DownloadJob run
INFO: Starting the installation of Docker Swarm on behalf of jenkins
Apr 17, 2018 8:38:36 PM hudson.model.UpdateCenter$UpdateCenterConfiguration download
INFO: Downloading Docker Swarm
Apr 17, 2018 8:38:46 PM hudson.PluginManager dynamicLoad
INFO: Attempting to dynamic load /var/jenkins_home/plugins/docker-swarm.jpi
Apr 17, 2018 8:38:51 PM jenkins.InitReactorRunner$1 onAttained
INFO: Started initialization
Apr 17, 2018 8:38:51 PM jenkins.InitReactorRunner$1 onAttained
INFO: Listed all plugins
Apr 17, 2018 8:38:51 PM jenkins.InitReactorRunner$1 onAttained
INFO: Prepared all plugins
Apr 17, 2018 8:38:51 PM jenkins.InitReactorRunner$1 onAttained
INFO: Started all plugins
Apr 17, 2018 8:38:51 PM jenkins.InitReactorRunner$1 onAttained
INFO: Augmented all extensions
Apr 17, 2018 8:38:51 PM jenkins.InitReactorRunner$1 onAttained
INFO: Loaded all jobs
Apr 17, 2018 8:38:51 PM jenkins.InitReactorRunner$1 onAttained
INFO: Completed initialization
Apr 17, 2018 8:38:51 PM hudson.PluginManager dynamicLoad
INFO: Plugin docker-swarm:1.5 dynamically installed
Apr 17, 2018 8:38:51 PM hudson.model.UpdateCenter$DownloadJob run
INFO: Installation successful: Docker Swarm
Apr 17, 2018 8:38:51 PM hudson.model.UpdateCenter$DownloadJob run
INFO: Starting the installation of docker-build-step on behalf of jenkins
[ERROR] [04/17/2018 20:38:51.770] [swarm-plugin-akka.actor.default-dispatcher-4] [akka://swarm-plugin/user/dead-agentService-reaper] null
java.lang.NullPointerException
        at org.jenkinsci.plugins.docker.swarm.DeadAgentServiceReaperActor.reapDeadAgentServices(DeadAgentServiceReaperActor.java:38)
        at org.jenkinsci.plugins.docker.swarm.DeadAgentServiceReaperActor.lambda$createReceive$14(DeadAgentServiceReaperActor.java:27)
        at akka.japi.pf.UnitCaseStatement.apply(CaseStatements.scala:26)
        at akka.japi.pf.UnitCaseStatement.apply(CaseStatements.scala:21)
        at scala.PartialFunction.applyOrElse(PartialFunction.scala:123)
        at scala.PartialFunction.applyOrElse$(PartialFunction.scala:122)
        at akka.japi.pf.UnitCaseStatement.applyOrElse(CaseStatements.scala:21)
        at scala.PartialFunction$OrElse.applyOrElse(PartialFunction.scala:171)
        at akka.actor.Actor.aroundReceive(Actor.scala:517)
        at akka.actor.Actor.aroundReceive$(Actor.scala:515)
        at akka.actor.AbstractActor.aroundReceive(AbstractActor.scala:132)
        at akka.actor.ActorCell.receiveMessage(ActorCell.scala:527)
        at akka.actor.ActorCell.invoke(ActorCell.scala:496)
        at akka.dispatch.Mailbox.processMailbox(Mailbox.scala:257)
        at akka.dispatch.Mailbox.run(Mailbox.scala:224)
        at akka.dispatch.Mailbox.exec(Mailbox.scala:234)
        at akka.dispatch.forkjoin.ForkJoinTask.doExec(ForkJoinTask.java:260)
        at akka.dispatch.forkjoin.ForkJoinPool$WorkQueue.runTask(ForkJoinPool.java:1339)
        at akka.dispatch.forkjoin.ForkJoinPool.runWorker(ForkJoinPool.java:1979)
        at akka.dispatch.forkjoin.ForkJoinWorkerThread.run(ForkJoinWorkerThread.java:107)

Apr 17, 2018 8:38:52 PM hudson.model.UpdateCenter$UpdateCenterConfiguration download
INFO: Downloading docker-build-step
Apr 17, 2018 8:39:02 PM hudson.PluginManager dynamicLoad
INFO: Attempting to dynamic load /var/jenkins_home/plugins/docker-build-step.jpi
Apr 17, 2018 8:39:03 PM org.jenkinsci.plugins.dockerbuildstep.DockerBuilder$DescriptorImpl <init>
WARNING: Docker URL is not set, docker client won't be initialized
Apr 17, 2018 8:39:03 PM jenkins.InitReactorRunner$1 onAttained
INFO: Started initialization
Apr 17, 2018 8:39:03 PM jenkins.InitReactorRunner$1 onAttained
INFO: Listed all plugins
Apr 17, 2018 8:39:03 PM jenkins.InitReactorRunner$1 onAttained
INFO: Prepared all plugins
Apr 17, 2018 8:39:03 PM jenkins.InitReactorRunner$1 onAttained
INFO: Started all plugins
Apr 17, 2018 8:39:03 PM jenkins.InitReactorRunner$1 onAttained
INFO: Augmented all extensions
Apr 17, 2018 8:39:03 PM jenkins.InitReactorRunner$1 onAttained
INFO: Loaded all jobs
Apr 17, 2018 8:39:03 PM jenkins.InitReactorRunner$1 onAttained
INFO: Completed initialization
Apr 17, 2018 8:39:03 PM hudson.PluginManager dynamicLoad
INFO: Plugin docker-build-step:2.0 dynamically installed
Apr 17, 2018 8:39:03 PM hudson.model.UpdateCenter$DownloadJob run
INFO: Installation successful: docker-build-step
Apr 17, 2018 8:39:03 PM hudson.model.UpdateCenter$DownloadJob run
INFO: Starting the installation of Docker Slaves on behalf of jenkins
Apr 17, 2018 8:39:05 PM hudson.model.UpdateCenter$UpdateCenterConfiguration download
INFO: Downloading Docker Slaves
Apr 17, 2018 8:39:08 PM hudson.PluginManager dynamicLoad
INFO: Attempting to dynamic load /var/jenkins_home/plugins/docker-slaves.jpi
Apr 17, 2018 8:39:08 PM jenkins.InitReactorRunner$1 onAttained
INFO: Started initialization
Apr 17, 2018 8:39:08 PM jenkins.InitReactorRunner$1 onAttained
INFO: Listed all plugins
Apr 17, 2018 8:39:08 PM jenkins.InitReactorRunner$1 onAttained
INFO: Prepared all plugins
Apr 17, 2018 8:39:08 PM jenkins.InitReactorRunner$1 onAttained
INFO: Started all plugins
Apr 17, 2018 8:39:08 PM jenkins.InitReactorRunner$1 onAttained
INFO: Augmented all extensions
Apr 17, 2018 8:39:08 PM jenkins.InitReactorRunner$1 onAttained
INFO: Loaded all jobs
Apr 17, 2018 8:39:08 PM jenkins.InitReactorRunner$1 onAttained
INFO: Completed initialization
Apr 17, 2018 8:39:08 PM hudson.PluginManager dynamicLoad
INFO: Plugin docker-slaves:1.0.7 dynamically installed
Apr 17, 2018 8:39:08 PM hudson.model.UpdateCenter$DownloadJob run
INFO: Installation successful: Docker Slaves
Apr 17, 2018 8:40:06 PM hudson.model.UpdateSite$Plugin deploy
INFO: Adding dependent install of ruby-runtime for plugin gitlab-hook
Apr 17, 2018 8:40:06 PM hudson.model.UpdateSite$Plugin deploy
INFO: Adding dependent install of windows-slaves for plugin ruby-runtime
Apr 17, 2018 8:40:06 PM hudson.model.UpdateCenter$DownloadJob run
INFO: Starting the installation of GitLab on behalf of jenkins
Apr 17, 2018 8:40:12 PM hudson.model.UpdateCenter$UpdateCenterConfiguration download
INFO: Downloading GitLab
Apr 17, 2018 8:40:21 PM hudson.PluginManager dynamicLoad
INFO: Attempting to dynamic load /var/jenkins_home/plugins/gitlab-plugin.jpi
Apr 17, 2018 8:40:22 PM jenkins.InitReactorRunner$1 onAttained
INFO: Started initialization
Apr 17, 2018 8:40:22 PM jenkins.InitReactorRunner$1 onAttained
INFO: Listed all plugins
Apr 17, 2018 8:40:22 PM jenkins.InitReactorRunner$1 onAttained
INFO: Prepared all plugins
Apr 17, 2018 8:40:22 PM jenkins.InitReactorRunner$1 onAttained
INFO: Started all plugins
Apr 17, 2018 8:40:22 PM jenkins.InitReactorRunner$1 onAttained
INFO: Augmented all extensions
Apr 17, 2018 8:40:22 PM jenkins.InitReactorRunner$1 onAttained
INFO: Loaded all jobs
Apr 17, 2018 8:40:22 PM jenkins.InitReactorRunner$1 onAttained
INFO: Completed initialization
Apr 17, 2018 8:40:22 PM hudson.PluginManager dynamicLoad
INFO: Plugin gitlab-plugin:1.5.5 dynamically installed
Apr 17, 2018 8:40:22 PM hudson.model.UpdateCenter$DownloadJob run
INFO: Installation successful: GitLab
Apr 17, 2018 8:40:22 PM hudson.model.UpdateCenter$DownloadJob run
INFO: Starting the installation of Gitlab Authentication on behalf of jenkins
Apr 17, 2018 8:40:23 PM hudson.model.UpdateCenter$UpdateCenterConfiguration download
INFO: Downloading Gitlab Authentication
Apr 17, 2018 8:40:24 PM hudson.PluginManager dynamicLoad
INFO: Attempting to dynamic load /var/jenkins_home/plugins/gitlab-oauth.jpi
Apr 17, 2018 8:40:24 PM jenkins.InitReactorRunner$1 onAttained
INFO: Started initialization
Apr 17, 2018 8:40:24 PM jenkins.InitReactorRunner$1 onAttained
INFO: Listed all plugins
Apr 17, 2018 8:40:24 PM jenkins.InitReactorRunner$1 onAttained
INFO: Prepared all plugins
Apr 17, 2018 8:40:24 PM jenkins.InitReactorRunner$1 onAttained
INFO: Started all plugins
Apr 17, 2018 8:40:24 PM jenkins.InitReactorRunner$1 onAttained
INFO: Augmented all extensions
Apr 17, 2018 8:40:24 PM jenkins.InitReactorRunner$1 onAttained
INFO: Loaded all jobs
Apr 17, 2018 8:40:24 PM jenkins.InitReactorRunner$1 onAttained
INFO: Completed initialization
Apr 17, 2018 8:40:24 PM hudson.PluginManager dynamicLoad
INFO: Plugin gitlab-oauth:1.3 dynamically installed
Apr 17, 2018 8:40:24 PM hudson.model.UpdateCenter$DownloadJob run
INFO: Installation successful: Gitlab Authentication
Apr 17, 2018 8:40:24 PM hudson.model.UpdateCenter$DownloadJob run
INFO: Starting the installation of GitLab Logo on behalf of jenkins
Apr 17, 2018 8:40:25 PM hudson.model.UpdateCenter$UpdateCenterConfiguration download
INFO: Downloading GitLab Logo
Apr 17, 2018 8:40:26 PM hudson.PluginManager dynamicLoad
INFO: Attempting to dynamic load /var/jenkins_home/plugins/gitlab-logo.jpi
Apr 17, 2018 8:40:26 PM jenkins.InitReactorRunner$1 onAttained
INFO: Started initialization
Apr 17, 2018 8:40:26 PM jenkins.InitReactorRunner$1 onAttained
INFO: Listed all plugins
Apr 17, 2018 8:40:26 PM jenkins.InitReactorRunner$1 onAttained
INFO: Prepared all plugins
Apr 17, 2018 8:40:26 PM jenkins.InitReactorRunner$1 onAttained
INFO: Started all plugins
Apr 17, 2018 8:40:26 PM jenkins.InitReactorRunner$1 onAttained
INFO: Augmented all extensions
Apr 17, 2018 8:40:26 PM jenkins.InitReactorRunner$1 onAttained
INFO: Loaded all jobs
Apr 17, 2018 8:40:26 PM jenkins.InitReactorRunner$1 onAttained
INFO: Completed initialization
Apr 17, 2018 8:40:26 PM hudson.PluginManager dynamicLoad
INFO: Plugin gitlab-logo:1.0.3 dynamically installed
Apr 17, 2018 8:40:26 PM hudson.model.UpdateCenter$DownloadJob run
INFO: Installation successful: GitLab Logo
Apr 17, 2018 8:40:26 PM hudson.model.UpdateCenter$DownloadJob run
INFO: Starting the installation of Gitlab Merge Request Builder on behalf of jenkins
Apr 17, 2018 8:40:27 PM hudson.model.UpdateCenter$UpdateCenterConfiguration download
INFO: Downloading Gitlab Merge Request Builder
Apr 17, 2018 8:40:29 PM hudson.PluginManager dynamicLoad
INFO: Attempting to dynamic load /var/jenkins_home/plugins/gitlab-merge-request-jenkins.jpi
Apr 17, 2018 8:40:29 PM jenkins.InitReactorRunner$1 onAttained
INFO: Started initialization
Apr 17, 2018 8:40:29 PM jenkins.InitReactorRunner$1 onAttained
INFO: Listed all plugins
Apr 17, 2018 8:40:29 PM jenkins.InitReactorRunner$1 onAttained
INFO: Prepared all plugins
Apr 17, 2018 8:40:29 PM jenkins.InitReactorRunner$1 onAttained
INFO: Started all plugins
Apr 17, 2018 8:40:29 PM jenkins.InitReactorRunner$1 onAttained
INFO: Augmented all extensions
Apr 17, 2018 8:40:29 PM jenkins.InitReactorRunner$1 onAttained
INFO: Loaded all jobs
Apr 17, 2018 8:40:29 PM jenkins.InitReactorRunner$1 onAttained
INFO: Completed initialization
Apr 17, 2018 8:40:29 PM hudson.PluginManager dynamicLoad
INFO: Plugin gitlab-merge-request-jenkins:2.0.0 dynamically installed
Apr 17, 2018 8:40:29 PM hudson.model.UpdateCenter$DownloadJob run
INFO: Installation successful: Gitlab Merge Request Builder
Apr 17, 2018 8:40:29 PM hudson.model.UpdateCenter$DownloadJob run
INFO: Starting the installation of Windows Slaves on behalf of jenkins
Apr 17, 2018 8:40:30 PM hudson.model.UpdateCenter$UpdateCenterConfiguration download
INFO: Downloading Windows Slaves
Apr 17, 2018 8:40:30 PM hudson.PluginManager dynamicLoad
INFO: Attempting to dynamic load /var/jenkins_home/plugins/windows-slaves.jpi
Apr 17, 2018 8:40:30 PM jenkins.InitReactorRunner$1 onAttained
INFO: Started initialization
Apr 17, 2018 8:40:30 PM jenkins.InitReactorRunner$1 onAttained
INFO: Listed all plugins
Apr 17, 2018 8:40:30 PM jenkins.InitReactorRunner$1 onAttained
INFO: Prepared all plugins
Apr 17, 2018 8:40:30 PM jenkins.InitReactorRunner$1 onAttained
INFO: Started all plugins
Apr 17, 2018 8:40:30 PM jenkins.InitReactorRunner$1 onAttained
INFO: Augmented all extensions
Apr 17, 2018 8:40:30 PM jenkins.InitReactorRunner$1 onAttained
INFO: Loaded all jobs
Apr 17, 2018 8:40:30 PM jenkins.InitReactorRunner$1 onAttained
INFO: Completed initialization
Apr 17, 2018 8:40:30 PM hudson.PluginManager dynamicLoad
INFO: Plugin windows-slaves:1.3.1 dynamically installed
Apr 17, 2018 8:40:30 PM hudson.model.UpdateCenter$DownloadJob run
INFO: Installation successful: Windows Slaves
Apr 17, 2018 8:40:30 PM hudson.model.UpdateCenter$DownloadJob run
INFO: Starting the installation of ruby-runtime on behalf of jenkins
Apr 17, 2018 8:40:31 PM hudson.model.UpdateCenter$UpdateCenterConfiguration download
INFO: Downloading ruby-runtime
Apr 17, 2018 8:40:33 PM hudson.ExpressionFactory2$JexlExpression evaluate
WARNING: Caught exception evaluating: it.dashboard in /swarm-dashboard/. Reason: java.lang.reflect.InvocationTargetException
java.lang.reflect.InvocationTargetException
        at sun.reflect.NativeMethodAccessorImpl.invoke0(Native Method)
        at sun.reflect.NativeMethodAccessorImpl.invoke(NativeMethodAccessorImpl.java:62)
        at sun.reflect.DelegatingMethodAccessorImpl.invoke(DelegatingMethodAccessorImpl.java:43)
        at java.lang.reflect.Method.invoke(Method.java:498)
        at org.apache.commons.jexl.util.PropertyExecutor.execute(PropertyExecutor.java:125)
        at org.apache.commons.jexl.util.introspection.UberspectImpl$VelGetterImpl.invoke(UberspectImpl.java:314)
        at org.apache.commons.jexl.parser.ASTArrayAccess.evaluateExpr(ASTArrayAccess.java:185)
        at org.apache.commons.jexl.parser.ASTIdentifier.execute(ASTIdentifier.java:75)
        at org.apache.commons.jexl.parser.ASTReference.execute(ASTReference.java:83)
        at org.apache.commons.jexl.parser.ASTReference.value(ASTReference.java:57)
        at org.apache.commons.jexl.parser.ASTReferenceExpression.value(ASTReferenceExpression.java:51)
        at org.apache.commons.jexl.ExpressionImpl.evaluate(ExpressionImpl.java:80)
        at hudson.ExpressionFactory2$JexlExpression.evaluate(ExpressionFactory2.java:74)
        at org.apache.commons.jelly.tags.core.CoreTagLibrary$3.run(CoreTagLibrary.java:134)
        at org.apache.commons.jelly.impl.ScriptBlock.run(ScriptBlock.java:95)
        at org.kohsuke.stapler.jelly.ReallyStaticTagLibrary$1.run(ReallyStaticTagLibrary.java:99)
        at org.apache.commons.jelly.impl.ScriptBlock.run(ScriptBlock.java:95)
        at org.apache.commons.jelly.tags.core.CoreTagLibrary$2.run(CoreTagLibrary.java:105)
        at org.kohsuke.stapler.jelly.ReallyStaticTagLibrary$1.run(ReallyStaticTagLibrary.java:99)
        at org.kohsuke.stapler.jelly.JellyViewScript.run(JellyViewScript.java:95)
        at org.kohsuke.stapler.jelly.DefaultScriptInvoker.invokeScript(DefaultScriptInvoker.java:63)
        at org.kohsuke.stapler.jelly.DefaultScriptInvoker.invokeScript(DefaultScriptInvoker.java:53)
        at org.kohsuke.stapler.jelly.JellyClassTearOff.serveIndexJelly(JellyClassTearOff.java:112)
        at org.kohsuke.stapler.jelly.JellyFacet.handleIndexRequest(JellyFacet.java:140)
        at org.kohsuke.stapler.IndexViewDispatcher.dispatch(IndexViewDispatcher.java:30)
        at org.kohsuke.stapler.Stapler.tryInvoke(Stapler.java:715)
        at org.kohsuke.stapler.Stapler.invoke(Stapler.java:845)
        at org.kohsuke.stapler.MetaClass$10.dispatch(MetaClass.java:374)
        at org.kohsuke.stapler.Stapler.tryInvoke(Stapler.java:715)
        at org.kohsuke.stapler.Stapler.invoke(Stapler.java:845)
        at org.kohsuke.stapler.Stapler.invoke(Stapler.java:649)
        at org.kohsuke.stapler.Stapler.service(Stapler.java:238)
        at javax.servlet.http.HttpServlet.service(HttpServlet.java:790)
        at org.eclipse.jetty.servlet.ServletHolder.handle(ServletHolder.java:841)
        at org.eclipse.jetty.servlet.ServletHandler$CachedChain.doFilter(ServletHandler.java:1650)
        at hudson.util.PluginServletFilter$1.doFilter(PluginServletFilter.java:154)
        at hudson.util.PluginServletFilter.doFilter(PluginServletFilter.java:157)
        at org.eclipse.jetty.servlet.ServletHandler$CachedChain.doFilter(ServletHandler.java:1637)
        at hudson.security.csrf.CrumbFilter.doFilter(CrumbFilter.java:105)
        at org.eclipse.jetty.servlet.ServletHandler$CachedChain.doFilter(ServletHandler.java:1637)
        at hudson.security.ChainedServletFilter$1.doFilter(ChainedServletFilter.java:84)
        at hudson.security.UnwrapSecurityExceptionFilter.doFilter(UnwrapSecurityExceptionFilter.java:51)
        at hudson.security.ChainedServletFilter$1.doFilter(ChainedServletFilter.java:87)
        at jenkins.security.ExceptionTranslationFilter.doFilter(ExceptionTranslationFilter.java:117)
        at hudson.security.ChainedServletFilter$1.doFilter(ChainedServletFilter.java:87)
        at org.acegisecurity.providers.anonymous.AnonymousProcessingFilter.doFilter(AnonymousProcessingFilter.java:125)
        at hudson.security.ChainedServletFilter$1.doFilter(ChainedServletFilter.java:87)
        at org.acegisecurity.ui.rememberme.RememberMeProcessingFilter.doFilter(RememberMeProcessingFilter.java:142)
        at hudson.security.ChainedServletFilter$1.doFilter(ChainedServletFilter.java:87)
        at org.acegisecurity.ui.AbstractProcessingFilter.doFilter(AbstractProcessingFilter.java:271)
        at hudson.security.ChainedServletFilter$1.doFilter(ChainedServletFilter.java:87)
        at jenkins.security.BasicHeaderProcessor.doFilter(BasicHeaderProcessor.java:93)
        at hudson.security.ChainedServletFilter$1.doFilter(ChainedServletFilter.java:87)
        at org.acegisecurity.context.HttpSessionContextIntegrationFilter.doFilter(HttpSessionContextIntegrationFilter.java:249)
        at hudson.security.HttpSessionContextIntegrationFilter2.doFilter(HttpSessionContextIntegrationFilter2.java:67)
        at hudson.security.ChainedServletFilter$1.doFilter(ChainedServletFilter.java:87)
        at hudson.security.ChainedServletFilter.doFilter(ChainedServletFilter.java:90)
        at hudson.security.HudsonFilter.doFilter(HudsonFilter.java:171)
        at org.eclipse.jetty.servlet.ServletHandler$CachedChain.doFilter(ServletHandler.java:1637)
        at org.kohsuke.stapler.compression.CompressionFilter.doFilter(CompressionFilter.java:49)
        at org.eclipse.jetty.servlet.ServletHandler$CachedChain.doFilter(ServletHandler.java:1637)
        at hudson.util.CharacterEncodingFilter.doFilter(CharacterEncodingFilter.java:82)
        at org.eclipse.jetty.servlet.ServletHandler$CachedChain.doFilter(ServletHandler.java:1637)
        at org.kohsuke.stapler.DiagnosticThreadNameFilter.doFilter(DiagnosticThreadNameFilter.java:30)
        at org.eclipse.jetty.servlet.ServletHandler$CachedChain.doFilter(ServletHandler.java:1637)
        at org.eclipse.jetty.servlet.ServletHandler.doHandle(ServletHandler.java:533)
        at org.eclipse.jetty.server.handler.ScopedHandler.handle(ScopedHandler.java:143)
        at org.eclipse.jetty.security.SecurityHandler.handle(SecurityHandler.java:524)
        at org.eclipse.jetty.server.handler.HandlerWrapper.handle(HandlerWrapper.java:132)
        at org.eclipse.jetty.server.handler.ScopedHandler.nextHandle(ScopedHandler.java:190)
        at org.eclipse.jetty.server.session.SessionHandler.doHandle(SessionHandler.java:1595)
        at org.eclipse.jetty.server.handler.ScopedHandler.nextHandle(ScopedHandler.java:188)
        at org.eclipse.jetty.server.handler.ContextHandler.doHandle(ContextHandler.java:1253)
        at org.eclipse.jetty.server.handler.ScopedHandler.nextScope(ScopedHandler.java:168)
        at org.eclipse.jetty.servlet.ServletHandler.doScope(ServletHandler.java:473)
        at org.eclipse.jetty.server.session.SessionHandler.doScope(SessionHandler.java:1564)
        at org.eclipse.jetty.server.handler.ScopedHandler.nextScope(ScopedHandler.java:166)
        at org.eclipse.jetty.server.handler.ContextHandler.doScope(ContextHandler.java:1155)
        at org.eclipse.jetty.server.handler.ScopedHandler.handle(ScopedHandler.java:141)
        at org.eclipse.jetty.server.handler.HandlerWrapper.handle(HandlerWrapper.java:132)
        at org.eclipse.jetty.server.Server.handle(Server.java:564)
        at org.eclipse.jetty.server.HttpChannel.handle(HttpChannel.java:317)
        at org.eclipse.jetty.server.HttpConnection.onFillable(HttpConnection.java:251)
        at org.eclipse.jetty.io.AbstractConnection$ReadCallback.succeeded(AbstractConnection.java:279)
        at org.eclipse.jetty.io.FillInterest.fillable(FillInterest.java:110)
        at org.eclipse.jetty.io.ChannelEndPoint$2.run(ChannelEndPoint.java:124)
        at org.eclipse.jetty.util.thread.Invocable.invokePreferred(Invocable.java:128)
        at org.eclipse.jetty.util.thread.Invocable$InvocableExecutor.invoke(Invocable.java:222)
        at org.eclipse.jetty.util.thread.strategy.EatWhatYouKill.doProduce(EatWhatYouKill.java:294)
        at org.eclipse.jetty.util.thread.strategy.EatWhatYouKill.run(EatWhatYouKill.java:199)
        at winstone.BoundedExecutorService$1.run(BoundedExecutorService.java:77)
        at java.util.concurrent.ThreadPoolExecutor.runWorker(ThreadPoolExecutor.java:1149)
        at java.util.concurrent.ThreadPoolExecutor$Worker.run(ThreadPoolExecutor.java:624)
        at java.lang.Thread.run(Thread.java:748)
Caused by: java.lang.NullPointerException
        at org.jenkinsci.plugins.docker.swarm.docker.api.request.ApiRequest.<init>(ApiRequest.java:48)
        at org.jenkinsci.plugins.docker.swarm.docker.api.nodes.ListNodesRequest.<init>(ListNodesRequest.java:11)
        at org.jenkinsci.plugins.docker.swarm.dashboard.Dashboard.calculateNodes(Dashboard.java:90)
        at org.jenkinsci.plugins.docker.swarm.dashboard.Dashboard.<init>(Dashboard.java:31)
        at org.jenkinsci.plugins.docker.swarm.dashboard.UIPage.getDashboard(UIPage.java:27)
        ... 94 more

Apr 17, 2018 8:40:42 PM hudson.PluginManager dynamicLoad
INFO: Attempting to dynamic load /var/jenkins_home/plugins/ruby-runtime.jpi
Apr 17, 2018 8:40:43 PM hudson.ClassicPluginStrategy createClassJarFromWebInfClasses
WARNING: Created /var/jenkins_home/plugins/ruby-runtime/WEB-INF/lib/classes.jar; update plugin to a version created with a newer harness
Apr 17, 2018 8:40:43 PM ruby.RubyRuntimePlugin start
INFO: Injecting JRuby into XStream
Apr 17, 2018 8:40:58 PM jenkins.InitReactorRunner$1 onAttained
INFO: Started initialization
Apr 17, 2018 8:40:58 PM jenkins.InitReactorRunner$1 onAttained
INFO: Listed all plugins
Apr 17, 2018 8:40:58 PM jenkins.InitReactorRunner$1 onAttained
INFO: Prepared all plugins
Apr 17, 2018 8:40:58 PM jenkins.InitReactorRunner$1 onAttained
INFO: Started all plugins
Apr 17, 2018 8:40:58 PM jenkins.InitReactorRunner$1 onAttained
INFO: Augmented all extensions
Apr 17, 2018 8:40:58 PM jenkins.InitReactorRunner$1 onAttained
INFO: Loaded all jobs
Apr 17, 2018 8:40:58 PM jenkins.InitReactorRunner$1 onAttained
INFO: Completed initialization
Apr 17, 2018 8:40:58 PM hudson.PluginManager dynamicLoad
INFO: Plugin ruby-runtime:0.12 dynamically installed
Apr 17, 2018 8:40:58 PM hudson.model.UpdateCenter$DownloadJob run
INFO: Installation successful: ruby-runtime
Apr 17, 2018 8:40:58 PM hudson.model.UpdateCenter$DownloadJob run
INFO: Starting the installation of Gitlab Hook on behalf of jenkins
Apr 17, 2018 8:41:00 PM hudson.model.UpdateCenter$UpdateCenterConfiguration download
INFO: Downloading Gitlab Hook
Apr 17, 2018 8:41:01 PM hudson.PluginManager dynamicLoad
INFO: Attempting to dynamic load /var/jenkins_home/plugins/gitlab-hook.jpi
Apr 17, 2018 8:41:12 PM hudson.ClassicPluginStrategy createClassJarFromWebInfClasses
WARNING: Created /var/jenkins_home/plugins/gitlab-hook/WEB-INF/lib/classes.jar; update plugin to a version created with a newer harness
Trying to load models from /var/jenkins_home/plugins/gitlab-hook/WEB-INF/classes/models
Loading /var/jenkins_home/plugins/gitlab-hook/WEB-INF/classes/models/gitlab_notifier.rb
Loading /var/jenkins_home/plugins/gitlab-hook/WEB-INF/classes/models/crumb_exclusion.rb
/var/jenkins_home/plugins/gitlab-hook/WEB-INF/classes/models/values/project.rb:25 warning: already initialized constant MultipleScmsPluginAvailable
Loading /var/jenkins_home/plugins/gitlab-hook/WEB-INF/classes/models/root_action_descriptor.rb
/var/jenkins_home/plugins/gitlab-hook/WEB-INF/classes/models/root_action_descriptor.rb:10 warning: already initialized constant MERGE_REQUEST_PROCESSING
/var/jenkins_home/plugins/gitlab-hook/WEB-INF/classes/models/root_action_descriptor.rb:11 warning: already initialized constant MERGED_BRANCH_PROCESSING
/var/jenkins_home/plugins/gitlab-hook/WEB-INF/classes/models/root_action_descriptor.rb:12 warning: already initialized constant AUTOMATIC_PROJECT_CREATION_PROPERTY
/var/jenkins_home/plugins/gitlab-hook/WEB-INF/classes/models/root_action_descriptor.rb:13 warning: already initialized constant MASTER_BRANCH_PROPERTY
/var/jenkins_home/plugins/gitlab-hook/WEB-INF/classes/models/root_action_descriptor.rb:14 warning: already initialized constant USE_MASTER_PROJECT_NAME_PROPERTY
/var/jenkins_home/plugins/gitlab-hook/WEB-INF/classes/models/root_action_descriptor.rb:15 warning: already initialized constant DESCRIPTION_PROPERTY
Loading /var/jenkins_home/plugins/gitlab-hook/WEB-INF/classes/models/unprotected_root_action.rb
Loading /var/jenkins_home/plugins/gitlab-hook/WEB-INF/classes/models/root_action.rb
/var/jenkins_home/plugins/gitlab-hook/WEB-INF/classes/models/root_action.rb:12 warning: already initialized constant WEB_HOOK_ROOT_URL
Loading /var/jenkins_home/plugins/gitlab-hook/WEB-INF/classes/models/api.rb
Loading /var/jenkins_home/plugins/gitlab-hook/WEB-INF/classes/models/services/flat_keys_hash.rb
/var/jenkins_home/plugins/gitlab-hook/WEB-INF/classes/models/services/flat_keys_hash.rb:4 warning: already initialized constant FLATTENED_KEYS_DELIMITER
Loading /var/jenkins_home/plugins/gitlab-hook/WEB-INF/classes/models/services/get_parameters_values.rb
Loading /var/jenkins_home/plugins/gitlab-hook/WEB-INF/classes/models/services/get_build_cause.rb
Loading /var/jenkins_home/plugins/gitlab-hook/WEB-INF/classes/models/services/security.rb
Loading /var/jenkins_home/plugins/gitlab-hook/WEB-INF/classes/models/services/get_build_actions.rb
Loading /var/jenkins_home/plugins/gitlab-hook/WEB-INF/classes/models/services/build_scm.rb
Loading /var/jenkins_home/plugins/gitlab-hook/WEB-INF/classes/models/services/parse_request.rb
/var/jenkins_home/plugins/gitlab-hook/WEB-INF/classes/models/services/parse_request.rb:11 warning: already initialized constant EMPTY_BODY
Loading /var/jenkins_home/plugins/gitlab-hook/WEB-INF/classes/models/services/get_jenkins_projects.rb
Loading /var/jenkins_home/plugins/gitlab-hook/WEB-INF/classes/models/values/commit.rb
Loading /var/jenkins_home/plugins/gitlab-hook/WEB-INF/classes/models/values/merge_request_details.rb
Loading /var/jenkins_home/plugins/gitlab-hook/WEB-INF/classes/models/values/payload_request_details.rb
Loading /var/jenkins_home/plugins/gitlab-hook/WEB-INF/classes/models/values/scm_data.rb
Loading /var/jenkins_home/plugins/gitlab-hook/WEB-INF/classes/models/values/request_details.rb
Loading /var/jenkins_home/plugins/gitlab-hook/WEB-INF/classes/models/values/parameters_request_details.rb
Loading /var/jenkins_home/plugins/gitlab-hook/WEB-INF/classes/models/values/abstract_details.rb
Loading /var/jenkins_home/plugins/gitlab-hook/WEB-INF/classes/models/values/project.rb
/var/jenkins_home/plugins/gitlab-hook/WEB-INF/classes/models/values/project.rb:21 warning: already initialized constant MultipleScmsPluginAvailable
/var/jenkins_home/plugins/gitlab-hook/WEB-INF/classes/models/values/project.rb:25 warning: already initialized constant MultipleScmsPluginAvailable
/var/jenkins_home/plugins/gitlab-hook/WEB-INF/classes/models/values/project.rb:30 warning: already initialized constant BRANCH_NAME_PARAMETER_ACCEPTED_TYPES
Loading /var/jenkins_home/plugins/gitlab-hook/WEB-INF/classes/models/values/repository_uri.rb
Loading /var/jenkins_home/plugins/gitlab-hook/WEB-INF/classes/models/exceptions/bad_request_exception.rb
Loading /var/jenkins_home/plugins/gitlab-hook/WEB-INF/classes/models/exceptions/configuration_exception.rb
Loading /var/jenkins_home/plugins/gitlab-hook/WEB-INF/classes/models/exceptions/not_found_exception.rb
Loading /var/jenkins_home/plugins/gitlab-hook/WEB-INF/classes/models/util/settings.rb
Loading /var/jenkins_home/plugins/gitlab-hook/WEB-INF/classes/models/use_cases/process_commit.rb
Loading /var/jenkins_home/plugins/gitlab-hook/WEB-INF/classes/models/use_cases/create_project_for_branch.rb
Loading /var/jenkins_home/plugins/gitlab-hook/WEB-INF/classes/models/use_cases/process_delete_commit.rb
Loading /var/jenkins_home/plugins/gitlab-hook/WEB-INF/classes/models/use_cases/build_now.rb
Loading /var/jenkins_home/plugins/gitlab-hook/WEB-INF/classes/models/use_cases/process_merge_request.rb
Loading /var/jenkins_home/plugins/gitlab-hook/WEB-INF/classes/models/use_cases/notify_commit.rb
Apr 17, 2018 8:41:24 PM jenkins.InitReactorRunner$1 onAttained
INFO: Started initialization
Apr 17, 2018 8:41:24 PM jenkins.InitReactorRunner$1 onAttained
INFO: Listed all plugins
Apr 17, 2018 8:41:24 PM jenkins.InitReactorRunner$1 onAttained
INFO: Prepared all plugins
Apr 17, 2018 8:41:24 PM jenkins.InitReactorRunner$1 onAttained
INFO: Started all plugins
Apr 17, 2018 8:41:24 PM jenkins.InitReactorRunner$1 onAttained
INFO: Augmented all extensions
Apr 17, 2018 8:41:24 PM jenkins.InitReactorRunner$1 onAttained
INFO: Loaded all jobs
Apr 17, 2018 8:41:24 PM jenkins.InitReactorRunner$1 onAttained
INFO: Completed initialization
Apr 17, 2018 8:41:25 PM hudson.PluginManager dynamicLoad
INFO: Plugin gitlab-hook:1.4.2 dynamically installed
Apr 17, 2018 8:41:25 PM hudson.model.UpdateCenter$DownloadJob run
INFO: Installation successful: Gitlab Hook
[ERROR] [04/17/2018 20:43:51.546] [swarm-plugin-akka.actor.default-dispatcher-9] [akka://swarm-plugin/user/dead-agentService-reaper] null
java.lang.NullPointerException
        at org.jenkinsci.plugins.docker.swarm.DeadAgentServiceReaperActor.reapDeadAgentServices(DeadAgentServiceReaperActor.java:38)
        at org.jenkinsci.plugins.docker.swarm.DeadAgentServiceReaperActor.lambda$createReceive$14(DeadAgentServiceReaperActor.java:27)
        at akka.japi.pf.UnitCaseStatement.apply(CaseStatements.scala:26)
        at akka.japi.pf.UnitCaseStatement.apply(CaseStatements.scala:21)
        at scala.PartialFunction.applyOrElse(PartialFunction.scala:123)
        at scala.PartialFunction.applyOrElse$(PartialFunction.scala:122)
        at akka.japi.pf.UnitCaseStatement.applyOrElse(CaseStatements.scala:21)
        at scala.PartialFunction$OrElse.applyOrElse(PartialFunction.scala:171)
        at akka.actor.Actor.aroundReceive(Actor.scala:517)
        at akka.actor.Actor.aroundReceive$(Actor.scala:515)
        at akka.actor.AbstractActor.aroundReceive(AbstractActor.scala:132)
        at akka.actor.ActorCell.receiveMessage(ActorCell.scala:527)
        at akka.actor.ActorCell.invoke(ActorCell.scala:496)
        at akka.dispatch.Mailbox.processMailbox(Mailbox.scala:257)
        at akka.dispatch.Mailbox.run(Mailbox.scala:224)
        at akka.dispatch.Mailbox.exec(Mailbox.scala:234)
        at akka.dispatch.forkjoin.ForkJoinTask.doExec(ForkJoinTask.java:260)
        at akka.dispatch.forkjoin.ForkJoinPool$WorkQueue.runTask(ForkJoinPool.java:1339)
        at akka.dispatch.forkjoin.ForkJoinPool.runWorker(ForkJoinPool.java:1979)
        at akka.dispatch.forkjoin.ForkJoinWorkerThread.run(ForkJoinWorkerThread.java:107)

Apr 17, 2018 8:45:38 PM hudson.model.UpdateCenter$DownloadJob run
INFO: Starting the installation of Pipeline: GitHub on behalf of jenkins
Apr 17, 2018 8:45:38 PM hudson.model.UpdateSite$Plugin deploy
INFO: Adding dependent install of parameterized-trigger for plugin build-pipeline-plugin
Apr 17, 2018 8:45:38 PM hudson.model.UpdateSite$Plugin deploy
INFO: Adding dependent install of conditional-buildstep for plugin parameterized-trigger
Apr 17, 2018 8:45:38 PM hudson.model.UpdateSite$Plugin deploy
INFO: Adding dependent install of maven-plugin for plugin conditional-buildstep
Apr 17, 2018 8:45:38 PM hudson.model.UpdateSite$Plugin deploy
INFO: Adding dependent install of javadoc for plugin maven-plugin
Apr 17, 2018 8:45:38 PM hudson.model.UpdateSite$Plugin deploy
INFO: Adding dependent install of run-condition for plugin conditional-buildstep
Apr 17, 2018 8:45:38 PM hudson.model.UpdateSite$Plugin deploy
INFO: Dependent install of javadoc for plugin run-condition already added, skipping
Apr 17, 2018 8:45:38 PM hudson.model.UpdateSite$Plugin deploy
INFO: Adding dependent install of external-monitor-job for plugin run-condition
Apr 17, 2018 8:45:38 PM hudson.model.UpdateSite$Plugin deploy
INFO: Adding dependent install of jquery for plugin build-pipeline-plugin
Apr 17, 2018 8:45:38 PM hudson.model.UpdateCenter$UpdateCenterConfiguration download
INFO: Downloading Pipeline: GitHub
Apr 17, 2018 8:45:39 PM hudson.PluginManager dynamicLoad
INFO: Attempting to dynamic load /var/jenkins_home/plugins/pipeline-github.jpi
Apr 17, 2018 8:45:39 PM jenkins.InitReactorRunner$1 onAttained
INFO: Started initialization
Apr 17, 2018 8:45:39 PM jenkins.InitReactorRunner$1 onAttained
INFO: Listed all plugins
Apr 17, 2018 8:45:39 PM jenkins.InitReactorRunner$1 onAttained
INFO: Prepared all plugins
Apr 17, 2018 8:45:39 PM jenkins.InitReactorRunner$1 onAttained
INFO: Started all plugins
Apr 17, 2018 8:45:39 PM jenkins.InitReactorRunner$1 onAttained
INFO: Augmented all extensions
Apr 17, 2018 8:45:39 PM jenkins.InitReactorRunner$1 onAttained
INFO: Loaded all jobs
Apr 17, 2018 8:45:39 PM jenkins.InitReactorRunner$1 onAttained
INFO: Completed initialization
Apr 17, 2018 8:45:39 PM hudson.PluginManager dynamicLoad
INFO: Plugin pipeline-github:2.0 dynamically installed
Apr 17, 2018 8:45:39 PM hudson.model.UpdateCenter$DownloadJob run
INFO: Installation successful: Pipeline: GitHub
Apr 17, 2018 8:45:39 PM hudson.model.UpdateCenter$DownloadJob run
INFO: Starting the installation of Javadoc on behalf of jenkins
Apr 17, 2018 8:45:40 PM hudson.model.UpdateCenter$UpdateCenterConfiguration download
INFO: Downloading Javadoc
Apr 17, 2018 8:45:40 PM hudson.PluginManager dynamicLoad
INFO: Attempting to dynamic load /var/jenkins_home/plugins/javadoc.jpi
Apr 17, 2018 8:45:40 PM jenkins.InitReactorRunner$1 onAttained
INFO: Started initialization
Apr 17, 2018 8:45:40 PM jenkins.InitReactorRunner$1 onAttained
INFO: Listed all plugins
Apr 17, 2018 8:45:40 PM jenkins.InitReactorRunner$1 onAttained
INFO: Prepared all plugins
Apr 17, 2018 8:45:40 PM jenkins.InitReactorRunner$1 onAttained
INFO: Started all plugins
Apr 17, 2018 8:45:40 PM jenkins.InitReactorRunner$1 onAttained
INFO: Augmented all extensions
Apr 17, 2018 8:45:40 PM jenkins.InitReactorRunner$1 onAttained
INFO: Loaded all jobs
Apr 17, 2018 8:45:40 PM jenkins.InitReactorRunner$1 onAttained
INFO: Completed initialization
Apr 17, 2018 8:45:40 PM hudson.PluginManager dynamicLoad
INFO: Plugin javadoc:1.4 dynamically installed
Apr 17, 2018 8:45:40 PM hudson.model.UpdateCenter$DownloadJob run
INFO: Installation successful: Javadoc
Apr 17, 2018 8:45:40 PM hudson.model.UpdateCenter$DownloadJob run
INFO: Starting the installation of Maven Integration on behalf of jenkins
Apr 17, 2018 8:45:41 PM hudson.model.UpdateCenter$UpdateCenterConfiguration download
INFO: Downloading Maven Integration
Apr 17, 2018 8:45:47 PM hudson.PluginManager dynamicLoad
INFO: Attempting to dynamic load /var/jenkins_home/plugins/maven-plugin.jpi
Apr 17, 2018 8:45:48 PM jenkins.InitReactorRunner$1 onAttained
INFO: Started initialization
Apr 17, 2018 8:45:48 PM jenkins.InitReactorRunner$1 onAttained
INFO: Listed all plugins
Apr 17, 2018 8:45:48 PM jenkins.InitReactorRunner$1 onAttained
INFO: Prepared all plugins
Apr 17, 2018 8:45:48 PM jenkins.InitReactorRunner$1 onAttained
INFO: Started all plugins
Apr 17, 2018 8:45:48 PM jenkins.InitReactorRunner$1 onAttained
INFO: Augmented all extensions
Apr 17, 2018 8:45:48 PM jenkins.InitReactorRunner$1 onAttained
INFO: Loaded all jobs
Apr 17, 2018 8:45:48 PM jenkins.InitReactorRunner$1 onAttained
INFO: Completed initialization
Apr 17, 2018 8:45:48 PM hudson.PluginManager dynamicLoad
INFO: Plugin maven-plugin:3.1.2 dynamically installed
Apr 17, 2018 8:45:48 PM hudson.model.UpdateCenter$DownloadJob run
INFO: Installation successful: Maven Integration
Apr 17, 2018 8:45:48 PM hudson.model.UpdateCenter$DownloadJob run
INFO: Starting the installation of External Monitor Job Type on behalf of jenkins
Apr 17, 2018 8:45:50 PM hudson.model.UpdateCenter$UpdateCenterConfiguration download
INFO: Downloading External Monitor Job Type
Apr 17, 2018 8:45:50 PM hudson.PluginManager dynamicLoad
INFO: Attempting to dynamic load /var/jenkins_home/plugins/external-monitor-job.jpi
Apr 17, 2018 8:45:50 PM jenkins.InitReactorRunner$1 onAttained
INFO: Started initialization
Apr 17, 2018 8:45:50 PM jenkins.InitReactorRunner$1 onAttained
INFO: Listed all plugins
Apr 17, 2018 8:45:50 PM jenkins.InitReactorRunner$1 onAttained
INFO: Prepared all plugins
Apr 17, 2018 8:45:50 PM jenkins.InitReactorRunner$1 onAttained
INFO: Started all plugins
Apr 17, 2018 8:45:50 PM jenkins.InitReactorRunner$1 onAttained
INFO: Augmented all extensions
Apr 17, 2018 8:45:50 PM jenkins.InitReactorRunner$1 onAttained
INFO: Loaded all jobs
Apr 17, 2018 8:45:50 PM jenkins.InitReactorRunner$1 onAttained
INFO: Completed initialization
Apr 17, 2018 8:45:50 PM hudson.PluginManager dynamicLoad
INFO: Plugin external-monitor-job:1.7 dynamically installed
Apr 17, 2018 8:45:50 PM hudson.model.UpdateCenter$DownloadJob run
INFO: Installation successful: External Monitor Job Type
Apr 17, 2018 8:45:50 PM hudson.model.UpdateCenter$DownloadJob run
INFO: Starting the installation of Run Condition on behalf of jenkins
Apr 17, 2018 8:45:51 PM hudson.model.UpdateCenter$UpdateCenterConfiguration download
INFO: Downloading Run Condition
Apr 17, 2018 8:45:51 PM hudson.PluginManager dynamicLoad
INFO: Attempting to dynamic load /var/jenkins_home/plugins/run-condition.jpi
Apr 17, 2018 8:45:52 PM jenkins.InitReactorRunner$1 onAttained
INFO: Started initialization
Apr 17, 2018 8:45:52 PM jenkins.InitReactorRunner$1 onAttained
INFO: Listed all plugins
Apr 17, 2018 8:45:52 PM jenkins.InitReactorRunner$1 onAttained
INFO: Prepared all plugins
Apr 17, 2018 8:45:52 PM jenkins.InitReactorRunner$1 onAttained
INFO: Started all plugins
Apr 17, 2018 8:45:52 PM jenkins.InitReactorRunner$1 onAttained
INFO: Augmented all extensions
Apr 17, 2018 8:45:52 PM jenkins.InitReactorRunner$1 onAttained
INFO: Loaded all jobs
Apr 17, 2018 8:45:52 PM jenkins.InitReactorRunner$1 onAttained
INFO: Completed initialization
Apr 17, 2018 8:45:52 PM hudson.PluginManager dynamicLoad
INFO: Plugin run-condition:1.0 dynamically installed
Apr 17, 2018 8:45:52 PM hudson.model.UpdateCenter$DownloadJob run
INFO: Installation successful: Run Condition
Apr 17, 2018 8:45:52 PM hudson.model.UpdateCenter$DownloadJob run
INFO: Starting the installation of Conditional BuildStep on behalf of jenkins
Apr 17, 2018 8:45:53 PM hudson.model.UpdateCenter$UpdateCenterConfiguration download
INFO: Downloading Conditional BuildStep
Apr 17, 2018 8:45:53 PM hudson.PluginManager dynamicLoad
INFO: Attempting to dynamic load /var/jenkins_home/plugins/conditional-buildstep.jpi
Apr 17, 2018 8:45:54 PM jenkins.InitReactorRunner$1 onAttained
INFO: Started initialization
Apr 17, 2018 8:45:54 PM jenkins.InitReactorRunner$1 onAttained
INFO: Listed all plugins
Apr 17, 2018 8:45:54 PM jenkins.InitReactorRunner$1 onAttained
INFO: Prepared all plugins
Apr 17, 2018 8:45:54 PM jenkins.InitReactorRunner$1 onAttained
INFO: Started all plugins
Apr 17, 2018 8:45:54 PM jenkins.InitReactorRunner$1 onAttained
INFO: Augmented all extensions
Apr 17, 2018 8:45:54 PM jenkins.InitReactorRunner$1 onAttained
INFO: Loaded all jobs
Apr 17, 2018 8:45:54 PM jenkins.InitReactorRunner$1 onAttained
INFO: Completed initialization
Apr 17, 2018 8:45:54 PM hudson.PluginManager dynamicLoad
INFO: Plugin conditional-buildstep:1.3.6 dynamically installed
Apr 17, 2018 8:45:54 PM hudson.model.UpdateCenter$DownloadJob run
INFO: Installation successful: Conditional BuildStep
Apr 17, 2018 8:45:54 PM hudson.model.UpdateCenter$DownloadJob run
INFO: Starting the installation of Parameterized Trigger on behalf of jenkins
Apr 17, 2018 8:45:54 PM hudson.model.UpdateCenter$UpdateCenterConfiguration download
INFO: Downloading Parameterized Trigger
Apr 17, 2018 8:45:55 PM hudson.PluginManager dynamicLoad
INFO: Attempting to dynamic load /var/jenkins_home/plugins/parameterized-trigger.jpi
Apr 17, 2018 8:45:56 PM jenkins.InitReactorRunner$1 onAttained
INFO: Started initialization
Apr 17, 2018 8:45:56 PM jenkins.InitReactorRunner$1 onAttained
INFO: Listed all plugins
Apr 17, 2018 8:45:56 PM jenkins.InitReactorRunner$1 onAttained
INFO: Prepared all plugins
Apr 17, 2018 8:45:56 PM jenkins.InitReactorRunner$1 onAttained
INFO: Started all plugins
Apr 17, 2018 8:45:56 PM jenkins.InitReactorRunner$1 onAttained
INFO: Augmented all extensions
Apr 17, 2018 8:45:56 PM jenkins.InitReactorRunner$1 onAttained
INFO: Loaded all jobs
Apr 17, 2018 8:45:56 PM jenkins.InitReactorRunner$1 onAttained
INFO: Completed initialization
Apr 17, 2018 8:45:56 PM hudson.ClassicPluginStrategy updateDependency
INFO: Updated dependency of git
Apr 17, 2018 8:45:56 PM hudson.PluginManager dynamicLoad
INFO: Plugin parameterized-trigger:2.35.2 dynamically installed
Apr 17, 2018 8:45:56 PM hudson.model.UpdateCenter$DownloadJob run
INFO: Installation successful: Parameterized Trigger
Apr 17, 2018 8:45:56 PM hudson.model.UpdateCenter$DownloadJob run
INFO: Starting the installation of jQuery on behalf of jenkins
Apr 17, 2018 8:45:57 PM hudson.model.UpdateCenter$UpdateCenterConfiguration download
INFO: Downloading jQuery
Apr 17, 2018 8:45:57 PM hudson.PluginManager dynamicLoad
INFO: Attempting to dynamic load /var/jenkins_home/plugins/jquery.jpi
Apr 17, 2018 8:45:57 PM jenkins.InitReactorRunner$1 onAttained
INFO: Started initialization
Apr 17, 2018 8:45:57 PM jenkins.InitReactorRunner$1 onAttained
INFO: Listed all plugins
Apr 17, 2018 8:45:57 PM jenkins.InitReactorRunner$1 onAttained
INFO: Prepared all plugins
Apr 17, 2018 8:45:57 PM jenkins.InitReactorRunner$1 onAttained
INFO: Started all plugins
Apr 17, 2018 8:45:57 PM jenkins.InitReactorRunner$1 onAttained
INFO: Augmented all extensions
Apr 17, 2018 8:45:57 PM jenkins.InitReactorRunner$1 onAttained
INFO: Loaded all jobs
Apr 17, 2018 8:45:57 PM jenkins.InitReactorRunner$1 onAttained
INFO: Completed initialization
Apr 17, 2018 8:45:57 PM hudson.PluginManager dynamicLoad
INFO: Plugin jquery:1.12.4-0 dynamically installed
Apr 17, 2018 8:45:57 PM hudson.model.UpdateCenter$DownloadJob run
INFO: Installation successful: jQuery
Apr 17, 2018 8:45:57 PM hudson.model.UpdateCenter$DownloadJob run
INFO: Starting the installation of Build Pipeline on behalf of jenkins
Apr 17, 2018 8:45:59 PM hudson.model.UpdateCenter$UpdateCenterConfiguration download
INFO: Downloading Build Pipeline
Apr 17, 2018 8:46:02 PM hudson.PluginManager dynamicLoad
INFO: Attempting to dynamic load /var/jenkins_home/plugins/build-pipeline-plugin.jpi
Apr 17, 2018 8:46:02 PM jenkins.InitReactorRunner$1 onAttained
INFO: Started initialization
Apr 17, 2018 8:46:02 PM jenkins.InitReactorRunner$1 onAttained
INFO: Listed all plugins
Apr 17, 2018 8:46:02 PM jenkins.InitReactorRunner$1 onAttained
INFO: Prepared all plugins
Apr 17, 2018 8:46:02 PM jenkins.InitReactorRunner$1 onAttained
INFO: Started all plugins
Apr 17, 2018 8:46:02 PM jenkins.InitReactorRunner$1 onAttained
INFO: Augmented all extensions
Apr 17, 2018 8:46:02 PM jenkins.InitReactorRunner$1 onAttained
INFO: Loaded all jobs
Apr 17, 2018 8:46:02 PM jenkins.InitReactorRunner$1 onAttained
INFO: Completed initialization
Apr 17, 2018 8:46:02 PM hudson.PluginManager dynamicLoad
INFO: Plugin build-pipeline-plugin:1.5.8 dynamically installed
Apr 17, 2018 8:46:02 PM hudson.model.UpdateCenter$DownloadJob run
INFO: Installation successful: Build Pipeline
Apr 17, 2018 8:46:20 PM hudson.model.UpdateCenter$DownloadJob run
INFO: Starting the installation of PowerShell on behalf of jenkins
Apr 17, 2018 8:46:21 PM hudson.model.UpdateCenter$UpdateCenterConfiguration download
INFO: Downloading PowerShell
Apr 17, 2018 8:46:21 PM hudson.PluginManager dynamicLoad
INFO: Attempting to dynamic load /var/jenkins_home/plugins/powershell.jpi
Apr 17, 2018 8:46:21 PM hudson.ClassicPluginStrategy createClassJarFromWebInfClasses
WARNING: Created /var/jenkins_home/plugins/powershell/WEB-INF/lib/classes.jar; update plugin to a version created with a newer harness
Apr 17, 2018 8:46:21 PM jenkins.InitReactorRunner$1 onAttained
INFO: Started initialization
Apr 17, 2018 8:46:21 PM jenkins.InitReactorRunner$1 onAttained
INFO: Listed all plugins
Apr 17, 2018 8:46:21 PM jenkins.InitReactorRunner$1 onAttained
INFO: Prepared all plugins
Apr 17, 2018 8:46:21 PM jenkins.InitReactorRunner$1 onAttained
INFO: Started all plugins
Apr 17, 2018 8:46:21 PM jenkins.InitReactorRunner$1 onAttained
INFO: Augmented all extensions
Apr 17, 2018 8:46:21 PM jenkins.InitReactorRunner$1 onAttained
INFO: Loaded all jobs
Apr 17, 2018 8:46:21 PM jenkins.InitReactorRunner$1 onAttained
INFO: Completed initialization
Apr 17, 2018 8:46:21 PM hudson.PluginManager dynamicLoad
INFO: Plugin powershell:1.3 dynamically installed
Apr 17, 2018 8:46:21 PM hudson.model.UpdateCenter$DownloadJob run
INFO: Installation successful: PowerShell
[ERROR] [04/17/2018 20:48:51.566] [swarm-plugin-akka.actor.default-dispatcher-16] [akka://swarm-plugin/user/dead-agentService-reaper] null
java.lang.NullPointerException
        at org.jenkinsci.plugins.docker.swarm.DeadAgentServiceReaperActor.reapDeadAgentServices(DeadAgentServiceReaperActor.java:38)
        at org.jenkinsci.plugins.docker.swarm.DeadAgentServiceReaperActor.lambda$createReceive$14(DeadAgentServiceReaperActor.java:27)
        at akka.japi.pf.UnitCaseStatement.apply(CaseStatements.scala:26)
        at akka.japi.pf.UnitCaseStatement.apply(CaseStatements.scala:21)
        at scala.PartialFunction.applyOrElse(PartialFunction.scala:123)
        at scala.PartialFunction.applyOrElse$(PartialFunction.scala:122)
        at akka.japi.pf.UnitCaseStatement.applyOrElse(CaseStatements.scala:21)
        at scala.PartialFunction$OrElse.applyOrElse(PartialFunction.scala:171)
        at akka.actor.Actor.aroundReceive(Actor.scala:517)
        at akka.actor.Actor.aroundReceive$(Actor.scala:515)
        at akka.actor.AbstractActor.aroundReceive(AbstractActor.scala:132)
        at akka.actor.ActorCell.receiveMessage(ActorCell.scala:527)
        at akka.actor.ActorCell.invoke(ActorCell.scala:496)
        at akka.dispatch.Mailbox.processMailbox(Mailbox.scala:257)
        at akka.dispatch.Mailbox.run(Mailbox.scala:224)
        at akka.dispatch.Mailbox.exec(Mailbox.scala:234)
        at akka.dispatch.forkjoin.ForkJoinTask.doExec(ForkJoinTask.java:260)
        at akka.dispatch.forkjoin.ForkJoinPool$WorkQueue.runTask(ForkJoinPool.java:1339)
        at akka.dispatch.forkjoin.ForkJoinPool.runWorker(ForkJoinPool.java:1979)
        at akka.dispatch.forkjoin.ForkJoinWorkerThread.run(ForkJoinWorkerThread.java:107)

[ERROR] [04/17/2018 20:53:51.589] [swarm-plugin-akka.actor.default-dispatcher-23] [akka://swarm-plugin/user/dead-agentService-reaper] null
java.lang.NullPointerException
        at org.jenkinsci.plugins.docker.swarm.DeadAgentServiceReaperActor.reapDeadAgentServices(DeadAgentServiceReaperActor.java:38)
        at org.jenkinsci.plugins.docker.swarm.DeadAgentServiceReaperActor.lambda$createReceive$14(DeadAgentServiceReaperActor.java:27)
        at akka.japi.pf.UnitCaseStatement.apply(CaseStatements.scala:26)
        at akka.japi.pf.UnitCaseStatement.apply(CaseStatements.scala:21)
        at scala.PartialFunction.applyOrElse(PartialFunction.scala:123)
        at scala.PartialFunction.applyOrElse$(PartialFunction.scala:122)
        at akka.japi.pf.UnitCaseStatement.applyOrElse(CaseStatements.scala:21)
        at scala.PartialFunction$OrElse.applyOrElse(PartialFunction.scala:171)
        at akka.actor.Actor.aroundReceive(Actor.scala:517)
        at akka.actor.Actor.aroundReceive$(Actor.scala:515)
        at akka.actor.AbstractActor.aroundReceive(AbstractActor.scala:132)
        at akka.actor.ActorCell.receiveMessage(ActorCell.scala:527)
        at akka.actor.ActorCell.invoke(ActorCell.scala:496)
        at akka.dispatch.Mailbox.processMailbox(Mailbox.scala:257)
        at akka.dispatch.Mailbox.run(Mailbox.scala:224)
        at akka.dispatch.Mailbox.exec(Mailbox.scala:234)
        at akka.dispatch.forkjoin.ForkJoinTask.doExec(ForkJoinTask.java:260)
        at akka.dispatch.forkjoin.ForkJoinPool$WorkQueue.runTask(ForkJoinPool.java:1339)
        at akka.dispatch.forkjoin.ForkJoinPool.runWorker(ForkJoinPool.java:1979)
        at akka.dispatch.forkjoin.ForkJoinWorkerThread.run(ForkJoinWorkerThread.java:107)

[ERROR] [04/17/2018 20:58:51.607] [swarm-plugin-akka.actor.default-dispatcher-30] [akka://swarm-plugin/user/dead-agentService-reaper] null
java.lang.NullPointerException
        at org.jenkinsci.plugins.docker.swarm.DeadAgentServiceReaperActor.reapDeadAgentServices(DeadAgentServiceReaperActor.java:38)
        at org.jenkinsci.plugins.docker.swarm.DeadAgentServiceReaperActor.lambda$createReceive$14(DeadAgentServiceReaperActor.java:27)
        at akka.japi.pf.UnitCaseStatement.apply(CaseStatements.scala:26)
        at akka.japi.pf.UnitCaseStatement.apply(CaseStatements.scala:21)
        at scala.PartialFunction.applyOrElse(PartialFunction.scala:123)
        at scala.PartialFunction.applyOrElse$(PartialFunction.scala:122)
        at akka.japi.pf.UnitCaseStatement.applyOrElse(CaseStatements.scala:21)
        at scala.PartialFunction$OrElse.applyOrElse(PartialFunction.scala:171)
        at akka.actor.Actor.aroundReceive(Actor.scala:517)
        at akka.actor.Actor.aroundReceive$(Actor.scala:515)
        at akka.actor.AbstractActor.aroundReceive(AbstractActor.scala:132)
        at akka.actor.ActorCell.receiveMessage(ActorCell.scala:527)
        at akka.actor.ActorCell.invoke(ActorCell.scala:496)
        at akka.dispatch.Mailbox.processMailbox(Mailbox.scala:257)
        at akka.dispatch.Mailbox.run(Mailbox.scala:224)
        at akka.dispatch.Mailbox.exec(Mailbox.scala:234)
        at akka.dispatch.forkjoin.ForkJoinTask.doExec(ForkJoinTask.java:260)
        at akka.dispatch.forkjoin.ForkJoinPool$WorkQueue.runTask(ForkJoinPool.java:1339)
        at akka.dispatch.forkjoin.ForkJoinPool.runWorker(ForkJoinPool.java:1979)
        at akka.dispatch.forkjoin.ForkJoinWorkerThread.run(ForkJoinWorkerThread.java:107)

